Loading config configs/cityscapes/semantic-segmentation/Base-Cityscapes-SemanticSegmentation_sam.yaml with yaml.unsafe_load. Your machine may be at risk if the file contains malicious content.
Command Line Args: Namespace(config_file='configs/cityscapes/semantic-segmentation/maskformer2_R50_bs16_90k_sam.yaml', dist_url='tcp://127.0.0.1:49152', eval_only=False, machine_rank=0, num_gpus=1, num_machines=1, opts=[], resume=False)
[02/28 06:21:30 detectron2]: Rank of current process: 0. World size: 1
[02/28 06:21:32 detectron2]: Environment info:
-------------------------------  ----------------------------------------------------------------------------------
sys.platform                     linux
Python                           3.8.10 (default, Nov 22 2023, 10:22:35) [GCC 9.4.0]
numpy                            1.24.4
detectron2                       0.6 @/cpfs01/projects-HDD/pujianxiangmuzu_HDD/mr_22210240239/detectron2/detectron2
Compiler                         GCC 11.4
CUDA compiler                    CUDA 11.7
detectron2 arch flags            8.0
DETECTRON2_ENV_MODULE            <not set>
PyTorch                          2.0.1+cu117 @/usr/local/lib/python3.8/dist-packages/torch
PyTorch debug build              False
torch._C._GLIBCXX_USE_CXX11_ABI  False
GPU available                    Yes
GPU 0                            NVIDIA A100-SXM4-80GB (arch=8.0)
Driver version                   470.199.02
CUDA_HOME                        /usr/local/cuda-11.7
Pillow                           10.2.0
torchvision                      0.15.2+cu117 @/usr/local/lib/python3.8/dist-packages/torchvision
torchvision arch flags           3.5, 5.0, 6.0, 7.0, 7.5, 8.0, 8.6
fvcore                           0.1.5.post20221221
iopath                           0.1.9
cv2                              4.9.0
-------------------------------  ----------------------------------------------------------------------------------
PyTorch built with:
  - GCC 9.3
  - C++ Version: 201703
  - Intel(R) oneAPI Math Kernel Library Version 2022.2-Product Build 20220804 for Intel(R) 64 architecture applications
  - Intel(R) MKL-DNN v2.7.3 (Git Hash 6dbeffbae1f23cbbeae17adb7b5b13f1f37c080e)
  - OpenMP 201511 (a.k.a. OpenMP 4.5)
  - LAPACK is enabled (usually provided by MKL)
  - NNPACK is enabled
  - CPU capability usage: AVX2
  - CUDA Runtime 11.7
  - NVCC architecture flags: -gencode;arch=compute_37,code=sm_37;-gencode;arch=compute_50,code=sm_50;-gencode;arch=compute_60,code=sm_60;-gencode;arch=compute_70,code=sm_70;-gencode;arch=compute_75,code=sm_75;-gencode;arch=compute_80,code=sm_80;-gencode;arch=compute_86,code=sm_86
  - CuDNN 8.5
  - Magma 2.6.1
  - Build settings: BLAS_INFO=mkl, BUILD_TYPE=Release, CUDA_VERSION=11.7, CUDNN_VERSION=8.5.0, CXX_COMPILER=/opt/rh/devtoolset-9/root/usr/bin/c++, CXX_FLAGS= -D_GLIBCXX_USE_CXX11_ABI=0 -fabi-version=11 -Wno-deprecated -fvisibility-inlines-hidden -DUSE_PTHREADPOOL -DNDEBUG -DUSE_KINETO -DLIBKINETO_NOROCTRACER -DUSE_FBGEMM -DUSE_QNNPACK -DUSE_PYTORCH_QNNPACK -DUSE_XNNPACK -DSYMBOLICATE_MOBILE_DEBUG_HANDLE -O2 -fPIC -Wall -Wextra -Werror=return-type -Werror=non-virtual-dtor -Werror=bool-operation -Wnarrowing -Wno-missing-field-initializers -Wno-type-limits -Wno-array-bounds -Wno-unknown-pragmas -Wunused-local-typedefs -Wno-unused-parameter -Wno-unused-function -Wno-unused-result -Wno-strict-overflow -Wno-strict-aliasing -Wno-error=deprecated-declarations -Wno-stringop-overflow -Wno-psabi -Wno-error=pedantic -Wno-error=redundant-decls -Wno-error=old-style-cast -fdiagnostics-color=always -faligned-new -Wno-unused-but-set-variable -Wno-maybe-uninitialized -fno-math-errno -fno-trapping-math -Werror=format -Werror=cast-function-type -Wno-stringop-overflow, LAPACK_INFO=mkl, PERF_WITH_AVX=1, PERF_WITH_AVX2=1, PERF_WITH_AVX512=1, TORCH_DISABLE_GPU_ASSERTS=ON, TORCH_VERSION=2.0.1, USE_CUDA=ON, USE_CUDNN=ON, USE_EXCEPTION_PTR=1, USE_GFLAGS=OFF, USE_GLOG=OFF, USE_MKL=ON, USE_MKLDNN=ON, USE_MPI=OFF, USE_NCCL=1, USE_NNPACK=ON, USE_OPENMP=ON, USE_ROCM=OFF, 

[02/28 06:21:32 detectron2]: Command line arguments: Namespace(config_file='configs/cityscapes/semantic-segmentation/maskformer2_R50_bs16_90k_sam.yaml', dist_url='tcp://127.0.0.1:49152', eval_only=False, machine_rank=0, num_gpus=1, num_machines=1, opts=[], resume=False)
[02/28 06:21:32 detectron2]: Contents of args.config_file=configs/cityscapes/semantic-segmentation/maskformer2_R50_bs16_90k_sam.yaml:
[38;5;197m_BASE_[39m[38;5;15m:[39m[38;5;15m [39mBase-Cityscapes-SemanticSegmentation_sam.yaml
[38;5;197mMODEL[39m[38;5;15m:[39m
[38;5;15m  [39m[38;5;197mMETA_ARCHITECTURE[39m[38;5;15m:[39m[38;5;15m [39m[38;5;186m"[39m[38;5;186mMaskFormer[39m[38;5;186m"[39m
[38;5;15m  [39m[38;5;197mSEM_SEG_HEAD[39m[38;5;15m:[39m
[38;5;15m    [39m[38;5;197mNAME[39m[38;5;15m:[39m[38;5;15m [39m[38;5;186m"[39m[38;5;186mMaskFormerHead[39m[38;5;186m"[39m
[38;5;15m    [39m[38;5;197mIGNORE_VALUE[39m[38;5;15m:[39m[38;5;15m [39m255
[38;5;15m    [39m[38;5;197mNUM_CLASSES[39m[38;5;15m:[39m[38;5;15m [39m19
[38;5;15m    [39m[38;5;197mLOSS_WEIGHT[39m[38;5;15m:[39m[38;5;15m [39m1.0
[38;5;15m    [39m[38;5;197mCONVS_DIM[39m[38;5;15m:[39m[38;5;15m [39m256
[38;5;15m    [39m[38;5;197mMASK_DIM[39m[38;5;15m:[39m[38;5;15m [39m256
[38;5;15m    [39m[38;5;197mNORM[39m[38;5;15m:[39m[38;5;15m [39m[38;5;186m"[39m[38;5;186mGN[39m[38;5;186m"[39m
[38;5;15m    [39m[38;5;242m# pixel decoder[39m
[38;5;15m    [39m[38;5;197mPIXEL_DECODER_NAME[39m[38;5;15m:[39m[38;5;15m [39m[38;5;186m"[39m[38;5;186mMSDeformAttnPixelDecoder[39m[38;5;186m"[39m
[38;5;15m    [39m[38;5;197mIN_FEATURES[39m[38;5;15m:[39m[38;5;15m [39m[[38;5;186m"[39m[38;5;186mres2[39m[38;5;186m"[39m,[38;5;15m [39m[38;5;186m"[39m[38;5;186mres3[39m[38;5;186m"[39m,[38;5;15m [39m[38;5;186m"[39m[38;5;186mres4[39m[38;5;186m"[39m,[38;5;15m [39m[38;5;186m"[39m[38;5;186mres5[39m[38;5;186m"[39m]
[38;5;15m    [39m[38;5;197mDEFORMABLE_TRANSFORMER_ENCODER_IN_FEATURES[39m[38;5;15m:[39m[38;5;15m [39m[[38;5;186m"[39m[38;5;186mres3[39m[38;5;186m"[39m,[38;5;15m [39m[38;5;186m"[39m[38;5;186mres4[39m[38;5;186m"[39m,[38;5;15m [39m[38;5;186m"[39m[38;5;186mres5[39m[38;5;186m"[39m]
[38;5;15m    [39m[38;5;197mCOMMON_STRIDE[39m[38;5;15m:[39m[38;5;15m [39m4
[38;5;15m    [39m[38;5;197mTRANSFORMER_ENC_LAYERS[39m[38;5;15m:[39m[38;5;15m [39m6
[38;5;15m  [39m[38;5;197mMASK_FORMER[39m[38;5;15m:[39m
[38;5;15m    [39m[38;5;197mTRANSFORMER_DECODER_NAME[39m[38;5;15m:[39m[38;5;15m [39m[38;5;186m"[39m[38;5;186mMultiScaleMaskedTransformerDecoder[39m[38;5;186m"[39m
[38;5;15m    [39m[38;5;197mTRANSFORMER_IN_FEATURE[39m[38;5;15m:[39m[38;5;15m [39m[38;5;186m"[39m[38;5;186mmulti_scale_pixel_decoder[39m[38;5;186m"[39m
[38;5;15m    [39m[38;5;197mDEEP_SUPERVISION[39m[38;5;15m:[39m[38;5;15m [39mTrue
[38;5;15m    [39m[38;5;197mNO_OBJECT_WEIGHT[39m[38;5;15m:[39m[38;5;15m [39m0.1
[38;5;15m    [39m[38;5;197mCLASS_WEIGHT[39m[38;5;15m:[39m[38;5;15m [39m2.0
[38;5;15m    [39m[38;5;197mMASK_WEIGHT[39m[38;5;15m:[39m[38;5;15m [39m5.0
[38;5;15m    [39m[38;5;197mDICE_WEIGHT[39m[38;5;15m:[39m[38;5;15m [39m5.0
[38;5;15m    [39m[38;5;197mHIDDEN_DIM[39m[38;5;15m:[39m[38;5;15m [39m256
[38;5;15m    [39m[38;5;197mNUM_OBJECT_QUERIES[39m[38;5;15m:[39m[38;5;15m [39m100
[38;5;15m    [39m[38;5;197mNHEADS[39m[38;5;15m:[39m[38;5;15m [39m8
[38;5;15m    [39m[38;5;197mDROPOUT[39m[38;5;15m:[39m[38;5;15m [39m0.0
[38;5;15m    [39m[38;5;197mDIM_FEEDFORWARD[39m[38;5;15m:[39m[38;5;15m [39m2048
[38;5;15m    [39m[38;5;197mENC_LAYERS[39m[38;5;15m:[39m[38;5;15m [39m0
[38;5;15m    [39m[38;5;197mPRE_NORM[39m[38;5;15m:[39m[38;5;15m [39mFalse
[38;5;15m    [39m[38;5;197mENFORCE_INPUT_PROJ[39m[38;5;15m:[39m[38;5;15m [39mFalse
[38;5;15m    [39m[38;5;197mSIZE_DIVISIBILITY[39m[38;5;15m:[39m[38;5;15m [39m32
[38;5;15m    [39m[38;5;197mDEC_LAYERS[39m[38;5;15m:[39m[38;5;15m [39m10[38;5;15m  [39m[38;5;242m# 9 decoder layers, add one for the loss on learnable query[39m
[38;5;15m    [39m[38;5;197mTRAIN_NUM_POINTS[39m[38;5;15m:[39m[38;5;15m [39m12544
[38;5;15m    [39m[38;5;197mOVERSAMPLE_RATIO[39m[38;5;15m:[39m[38;5;15m [39m3.0
[38;5;15m    [39m[38;5;197mIMPORTANCE_SAMPLE_RATIO[39m[38;5;15m:[39m[38;5;15m [39m0.75
[38;5;15m    [39m[38;5;197mTEST[39m[38;5;15m:[39m
[38;5;15m      [39m[38;5;197mSEMANTIC_ON[39m[38;5;15m:[39m[38;5;15m [39mTrue
[38;5;15m      [39m[38;5;197mINSTANCE_ON[39m[38;5;15m:[39m[38;5;15m [39mFalse
[38;5;15m      [39m[38;5;197mPANOPTIC_ON[39m[38;5;15m:[39m[38;5;15m [39mFalse
[38;5;15m      [39m[38;5;197mOVERLAP_THRESHOLD[39m[38;5;15m:[39m[38;5;15m [39m0.8
[38;5;15m      [39m[38;5;197mOBJECT_MASK_THRESHOLD[39m[38;5;15m:[39m[38;5;15m [39m0.8

[02/28 06:21:32 detectron2]: Running with full config:
[38;5;197mCUDNN_BENCHMARK[39m[38;5;15m:[39m[38;5;15m [39mfalse
[38;5;197mDATALOADER[39m[38;5;15m:[39m
[38;5;15m  [39m[38;5;197mASPECT_RATIO_GROUPING[39m[38;5;15m:[39m[38;5;15m [39mtrue
[38;5;15m  [39m[38;5;197mFILTER_EMPTY_ANNOTATIONS[39m[38;5;15m:[39m[38;5;15m [39mtrue
[38;5;15m  [39m[38;5;197mNUM_WORKERS[39m[38;5;15m:[39m[38;5;15m [39m4
[38;5;15m  [39m[38;5;197mREPEAT_THRESHOLD[39m[38;5;15m:[39m[38;5;15m [39m0.0
[38;5;15m  [39m[38;5;197mSAMPLER_TRAIN[39m[38;5;15m:[39m[38;5;15m [39mTrainingSampler
[38;5;197mDATASETS[39m[38;5;15m:[39m
[38;5;15m  [39m[38;5;197mPRECOMPUTED_PROPOSAL_TOPK_TEST[39m[38;5;15m:[39m[38;5;15m [39m1000
[38;5;15m  [39m[38;5;197mPRECOMPUTED_PROPOSAL_TOPK_TRAIN[39m[38;5;15m:[39m[38;5;15m [39m2000
[38;5;15m  [39m[38;5;197mPROPOSAL_FILES_TEST[39m[38;5;15m:[39m[38;5;15m [39m[]
[38;5;15m  [39m[38;5;197mPROPOSAL_FILES_TRAIN[39m[38;5;15m:[39m[38;5;15m [39m[]
[38;5;15m  [39m[38;5;197mTEST[39m[38;5;15m:[39m
[38;5;15m  [39m-[38;5;15m [39mcityscapes_fine_sem_seg_val
[38;5;15m  [39m[38;5;197mTRAIN[39m[38;5;15m:[39m
[38;5;15m  [39m-[38;5;15m [39mcs_sem_seg_train
[38;5;197mGLOBAL[39m[38;5;15m:[39m
[38;5;15m  [39m[38;5;197mHACK[39m[38;5;15m:[39m[38;5;15m [39m1.0
[38;5;197mINPUT[39m[38;5;15m:[39m
[38;5;15m  [39m[38;5;197mCOLOR_AUG_SSD[39m[38;5;15m:[39m[38;5;15m [39mtrue
[38;5;15m  [39m[38;5;197mCROP[39m[38;5;15m:[39m
[38;5;15m    [39m[38;5;197mENABLED[39m[38;5;15m:[39m[38;5;15m [39mtrue
[38;5;15m    [39m[38;5;197mSINGLE_CATEGORY_MAX_AREA[39m[38;5;15m:[39m[38;5;15m [39m1.0
[38;5;15m    [39m[38;5;197mSIZE[39m[38;5;15m:[39m
[38;5;15m    [39m-[38;5;15m [39m768
[38;5;15m    [39m-[38;5;15m [39m768
[38;5;15m    [39m[38;5;197mTYPE[39m[38;5;15m:[39m[38;5;15m [39mabsolute
[38;5;15m  [39m[38;5;197mDATASET_MAPPER_NAME[39m[38;5;15m:[39m[38;5;15m [39mmask_former_semantic_sam
[38;5;15m  [39m[38;5;197mFORMAT[39m[38;5;15m:[39m[38;5;15m [39mRGB
[38;5;15m  [39m[38;5;197mIMAGE_SIZE[39m[38;5;15m:[39m[38;5;15m [39m1024
[38;5;15m  [39m[38;5;197mMASK_FORMAT[39m[38;5;15m:[39m[38;5;15m [39mpolygon
[38;5;15m  [39m[38;5;197mMAX_SCALE[39m[38;5;15m:[39m[38;5;15m [39m2.0
[38;5;15m  [39m[38;5;197mMAX_SIZE_TEST[39m[38;5;15m:[39m[38;5;15m [39m2048
[38;5;15m  [39m[38;5;197mMAX_SIZE_TRAIN[39m[38;5;15m:[39m[38;5;15m [39m4096
[38;5;15m  [39m[38;5;197mMIN_SCALE[39m[38;5;15m:[39m[38;5;15m [39m0.1
[38;5;15m  [39m[38;5;197mMIN_SIZE_TEST[39m[38;5;15m:[39m[38;5;15m [39m1024
[38;5;15m  [39m[38;5;197mMIN_SIZE_TRAIN[39m[38;5;15m:[39m
[38;5;15m  [39m-[38;5;15m [39m512
[38;5;15m  [39m-[38;5;15m [39m614
[38;5;15m  [39m-[38;5;15m [39m716
[38;5;15m  [39m-[38;5;15m [39m819
[38;5;15m  [39m-[38;5;15m [39m921
[38;5;15m  [39m-[38;5;15m [39m1024
[38;5;15m  [39m-[38;5;15m [39m1126
[38;5;15m  [39m-[38;5;15m [39m1228
[38;5;15m  [39m-[38;5;15m [39m1331
[38;5;15m  [39m-[38;5;15m [39m1433
[38;5;15m  [39m-[38;5;15m [39m1536
[38;5;15m  [39m-[38;5;15m [39m1638
[38;5;15m  [39m-[38;5;15m [39m1740
[38;5;15m  [39m-[38;5;15m [39m1843
[38;5;15m  [39m-[38;5;15m [39m1945
[38;5;15m  [39m-[38;5;15m [39m2048
[38;5;15m  [39m[38;5;197mMIN_SIZE_TRAIN_SAMPLING[39m[38;5;15m:[39m[38;5;15m [39mchoice
[38;5;15m  [39m[38;5;197mRANDOM_FLIP[39m[38;5;15m:[39m[38;5;15m [39mhorizontal
[38;5;15m  [39m[38;5;197mSIZE_DIVISIBILITY[39m[38;5;15m:[39m[38;5;15m [39m-1
[38;5;197mMODEL[39m[38;5;15m:[39m
[38;5;15m  [39m[38;5;197mANCHOR_GENERATOR[39m[38;5;15m:[39m
[38;5;15m    [39m[38;5;197mANGLES[39m[38;5;15m:[39m
[38;5;15m    [39m-[38;5;15m [39m-[38;5;15m [39m-90
[38;5;15m      [39m-[38;5;15m [39m0
[38;5;15m      [39m-[38;5;15m [39m90
[38;5;15m    [39m[38;5;197mASPECT_RATIOS[39m[38;5;15m:[39m
[38;5;15m    [39m-[38;5;15m [39m-[38;5;15m [39m0.5
[38;5;15m      [39m-[38;5;15m [39m1.0
[38;5;15m      [39m-[38;5;15m [39m2.0
[38;5;15m    [39m[38;5;197mNAME[39m[38;5;15m:[39m[38;5;15m [39mDefaultAnchorGenerator
[38;5;15m    [39m[38;5;197mOFFSET[39m[38;5;15m:[39m[38;5;15m [39m0.0
[38;5;15m    [39m[38;5;197mSIZES[39m[38;5;15m:[39m
[38;5;15m    [39m-[38;5;15m [39m-[38;5;15m [39m32
[38;5;15m      [39m-[38;5;15m [39m64
[38;5;15m      [39m-[38;5;15m [39m128
[38;5;15m      [39m-[38;5;15m [39m256
[38;5;15m      [39m-[38;5;15m [39m512
[38;5;15m  [39m[38;5;197mBACKBONE[39m[38;5;15m:[39m
[38;5;15m    [39m[38;5;197mFREEZE_AT[39m[38;5;15m:[39m[38;5;15m [39m0
[38;5;15m    [39m[38;5;197mNAME[39m[38;5;15m:[39m[38;5;15m [39mbuild_resnet_backbone
[38;5;15m  [39m[38;5;197mDEVICE[39m[38;5;15m:[39m[38;5;15m [39mcuda
[38;5;15m  [39m[38;5;197mFPN[39m[38;5;15m:[39m
[38;5;15m    [39m[38;5;197mFUSE_TYPE[39m[38;5;15m:[39m[38;5;15m [39msum
[38;5;15m    [39m[38;5;197mIN_FEATURES[39m[38;5;15m:[39m[38;5;15m [39m[]
[38;5;15m    [39m[38;5;197mNORM[39m[38;5;15m:[39m[38;5;15m [39m[38;5;186m'[39m[38;5;186m'[39m
[38;5;15m    [39m[38;5;197mOUT_CHANNELS[39m[38;5;15m:[39m[38;5;15m [39m256
[38;5;15m  [39m[38;5;197mKEYPOINT_ON[39m[38;5;15m:[39m[38;5;15m [39mfalse
[38;5;15m  [39m[38;5;197mLOAD_PROPOSALS[39m[38;5;15m:[39m[38;5;15m [39mfalse
[38;5;15m  [39m[38;5;197mMASK_FORMER[39m[38;5;15m:[39m
[38;5;15m    [39m[38;5;197mCLASS_WEIGHT[39m[38;5;15m:[39m[38;5;15m [39m2.0
[38;5;15m    [39m[38;5;197mDEC_LAYERS[39m[38;5;15m:[39m[38;5;15m [39m10
[38;5;15m    [39m[38;5;197mDEEP_SUPERVISION[39m[38;5;15m:[39m[38;5;15m [39mtrue
[38;5;15m    [39m[38;5;197mDICE_WEIGHT[39m[38;5;15m:[39m[38;5;15m [39m5.0
[38;5;15m    [39m[38;5;197mDIM_FEEDFORWARD[39m[38;5;15m:[39m[38;5;15m [39m2048
[38;5;15m    [39m[38;5;197mDROPOUT[39m[38;5;15m:[39m[38;5;15m [39m0.0
[38;5;15m    [39m[38;5;197mENC_LAYERS[39m[38;5;15m:[39m[38;5;15m [39m0
[38;5;15m    [39m[38;5;197mENFORCE_INPUT_PROJ[39m[38;5;15m:[39m[38;5;15m [39mfalse
[38;5;15m    [39m[38;5;197mHIDDEN_DIM[39m[38;5;15m:[39m[38;5;15m [39m256
[38;5;15m    [39m[38;5;197mIMPORTANCE_SAMPLE_RATIO[39m[38;5;15m:[39m[38;5;15m [39m0.75
[38;5;15m    [39m[38;5;197mMASK_WEIGHT[39m[38;5;15m:[39m[38;5;15m [39m5.0
[38;5;15m    [39m[38;5;197mNHEADS[39m[38;5;15m:[39m[38;5;15m [39m8
[38;5;15m    [39m[38;5;197mNO_OBJECT_WEIGHT[39m[38;5;15m:[39m[38;5;15m [39m0.1
[38;5;15m    [39m[38;5;197mNUM_OBJECT_QUERIES[39m[38;5;15m:[39m[38;5;15m [39m100
[38;5;15m    [39m[38;5;197mOVERSAMPLE_RATIO[39m[38;5;15m:[39m[38;5;15m [39m3.0
[38;5;15m    [39m[38;5;197mPRE_NORM[39m[38;5;15m:[39m[38;5;15m [39mfalse
[38;5;15m    [39m[38;5;197mSIZE_DIVISIBILITY[39m[38;5;15m:[39m[38;5;15m [39m32
[38;5;15m    [39m[38;5;197mTEST[39m[38;5;15m:[39m
[38;5;15m      [39m[38;5;197mINSTANCE_ON[39m[38;5;15m:[39m[38;5;15m [39mfalse
[38;5;15m      [39m[38;5;197mOBJECT_MASK_THRESHOLD[39m[38;5;15m:[39m[38;5;15m [39m0.8
[38;5;15m      [39m[38;5;197mOVERLAP_THRESHOLD[39m[38;5;15m:[39m[38;5;15m [39m0.8
[38;5;15m      [39m[38;5;197mPANOPTIC_ON[39m[38;5;15m:[39m[38;5;15m [39mfalse
[38;5;15m      [39m[38;5;197mSEMANTIC_ON[39m[38;5;15m:[39m[38;5;15m [39mtrue
[38;5;15m      [39m[38;5;197mSEM_SEG_POSTPROCESSING_BEFORE_INFERENCE[39m[38;5;15m:[39m[38;5;15m [39mfalse
[38;5;15m    [39m[38;5;197mTRAIN_NUM_POINTS[39m[38;5;15m:[39m[38;5;15m [39m12544
[38;5;15m    [39m[38;5;197mTRANSFORMER_DECODER_NAME[39m[38;5;15m:[39m[38;5;15m [39mMultiScaleMaskedTransformerDecoder
[38;5;15m    [39m[38;5;197mTRANSFORMER_IN_FEATURE[39m[38;5;15m:[39m[38;5;15m [39mmulti_scale_pixel_decoder
[38;5;15m  [39m[38;5;197mMASK_ON[39m[38;5;15m:[39m[38;5;15m [39mfalse
[38;5;15m  [39m[38;5;197mMETA_ARCHITECTURE[39m[38;5;15m:[39m[38;5;15m [39mMaskFormer
[38;5;15m  [39m[38;5;197mPANOPTIC_FPN[39m[38;5;15m:[39m
[38;5;15m    [39m[38;5;197mCOMBINE[39m[38;5;15m:[39m
[38;5;15m      [39m[38;5;197mENABLED[39m[38;5;15m:[39m[38;5;15m [39mtrue
[38;5;15m      [39m[38;5;197mINSTANCES_CONFIDENCE_THRESH[39m[38;5;15m:[39m[38;5;15m [39m0.5
[38;5;15m      [39m[38;5;197mOVERLAP_THRESH[39m[38;5;15m:[39m[38;5;15m [39m0.5
[38;5;15m      [39m[38;5;197mSTUFF_AREA_LIMIT[39m[38;5;15m:[39m[38;5;15m [39m4096
[38;5;15m    [39m[38;5;197mINSTANCE_LOSS_WEIGHT[39m[38;5;15m:[39m[38;5;15m [39m1.0
[38;5;15m  [39m[38;5;197mPIXEL_MEAN[39m[38;5;15m:[39m
[38;5;15m  [39m-[38;5;15m [39m123.675
[38;5;15m  [39m-[38;5;15m [39m116.28
[38;5;15m  [39m-[38;5;15m [39m103.53
[38;5;15m  [39m[38;5;197mPIXEL_STD[39m[38;5;15m:[39m
[38;5;15m  [39m-[38;5;15m [39m58.395
[38;5;15m  [39m-[38;5;15m [39m57.12
[38;5;15m  [39m-[38;5;15m [39m57.375
[38;5;15m  [39m[38;5;197mPROPOSAL_GENERATOR[39m[38;5;15m:[39m
[38;5;15m    [39m[38;5;197mMIN_SIZE[39m[38;5;15m:[39m[38;5;15m [39m0
[38;5;15m    [39m[38;5;197mNAME[39m[38;5;15m:[39m[38;5;15m [39mRPN
[38;5;15m  [39m[38;5;197mRESNETS[39m[38;5;15m:[39m
[38;5;15m    [39m[38;5;197mDEFORM_MODULATED[39m[38;5;15m:[39m[38;5;15m [39mfalse
[38;5;15m    [39m[38;5;197mDEFORM_NUM_GROUPS[39m[38;5;15m:[39m[38;5;15m [39m1
[38;5;15m    [39m[38;5;197mDEFORM_ON_PER_STAGE[39m[38;5;15m:[39m
[38;5;15m    [39m-[38;5;15m [39mfalse
[38;5;15m    [39m-[38;5;15m [39mfalse
[38;5;15m    [39m-[38;5;15m [39mfalse
[38;5;15m    [39m-[38;5;15m [39mfalse
[38;5;15m    [39m[38;5;197mDEPTH[39m[38;5;15m:[39m[38;5;15m [39m50
[38;5;15m    [39m[38;5;197mNORM[39m[38;5;15m:[39m[38;5;15m [39mBN
[38;5;15m    [39m[38;5;197mNUM_GROUPS[39m[38;5;15m:[39m[38;5;15m [39m1
[38;5;15m    [39m[38;5;197mOUT_FEATURES[39m[38;5;15m:[39m
[38;5;15m    [39m-[38;5;15m [39mres2
[38;5;15m    [39m-[38;5;15m [39mres3
[38;5;15m    [39m-[38;5;15m [39mres4
[38;5;15m    [39m-[38;5;15m [39mres5
[38;5;15m    [39m[38;5;197mRES2_OUT_CHANNELS[39m[38;5;15m:[39m[38;5;15m [39m256
[38;5;15m    [39m[38;5;197mRES4_DILATION[39m[38;5;15m:[39m[38;5;15m [39m1
[38;5;15m    [39m[38;5;197mRES5_DILATION[39m[38;5;15m:[39m[38;5;15m [39m1
[38;5;15m    [39m[38;5;197mRES5_MULTI_GRID[39m[38;5;15m:[39m
[38;5;15m    [39m-[38;5;15m [39m1
[38;5;15m    [39m-[38;5;15m [39m1
[38;5;15m    [39m-[38;5;15m [39m1
[38;5;15m    [39m[38;5;197mSTEM_OUT_CHANNELS[39m[38;5;15m:[39m[38;5;15m [39m64
[38;5;15m    [39m[38;5;197mSTEM_TYPE[39m[38;5;15m:[39m[38;5;15m [39mbasic
[38;5;15m    [39m[38;5;197mSTRIDE_IN_1X1[39m[38;5;15m:[39m[38;5;15m [39mfalse
[38;5;15m    [39m[38;5;197mWIDTH_PER_GROUP[39m[38;5;15m:[39m[38;5;15m [39m64
[38;5;15m  [39m[38;5;197mRETINANET[39m[38;5;15m:[39m
[38;5;15m    [39m[38;5;197mBBOX_REG_LOSS_TYPE[39m[38;5;15m:[39m[38;5;15m [39msmooth_l1
[38;5;15m    [39m[38;5;197mBBOX_REG_WEIGHTS[39m[38;5;15m:[39m[38;5;15m [39m[38;5;15m&id002[39m
[38;5;15m    [39m-[38;5;15m [39m1.0
[38;5;15m    [39m-[38;5;15m [39m1.0
[38;5;15m    [39m-[38;5;15m [39m1.0
[38;5;15m    [39m-[38;5;15m [39m1.0
[38;5;15m    [39m[38;5;197mFOCAL_LOSS_ALPHA[39m[38;5;15m:[39m[38;5;15m [39m0.25
[38;5;15m    [39m[38;5;197mFOCAL_LOSS_GAMMA[39m[38;5;15m:[39m[38;5;15m [39m2.0
[38;5;15m    [39m[38;5;197mIN_FEATURES[39m[38;5;15m:[39m
[38;5;15m    [39m-[38;5;15m [39mp3
[38;5;15m    [39m-[38;5;15m [39mp4
[38;5;15m    [39m-[38;5;15m [39mp5
[38;5;15m    [39m-[38;5;15m [39mp6
[38;5;15m    [39m-[38;5;15m [39mp7
[38;5;15m    [39m[38;5;197mIOU_LABELS[39m[38;5;15m:[39m
[38;5;15m    [39m-[38;5;15m [39m0
[38;5;15m    [39m-[38;5;15m [39m-1
[38;5;15m    [39m-[38;5;15m [39m1
[38;5;15m    [39m[38;5;197mIOU_THRESHOLDS[39m[38;5;15m:[39m
[38;5;15m    [39m-[38;5;15m [39m0.4
[38;5;15m    [39m-[38;5;15m [39m0.5
[38;5;15m    [39m[38;5;197mNMS_THRESH_TEST[39m[38;5;15m:[39m[38;5;15m [39m0.5
[38;5;15m    [39m[38;5;197mNORM[39m[38;5;15m:[39m[38;5;15m [39m[38;5;186m'[39m[38;5;186m'[39m
[38;5;15m    [39m[38;5;197mNUM_CLASSES[39m[38;5;15m:[39m[38;5;15m [39m80
[38;5;15m    [39m[38;5;197mNUM_CONVS[39m[38;5;15m:[39m[38;5;15m [39m4
[38;5;15m    [39m[38;5;197mPRIOR_PROB[39m[38;5;15m:[39m[38;5;15m [39m0.01
[38;5;15m    [39m[38;5;197mSCORE_THRESH_TEST[39m[38;5;15m:[39m[38;5;15m [39m0.05
[38;5;15m    [39m[38;5;197mSMOOTH_L1_LOSS_BETA[39m[38;5;15m:[39m[38;5;15m [39m0.1
[38;5;15m    [39m[38;5;197mTOPK_CANDIDATES_TEST[39m[38;5;15m:[39m[38;5;15m [39m1000
[38;5;15m  [39m[38;5;197mROI_BOX_CASCADE_HEAD[39m[38;5;15m:[39m
[38;5;15m    [39m[38;5;197mBBOX_REG_WEIGHTS[39m[38;5;15m:[39m
[38;5;15m    [39m-[38;5;15m [39m[38;5;15m&id001[39m
[38;5;15m      [39m-[38;5;15m [39m10.0
[38;5;15m      [39m-[38;5;15m [39m10.0
[38;5;15m      [39m-[38;5;15m [39m5.0
[38;5;15m      [39m-[38;5;15m [39m5.0
[38;5;15m    [39m-[38;5;15m [39m-[38;5;15m [39m20.0
[38;5;15m      [39m-[38;5;15m [39m20.0
[38;5;15m      [39m-[38;5;15m [39m10.0
[38;5;15m      [39m-[38;5;15m [39m10.0
[38;5;15m    [39m-[38;5;15m [39m-[38;5;15m [39m30.0
[38;5;15m      [39m-[38;5;15m [39m30.0
[38;5;15m      [39m-[38;5;15m [39m15.0
[38;5;15m      [39m-[38;5;15m [39m15.0
[38;5;15m    [39m[38;5;197mIOUS[39m[38;5;15m:[39m
[38;5;15m    [39m-[38;5;15m [39m0.5
[38;5;15m    [39m-[38;5;15m [39m0.6
[38;5;15m    [39m-[38;5;15m [39m0.7
[38;5;15m  [39m[38;5;197mROI_BOX_HEAD[39m[38;5;15m:[39m
[38;5;15m    [39m[38;5;197mBBOX_REG_LOSS_TYPE[39m[38;5;15m:[39m[38;5;15m [39msmooth_l1
[38;5;15m    [39m[38;5;197mBBOX_REG_LOSS_WEIGHT[39m[38;5;15m:[39m[38;5;15m [39m1.0
[38;5;15m    [39m[38;5;197mBBOX_REG_WEIGHTS[39m[38;5;15m:[39m[38;5;15m [39m[38;5;15m*id001[39m
[38;5;15m    [39m[38;5;197mCLS_AGNOSTIC_BBOX_REG[39m[38;5;15m:[39m[38;5;15m [39mfalse
[38;5;15m    [39m[38;5;197mCONV_DIM[39m[38;5;15m:[39m[38;5;15m [39m256
[38;5;15m    [39m[38;5;197mFC_DIM[39m[38;5;15m:[39m[38;5;15m [39m1024
[38;5;15m    [39m[38;5;197mFED_LOSS_FREQ_WEIGHT_POWER[39m[38;5;15m:[39m[38;5;15m [39m0.5
[38;5;15m    [39m[38;5;197mFED_LOSS_NUM_CLASSES[39m[38;5;15m:[39m[38;5;15m [39m50
[38;5;15m    [39m[38;5;197mNAME[39m[38;5;15m:[39m[38;5;15m [39m[38;5;186m'[39m[38;5;186m'[39m
[38;5;15m    [39m[38;5;197mNORM[39m[38;5;15m:[39m[38;5;15m [39m[38;5;186m'[39m[38;5;186m'[39m
[38;5;15m    [39m[38;5;197mNUM_CONV[39m[38;5;15m:[39m[38;5;15m [39m0
[38;5;15m    [39m[38;5;197mNUM_FC[39m[38;5;15m:[39m[38;5;15m [39m0
[38;5;15m    [39m[38;5;197mPOOLER_RESOLUTION[39m[38;5;15m:[39m[38;5;15m [39m14
[38;5;15m    [39m[38;5;197mPOOLER_SAMPLING_RATIO[39m[38;5;15m:[39m[38;5;15m [39m0
[38;5;15m    [39m[38;5;197mPOOLER_TYPE[39m[38;5;15m:[39m[38;5;15m [39mROIAlignV2
[38;5;15m    [39m[38;5;197mSMOOTH_L1_BETA[39m[38;5;15m:[39m[38;5;15m [39m0.0
[38;5;15m    [39m[38;5;197mTRAIN_ON_PRED_BOXES[39m[38;5;15m:[39m[38;5;15m [39mfalse
[38;5;15m    [39m[38;5;197mUSE_FED_LOSS[39m[38;5;15m:[39m[38;5;15m [39mfalse
[38;5;15m    [39m[38;5;197mUSE_SIGMOID_CE[39m[38;5;15m:[39m[38;5;15m [39mfalse
[38;5;15m  [39m[38;5;197mROI_HEADS[39m[38;5;15m:[39m
[38;5;15m    [39m[38;5;197mBATCH_SIZE_PER_IMAGE[39m[38;5;15m:[39m[38;5;15m [39m512
[38;5;15m    [39m[38;5;197mIN_FEATURES[39m[38;5;15m:[39m
[38;5;15m    [39m-[38;5;15m [39mres4
[38;5;15m    [39m[38;5;197mIOU_LABELS[39m[38;5;15m:[39m
[38;5;15m    [39m-[38;5;15m [39m0
[38;5;15m    [39m-[38;5;15m [39m1
[38;5;15m    [39m[38;5;197mIOU_THRESHOLDS[39m[38;5;15m:[39m
[38;5;15m    [39m-[38;5;15m [39m0.5
[38;5;15m    [39m[38;5;197mNAME[39m[38;5;15m:[39m[38;5;15m [39mRes5ROIHeads
[38;5;15m    [39m[38;5;197mNMS_THRESH_TEST[39m[38;5;15m:[39m[38;5;15m [39m0.5
[38;5;15m    [39m[38;5;197mNUM_CLASSES[39m[38;5;15m:[39m[38;5;15m [39m80
[38;5;15m    [39m[38;5;197mPOSITIVE_FRACTION[39m[38;5;15m:[39m[38;5;15m [39m0.25
[38;5;15m    [39m[38;5;197mPROPOSAL_APPEND_GT[39m[38;5;15m:[39m[38;5;15m [39mtrue
[38;5;15m    [39m[38;5;197mSCORE_THRESH_TEST[39m[38;5;15m:[39m[38;5;15m [39m0.05
[38;5;15m  [39m[38;5;197mROI_KEYPOINT_HEAD[39m[38;5;15m:[39m
[38;5;15m    [39m[38;5;197mCONV_DIMS[39m[38;5;15m:[39m
[38;5;15m    [39m-[38;5;15m [39m512
[38;5;15m    [39m-[38;5;15m [39m512
[38;5;15m    [39m-[38;5;15m [39m512
[38;5;15m    [39m-[38;5;15m [39m512
[38;5;15m    [39m-[38;5;15m [39m512
[38;5;15m    [39m-[38;5;15m [39m512
[38;5;15m    [39m-[38;5;15m [39m512
[38;5;15m    [39m-[38;5;15m [39m512
[38;5;15m    [39m[38;5;197mLOSS_WEIGHT[39m[38;5;15m:[39m[38;5;15m [39m1.0
[38;5;15m    [39m[38;5;197mMIN_KEYPOINTS_PER_IMAGE[39m[38;5;15m:[39m[38;5;15m [39m1
[38;5;15m    [39m[38;5;197mNAME[39m[38;5;15m:[39m[38;5;15m [39mKRCNNConvDeconvUpsampleHead
[38;5;15m    [39m[38;5;197mNORMALIZE_LOSS_BY_VISIBLE_KEYPOINTS[39m[38;5;15m:[39m[38;5;15m [39mtrue
[38;5;15m    [39m[38;5;197mNUM_KEYPOINTS[39m[38;5;15m:[39m[38;5;15m [39m17
[38;5;15m    [39m[38;5;197mPOOLER_RESOLUTION[39m[38;5;15m:[39m[38;5;15m [39m14
[38;5;15m    [39m[38;5;197mPOOLER_SAMPLING_RATIO[39m[38;5;15m:[39m[38;5;15m [39m0
[38;5;15m    [39m[38;5;197mPOOLER_TYPE[39m[38;5;15m:[39m[38;5;15m [39mROIAlignV2
[38;5;15m  [39m[38;5;197mROI_MASK_HEAD[39m[38;5;15m:[39m
[38;5;15m    [39m[38;5;197mCLS_AGNOSTIC_MASK[39m[38;5;15m:[39m[38;5;15m [39mfalse
[38;5;15m    [39m[38;5;197mCONV_DIM[39m[38;5;15m:[39m[38;5;15m [39m256
[38;5;15m    [39m[38;5;197mNAME[39m[38;5;15m:[39m[38;5;15m [39mMaskRCNNConvUpsampleHead
[38;5;15m    [39m[38;5;197mNORM[39m[38;5;15m:[39m[38;5;15m [39m[38;5;186m'[39m[38;5;186m'[39m
[38;5;15m    [39m[38;5;197mNUM_CONV[39m[38;5;15m:[39m[38;5;15m [39m0
[38;5;15m    [39m[38;5;197mPOOLER_RESOLUTION[39m[38;5;15m:[39m[38;5;15m [39m14
[38;5;15m    [39m[38;5;197mPOOLER_SAMPLING_RATIO[39m[38;5;15m:[39m[38;5;15m [39m0
[38;5;15m    [39m[38;5;197mPOOLER_TYPE[39m[38;5;15m:[39m[38;5;15m [39mROIAlignV2
[38;5;15m  [39m[38;5;197mRPN[39m[38;5;15m:[39m
[38;5;15m    [39m[38;5;197mBATCH_SIZE_PER_IMAGE[39m[38;5;15m:[39m[38;5;15m [39m256
[38;5;15m    [39m[38;5;197mBBOX_REG_LOSS_TYPE[39m[38;5;15m:[39m[38;5;15m [39msmooth_l1
[38;5;15m    [39m[38;5;197mBBOX_REG_LOSS_WEIGHT[39m[38;5;15m:[39m[38;5;15m [39m1.0
[38;5;15m    [39m[38;5;197mBBOX_REG_WEIGHTS[39m[38;5;15m:[39m[38;5;15m [39m[38;5;15m*id002[39m
[38;5;15m    [39m[38;5;197mBOUNDARY_THRESH[39m[38;5;15m:[39m[38;5;15m [39m-1
[38;5;15m    [39m[38;5;197mCONV_DIMS[39m[38;5;15m:[39m
[38;5;15m    [39m-[38;5;15m [39m-1
[38;5;15m    [39m[38;5;197mHEAD_NAME[39m[38;5;15m:[39m[38;5;15m [39mStandardRPNHead
[38;5;15m    [39m[38;5;197mIN_FEATURES[39m[38;5;15m:[39m
[38;5;15m    [39m-[38;5;15m [39mres4
[38;5;15m    [39m[38;5;197mIOU_LABELS[39m[38;5;15m:[39m
[38;5;15m    [39m-[38;5;15m [39m0
[38;5;15m    [39m-[38;5;15m [39m-1
[38;5;15m    [39m-[38;5;15m [39m1
[38;5;15m    [39m[38;5;197mIOU_THRESHOLDS[39m[38;5;15m:[39m
[38;5;15m    [39m-[38;5;15m [39m0.3
[38;5;15m    [39m-[38;5;15m [39m0.7
[38;5;15m    [39m[38;5;197mLOSS_WEIGHT[39m[38;5;15m:[39m[38;5;15m [39m1.0
[38;5;15m    [39m[38;5;197mNMS_THRESH[39m[38;5;15m:[39m[38;5;15m [39m0.7
[38;5;15m    [39m[38;5;197mPOSITIVE_FRACTION[39m[38;5;15m:[39m[38;5;15m [39m0.5
[38;5;15m    [39m[38;5;197mPOST_NMS_TOPK_TEST[39m[38;5;15m:[39m[38;5;15m [39m1000
[38;5;15m    [39m[38;5;197mPOST_NMS_TOPK_TRAIN[39m[38;5;15m:[39m[38;5;15m [39m2000
[38;5;15m    [39m[38;5;197mPRE_NMS_TOPK_TEST[39m[38;5;15m:[39m[38;5;15m [39m6000
[38;5;15m    [39m[38;5;197mPRE_NMS_TOPK_TRAIN[39m[38;5;15m:[39m[38;5;15m [39m12000
[38;5;15m    [39m[38;5;197mSMOOTH_L1_BETA[39m[38;5;15m:[39m[38;5;15m [39m0.0
[38;5;15m  [39m[38;5;197mSEM_SEG_HEAD[39m[38;5;15m:[39m
[38;5;15m    [39m[38;5;197mASPP_CHANNELS[39m[38;5;15m:[39m[38;5;15m [39m256
[38;5;15m    [39m[38;5;197mASPP_DILATIONS[39m[38;5;15m:[39m
[38;5;15m    [39m-[38;5;15m [39m6
[38;5;15m    [39m-[38;5;15m [39m12
[38;5;15m    [39m-[38;5;15m [39m18
[38;5;15m    [39m[38;5;197mASPP_DROPOUT[39m[38;5;15m:[39m[38;5;15m [39m0.1
[38;5;15m    [39m[38;5;197mCOMMON_STRIDE[39m[38;5;15m:[39m[38;5;15m [39m4
[38;5;15m    [39m[38;5;197mCONVS_DIM[39m[38;5;15m:[39m[38;5;15m [39m256
[38;5;15m    [39m[38;5;197mDEFORMABLE_TRANSFORMER_ENCODER_IN_FEATURES[39m[38;5;15m:[39m
[38;5;15m    [39m-[38;5;15m [39mres3
[38;5;15m    [39m-[38;5;15m [39mres4
[38;5;15m    [39m-[38;5;15m [39mres5
[38;5;15m    [39m[38;5;197mDEFORMABLE_TRANSFORMER_ENCODER_N_HEADS[39m[38;5;15m:[39m[38;5;15m [39m8
[38;5;15m    [39m[38;5;197mDEFORMABLE_TRANSFORMER_ENCODER_N_POINTS[39m[38;5;15m:[39m[38;5;15m [39m4
[38;5;15m    [39m[38;5;197mIGNORE_VALUE[39m[38;5;15m:[39m[38;5;15m [39m255
[38;5;15m    [39m[38;5;197mIN_FEATURES[39m[38;5;15m:[39m
[38;5;15m    [39m-[38;5;15m [39mres2
[38;5;15m    [39m-[38;5;15m [39mres3
[38;5;15m    [39m-[38;5;15m [39mres4
[38;5;15m    [39m-[38;5;15m [39mres5
[38;5;15m    [39m[38;5;197mLOSS_TYPE[39m[38;5;15m:[39m[38;5;15m [39mhard_pixel_mining
[38;5;15m    [39m[38;5;197mLOSS_WEIGHT[39m[38;5;15m:[39m[38;5;15m [39m1.0
[38;5;15m    [39m[38;5;197mMASK_DIM[39m[38;5;15m:[39m[38;5;15m [39m256
[38;5;15m    [39m[38;5;197mNAME[39m[38;5;15m:[39m[38;5;15m [39mMaskFormerHead
[38;5;15m    [39m[38;5;197mNORM[39m[38;5;15m:[39m[38;5;15m [39mGN
[38;5;15m    [39m[38;5;197mNUM_CLASSES[39m[38;5;15m:[39m[38;5;15m [39m19
[38;5;15m    [39m[38;5;197mPIXEL_DECODER_NAME[39m[38;5;15m:[39m[38;5;15m [39mMSDeformAttnPixelDecoder
[38;5;15m    [39m[38;5;197mPROJECT_CHANNELS[39m[38;5;15m:[39m
[38;5;15m    [39m-[38;5;15m [39m48
[38;5;15m    [39m[38;5;197mPROJECT_FEATURES[39m[38;5;15m:[39m
[38;5;15m    [39m-[38;5;15m [39mres2
[38;5;15m    [39m[38;5;197mTRANSFORMER_ENC_LAYERS[39m[38;5;15m:[39m[38;5;15m [39m6
[38;5;15m    [39m[38;5;197mUSE_DEPTHWISE_SEPARABLE_CONV[39m[38;5;15m:[39m[38;5;15m [39mfalse
[38;5;15m  [39m[38;5;197mSWIN[39m[38;5;15m:[39m
[38;5;15m    [39m[38;5;197mAPE[39m[38;5;15m:[39m[38;5;15m [39mfalse
[38;5;15m    [39m[38;5;197mATTN_DROP_RATE[39m[38;5;15m:[39m[38;5;15m [39m0.0
[38;5;15m    [39m[38;5;197mDEPTHS[39m[38;5;15m:[39m
[38;5;15m    [39m-[38;5;15m [39m2
[38;5;15m    [39m-[38;5;15m [39m2
[38;5;15m    [39m-[38;5;15m [39m6
[38;5;15m    [39m-[38;5;15m [39m2
[38;5;15m    [39m[38;5;197mDROP_PATH_RATE[39m[38;5;15m:[39m[38;5;15m [39m0.3
[38;5;15m    [39m[38;5;197mDROP_RATE[39m[38;5;15m:[39m[38;5;15m [39m0.0
[38;5;15m    [39m[38;5;197mEMBED_DIM[39m[38;5;15m:[39m[38;5;15m [39m96
[38;5;15m    [39m[38;5;197mMLP_RATIO[39m[38;5;15m:[39m[38;5;15m [39m4.0
[38;5;15m    [39m[38;5;197mNUM_HEADS[39m[38;5;15m:[39m
[38;5;15m    [39m-[38;5;15m [39m3
[38;5;15m    [39m-[38;5;15m [39m6
[38;5;15m    [39m-[38;5;15m [39m12
[38;5;15m    [39m-[38;5;15m [39m24
[38;5;15m    [39m[38;5;197mOUT_FEATURES[39m[38;5;15m:[39m
[38;5;15m    [39m-[38;5;15m [39mres2
[38;5;15m    [39m-[38;5;15m [39mres3
[38;5;15m    [39m-[38;5;15m [39mres4
[38;5;15m    [39m-[38;5;15m [39mres5
[38;5;15m    [39m[38;5;197mPATCH_NORM[39m[38;5;15m:[39m[38;5;15m [39mtrue
[38;5;15m    [39m[38;5;197mPATCH_SIZE[39m[38;5;15m:[39m[38;5;15m [39m4
[38;5;15m    [39m[38;5;197mPRETRAIN_IMG_SIZE[39m[38;5;15m:[39m[38;5;15m [39m224
[38;5;15m    [39m[38;5;197mQKV_BIAS[39m[38;5;15m:[39m[38;5;15m [39mtrue
[38;5;15m    [39m[38;5;197mQK_SCALE[39m[38;5;15m:[39m[38;5;15m [39mnull
[38;5;15m    [39m[38;5;197mUSE_CHECKPOINT[39m[38;5;15m:[39m[38;5;15m [39mfalse
[38;5;15m    [39m[38;5;197mWINDOW_SIZE[39m[38;5;15m:[39m[38;5;15m [39m7
[38;5;15m  [39m[38;5;197mWEIGHTS[39m[38;5;15m:[39m[38;5;15m [39moutput/R-50.pkl
[38;5;197mOUTPUT_DIR[39m[38;5;15m:[39m[38;5;15m [39m./output
[38;5;197mSEED[39m[38;5;15m:[39m[38;5;15m [39m-1
[38;5;197mSOLVER[39m[38;5;15m:[39m
[38;5;15m  [39m[38;5;197mAMP[39m[38;5;15m:[39m
[38;5;15m    [39m[38;5;197mENABLED[39m[38;5;15m:[39m[38;5;15m [39mtrue
[38;5;15m  [39m[38;5;197mBACKBONE_MULTIPLIER[39m[38;5;15m:[39m[38;5;15m [39m0.1
[38;5;15m  [39m[38;5;197mBASE_LR[39m[38;5;15m:[39m[38;5;15m [39m0.0001
[38;5;15m  [39m[38;5;197mBASE_LR_END[39m[38;5;15m:[39m[38;5;15m [39m0.0
[38;5;15m  [39m[38;5;197mBIAS_LR_FACTOR[39m[38;5;15m:[39m[38;5;15m [39m1.0
[38;5;15m  [39m[38;5;197mCHECKPOINT_PERIOD[39m[38;5;15m:[39m[38;5;15m [39m5000
[38;5;15m  [39m[38;5;197mCLIP_GRADIENTS[39m[38;5;15m:[39m
[38;5;15m    [39m[38;5;197mCLIP_TYPE[39m[38;5;15m:[39m[38;5;15m [39mfull_model
[38;5;15m    [39m[38;5;197mCLIP_VALUE[39m[38;5;15m:[39m[38;5;15m [39m0.01
[38;5;15m    [39m[38;5;197mENABLED[39m[38;5;15m:[39m[38;5;15m [39mtrue
[38;5;15m    [39m[38;5;197mNORM_TYPE[39m[38;5;15m:[39m[38;5;15m [39m2.0
[38;5;15m  [39m[38;5;197mGAMMA[39m[38;5;15m:[39m[38;5;15m [39m0.1
[38;5;15m  [39m[38;5;197mIMS_PER_BATCH[39m[38;5;15m:[39m[38;5;15m [39m2
[38;5;15m  [39m[38;5;197mLR_SCHEDULER_NAME[39m[38;5;15m:[39m[38;5;15m [39mWarmupPolyLR
[38;5;15m  [39m[38;5;197mMAX_ITER[39m[38;5;15m:[39m[38;5;15m [39m10000
[38;5;15m  [39m[38;5;197mMOMENTUM[39m[38;5;15m:[39m[38;5;15m [39m0.9
[38;5;15m  [39m[38;5;197mNESTEROV[39m[38;5;15m:[39m[38;5;15m [39mfalse
[38;5;15m  [39m[38;5;197mNUM_DECAYS[39m[38;5;15m:[39m[38;5;15m [39m3
[38;5;15m  [39m[38;5;197mOPTIMIZER[39m[38;5;15m:[39m[38;5;15m [39mADAMW
[38;5;15m  [39m[38;5;197mPOLY_LR_CONSTANT_ENDING[39m[38;5;15m:[39m[38;5;15m [39m0.0
[38;5;15m  [39m[38;5;197mPOLY_LR_POWER[39m[38;5;15m:[39m[38;5;15m [39m0.9
[38;5;15m  [39m[38;5;197mREFERENCE_WORLD_SIZE[39m[38;5;15m:[39m[38;5;15m [39m0
[38;5;15m  [39m[38;5;197mRESCALE_INTERVAL[39m[38;5;15m:[39m[38;5;15m [39mfalse
[38;5;15m  [39m[38;5;197mSTEPS[39m[38;5;15m:[39m
[38;5;15m  [39m-[38;5;15m [39m30000
[38;5;15m  [39m[38;5;197mWARMUP_FACTOR[39m[38;5;15m:[39m[38;5;15m [39m1.0
[38;5;15m  [39m[38;5;197mWARMUP_ITERS[39m[38;5;15m:[39m[38;5;15m [39m0
[38;5;15m  [39m[38;5;197mWARMUP_METHOD[39m[38;5;15m:[39m[38;5;15m [39mlinear
[38;5;15m  [39m[38;5;197mWEIGHT_DECAY[39m[38;5;15m:[39m[38;5;15m [39m0.05
[38;5;15m  [39m[38;5;197mWEIGHT_DECAY_BIAS[39m[38;5;15m:[39m[38;5;15m [39mnull
[38;5;15m  [39m[38;5;197mWEIGHT_DECAY_EMBED[39m[38;5;15m:[39m[38;5;15m [39m0.0
[38;5;15m  [39m[38;5;197mWEIGHT_DECAY_NORM[39m[38;5;15m:[39m[38;5;15m [39m0.0
[38;5;197mTEST[39m[38;5;15m:[39m
[38;5;15m  [39m[38;5;197mAUG[39m[38;5;15m:[39m
[38;5;15m    [39m[38;5;197mENABLED[39m[38;5;15m:[39m[38;5;15m [39mfalse
[38;5;15m    [39m[38;5;197mFLIP[39m[38;5;15m:[39m[38;5;15m [39mtrue
[38;5;15m    [39m[38;5;197mMAX_SIZE[39m[38;5;15m:[39m[38;5;15m [39m4096
[38;5;15m    [39m[38;5;197mMIN_SIZES[39m[38;5;15m:[39m
[38;5;15m    [39m-[38;5;15m [39m512
[38;5;15m    [39m-[38;5;15m [39m768
[38;5;15m    [39m-[38;5;15m [39m1024
[38;5;15m    [39m-[38;5;15m [39m1280
[38;5;15m    [39m-[38;5;15m [39m1536
[38;5;15m    [39m-[38;5;15m [39m1792
[38;5;15m  [39m[38;5;197mDETECTIONS_PER_IMAGE[39m[38;5;15m:[39m[38;5;15m [39m100
[38;5;15m  [39m[38;5;197mEVAL_PERIOD[39m[38;5;15m:[39m[38;5;15m [39m5000
[38;5;15m  [39m[38;5;197mEXPECTED_RESULTS[39m[38;5;15m:[39m[38;5;15m [39m[]
[38;5;15m  [39m[38;5;197mKEYPOINT_OKS_SIGMAS[39m[38;5;15m:[39m[38;5;15m [39m[]
[38;5;15m  [39m[38;5;197mPRECISE_BN[39m[38;5;15m:[39m
[38;5;15m    [39m[38;5;197mENABLED[39m[38;5;15m:[39m[38;5;15m [39mfalse
[38;5;15m    [39m[38;5;197mNUM_ITER[39m[38;5;15m:[39m[38;5;15m [39m200
[38;5;197mVERSION[39m[38;5;15m:[39m[38;5;15m [39m2
[38;5;197mVIS_PERIOD[39m[38;5;15m:[39m[38;5;15m [39m0

[02/28 06:21:32 detectron2]: Full config saved to ./output/config.yaml
[02/28 06:21:32 d2.utils.env]: Using a generated random seed 32385555
[02/28 06:21:36 d2.engine.defaults]: Model:
MaskFormer(
  (backbone): ResNet(
    (stem): BasicStem(
      (conv1): Conv2d(
        3, 64, kernel_size=(7, 7), stride=(2, 2), padding=(3, 3), bias=False
        (norm): BatchNorm2d(64, eps=1e-05, momentum=0.1, affine=True, track_running_stats=True)
      )
    )
    (res2): Sequential(
      (0): BottleneckBlock(
        (shortcut): Conv2d(
          64, 256, kernel_size=(1, 1), stride=(1, 1), bias=False
          (norm): BatchNorm2d(256, eps=1e-05, momentum=0.1, affine=True, track_running_stats=True)
        )
        (conv1): Conv2d(
          64, 64, kernel_size=(1, 1), stride=(1, 1), bias=False
          (norm): BatchNorm2d(64, eps=1e-05, momentum=0.1, affine=True, track_running_stats=True)
        )
        (conv2): Conv2d(
          64, 64, kernel_size=(3, 3), stride=(1, 1), padding=(1, 1), bias=False
          (norm): BatchNorm2d(64, eps=1e-05, momentum=0.1, affine=True, track_running_stats=True)
        )
        (conv3): Conv2d(
          64, 256, kernel_size=(1, 1), stride=(1, 1), bias=False
          (norm): BatchNorm2d(256, eps=1e-05, momentum=0.1, affine=True, track_running_stats=True)
        )
      )
      (1): BottleneckBlock(
        (conv1): Conv2d(
          256, 64, kernel_size=(1, 1), stride=(1, 1), bias=False
          (norm): BatchNorm2d(64, eps=1e-05, momentum=0.1, affine=True, track_running_stats=True)
        )
        (conv2): Conv2d(
          64, 64, kernel_size=(3, 3), stride=(1, 1), padding=(1, 1), bias=False
          (norm): BatchNorm2d(64, eps=1e-05, momentum=0.1, affine=True, track_running_stats=True)
        )
        (conv3): Conv2d(
          64, 256, kernel_size=(1, 1), stride=(1, 1), bias=False
          (norm): BatchNorm2d(256, eps=1e-05, momentum=0.1, affine=True, track_running_stats=True)
        )
      )
      (2): BottleneckBlock(
        (conv1): Conv2d(
          256, 64, kernel_size=(1, 1), stride=(1, 1), bias=False
          (norm): BatchNorm2d(64, eps=1e-05, momentum=0.1, affine=True, track_running_stats=True)
        )
        (conv2): Conv2d(
          64, 64, kernel_size=(3, 3), stride=(1, 1), padding=(1, 1), bias=False
          (norm): BatchNorm2d(64, eps=1e-05, momentum=0.1, affine=True, track_running_stats=True)
        )
        (conv3): Conv2d(
          64, 256, kernel_size=(1, 1), stride=(1, 1), bias=False
          (norm): BatchNorm2d(256, eps=1e-05, momentum=0.1, affine=True, track_running_stats=True)
        )
      )
    )
    (res3): Sequential(
      (0): BottleneckBlock(
        (shortcut): Conv2d(
          256, 512, kernel_size=(1, 1), stride=(2, 2), bias=False
          (norm): BatchNorm2d(512, eps=1e-05, momentum=0.1, affine=True, track_running_stats=True)
        )
        (conv1): Conv2d(
          256, 128, kernel_size=(1, 1), stride=(1, 1), bias=False
          (norm): BatchNorm2d(128, eps=1e-05, momentum=0.1, affine=True, track_running_stats=True)
        )
        (conv2): Conv2d(
          128, 128, kernel_size=(3, 3), stride=(2, 2), padding=(1, 1), bias=False
          (norm): BatchNorm2d(128, eps=1e-05, momentum=0.1, affine=True, track_running_stats=True)
        )
        (conv3): Conv2d(
          128, 512, kernel_size=(1, 1), stride=(1, 1), bias=False
          (norm): BatchNorm2d(512, eps=1e-05, momentum=0.1, affine=True, track_running_stats=True)
        )
      )
      (1): BottleneckBlock(
        (conv1): Conv2d(
          512, 128, kernel_size=(1, 1), stride=(1, 1), bias=False
          (norm): BatchNorm2d(128, eps=1e-05, momentum=0.1, affine=True, track_running_stats=True)
        )
        (conv2): Conv2d(
          128, 128, kernel_size=(3, 3), stride=(1, 1), padding=(1, 1), bias=False
          (norm): BatchNorm2d(128, eps=1e-05, momentum=0.1, affine=True, track_running_stats=True)
        )
        (conv3): Conv2d(
          128, 512, kernel_size=(1, 1), stride=(1, 1), bias=False
          (norm): BatchNorm2d(512, eps=1e-05, momentum=0.1, affine=True, track_running_stats=True)
        )
      )
      (2): BottleneckBlock(
        (conv1): Conv2d(
          512, 128, kernel_size=(1, 1), stride=(1, 1), bias=False
          (norm): BatchNorm2d(128, eps=1e-05, momentum=0.1, affine=True, track_running_stats=True)
        )
        (conv2): Conv2d(
          128, 128, kernel_size=(3, 3), stride=(1, 1), padding=(1, 1), bias=False
          (norm): BatchNorm2d(128, eps=1e-05, momentum=0.1, affine=True, track_running_stats=True)
        )
        (conv3): Conv2d(
          128, 512, kernel_size=(1, 1), stride=(1, 1), bias=False
          (norm): BatchNorm2d(512, eps=1e-05, momentum=0.1, affine=True, track_running_stats=True)
        )
      )
      (3): BottleneckBlock(
        (conv1): Conv2d(
          512, 128, kernel_size=(1, 1), stride=(1, 1), bias=False
          (norm): BatchNorm2d(128, eps=1e-05, momentum=0.1, affine=True, track_running_stats=True)
        )
        (conv2): Conv2d(
          128, 128, kernel_size=(3, 3), stride=(1, 1), padding=(1, 1), bias=False
          (norm): BatchNorm2d(128, eps=1e-05, momentum=0.1, affine=True, track_running_stats=True)
        )
        (conv3): Conv2d(
          128, 512, kernel_size=(1, 1), stride=(1, 1), bias=False
          (norm): BatchNorm2d(512, eps=1e-05, momentum=0.1, affine=True, track_running_stats=True)
        )
      )
    )
    (res4): Sequential(
      (0): BottleneckBlock(
        (shortcut): Conv2d(
          512, 1024, kernel_size=(1, 1), stride=(2, 2), bias=False
          (norm): BatchNorm2d(1024, eps=1e-05, momentum=0.1, affine=True, track_running_stats=True)
        )
        (conv1): Conv2d(
          512, 256, kernel_size=(1, 1), stride=(1, 1), bias=False
          (norm): BatchNorm2d(256, eps=1e-05, momentum=0.1, affine=True, track_running_stats=True)
        )
        (conv2): Conv2d(
          256, 256, kernel_size=(3, 3), stride=(2, 2), padding=(1, 1), bias=False
          (norm): BatchNorm2d(256, eps=1e-05, momentum=0.1, affine=True, track_running_stats=True)
        )
        (conv3): Conv2d(
          256, 1024, kernel_size=(1, 1), stride=(1, 1), bias=False
          (norm): BatchNorm2d(1024, eps=1e-05, momentum=0.1, affine=True, track_running_stats=True)
        )
      )
      (1): BottleneckBlock(
        (conv1): Conv2d(
          1024, 256, kernel_size=(1, 1), stride=(1, 1), bias=False
          (norm): BatchNorm2d(256, eps=1e-05, momentum=0.1, affine=True, track_running_stats=True)
        )
        (conv2): Conv2d(
          256, 256, kernel_size=(3, 3), stride=(1, 1), padding=(1, 1), bias=False
          (norm): BatchNorm2d(256, eps=1e-05, momentum=0.1, affine=True, track_running_stats=True)
        )
        (conv3): Conv2d(
          256, 1024, kernel_size=(1, 1), stride=(1, 1), bias=False
          (norm): BatchNorm2d(1024, eps=1e-05, momentum=0.1, affine=True, track_running_stats=True)
        )
      )
      (2): BottleneckBlock(
        (conv1): Conv2d(
          1024, 256, kernel_size=(1, 1), stride=(1, 1), bias=False
          (norm): BatchNorm2d(256, eps=1e-05, momentum=0.1, affine=True, track_running_stats=True)
        )
        (conv2): Conv2d(
          256, 256, kernel_size=(3, 3), stride=(1, 1), padding=(1, 1), bias=False
          (norm): BatchNorm2d(256, eps=1e-05, momentum=0.1, affine=True, track_running_stats=True)
        )
        (conv3): Conv2d(
          256, 1024, kernel_size=(1, 1), stride=(1, 1), bias=False
          (norm): BatchNorm2d(1024, eps=1e-05, momentum=0.1, affine=True, track_running_stats=True)
        )
      )
      (3): BottleneckBlock(
        (conv1): Conv2d(
          1024, 256, kernel_size=(1, 1), stride=(1, 1), bias=False
          (norm): BatchNorm2d(256, eps=1e-05, momentum=0.1, affine=True, track_running_stats=True)
        )
        (conv2): Conv2d(
          256, 256, kernel_size=(3, 3), stride=(1, 1), padding=(1, 1), bias=False
          (norm): BatchNorm2d(256, eps=1e-05, momentum=0.1, affine=True, track_running_stats=True)
        )
        (conv3): Conv2d(
          256, 1024, kernel_size=(1, 1), stride=(1, 1), bias=False
          (norm): BatchNorm2d(1024, eps=1e-05, momentum=0.1, affine=True, track_running_stats=True)
        )
      )
      (4): BottleneckBlock(
        (conv1): Conv2d(
          1024, 256, kernel_size=(1, 1), stride=(1, 1), bias=False
          (norm): BatchNorm2d(256, eps=1e-05, momentum=0.1, affine=True, track_running_stats=True)
        )
        (conv2): Conv2d(
          256, 256, kernel_size=(3, 3), stride=(1, 1), padding=(1, 1), bias=False
          (norm): BatchNorm2d(256, eps=1e-05, momentum=0.1, affine=True, track_running_stats=True)
        )
        (conv3): Conv2d(
          256, 1024, kernel_size=(1, 1), stride=(1, 1), bias=False
          (norm): BatchNorm2d(1024, eps=1e-05, momentum=0.1, affine=True, track_running_stats=True)
        )
      )
      (5): BottleneckBlock(
        (conv1): Conv2d(
          1024, 256, kernel_size=(1, 1), stride=(1, 1), bias=False
          (norm): BatchNorm2d(256, eps=1e-05, momentum=0.1, affine=True, track_running_stats=True)
        )
        (conv2): Conv2d(
          256, 256, kernel_size=(3, 3), stride=(1, 1), padding=(1, 1), bias=False
          (norm): BatchNorm2d(256, eps=1e-05, momentum=0.1, affine=True, track_running_stats=True)
        )
        (conv3): Conv2d(
          256, 1024, kernel_size=(1, 1), stride=(1, 1), bias=False
          (norm): BatchNorm2d(1024, eps=1e-05, momentum=0.1, affine=True, track_running_stats=True)
        )
      )
    )
    (res5): Sequential(
      (0): BottleneckBlock(
        (shortcut): Conv2d(
          1024, 2048, kernel_size=(1, 1), stride=(2, 2), bias=False
          (norm): BatchNorm2d(2048, eps=1e-05, momentum=0.1, affine=True, track_running_stats=True)
        )
        (conv1): Conv2d(
          1024, 512, kernel_size=(1, 1), stride=(1, 1), bias=False
          (norm): BatchNorm2d(512, eps=1e-05, momentum=0.1, affine=True, track_running_stats=True)
        )
        (conv2): Conv2d(
          512, 512, kernel_size=(3, 3), stride=(2, 2), padding=(1, 1), bias=False
          (norm): BatchNorm2d(512, eps=1e-05, momentum=0.1, affine=True, track_running_stats=True)
        )
        (conv3): Conv2d(
          512, 2048, kernel_size=(1, 1), stride=(1, 1), bias=False
          (norm): BatchNorm2d(2048, eps=1e-05, momentum=0.1, affine=True, track_running_stats=True)
        )
      )
      (1): BottleneckBlock(
        (conv1): Conv2d(
          2048, 512, kernel_size=(1, 1), stride=(1, 1), bias=False
          (norm): BatchNorm2d(512, eps=1e-05, momentum=0.1, affine=True, track_running_stats=True)
        )
        (conv2): Conv2d(
          512, 512, kernel_size=(3, 3), stride=(1, 1), padding=(1, 1), bias=False
          (norm): BatchNorm2d(512, eps=1e-05, momentum=0.1, affine=True, track_running_stats=True)
        )
        (conv3): Conv2d(
          512, 2048, kernel_size=(1, 1), stride=(1, 1), bias=False
          (norm): BatchNorm2d(2048, eps=1e-05, momentum=0.1, affine=True, track_running_stats=True)
        )
      )
      (2): BottleneckBlock(
        (conv1): Conv2d(
          2048, 512, kernel_size=(1, 1), stride=(1, 1), bias=False
          (norm): BatchNorm2d(512, eps=1e-05, momentum=0.1, affine=True, track_running_stats=True)
        )
        (conv2): Conv2d(
          512, 512, kernel_size=(3, 3), stride=(1, 1), padding=(1, 1), bias=False
          (norm): BatchNorm2d(512, eps=1e-05, momentum=0.1, affine=True, track_running_stats=True)
        )
        (conv3): Conv2d(
          512, 2048, kernel_size=(1, 1), stride=(1, 1), bias=False
          (norm): BatchNorm2d(2048, eps=1e-05, momentum=0.1, affine=True, track_running_stats=True)
        )
      )
    )
  )
  (sem_seg_head): MaskFormerHead(
    (pixel_decoder): MSDeformAttnPixelDecoder(
      (input_proj): ModuleList(
        (0): Sequential(
          (0): Conv2d(2048, 256, kernel_size=(1, 1), stride=(1, 1))
          (1): GroupNorm(32, 256, eps=1e-05, affine=True)
        )
        (1): Sequential(
          (0): Conv2d(1024, 256, kernel_size=(1, 1), stride=(1, 1))
          (1): GroupNorm(32, 256, eps=1e-05, affine=True)
        )
        (2): Sequential(
          (0): Conv2d(512, 256, kernel_size=(1, 1), stride=(1, 1))
          (1): GroupNorm(32, 256, eps=1e-05, affine=True)
        )
      )
      (transformer): MSDeformAttnTransformerEncoderOnly(
        (encoder): MSDeformAttnTransformerEncoder(
          (layers): ModuleList(
            (0-5): 6 x MSDeformAttnTransformerEncoderLayer(
              (self_attn): MSDeformAttn(
                (sampling_offsets): Linear(in_features=256, out_features=192, bias=True)
                (attention_weights): Linear(in_features=256, out_features=96, bias=True)
                (value_proj): Linear(in_features=256, out_features=256, bias=True)
                (output_proj): Linear(in_features=256, out_features=256, bias=True)
              )
              (dropout1): Dropout(p=0.0, inplace=False)
              (norm1): LayerNorm((256,), eps=1e-05, elementwise_affine=True)
              (linear1): Linear(in_features=256, out_features=1024, bias=True)
              (dropout2): Dropout(p=0.0, inplace=False)
              (linear2): Linear(in_features=1024, out_features=256, bias=True)
              (dropout3): Dropout(p=0.0, inplace=False)
              (norm2): LayerNorm((256,), eps=1e-05, elementwise_affine=True)
            )
          )
        )
      )
      (pe_layer): Positional encoding PositionEmbeddingSine
          num_pos_feats: 128
          temperature: 10000
          normalize: True
          scale: 6.283185307179586
      (mask_features): Conv2d(256, 256, kernel_size=(1, 1), stride=(1, 1))
      (adapter_1): Conv2d(
        256, 256, kernel_size=(1, 1), stride=(1, 1), bias=False
        (norm): GroupNorm(32, 256, eps=1e-05, affine=True)
      )
      (layer_1): Conv2d(
        256, 256, kernel_size=(3, 3), stride=(1, 1), padding=(1, 1), bias=False
        (norm): GroupNorm(32, 256, eps=1e-05, affine=True)
      )
    )
    (predictor): MultiScaleMaskedTransformerDecoder(
      (pe_layer): Positional encoding PositionEmbeddingSine
          num_pos_feats: 128
          temperature: 10000
          normalize: True
          scale: 6.283185307179586
      (transformer_self_attention_layers): ModuleList(
        (0-8): 9 x SelfAttentionLayer(
          (self_attn): MultiheadAttention(
            (out_proj): NonDynamicallyQuantizableLinear(in_features=256, out_features=256, bias=True)
          )
          (norm): LayerNorm((256,), eps=1e-05, elementwise_affine=True)
          (dropout): Dropout(p=0.0, inplace=False)
        )
      )
      (transformer_cross_attention_layers): ModuleList(
        (0-8): 9 x CrossAttentionLayer(
          (multihead_attn): MultiheadAttention(
            (out_proj): NonDynamicallyQuantizableLinear(in_features=256, out_features=256, bias=True)
          )
          (norm): LayerNorm((256,), eps=1e-05, elementwise_affine=True)
          (dropout): Dropout(p=0.0, inplace=False)
        )
      )
      (transformer_ffn_layers): ModuleList(
        (0-8): 9 x FFNLayer(
          (linear1): Linear(in_features=256, out_features=2048, bias=True)
          (dropout): Dropout(p=0.0, inplace=False)
          (linear2): Linear(in_features=2048, out_features=256, bias=True)
          (norm): LayerNorm((256,), eps=1e-05, elementwise_affine=True)
        )
      )
      (decoder_norm): LayerNorm((256,), eps=1e-05, elementwise_affine=True)
      (query_feat): Embedding(100, 256)
      (query_embed): Embedding(100, 256)
      (level_embed): Embedding(3, 256)
      (input_proj): ModuleList(
        (0-2): 3 x Sequential()
      )
      (class_embed): Linear(in_features=256, out_features=20, bias=True)
      (mask_embed): MLP(
        (layers): ModuleList(
          (0-2): 3 x Linear(in_features=256, out_features=256, bias=True)
        )
      )
    )
  )
  (criterion): Criterion SetCriterion
      matcher: Matcher HungarianMatcher
          cost_class: 2.0
          cost_mask: 5.0
          cost_dice: 5.0
      losses: ['labels', 'masks']
      weight_dict: {'loss_ce': 2.0, 'loss_mask': 5.0, 'loss_dice': 5.0, 'loss_ce_0': 2.0, 'loss_mask_0': 5.0, 'loss_dice_0': 5.0, 'loss_ce_1': 2.0, 'loss_mask_1': 5.0, 'loss_dice_1': 5.0, 'loss_ce_2': 2.0, 'loss_mask_2': 5.0, 'loss_dice_2': 5.0, 'loss_ce_3': 2.0, 'loss_mask_3': 5.0, 'loss_dice_3': 5.0, 'loss_ce_4': 2.0, 'loss_mask_4': 5.0, 'loss_dice_4': 5.0, 'loss_ce_5': 2.0, 'loss_mask_5': 5.0, 'loss_dice_5': 5.0, 'loss_ce_6': 2.0, 'loss_mask_6': 5.0, 'loss_dice_6': 5.0, 'loss_ce_7': 2.0, 'loss_mask_7': 5.0, 'loss_dice_7': 5.0, 'loss_ce_8': 2.0, 'loss_mask_8': 5.0, 'loss_dice_8': 5.0}
      num_classes: 19
      eos_coef: 0.1
      num_points: 12544
      oversample_ratio: 3.0
      importance_sample_ratio: 0.75
)
[02/28 06:21:36 mask2former.data.dataset_mappers.mask_former_semantic_dataset_mapper]: [MaskFormerSemanticDatasetMapper_2] Augmentations used in training: [ResizeShortestEdge(short_edge_length=..., max_size=4096, sample_style='choice'), RandomCrop_CategoryAreaConstraint(crop_type='absolute', crop_size=[768, 768], single_category_max_area=1.0, ignored_category=255), <detectron2.projects.point_rend.color_augmentation.ColorAugSSDTransform object at 0x7f161e4cc340>, RandomFlip()]
[02/28 06:21:36 d2.data.build]: Using training sampler TrainingSampler
[02/28 06:21:36 d2.data.common]: Serializing the dataset using: <class 'detectron2.data.common._TorchSerializedList'>
[02/28 06:21:36 d2.data.common]: Serializing 2975 elements to byte tensors and concatenating them all ...
[02/28 06:21:36 d2.data.common]: Serialized dataset takes 0.96 MiB
[02/28 06:21:36 d2.data.build]: Making batched data loader with batch_size=2
[02/28 06:21:36 d2.checkpoint.detection_checkpoint]: [DetectionCheckpointer] Loading from output/R-50.pkl ...
[02/28 06:21:36 fvcore.common.checkpoint]: [Checkpointer] Loading from output/R-50.pkl ...
[02/28 06:21:36 fvcore.common.checkpoint]: Reading a file from 'torchvision'
[02/28 06:21:37 d2.checkpoint.c2_model_loading]: Following weights matched with submodule backbone - Total num: 53
WARNING [02/28 06:21:37 fvcore.common.checkpoint]: Some model parameters or buffers are not found in the checkpoint:
criterion.empty_weight
sem_seg_head.pixel_decoder.adapter_1.norm.{bias, weight}
sem_seg_head.pixel_decoder.adapter_1.weight
sem_seg_head.pixel_decoder.input_proj.0.0.{bias, weight}
sem_seg_head.pixel_decoder.input_proj.0.1.{bias, weight}
sem_seg_head.pixel_decoder.input_proj.1.0.{bias, weight}
sem_seg_head.pixel_decoder.input_proj.1.1.{bias, weight}
sem_seg_head.pixel_decoder.input_proj.2.0.{bias, weight}
sem_seg_head.pixel_decoder.input_proj.2.1.{bias, weight}
sem_seg_head.pixel_decoder.layer_1.norm.{bias, weight}
sem_seg_head.pixel_decoder.layer_1.weight
sem_seg_head.pixel_decoder.mask_features.{bias, weight}
sem_seg_head.pixel_decoder.transformer.encoder.layers.0.linear1.{bias, weight}
sem_seg_head.pixel_decoder.transformer.encoder.layers.0.linear2.{bias, weight}
sem_seg_head.pixel_decoder.transformer.encoder.layers.0.norm1.{bias, weight}
sem_seg_head.pixel_decoder.transformer.encoder.layers.0.norm2.{bias, weight}
sem_seg_head.pixel_decoder.transformer.encoder.layers.0.self_attn.attention_weights.{bias, weight}
sem_seg_head.pixel_decoder.transformer.encoder.layers.0.self_attn.output_proj.{bias, weight}
sem_seg_head.pixel_decoder.transformer.encoder.layers.0.self_attn.sampling_offsets.{bias, weight}
sem_seg_head.pixel_decoder.transformer.encoder.layers.0.self_attn.value_proj.{bias, weight}
sem_seg_head.pixel_decoder.transformer.encoder.layers.1.linear1.{bias, weight}
sem_seg_head.pixel_decoder.transformer.encoder.layers.1.linear2.{bias, weight}
sem_seg_head.pixel_decoder.transformer.encoder.layers.1.norm1.{bias, weight}
sem_seg_head.pixel_decoder.transformer.encoder.layers.1.norm2.{bias, weight}
sem_seg_head.pixel_decoder.transformer.encoder.layers.1.self_attn.attention_weights.{bias, weight}
sem_seg_head.pixel_decoder.transformer.encoder.layers.1.self_attn.output_proj.{bias, weight}
sem_seg_head.pixel_decoder.transformer.encoder.layers.1.self_attn.sampling_offsets.{bias, weight}
sem_seg_head.pixel_decoder.transformer.encoder.layers.1.self_attn.value_proj.{bias, weight}
sem_seg_head.pixel_decoder.transformer.encoder.layers.2.linear1.{bias, weight}
sem_seg_head.pixel_decoder.transformer.encoder.layers.2.linear2.{bias, weight}
sem_seg_head.pixel_decoder.transformer.encoder.layers.2.norm1.{bias, weight}
sem_seg_head.pixel_decoder.transformer.encoder.layers.2.norm2.{bias, weight}
sem_seg_head.pixel_decoder.transformer.encoder.layers.2.self_attn.attention_weights.{bias, weight}
sem_seg_head.pixel_decoder.transformer.encoder.layers.2.self_attn.output_proj.{bias, weight}
sem_seg_head.pixel_decoder.transformer.encoder.layers.2.self_attn.sampling_offsets.{bias, weight}
sem_seg_head.pixel_decoder.transformer.encoder.layers.2.self_attn.value_proj.{bias, weight}
sem_seg_head.pixel_decoder.transformer.encoder.layers.3.linear1.{bias, weight}
sem_seg_head.pixel_decoder.transformer.encoder.layers.3.linear2.{bias, weight}
sem_seg_head.pixel_decoder.transformer.encoder.layers.3.norm1.{bias, weight}
sem_seg_head.pixel_decoder.transformer.encoder.layers.3.norm2.{bias, weight}
sem_seg_head.pixel_decoder.transformer.encoder.layers.3.self_attn.attention_weights.{bias, weight}
sem_seg_head.pixel_decoder.transformer.encoder.layers.3.self_attn.output_proj.{bias, weight}
sem_seg_head.pixel_decoder.transformer.encoder.layers.3.self_attn.sampling_offsets.{bias, weight}
sem_seg_head.pixel_decoder.transformer.encoder.layers.3.self_attn.value_proj.{bias, weight}
sem_seg_head.pixel_decoder.transformer.encoder.layers.4.linear1.{bias, weight}
sem_seg_head.pixel_decoder.transformer.encoder.layers.4.linear2.{bias, weight}
sem_seg_head.pixel_decoder.transformer.encoder.layers.4.norm1.{bias, weight}
sem_seg_head.pixel_decoder.transformer.encoder.layers.4.norm2.{bias, weight}
sem_seg_head.pixel_decoder.transformer.encoder.layers.4.self_attn.attention_weights.{bias, weight}
sem_seg_head.pixel_decoder.transformer.encoder.layers.4.self_attn.output_proj.{bias, weight}
sem_seg_head.pixel_decoder.transformer.encoder.layers.4.self_attn.sampling_offsets.{bias, weight}
sem_seg_head.pixel_decoder.transformer.encoder.layers.4.self_attn.value_proj.{bias, weight}
sem_seg_head.pixel_decoder.transformer.encoder.layers.5.linear1.{bias, weight}
sem_seg_head.pixel_decoder.transformer.encoder.layers.5.linear2.{bias, weight}
sem_seg_head.pixel_decoder.transformer.encoder.layers.5.norm1.{bias, weight}
sem_seg_head.pixel_decoder.transformer.encoder.layers.5.norm2.{bias, weight}
sem_seg_head.pixel_decoder.transformer.encoder.layers.5.self_attn.attention_weights.{bias, weight}
sem_seg_head.pixel_decoder.transformer.encoder.layers.5.self_attn.output_proj.{bias, weight}
sem_seg_head.pixel_decoder.transformer.encoder.layers.5.self_attn.sampling_offsets.{bias, weight}
sem_seg_head.pixel_decoder.transformer.encoder.layers.5.self_attn.value_proj.{bias, weight}
sem_seg_head.pixel_decoder.transformer.level_embed
sem_seg_head.predictor.class_embed.{bias, weight}
sem_seg_head.predictor.decoder_norm.{bias, weight}
sem_seg_head.predictor.level_embed.weight
sem_seg_head.predictor.mask_embed.layers.0.{bias, weight}
sem_seg_head.predictor.mask_embed.layers.1.{bias, weight}
sem_seg_head.predictor.mask_embed.layers.2.{bias, weight}
sem_seg_head.predictor.query_embed.weight
sem_seg_head.predictor.query_feat.weight
sem_seg_head.predictor.transformer_cross_attention_layers.0.multihead_attn.out_proj.{bias, weight}
sem_seg_head.predictor.transformer_cross_attention_layers.0.multihead_attn.{in_proj_bias, in_proj_weight}
sem_seg_head.predictor.transformer_cross_attention_layers.0.norm.{bias, weight}
sem_seg_head.predictor.transformer_cross_attention_layers.1.multihead_attn.out_proj.{bias, weight}
sem_seg_head.predictor.transformer_cross_attention_layers.1.multihead_attn.{in_proj_bias, in_proj_weight}
sem_seg_head.predictor.transformer_cross_attention_layers.1.norm.{bias, weight}
sem_seg_head.predictor.transformer_cross_attention_layers.2.multihead_attn.out_proj.{bias, weight}
sem_seg_head.predictor.transformer_cross_attention_layers.2.multihead_attn.{in_proj_bias, in_proj_weight}
sem_seg_head.predictor.transformer_cross_attention_layers.2.norm.{bias, weight}
sem_seg_head.predictor.transformer_cross_attention_layers.3.multihead_attn.out_proj.{bias, weight}
sem_seg_head.predictor.transformer_cross_attention_layers.3.multihead_attn.{in_proj_bias, in_proj_weight}
sem_seg_head.predictor.transformer_cross_attention_layers.3.norm.{bias, weight}
sem_seg_head.predictor.transformer_cross_attention_layers.4.multihead_attn.out_proj.{bias, weight}
sem_seg_head.predictor.transformer_cross_attention_layers.4.multihead_attn.{in_proj_bias, in_proj_weight}
sem_seg_head.predictor.transformer_cross_attention_layers.4.norm.{bias, weight}
sem_seg_head.predictor.transformer_cross_attention_layers.5.multihead_attn.out_proj.{bias, weight}
sem_seg_head.predictor.transformer_cross_attention_layers.5.multihead_attn.{in_proj_bias, in_proj_weight}
sem_seg_head.predictor.transformer_cross_attention_layers.5.norm.{bias, weight}
sem_seg_head.predictor.transformer_cross_attention_layers.6.multihead_attn.out_proj.{bias, weight}
sem_seg_head.predictor.transformer_cross_attention_layers.6.multihead_attn.{in_proj_bias, in_proj_weight}
sem_seg_head.predictor.transformer_cross_attention_layers.6.norm.{bias, weight}
sem_seg_head.predictor.transformer_cross_attention_layers.7.multihead_attn.out_proj.{bias, weight}
sem_seg_head.predictor.transformer_cross_attention_layers.7.multihead_attn.{in_proj_bias, in_proj_weight}
sem_seg_head.predictor.transformer_cross_attention_layers.7.norm.{bias, weight}
sem_seg_head.predictor.transformer_cross_attention_layers.8.multihead_attn.out_proj.{bias, weight}
sem_seg_head.predictor.transformer_cross_attention_layers.8.multihead_attn.{in_proj_bias, in_proj_weight}
sem_seg_head.predictor.transformer_cross_attention_layers.8.norm.{bias, weight}
sem_seg_head.predictor.transformer_ffn_layers.0.linear1.{bias, weight}
sem_seg_head.predictor.transformer_ffn_layers.0.linear2.{bias, weight}
sem_seg_head.predictor.transformer_ffn_layers.0.norm.{bias, weight}
sem_seg_head.predictor.transformer_ffn_layers.1.linear1.{bias, weight}
sem_seg_head.predictor.transformer_ffn_layers.1.linear2.{bias, weight}
sem_seg_head.predictor.transformer_ffn_layers.1.norm.{bias, weight}
sem_seg_head.predictor.transformer_ffn_layers.2.linear1.{bias, weight}
sem_seg_head.predictor.transformer_ffn_layers.2.linear2.{bias, weight}
sem_seg_head.predictor.transformer_ffn_layers.2.norm.{bias, weight}
sem_seg_head.predictor.transformer_ffn_layers.3.linear1.{bias, weight}
sem_seg_head.predictor.transformer_ffn_layers.3.linear2.{bias, weight}
sem_seg_head.predictor.transformer_ffn_layers.3.norm.{bias, weight}
sem_seg_head.predictor.transformer_ffn_layers.4.linear1.{bias, weight}
sem_seg_head.predictor.transformer_ffn_layers.4.linear2.{bias, weight}
sem_seg_head.predictor.transformer_ffn_layers.4.norm.{bias, weight}
sem_seg_head.predictor.transformer_ffn_layers.5.linear1.{bias, weight}
sem_seg_head.predictor.transformer_ffn_layers.5.linear2.{bias, weight}
sem_seg_head.predictor.transformer_ffn_layers.5.norm.{bias, weight}
sem_seg_head.predictor.transformer_ffn_layers.6.linear1.{bias, weight}
sem_seg_head.predictor.transformer_ffn_layers.6.linear2.{bias, weight}
sem_seg_head.predictor.transformer_ffn_layers.6.norm.{bias, weight}
sem_seg_head.predictor.transformer_ffn_layers.7.linear1.{bias, weight}
sem_seg_head.predictor.transformer_ffn_layers.7.linear2.{bias, weight}
sem_seg_head.predictor.transformer_ffn_layers.7.norm.{bias, weight}
sem_seg_head.predictor.transformer_ffn_layers.8.linear1.{bias, weight}
sem_seg_head.predictor.transformer_ffn_layers.8.linear2.{bias, weight}
sem_seg_head.predictor.transformer_ffn_layers.8.norm.{bias, weight}
sem_seg_head.predictor.transformer_self_attention_layers.0.norm.{bias, weight}
sem_seg_head.predictor.transformer_self_attention_layers.0.self_attn.out_proj.{bias, weight}
sem_seg_head.predictor.transformer_self_attention_layers.0.self_attn.{in_proj_bias, in_proj_weight}
sem_seg_head.predictor.transformer_self_attention_layers.1.norm.{bias, weight}
sem_seg_head.predictor.transformer_self_attention_layers.1.self_attn.out_proj.{bias, weight}
sem_seg_head.predictor.transformer_self_attention_layers.1.self_attn.{in_proj_bias, in_proj_weight}
sem_seg_head.predictor.transformer_self_attention_layers.2.norm.{bias, weight}
sem_seg_head.predictor.transformer_self_attention_layers.2.self_attn.out_proj.{bias, weight}
sem_seg_head.predictor.transformer_self_attention_layers.2.self_attn.{in_proj_bias, in_proj_weight}
sem_seg_head.predictor.transformer_self_attention_layers.3.norm.{bias, weight}
sem_seg_head.predictor.transformer_self_attention_layers.3.self_attn.out_proj.{bias, weight}
sem_seg_head.predictor.transformer_self_attention_layers.3.self_attn.{in_proj_bias, in_proj_weight}
sem_seg_head.predictor.transformer_self_attention_layers.4.norm.{bias, weight}
sem_seg_head.predictor.transformer_self_attention_layers.4.self_attn.out_proj.{bias, weight}
sem_seg_head.predictor.transformer_self_attention_layers.4.self_attn.{in_proj_bias, in_proj_weight}
sem_seg_head.predictor.transformer_self_attention_layers.5.norm.{bias, weight}
sem_seg_head.predictor.transformer_self_attention_layers.5.self_attn.out_proj.{bias, weight}
sem_seg_head.predictor.transformer_self_attention_layers.5.self_attn.{in_proj_bias, in_proj_weight}
sem_seg_head.predictor.transformer_self_attention_layers.6.norm.{bias, weight}
sem_seg_head.predictor.transformer_self_attention_layers.6.self_attn.out_proj.{bias, weight}
sem_seg_head.predictor.transformer_self_attention_layers.6.self_attn.{in_proj_bias, in_proj_weight}
sem_seg_head.predictor.transformer_self_attention_layers.7.norm.{bias, weight}
sem_seg_head.predictor.transformer_self_attention_layers.7.self_attn.out_proj.{bias, weight}
sem_seg_head.predictor.transformer_self_attention_layers.7.self_attn.{in_proj_bias, in_proj_weight}
sem_seg_head.predictor.transformer_self_attention_layers.8.norm.{bias, weight}
sem_seg_head.predictor.transformer_self_attention_layers.8.self_attn.out_proj.{bias, weight}
sem_seg_head.predictor.transformer_self_attention_layers.8.self_attn.{in_proj_bias, in_proj_weight}
WARNING [02/28 06:21:37 fvcore.common.checkpoint]: The checkpoint state_dict contains keys that are not used by the model:
  stem.fc.{bias, weight}
[02/28 06:21:37 d2.engine.train_loop]: Starting training from iteration 0
[02/28 06:21:37 mask2former.data.dataset_mappers.mask_former_semantic_dataset_mapper]: output dataset_dict: {'file_name': '/cpfs01/projects-HDD/pujianxiangmuzu_HDD/public/mr/./leftImg8bit_trainvaltest/leftImg8bit/train/bremen/bremen_000114_000019_leftImg8bit.png', 'width': 2048, 'height': 1024, 'image': tensor([[[246, 248, 251,  ...,  21,  21,  23],
         [248, 250, 250,  ...,  21,  21,  21],
         [252, 252, 251,  ...,  24,  24,  22],
         ...,
         [ 63,  62,  63,  ...,  55,  54,  56],
         [ 62,  63,  63,  ...,  54,  55,  57],
         [ 63,  63,  61,  ...,  55,  56,  58]],

        [[255, 255, 255,  ...,  28,  28,  28],
         [255, 255, 255,  ...,  28,  28,  27],
         [255, 255, 255,  ...,  29,  28,  26],
         ...,
         [ 72,  71,  71,  ...,  69,  69,  71],
         [ 72,  71,  71,  ...,  68,  69,  70],
         [ 72,  70,  69,  ...,  69,  69,  70]],

        [[249, 251, 252,  ...,  18,  18,  18],
         [251, 252, 252,  ...,  18,  18,  18],
         [253, 253, 252,  ...,  21,  19,  18],
         ...,
         [ 59,  59,  59,  ...,  53,  53,  54],
         [ 59,  59,  59,  ...,  53,  53,  54],
         [ 59,  59,  57,  ...,  53,  54,  54]]], dtype=torch.uint8), 'sem_seg': tensor([[10, 10, 10,  ...,  8,  8,  8],
        [10, 10, 10,  ...,  8,  8,  8],
        [10, 10, 10,  ...,  8,  8,  8],
        ...,
        [ 0,  0,  0,  ...,  0,  0,  0],
        [ 0,  0,  0,  ...,  0,  0,  0],
        [ 0,  0,  0,  ...,  0,  0,  0]]), 'instances': Instances(num_instances=27, image_height=768, image_width=768, fields=[gt_classes: tensor([ 0,  1,  2,  3,  5,  8,  9, 10, 13, 18,  0,  2,  8, 10, 13,  2,  8, 13,
         0,  0,  0,  8, 13,  8,  8,  8,  8]), gt_masks: tensor([[[False, False, False,  ..., False, False, False],
         [False, False, False,  ..., False, False, False],
         [False, False, False,  ..., False, False, False],
         ...,
         [False, False, False,  ..., False, False, False],
         [False, False, False,  ..., False, False, False],
         [False, False, False,  ..., False, False, False]],

        [[False, False, False,  ..., False, False, False],
         [False, False, False,  ..., False, False, False],
         [False, False, False,  ..., False, False, False],
         ...,
         [False, False, False,  ..., False, False, False],
         [False, False, False,  ..., False, False, False],
         [False, False, False,  ..., False, False, False]],

        [[False, False, False,  ..., False, False, False],
         [False, False, False,  ..., False, False, False],
         [False, False, False,  ..., False, False, False],
         ...,
         [False, False, False,  ..., False, False, False],
         [False, False, False,  ..., False, False, False],
         [False, False, False,  ..., False, False, False]],

        ...,

        [[False, False, False,  ..., False, False, False],
         [False, False, False,  ..., False, False, False],
         [False, False, False,  ..., False, False, False],
         ...,
         [False, False, False,  ..., False, False, False],
         [False, False, False,  ..., False, False, False],
         [False, False, False,  ..., False, False, False]],

        [[False, False, False,  ..., False, False, False],
         [False, False, False,  ..., False, False, False],
         [False, False, False,  ..., False, False, False],
         ...,
         [False, False, False,  ..., False, False, False],
         [False, False, False,  ..., False, False, False],
         [False, False, False,  ..., False, False, False]],

        [[False, False, False,  ..., False, False, False],
         [False, False, False,  ..., False, False, False],
         [False, False, False,  ..., False, False, False],
         ...,
         [False, False, False,  ..., False, False, False],
         [False, False, False,  ..., False, False, False],
         [False, False, False,  ..., False, False, False]]])])}
[02/28 06:21:37 mask2former.data.dataset_mappers.mask_former_semantic_dataset_mapper]: None
[02/28 06:21:37 mask2former.data.dataset_mappers.mask_former_semantic_dataset_mapper]: output dataset_dict: {'file_name': '/cpfs01/projects-HDD/pujianxiangmuzu_HDD/public/mr/./leftImg8bit_trainvaltest/leftImg8bit/train/bremen/bremen_000223_000019_leftImg8bit.png', 'width': 2048, 'height': 1024, 'image': tensor([[[239, 237, 236,  ..., 100,  99,  98],
         [236, 236, 237,  ..., 101, 100,  98],
         [234, 233, 234,  ..., 100,  99,  98],
         ...,
         [ 57,  58,  58,  ...,  53,  53,  50],
         [ 56,  55,  57,  ...,  55,  54,  52],
         [ 58,  58,  58,  ...,  55,  55,  54]],

        [[255, 255, 255,  ...,  90,  89,  87],
         [255, 255, 255,  ...,  90,  91,  87],
         [255, 255, 255,  ...,  89,  90,  87],
         ...,
         [ 69,  69,  68,  ...,  65,  65,  63],
         [ 68,  68,  69,  ...,  66,  66,  64],
         [ 69,  69,  69,  ...,  67,  67,  66]],

        [[239, 237, 237,  ...,  69,  69,  68],
         [237, 240, 240,  ...,  70,  72,  69],
         [235, 235, 238,  ...,  69,  71,  69],
         ...,
         [ 51,  53,  53,  ...,  48,  48,  46],
         [ 52,  52,  53,  ...,  49,  49,  47],
         [ 53,  53,  53,  ...,  49,  50,  49]]], dtype=torch.uint8), 'sem_seg': tensor([[10, 10, 10,  ...,  2,  2,  2],
        [10, 10, 10,  ...,  2,  2,  2],
        [10, 10, 10,  ...,  2,  2,  2],
        ...,
        [ 0,  0,  0,  ...,  0,  0,  0],
        [ 0,  0,  0,  ...,  0,  0,  0],
        [ 0,  0,  0,  ...,  0,  0,  0]]), 'instances': Instances(num_instances=37, image_height=768, image_width=768, fields=[gt_classes: tensor([ 0,  1,  2,  4,  5,  6,  7,  8,  9, 10, 11, 12, 13, 18,  0,  2, 10,  0,
         2, 10,  8, 13,  8,  2, 13,  2, 13,  2,  2,  2,  2, 13,  2,  2,  2,  2,
         2]), gt_masks: tensor([[[False, False, False,  ..., False, False, False],
         [False, False, False,  ..., False, False, False],
         [False, False, False,  ..., False, False, False],
         ...,
         [False, False, False,  ..., False, False, False],
         [False, False, False,  ..., False, False, False],
         [False, False, False,  ..., False, False, False]],

        [[False, False, False,  ..., False, False, False],
         [False, False, False,  ..., False, False, False],
         [False, False, False,  ..., False, False, False],
         ...,
         [False, False, False,  ..., False, False, False],
         [False, False, False,  ..., False, False, False],
         [False, False, False,  ..., False, False, False]],

        [[False, False, False,  ..., False, False, False],
         [False, False, False,  ..., False, False, False],
         [False, False, False,  ..., False, False, False],
         ...,
         [False, False, False,  ..., False, False, False],
         [False, False, False,  ..., False, False, False],
         [False, False, False,  ..., False, False, False]],

        ...,

        [[False, False, False,  ..., False, False, False],
         [False, False, False,  ..., False, False, False],
         [False, False, False,  ..., False, False, False],
         ...,
         [False, False, False,  ..., False, False, False],
         [False, False, False,  ..., False, False, False],
         [False, False, False,  ..., False, False, False]],

        [[False, False, False,  ..., False, False, False],
         [False, False, False,  ..., False, False, False],
         [False, False, False,  ..., False, False, False],
         ...,
         [False, False, False,  ..., False, False, False],
         [False, False, False,  ..., False, False, False],
         [False, False, False,  ..., False, False, False]],

        [[False, False, False,  ..., False, False, False],
         [False, False, False,  ..., False, False, False],
         [False, False, False,  ..., False, False, False],
         ...,
         [False, False, False,  ..., False, False, False],
         [False, False, False,  ..., False, False, False],
         [False, False, False,  ..., False, False, False]]])])}
[02/28 06:21:37 mask2former.data.dataset_mappers.mask_former_semantic_dataset_mapper]: None
[02/28 06:21:37 mask2former.data.dataset_mappers.mask_former_semantic_dataset_mapper]: output dataset_dict: {'file_name': '/cpfs01/projects-HDD/pujianxiangmuzu_HDD/public/mr/./leftImg8bit_trainvaltest/leftImg8bit/train/strasbourg/strasbourg_000001_039703_leftImg8bit.png', 'width': 2048, 'height': 1024, 'image': tensor([[[ 97,  95,  92,  ...,  24,  23,  23],
         [ 96,  92,  88,  ...,  23,  21,  20],
         [ 92,  88,  83,  ...,  20,  21,  21],
         ...,
         [107, 104, 104,  ..., 210, 209, 210],
         [107, 107, 107,  ..., 209, 209, 206],
         [112, 114, 114,  ..., 205, 205, 206]],

        [[114, 112, 110,  ...,  29,  26,  26],
         [111, 110, 106,  ...,  28,  25,  26],
         [106, 104, 101,  ...,  26,  25,  25],
         ...,
         [115, 114, 114,  ..., 217, 217, 217],
         [115, 115, 115,  ..., 217, 215, 215],
         [121, 121, 123,  ..., 214, 214, 217]],

        [[101, 100,  96,  ...,  24,  23,  23],
         [100,  97,  93,  ...,  23,  23,  23],
         [ 95,  93,  88,  ...,  23,  21,  23],
         ...,
         [104, 102, 101,  ..., 188, 188, 188],
         [104, 104, 104,  ..., 188, 187, 187],
         [106, 106, 105,  ..., 184, 187, 188]]], dtype=torch.uint8), 'sem_seg': tensor([[  2,   2,   2,  ...,   8,   8,   8],
        [  2,   2,   2,  ...,   8,   8,   8],
        [  2,   2,   2,  ...,   8,   8,   8],
        ...,
        [255, 255, 255,  ...,   0,   0,   0],
        [255, 255, 255,  ...,   0,   0,   0],
        [255, 255, 255,  ...,   0,   0,   0]]), 'instances': Instances(num_instances=33, image_height=768, image_width=768, fields=[gt_classes: tensor([ 0,  1,  2,  5,  6,  7,  8, 11, 13,  0,  2, 13,  0, 13,  2, 13, 13,  0,
        13,  2, 13, 13, 13, 13, 13,  8, 13, 13,  8,  8,  8,  8,  8]), gt_masks: tensor([[[False, False, False,  ..., False, False, False],
         [False, False, False,  ..., False, False, False],
         [False, False, False,  ..., False, False, False],
         ...,
         [False, False, False,  ..., False, False, False],
         [False, False, False,  ..., False, False, False],
         [False, False, False,  ..., False, False, False]],

        [[False, False, False,  ..., False, False, False],
         [False, False, False,  ..., False, False, False],
         [False, False, False,  ..., False, False, False],
         ...,
         [False, False, False,  ..., False, False, False],
         [False, False, False,  ..., False, False, False],
         [False, False, False,  ..., False, False, False]],

        [[False, False, False,  ..., False, False, False],
         [False, False, False,  ..., False, False, False],
         [False, False, False,  ..., False, False, False],
         ...,
         [False, False, False,  ..., False, False, False],
         [False, False, False,  ..., False, False, False],
         [False, False, False,  ..., False, False, False]],

        ...,

        [[False, False, False,  ..., False, False, False],
         [False, False, False,  ..., False, False, False],
         [False, False, False,  ..., False, False, False],
         ...,
         [False, False, False,  ..., False, False, False],
         [False, False, False,  ..., False, False, False],
         [False, False, False,  ..., False, False, False]],

        [[False, False, False,  ..., False, False, False],
         [False, False, False,  ..., False, False, False],
         [False, False, False,  ..., False, False, False],
         ...,
         [False, False, False,  ..., False, False, False],
         [False, False, False,  ..., False, False, False],
         [False, False, False,  ..., False, False, False]],

        [[False, False, False,  ..., False, False, False],
         [False, False, False,  ..., False, False, False],
         [False, False, False,  ..., False, False, False],
         ...,
         [False, False, False,  ..., False, False, False],
         [False, False, False,  ..., False, False, False],
         [False, False, False,  ..., False, False, False]]])])}
[02/28 06:21:37 mask2former.data.dataset_mappers.mask_former_semantic_dataset_mapper]: None
[02/28 06:21:37 mask2former.data.dataset_mappers.mask_former_semantic_dataset_mapper]: output dataset_dict: {'file_name': '/cpfs01/projects-HDD/pujianxiangmuzu_HDD/public/mr/./leftImg8bit_trainvaltest/leftImg8bit/train/stuttgart/stuttgart_000150_000019_leftImg8bit.png', 'width': 2048, 'height': 1024, 'image': tensor([[[ 57,  60,  63,  ...,  44,  39,  36],
         [ 69,  67,  65,  ...,  43,  39,  35],
         [ 75,  71,  70,  ...,  43,  37,  35],
         ...,
         [ 55,  55,  56,  ...,  88,  88,  88],
         [ 51,  51,  51,  ...,  88,  88,  88],
         [ 50,  49,  49,  ...,  88,  88,  88]],

        [[ 79,  80,  81,  ...,  52,  45,  42],
         [ 86,  83,  82,  ...,  50,  44,  40],
         [ 92,  89,  89,  ...,  50,  43,  40],
         ...,
         [ 65,  66,  66,  ..., 106, 106, 106],
         [ 60,  61,  61,  ..., 106, 106, 106],
         [ 58,  59,  59,  ..., 107, 106, 106]],

        [[ 77,  78,  75,  ...,  51,  48,  46],
         [ 82,  77,  74,  ...,  51,  47,  45],
         [ 85,  81,  78,  ...,  51,  47,  45],
         ...,
         [ 61,  62,  62,  ..., 108, 108, 107],
         [ 57,  57,  57,  ..., 108, 108, 108],
         [ 54,  55,  55,  ..., 108, 108, 108]]], dtype=torch.uint8), 'sem_seg': tensor([[ 2,  2,  2,  ...,  2,  2,  2],
        [ 2,  2,  2,  ...,  2,  2,  2],
        [ 2,  2,  2,  ...,  2,  2,  2],
        ...,
        [13, 13, 13,  ..., 13, 13, 13],
        [13, 13, 13,  ..., 13, 13, 13],
        [13, 13, 13,  ..., 13, 13, 13]]), 'instances': Instances(num_instances=24, image_height=768, image_width=768, fields=[gt_classes: tensor([ 1,  2, 11, 13, 11, 13, 13,  2, 13, 13, 13, 13, 13, 13, 13,  2, 13,  2,
        13, 13, 13,  2, 13, 13]), gt_masks: tensor([[[False, False, False,  ..., False, False, False],
         [False, False, False,  ..., False, False, False],
         [False, False, False,  ..., False, False, False],
         ...,
         [False, False, False,  ..., False, False, False],
         [False, False, False,  ..., False, False, False],
         [False, False, False,  ..., False, False, False]],

        [[False, False, False,  ..., False, False, False],
         [False, False, False,  ..., False, False, False],
         [False, False, False,  ..., False, False, False],
         ...,
         [False, False, False,  ..., False, False, False],
         [False, False, False,  ..., False, False, False],
         [False, False, False,  ..., False, False, False]],

        [[False, False, False,  ..., False, False, False],
         [False, False, False,  ..., False, False, False],
         [False, False, False,  ..., False, False, False],
         ...,
         [False, False, False,  ..., False, False, False],
         [False, False, False,  ..., False, False, False],
         [False, False, False,  ..., False, False, False]],

        ...,

        [[False, False, False,  ..., False, False, False],
         [False, False, False,  ..., False, False, False],
         [False, False, False,  ..., False, False, False],
         ...,
         [False, False, False,  ..., False, False, False],
         [False, False, False,  ..., False, False, False],
         [False, False, False,  ..., False, False, False]],

        [[False, False, False,  ..., False, False, False],
         [False, False, False,  ..., False, False, False],
         [False, False, False,  ..., False, False, False],
         ...,
         [False, False, False,  ..., False, False, False],
         [False, False, False,  ..., False, False, False],
         [False, False, False,  ..., False, False, False]],

        [[False, False, False,  ..., False, False, False],
         [False, False, False,  ..., False, False, False],
         [False, False, False,  ..., False, False, False],
         ...,
         [False, False, False,  ..., False, False, False],
         [False, False, False,  ..., False, False, False],
         [False, False, False,  ..., False, False, False]]])])}
[02/28 06:21:37 mask2former.data.dataset_mappers.mask_former_semantic_dataset_mapper]: None
[02/28 06:21:37 mask2former.data.dataset_mappers.mask_former_semantic_dataset_mapper]: output dataset_dict: {'file_name': '/cpfs01/projects-HDD/pujianxiangmuzu_HDD/public/mr/./leftImg8bit_trainvaltest/leftImg8bit/train/hamburg/hamburg_000000_085645_leftImg8bit.png', 'width': 2048, 'height': 1024, 'image': tensor([[[ 91,  91,  97,  ..., 146, 148, 150],
         [ 88,  89,  94,  ..., 147, 148, 147],
         [ 91,  92,  99,  ..., 148, 148, 148],
         ...,
         [ 78,  77,  76,  ...,  82,  82,  85],
         [ 78,  77,  76,  ...,  84,  84,  89],
         [ 79,  78,  77,  ...,  83,  85,  91]],

        [[101, 105, 112,  ..., 154, 155, 155],
         [ 90,  92,  98,  ..., 156, 155, 152],
         [ 86,  85,  90,  ..., 156, 156, 153],
         ...,
         [ 86,  84,  83,  ...,  88,  88,  91],
         [ 86,  84,  83,  ...,  90,  90,  95],
         [ 85,  84,  84,  ...,  90,  91,  98]],

        [[ 70,  77,  86,  ..., 133, 132, 130],
         [ 66,  69,  73,  ..., 134, 132, 127],
         [ 67,  67,  72,  ..., 133, 132, 128],
         ...,
         [ 76,  74,  72,  ...,  75,  76,  80],
         [ 76,  74,  72,  ...,  77,  78,  84],
         [ 76,  74,  73,  ...,  77,  79,  86]]], dtype=torch.uint8), 'sem_seg': tensor([[2, 2, 2,  ..., 8, 8, 8],
        [2, 2, 2,  ..., 8, 8, 8],
        [2, 2, 2,  ..., 8, 8, 8],
        ...,
        [0, 0, 0,  ..., 0, 0, 0],
        [0, 0, 0,  ..., 0, 0, 0],
        [0, 0, 0,  ..., 0, 0, 0]]), 'instances': Instances(num_instances=25, image_height=768, image_width=768, fields=[gt_classes: tensor([ 0,  1,  2,  5,  6,  7,  8, 11, 12, 13, 17, 18,  0,  1,  8, 11, 18,  0,
         1,  8, 11, 18,  0,  8, 18]), gt_masks: tensor([[[False, False, False,  ..., False, False, False],
         [False, False, False,  ..., False, False, False],
         [False, False, False,  ..., False, False, False],
         ...,
         [False, False, False,  ...,  True, False, False],
         [False, False, False,  ...,  True,  True,  True],
         [False, False, False,  ...,  True,  True,  True]],

        [[False, False, False,  ..., False, False, False],
         [False, False, False,  ..., False, False, False],
         [False, False, False,  ..., False, False, False],
         ...,
         [False, False, False,  ..., False, False, False],
         [False, False, False,  ..., False, False, False],
         [False, False, False,  ..., False, False, False]],

        [[ True,  True,  True,  ..., False, False, False],
         [ True,  True,  True,  ..., False, False, False],
         [ True,  True,  True,  ..., False, False, False],
         ...,
         [False, False, False,  ..., False, False, False],
         [False, False, False,  ..., False, False, False],
         [False, False, False,  ..., False, False, False]],

        ...,

        [[False, False, False,  ..., False, False, False],
         [False, False, False,  ..., False, False, False],
         [False, False, False,  ..., False, False, False],
         ...,
         [False, False, False,  ..., False, False, False],
         [False, False, False,  ..., False, False, False],
         [False, False, False,  ..., False, False, False]],

        [[False, False, False,  ...,  True,  True,  True],
         [False, False, False,  ...,  True,  True,  True],
         [False, False, False,  ...,  True,  True,  True],
         ...,
         [False, False, False,  ..., False, False, False],
         [False, False, False,  ..., False, False, False],
         [False, False, False,  ..., False, False, False]],

        [[False, False, False,  ..., False, False, False],
         [False, False, False,  ..., False, False, False],
         [False, False, False,  ..., False, False, False],
         ...,
         [False, False, False,  ..., False, False, False],
         [False, False, False,  ..., False, False, False],
         [False, False, False,  ..., False, False, False]]])])}
[02/28 06:21:37 mask2former.data.dataset_mappers.mask_former_semantic_dataset_mapper]: None
[02/28 06:21:37 mask2former.data.dataset_mappers.mask_former_semantic_dataset_mapper]: output dataset_dict: {'file_name': '/cpfs01/projects-HDD/pujianxiangmuzu_HDD/public/mr/./leftImg8bit_trainvaltest/leftImg8bit/train/aachen/aachen_000018_000019_leftImg8bit.png', 'width': 2048, 'height': 1024, 'image': tensor([[[ 29,  27,  29,  ..., 255, 255, 255],
         [ 31,  27,  29,  ..., 255, 255, 255],
         [ 29,  27,  28,  ..., 255, 255, 255],
         ...,
         [ 26,  27,  24,  ...,  39,  38,  37],
         [ 24,  24,  23,  ...,  37,  37,  36],
         [ 23,  23,  23,  ...,  36,  37,  37]],

        [[ 43,  42,  43,  ..., 255, 255, 255],
         [ 44,  42,  43,  ..., 255, 255, 255],
         [ 44,  41,  42,  ..., 255, 255, 255],
         ...,
         [ 39,  39,  37,  ...,  52,  51,  49],
         [ 37,  37,  36,  ...,  49,  49,  49],
         [ 37,  36,  36,  ...,  48,  49,  49]],

        [[ 34,  34,  34,  ..., 255, 255, 255],
         [ 34,  34,  36,  ..., 255, 255, 255],
         [ 33,  32,  34,  ..., 255, 255, 255],
         ...,
         [ 29,  31,  29,  ...,  43,  43,  43],
         [ 27,  28,  27,  ...,  41,  41,  42],
         [ 27,  24,  27,  ...,  39,  41,  42]]], dtype=torch.uint8), 'sem_seg': tensor([[  2,   2,   2,  ...,  10,  10,  10],
        [  2,   2,   2,  ...,  10,  10,  10],
        [  2,   2,   2,  ...,  10,  10,  10],
        ...,
        [  0,   0,   0,  ..., 255, 255, 255],
        [  0,   0,   0,  ..., 255, 255, 255],
        [  0,   0,   0,  ..., 255, 255, 255]]), 'instances': Instances(num_instances=40, image_height=768, image_width=768, fields=[gt_classes: tensor([ 0,  1,  2,  5,  7,  8, 10, 11, 12, 13, 18,  0,  1,  2,  5, 10, 12, 13,
         1,  2, 10,  1, 10,  1, 10,  2,  2,  2,  2,  2, 11,  2,  2,  2,  2,  2,
         2,  2,  2,  2]), gt_masks: tensor([[[False, False, False,  ..., False, False, False],
         [False, False, False,  ..., False, False, False],
         [False, False, False,  ..., False, False, False],
         ...,
         [False, False, False,  ..., False, False, False],
         [False, False, False,  ..., False, False, False],
         [False, False, False,  ..., False, False, False]],

        [[False, False, False,  ..., False, False, False],
         [False, False, False,  ..., False, False, False],
         [False, False, False,  ..., False, False, False],
         ...,
         [False, False, False,  ..., False, False, False],
         [False, False, False,  ..., False, False, False],
         [False, False, False,  ..., False, False, False]],

        [[False, False, False,  ..., False, False, False],
         [False, False, False,  ..., False, False, False],
         [False, False, False,  ..., False, False, False],
         ...,
         [False, False, False,  ..., False, False, False],
         [False, False, False,  ..., False, False, False],
         [False, False, False,  ..., False, False, False]],

        ...,

        [[False, False, False,  ..., False, False, False],
         [False, False, False,  ..., False, False, False],
         [False, False, False,  ..., False, False, False],
         ...,
         [False, False, False,  ..., False, False, False],
         [False, False, False,  ..., False, False, False],
         [False, False, False,  ..., False, False, False]],

        [[False, False, False,  ..., False, False, False],
         [False, False, False,  ..., False, False, False],
         [False, False, False,  ..., False, False, False],
         ...,
         [False, False, False,  ..., False, False, False],
         [False, False, False,  ..., False, False, False],
         [False, False, False,  ..., False, False, False]],

        [[False, False, False,  ..., False, False, False],
         [False, False, False,  ..., False, False, False],
         [False, False, False,  ..., False, False, False],
         ...,
         [False, False, False,  ..., False, False, False],
         [False, False, False,  ..., False, False, False],
         [False, False, False,  ..., False, False, False]]])])}
[02/28 06:21:37 mask2former.data.dataset_mappers.mask_former_semantic_dataset_mapper]: None
[02/28 06:21:37 mask2former.data.dataset_mappers.mask_former_semantic_dataset_mapper]: output dataset_dict: {'file_name': '/cpfs01/projects-HDD/pujianxiangmuzu_HDD/public/mr/./leftImg8bit_trainvaltest/leftImg8bit/train/strasbourg/strasbourg_000001_056142_leftImg8bit.png', 'width': 2048, 'height': 1024, 'image': tensor([[[202, 207, 165,  ..., 255, 255, 255],
         [201, 204, 166,  ..., 255, 255, 255],
         [199, 201, 166,  ..., 255, 255, 255],
         ...,
         [104, 102, 104,  ...,  92,  91,  94],
         [104, 102, 104,  ...,  92,  91,  94],
         [104, 102, 104,  ...,  92,  89,  94]],

        [[182, 179, 192,  ..., 255, 255, 255],
         [185, 181, 189,  ..., 255, 255, 255],
         [186, 181, 188,  ..., 255, 255, 255],
         ...,
         [114, 111, 113,  ..., 101, 101, 102],
         [114, 111, 113,  ..., 101, 101, 102],
         [114, 111, 113,  ..., 101, 101, 102]],

        [[162, 156, 172,  ..., 255, 255, 255],
         [163, 157, 170,  ..., 255, 255, 255],
         [165, 157, 168,  ..., 255, 255, 255],
         ...,
         [102, 101, 101,  ...,  91,  92,  95],
         [102, 101, 101,  ...,  91,  92,  95],
         [102, 101, 101,  ...,  91,  92,  95]]], dtype=torch.uint8), 'sem_seg': tensor([[255, 255, 255,  ..., 255, 255, 255],
        [255, 255, 255,  ..., 255, 255, 255],
        [255, 255, 255,  ..., 255, 255, 255],
        ...,
        [255, 255, 255,  ..., 255, 255, 255],
        [255, 255, 255,  ..., 255, 255, 255],
        [255, 255, 255,  ..., 255, 255, 255]]), 'instances': Instances(num_instances=48, image_height=716, image_width=768, fields=[gt_classes: tensor([ 0,  1,  2,  3,  4,  5,  7,  8, 10, 11, 12, 13, 16, 18,  0,  1,  2,  4,
         5,  7,  8, 10, 11,  0,  1,  2,  5,  7,  8, 10, 11,  1,  4,  5, 11,  8,
         8,  8,  0,  8,  0,  8,  8,  2,  8,  2,  8,  2]), gt_masks: tensor([[[False, False, False,  ..., False, False, False],
         [False, False, False,  ..., False, False, False],
         [False, False, False,  ..., False, False, False],
         ...,
         [False, False, False,  ..., False, False, False],
         [False, False, False,  ..., False, False, False],
         [False, False, False,  ..., False, False, False]],

        [[False, False, False,  ..., False, False, False],
         [False, False, False,  ..., False, False, False],
         [False, False, False,  ..., False, False, False],
         ...,
         [False, False, False,  ..., False, False, False],
         [False, False, False,  ..., False, False, False],
         [False, False, False,  ..., False, False, False]],

        [[False, False, False,  ..., False, False, False],
         [False, False, False,  ..., False, False, False],
         [False, False, False,  ..., False, False, False],
         ...,
         [False, False, False,  ..., False, False, False],
         [False, False, False,  ..., False, False, False],
         [False, False, False,  ..., False, False, False]],

        ...,

        [[False, False, False,  ..., False, False, False],
         [False, False, False,  ..., False, False, False],
         [False, False, False,  ..., False, False, False],
         ...,
         [False, False, False,  ..., False, False, False],
         [False, False, False,  ..., False, False, False],
         [False, False, False,  ..., False, False, False]],

        [[False, False, False,  ..., False, False, False],
         [False, False, False,  ..., False, False, False],
         [False, False, False,  ..., False, False, False],
         ...,
         [False, False, False,  ..., False, False, False],
         [False, False, False,  ..., False, False, False],
         [False, False, False,  ..., False, False, False]],

        [[False, False, False,  ..., False, False, False],
         [False, False, False,  ..., False, False, False],
         [False, False, False,  ..., False, False, False],
         ...,
         [False, False, False,  ..., False, False, False],
         [False, False, False,  ..., False, False, False],
         [False, False, False,  ..., False, False, False]]])])}
[02/28 06:21:37 mask2former.data.dataset_mappers.mask_former_semantic_dataset_mapper]: None
[02/28 06:21:38 mask2former.data.dataset_mappers.mask_former_semantic_dataset_mapper]: output dataset_dict: {'file_name': '/cpfs01/projects-HDD/pujianxiangmuzu_HDD/public/mr/./leftImg8bit_trainvaltest/leftImg8bit/train/dusseldorf/dusseldorf_000045_000019_leftImg8bit.png', 'width': 2048, 'height': 1024, 'image': tensor([[[ 75,  76,  76,  ...,  46,  46,  47],
         [ 76,  76,  76,  ...,  46,  46,  47],
         [ 77,  76,  76,  ...,  45,  45,  45],
         ...,
         [128, 125, 124,  ...,  50,  50,  51],
         [ 95,  93,  92,  ...,  50,  50,  51],
         [ 73,  72,  72,  ...,  51,  51,  52]],

        [[ 92,  94,  95,  ...,  56,  58,  61],
         [ 94,  96,  96,  ...,  56,  58,  61],
         [ 97,  97,  97,  ...,  56,  57,  60],
         ...,
         [143, 142, 142,  ...,  62,  62,  63],
         [107, 107, 107,  ...,  62,  62,  63],
         [ 84,  83,  83,  ...,  65,  65,  65]],

        [[ 67,  68,  69,  ...,  50,  51,  54],
         [ 68,  70,  71,  ...,  50,  51,  53],
         [ 71,  72,  72,  ...,  49,  50,  52],
         ...,
         [134, 134, 134,  ...,  56,  56,  56],
         [ 98,  99,  99,  ...,  56,  56,  56],
         [ 78,  79,  79,  ...,  56,  57,  57]]], dtype=torch.uint8), 'sem_seg': tensor([[ 8,  8,  8,  ...,  8,  8,  8],
        [ 8,  8,  8,  ...,  8,  8,  8],
        [ 8,  8,  8,  ...,  8,  8,  8],
        ...,
        [13, 13, 13,  ..., 18, 18, 18],
        [13, 13, 13,  ..., 18, 18, 18],
        [13, 13, 13,  ..., 18, 18, 18]]), 'instances': Instances(num_instances=18, image_height=768, image_width=768, fields=[gt_classes: tensor([ 4,  5,  6,  8, 11, 13, 18,  8,  8,  8, 13,  8, 13, 13,  8, 13,  8, 13]), gt_masks: tensor([[[False, False, False,  ..., False, False, False],
         [False, False, False,  ..., False, False, False],
         [False, False, False,  ..., False, False, False],
         ...,
         [False, False, False,  ..., False, False, False],
         [False, False, False,  ..., False, False, False],
         [False, False, False,  ..., False, False, False]],

        [[False, False, False,  ..., False, False, False],
         [False, False, False,  ..., False, False, False],
         [False, False, False,  ..., False, False, False],
         ...,
         [False, False, False,  ..., False, False, False],
         [False, False, False,  ..., False, False, False],
         [False, False, False,  ..., False, False, False]],

        [[False, False, False,  ..., False, False, False],
         [False, False, False,  ..., False, False, False],
         [False, False, False,  ..., False, False, False],
         ...,
         [False, False, False,  ..., False, False, False],
         [False, False, False,  ..., False, False, False],
         [False, False, False,  ..., False, False, False]],

        ...,

        [[False, False, False,  ..., False, False, False],
         [False, False, False,  ..., False, False, False],
         [False, False, False,  ..., False, False, False],
         ...,
         [False, False, False,  ..., False, False, False],
         [False, False, False,  ..., False, False, False],
         [False, False, False,  ..., False, False, False]],

        [[False, False, False,  ..., False, False, False],
         [False, False, False,  ..., False, False, False],
         [False, False, False,  ..., False, False, False],
         ...,
         [False, False, False,  ..., False, False, False],
         [False, False, False,  ..., False, False, False],
         [False, False, False,  ..., False, False, False]],

        [[False, False, False,  ..., False, False, False],
         [False, False, False,  ..., False, False, False],
         [False, False, False,  ..., False, False, False],
         ...,
         [False, False, False,  ..., False, False, False],
         [False, False, False,  ..., False, False, False],
         [False, False, False,  ..., False, False, False]]])])}
[02/28 06:21:38 mask2former.data.dataset_mappers.mask_former_semantic_dataset_mapper]: None
[02/28 06:21:38 mask2former.data.dataset_mappers.mask_former_semantic_dataset_mapper]: output dataset_dict: {'file_name': '/cpfs01/projects-HDD/pujianxiangmuzu_HDD/public/mr/./leftImg8bit_trainvaltest/leftImg8bit/train/bremen/bremen_000234_000019_leftImg8bit.png', 'width': 2048, 'height': 1024, 'image': tensor([[[41, 41, 44,  ..., 74, 74, 76],
         [43, 43, 47,  ..., 76, 76, 77],
         [46, 46, 47,  ..., 76, 76, 77],
         ...,
         [38, 38, 38,  ..., 50, 50, 49],
         [37, 37, 36,  ..., 51, 51, 50],
         [37, 37, 36,  ..., 51, 51, 50]],

        [[57, 56, 57,  ..., 89, 89, 90],
         [57, 57, 57,  ..., 89, 89, 90],
         [57, 57, 57,  ..., 89, 89, 90],
         ...,
         [49, 49, 50,  ..., 63, 63, 63],
         [49, 49, 49,  ..., 63, 63, 63],
         [49, 49, 49,  ..., 63, 63, 63]],

        [[37, 38, 38,  ..., 73, 73, 73],
         [38, 38, 41,  ..., 73, 73, 73],
         [41, 41, 41,  ..., 73, 73, 73],
         ...,
         [34, 34, 34,  ..., 46, 46, 46],
         [31, 31, 31,  ..., 47, 47, 46],
         [31, 31, 31,  ..., 47, 47, 46]]], dtype=torch.uint8), 'sem_seg': tensor([[  0,   0,   0,  ...,   0,   0,   0],
        [  0,   0,   0,  ...,   0,   0,   0],
        [  0,   0,   0,  ...,   0,   0,   0],
        ...,
        [255, 255, 255,  ..., 255, 255, 255],
        [255, 255, 255,  ..., 255, 255, 255],
        [255, 255, 255,  ..., 255, 255, 255]]), 'instances': Instances(num_instances=2, image_height=768, image_width=768, fields=[gt_classes: tensor([0, 0]), gt_masks: tensor([[[False, False, False,  ..., False, False, False],
         [False, False, False,  ..., False, False, False],
         [False, False, False,  ..., False, False, False],
         ...,
         [False, False, False,  ..., False, False, False],
         [False, False, False,  ..., False, False, False],
         [False, False, False,  ..., False, False, False]],

        [[ True,  True,  True,  ...,  True,  True,  True],
         [ True,  True,  True,  ...,  True,  True,  True],
         [ True,  True,  True,  ...,  True,  True,  True],
         ...,
         [False, False, False,  ..., False, False, False],
         [False, False, False,  ..., False, False, False],
         [False, False, False,  ..., False, False, False]]])])}
[02/28 06:21:38 mask2former.data.dataset_mappers.mask_former_semantic_dataset_mapper]: None
[02/28 06:21:38 mask2former.data.dataset_mappers.mask_former_semantic_dataset_mapper]: output dataset_dict: {'file_name': '/cpfs01/projects-HDD/pujianxiangmuzu_HDD/public/mr/./leftImg8bit_trainvaltest/leftImg8bit/train/tubingen/tubingen_000046_000019_leftImg8bit.png', 'width': 2048, 'height': 1024, 'image': tensor([[[ 92,  95,  95,  ..., 224, 223, 222],
         [ 92,  95,  95,  ..., 224, 223, 222],
         [ 94,  95,  95,  ..., 225, 224, 223],
         ...,
         [ 25,  24,  26,  ...,  30,  29,  31],
         [ 24,  24,  24,  ...,  26,  26,  27],
         [ 27,  28,  30,  ...,  26,  26,  27]],

        [[114, 115, 116,  ..., 245, 241, 240],
         [115, 116, 115,  ..., 245, 242, 241],
         [116, 116, 116,  ..., 245, 242, 242],
         ...,
         [ 27,  27,  28,  ...,  33,  32,  34],
         [ 27,  27,  27,  ...,  30,  30,  31],
         [ 29,  30,  31,  ...,  30,  30,  31]],

        [[108, 109, 111,  ..., 239, 235, 234],
         [110, 111, 109,  ..., 239, 238, 235],
         [111, 111, 111,  ..., 239, 237, 235],
         ...,
         [ 22,  22,  24,  ...,  30,  28,  30],
         [ 22,  22,  22,  ...,  27,  26,  26],
         [ 26,  26,  26,  ...,  27,  26,  26]]], dtype=torch.uint8), 'sem_seg': tensor([[255, 255, 255,  ..., 255, 255, 255],
        [255, 255, 255,  ..., 255, 255, 255],
        [255, 255, 255,  ..., 255, 255, 255],
        ...,
        [255, 255, 255,  ..., 255, 255, 255],
        [255, 255, 255,  ..., 255, 255, 255],
        [255, 255, 255,  ..., 255, 255, 255]]), 'instances': Instances(num_instances=59, image_height=716, image_width=768, fields=[gt_classes: tensor([ 0,  1,  2,  5,  7,  8, 10, 12, 13, 18,  0,  1,  2,  8, 10, 13,  2,  8,
        10, 12, 13,  2,  8, 13,  1,  8,  1,  2,  8,  1,  2,  8,  2,  2,  8,  2,
         8,  1,  8,  2,  8,  2,  2,  2,  2,  2,  2,  2,  2,  2,  2,  2,  2,  2,
         2,  2,  2,  2,  2]), gt_masks: tensor([[[False, False, False,  ..., False, False, False],
         [False, False, False,  ..., False, False, False],
         [False, False, False,  ..., False, False, False],
         ...,
         [False, False, False,  ..., False, False, False],
         [False, False, False,  ..., False, False, False],
         [False, False, False,  ..., False, False, False]],

        [[False, False, False,  ..., False, False, False],
         [False, False, False,  ..., False, False, False],
         [False, False, False,  ..., False, False, False],
         ...,
         [False, False, False,  ..., False, False, False],
         [False, False, False,  ..., False, False, False],
         [False, False, False,  ..., False, False, False]],

        [[False, False, False,  ..., False, False, False],
         [False, False, False,  ..., False, False, False],
         [False, False, False,  ..., False, False, False],
         ...,
         [False, False, False,  ..., False, False, False],
         [False, False, False,  ..., False, False, False],
         [False, False, False,  ..., False, False, False]],

        ...,

        [[False, False, False,  ..., False, False, False],
         [False, False, False,  ..., False, False, False],
         [False, False, False,  ..., False, False, False],
         ...,
         [False, False, False,  ..., False, False, False],
         [False, False, False,  ..., False, False, False],
         [False, False, False,  ..., False, False, False]],

        [[False, False, False,  ..., False, False, False],
         [False, False, False,  ..., False, False, False],
         [False, False, False,  ..., False, False, False],
         ...,
         [False, False, False,  ..., False, False, False],
         [False, False, False,  ..., False, False, False],
         [False, False, False,  ..., False, False, False]],

        [[False, False, False,  ..., False, False, False],
         [False, False, False,  ..., False, False, False],
         [False, False, False,  ..., False, False, False],
         ...,
         [False, False, False,  ..., False, False, False],
         [False, False, False,  ..., False, False, False],
         [False, False, False,  ..., False, False, False]]])])}
[02/28 06:21:38 mask2former.data.dataset_mappers.mask_former_semantic_dataset_mapper]: None
[02/28 06:21:47 mask2former.data.dataset_mappers.mask_former_semantic_dataset_mapper]: output dataset_dict: {'file_name': '/cpfs01/projects-HDD/pujianxiangmuzu_HDD/public/mr/./leftImg8bit_trainvaltest/leftImg8bit/train/monchengladbach/monchengladbach_000000_030010_leftImg8bit.png', 'width': 2048, 'height': 1024, 'image': tensor([[[239, 239, 238,  ...,  32,  68,  97],
         [239, 240, 239,  ...,  35,  70,  95],
         [239, 238, 238,  ...,  39,  71,  94],
         ...,
         [ 63,  62,  64,  ...,  76,  71,  71],
         [ 63,  62,  64,  ...,  76,  71,  71],
         [ 63,  62,  64,  ...,  76,  71,  71]],

        [[250, 250, 250,  ...,  48,  65,  72],
         [250, 250, 250,  ...,  50,  67,  72],
         [249, 249, 249,  ...,  52,  68,  71],
         ...,
         [ 69,  68,  69,  ...,  81,  76,  76],
         [ 69,  68,  69,  ...,  81,  76,  76],
         [ 69,  68,  69,  ...,  80,  76,  76]],

        [[249, 248, 248,  ...,  37,  56,  62],
         [249, 249, 249,  ...,  39,  58,  62],
         [249, 248, 248,  ...,  42,  59,  61],
         ...,
         [ 61,  60,  61,  ...,  72,  67,  66],
         [ 61,  60,  61,  ...,  72,  67,  66],
         [ 61,  60,  61,  ...,  72,  67,  66]]], dtype=torch.uint8), 'sem_seg': tensor([[255, 255, 255,  ..., 255, 255, 255],
        [255, 255, 255,  ..., 255, 255, 255],
        [255, 255, 255,  ..., 255, 255, 255],
        ...,
        [255, 255, 255,  ..., 255, 255, 255],
        [255, 255, 255,  ..., 255, 255, 255],
        [255, 255, 255,  ..., 255, 255, 255]]), 'instances': Instances(num_instances=47, image_height=716, image_width=768, fields=[gt_classes: tensor([ 0,  1,  2,  5,  6,  7,  8, 10, 11, 12, 13, 18,  0,  1,  2,  8, 10,  0,
         1,  2,  8, 10,  0,  1,  2,  8,  2,  8,  0,  0,  0,  0,  0,  2,  0,  0,
         2,  2,  2,  2,  2,  2,  2,  2,  2,  2,  2]), gt_masks: tensor([[[False, False, False,  ..., False, False, False],
         [False, False, False,  ..., False, False, False],
         [False, False, False,  ..., False, False, False],
         ...,
         [False, False, False,  ..., False, False, False],
         [False, False, False,  ..., False, False, False],
         [False, False, False,  ..., False, False, False]],

        [[False, False, False,  ..., False, False, False],
         [False, False, False,  ..., False, False, False],
         [False, False, False,  ..., False, False, False],
         ...,
         [False, False, False,  ..., False, False, False],
         [False, False, False,  ..., False, False, False],
         [False, False, False,  ..., False, False, False]],

        [[False, False, False,  ..., False, False, False],
         [False, False, False,  ..., False, False, False],
         [False, False, False,  ..., False, False, False],
         ...,
         [False, False, False,  ..., False, False, False],
         [False, False, False,  ..., False, False, False],
         [False, False, False,  ..., False, False, False]],

        ...,

        [[False, False, False,  ..., False, False, False],
         [False, False, False,  ..., False, False, False],
         [False, False, False,  ..., False, False, False],
         ...,
         [False, False, False,  ..., False, False, False],
         [False, False, False,  ..., False, False, False],
         [False, False, False,  ..., False, False, False]],

        [[False, False, False,  ..., False, False, False],
         [False, False, False,  ..., False, False, False],
         [False, False, False,  ..., False, False, False],
         ...,
         [False, False, False,  ..., False, False, False],
         [False, False, False,  ..., False, False, False],
         [False, False, False,  ..., False, False, False]],

        [[False, False, False,  ..., False, False, False],
         [False, False, False,  ..., False, False, False],
         [False, False, False,  ..., False, False, False],
         ...,
         [False, False, False,  ..., False, False, False],
         [False, False, False,  ..., False, False, False],
         [False, False, False,  ..., False, False, False]]])])}
[02/28 06:21:47 mask2former.data.dataset_mappers.mask_former_semantic_dataset_mapper]: None
[02/28 06:21:47 mask2former.data.dataset_mappers.mask_former_semantic_dataset_mapper]: output dataset_dict: {'file_name': '/cpfs01/projects-HDD/pujianxiangmuzu_HDD/public/mr/./leftImg8bit_trainvaltest/leftImg8bit/train/monchengladbach/monchengladbach_000001_000168_leftImg8bit.png', 'width': 2048, 'height': 1024, 'image': tensor([[[ 39,  39,  41,  ...,  61,  62,  63],
         [ 39,  40,  43,  ...,  66,  65,  63],
         [ 40,  41,  42,  ...,  68,  66,  60],
         ...,
         [101,  93,  92,  ..., 110, 110, 110],
         [103,  95,  92,  ..., 108, 109, 111],
         [102,  97,  92,  ..., 108, 109, 111]],

        [[ 49,  49,  50,  ...,  71,  72,  72],
         [ 50,  51,  52,  ...,  73,  73,  71],
         [ 50,  51,  51,  ...,  74,  72,  69],
         ...,
         [111, 101,  99,  ..., 116, 118, 118],
         [113, 104, 100,  ..., 115, 117, 117],
         [111, 105, 100,  ..., 116, 117, 116]],

        [[ 35,  36,  38,  ...,  59,  61,  62],
         [ 35,  36,  37,  ...,  62,  63,  63],
         [ 35,  36,  36,  ...,  64,  64,  61],
         ...,
         [100,  90,  88,  ..., 106, 107, 106],
         [101,  92,  88,  ..., 103, 104, 104],
         [ 99,  93,  89,  ..., 101, 102, 101]]], dtype=torch.uint8), 'sem_seg': tensor([[  8,   8,   8,  ...,   2,   2,   2],
        [  8,   8,   8,  ...,   2,   2,   2],
        [  8,   8,   8,  ...,   2,   2,   2],
        ...,
        [255, 255,   0,  ...,   0,   0,   0],
        [255, 255,   0,  ...,   0,   0,   0],
        [255, 255, 255,  ...,   0,   0,   0]]), 'instances': Instances(num_instances=23, image_height=768, image_width=768, fields=[gt_classes: tensor([ 0,  1,  2,  5,  7,  8,  9, 10, 11, 13,  0,  2,  8,  9, 10,  2,  8,  9,
        10,  0,  8,  9,  8]), gt_masks: tensor([[[False, False, False,  ..., False, False, False],
         [False, False, False,  ..., False, False, False],
         [False, False, False,  ..., False, False, False],
         ...,
         [False, False,  True,  ...,  True,  True,  True],
         [False, False,  True,  ...,  True,  True,  True],
         [False, False, False,  ...,  True,  True,  True]],

        [[False, False, False,  ..., False, False, False],
         [False, False, False,  ..., False, False, False],
         [False, False, False,  ..., False, False, False],
         ...,
         [False, False, False,  ..., False, False, False],
         [False, False, False,  ..., False, False, False],
         [False, False, False,  ..., False, False, False]],

        [[False, False, False,  ..., False, False, False],
         [False, False, False,  ..., False, False, False],
         [False, False, False,  ..., False, False, False],
         ...,
         [False, False, False,  ..., False, False, False],
         [False, False, False,  ..., False, False, False],
         [False, False, False,  ..., False, False, False]],

        ...,

        [[ True,  True,  True,  ..., False, False, False],
         [ True,  True,  True,  ..., False, False, False],
         [ True,  True,  True,  ..., False, False, False],
         ...,
         [False, False, False,  ..., False, False, False],
         [False, False, False,  ..., False, False, False],
         [False, False, False,  ..., False, False, False]],

        [[False, False, False,  ..., False, False, False],
         [False, False, False,  ..., False, False, False],
         [False, False, False,  ..., False, False, False],
         ...,
         [False, False, False,  ..., False, False, False],
         [False, False, False,  ..., False, False, False],
         [False, False, False,  ..., False, False, False]],

        [[False, False, False,  ..., False, False, False],
         [False, False, False,  ..., False, False, False],
         [False, False, False,  ..., False, False, False],
         ...,
         [False, False, False,  ..., False, False, False],
         [False, False, False,  ..., False, False, False],
         [False, False, False,  ..., False, False, False]]])])}
[02/28 06:21:47 mask2former.data.dataset_mappers.mask_former_semantic_dataset_mapper]: None
[02/28 06:21:48 mask2former.data.dataset_mappers.mask_former_semantic_dataset_mapper]: output dataset_dict: {'file_name': '/cpfs01/projects-HDD/pujianxiangmuzu_HDD/public/mr/./leftImg8bit_trainvaltest/leftImg8bit/train/ulm/ulm_000028_000019_leftImg8bit.png', 'width': 2048, 'height': 1024, 'image': tensor([[[ 0,  0,  0,  ..., 20, 20, 19],
         [ 0,  0,  0,  ..., 27, 27, 26],
         [ 0,  0,  0,  ..., 42, 44, 41],
         ...,
         [14, 14, 15,  ..., 24, 23, 22],
         [13, 13, 14,  ..., 22, 22, 21],
         [13, 14, 14,  ..., 22, 19, 19]],

        [[13, 12, 11,  ..., 45, 45, 45],
         [13, 12, 11,  ..., 57, 57, 57],
         [13, 12, 12,  ..., 72, 72, 72],
         ...,
         [34, 33, 32,  ..., 34, 34, 34],
         [32, 31, 30,  ..., 32, 32, 32],
         [31, 30, 30,  ..., 31, 30, 30]],

        [[ 9,  7,  6,  ..., 25, 24, 23],
         [ 9,  7,  6,  ..., 29, 28, 28],
         [ 7,  7,  6,  ..., 46, 46, 43],
         ...,
         [18, 20, 21,  ..., 28, 25, 24],
         [17, 18, 19,  ..., 24, 22, 21],
         [18, 19, 18,  ..., 23, 20, 18]]], dtype=torch.uint8), 'sem_seg': tensor([[8, 8, 8,  ..., 8, 8, 8],
        [8, 8, 8,  ..., 8, 8, 8],
        [8, 8, 8,  ..., 8, 8, 8],
        ...,
        [9, 9, 9,  ..., 1, 1, 1],
        [9, 9, 9,  ..., 1, 1, 1],
        [9, 9, 9,  ..., 1, 1, 1]]), 'instances': Instances(num_instances=17, image_height=768, image_width=768, fields=[gt_classes: tensor([1, 5, 8, 9, 1, 8, 9, 8, 9, 8, 9, 8, 9, 9, 9, 8, 8]), gt_masks: tensor([[[False, False, False,  ..., False, False, False],
         [False, False, False,  ..., False, False, False],
         [False, False, False,  ..., False, False, False],
         ...,
         [False, False, False,  ..., False, False, False],
         [False, False, False,  ..., False, False, False],
         [False, False, False,  ..., False, False, False]],

        [[False, False, False,  ..., False, False, False],
         [False, False, False,  ..., False, False, False],
         [False, False, False,  ..., False, False, False],
         ...,
         [False, False, False,  ..., False, False, False],
         [False, False, False,  ..., False, False, False],
         [False, False, False,  ..., False, False, False]],

        [[False, False, False,  ..., False, False, False],
         [False, False, False,  ..., False, False, False],
         [False, False, False,  ..., False, False, False],
         ...,
         [False, False, False,  ..., False, False, False],
         [False, False, False,  ..., False, False, False],
         [False, False, False,  ..., False, False, False]],

        ...,

        [[False, False, False,  ..., False, False, False],
         [False, False, False,  ..., False, False, False],
         [False, False, False,  ..., False, False, False],
         ...,
         [ True,  True,  True,  ..., False, False, False],
         [ True,  True,  True,  ..., False, False, False],
         [ True,  True,  True,  ..., False, False, False]],

        [[False, False, False,  ..., False, False, False],
         [False, False, False,  ..., False, False, False],
         [False, False, False,  ..., False, False, False],
         ...,
         [False, False, False,  ..., False, False, False],
         [False, False, False,  ..., False, False, False],
         [False, False, False,  ..., False, False, False]],

        [[False, False, False,  ..., False, False, False],
         [False, False, False,  ..., False, False, False],
         [False, False, False,  ..., False, False, False],
         ...,
         [False, False, False,  ..., False, False, False],
         [False, False, False,  ..., False, False, False],
         [False, False, False,  ..., False, False, False]]])])}
[02/28 06:21:48 mask2former.data.dataset_mappers.mask_former_semantic_dataset_mapper]: None
[02/28 06:21:48 mask2former.data.dataset_mappers.mask_former_semantic_dataset_mapper]: output dataset_dict: {'file_name': '/cpfs01/projects-HDD/pujianxiangmuzu_HDD/public/mr/./leftImg8bit_trainvaltest/leftImg8bit/train/hamburg/hamburg_000000_032906_leftImg8bit.png', 'width': 2048, 'height': 1024, 'image': tensor([[[ 59,  59,  59,  ...,  47,  48,  48],
         [ 61,  61,  61,  ...,  47,  48,  48],
         [ 68,  68,  70,  ...,  47,  48,  47],
         ...,
         [112, 114, 114,  ..., 107, 106, 105],
         [111, 113, 114,  ..., 109, 107, 108],
         [108, 109, 110,  ..., 107, 106, 106]],

        [[ 81,  81,  81,  ...,  50,  51,  51],
         [ 85,  85,  85,  ...,  50,  51,  51],
         [ 93,  93,  93,  ...,  50,  51,  50],
         ...,
         [124, 125, 126,  ..., 119, 118, 119],
         [124, 126, 127,  ..., 120, 120, 121],
         [121, 122, 124,  ..., 119, 119, 120]],

        [[ 69,  69,  70,  ...,  46,  46,  46],
         [ 73,  73,  74,  ...,  46,  46,  46],
         [ 81,  81,  82,  ...,  47,  47,  47],
         ...,
         [115, 116, 116,  ..., 108, 108, 108],
         [115, 117, 118,  ..., 110, 108, 110],
         [112, 114, 115,  ..., 108, 109, 110]]], dtype=torch.uint8), 'sem_seg': tensor([[13, 13, 13,  ..., 14, 14, 14],
        [13, 13, 13,  ..., 14, 14, 14],
        [13, 13, 13,  ..., 14, 14, 14],
        ...,
        [ 0,  0,  0,  ...,  0,  0,  0],
        [ 0,  0,  0,  ...,  0,  0,  0],
        [ 0,  0,  0,  ...,  0,  0,  0]]), 'instances': Instances(num_instances=8, image_height=768, image_width=768, fields=[gt_classes: tensor([ 0, 11, 13, 14, 13, 14, 14, 13]), gt_masks: tensor([[[False, False, False,  ..., False, False, False],
         [False, False, False,  ..., False, False, False],
         [False, False, False,  ..., False, False, False],
         ...,
         [ True,  True,  True,  ...,  True,  True,  True],
         [ True,  True,  True,  ...,  True,  True,  True],
         [ True,  True,  True,  ...,  True,  True,  True]],

        [[False, False, False,  ..., False, False, False],
         [False, False, False,  ..., False, False, False],
         [False, False, False,  ..., False, False, False],
         ...,
         [False, False, False,  ..., False, False, False],
         [False, False, False,  ..., False, False, False],
         [False, False, False,  ..., False, False, False]],

        [[False, False, False,  ..., False, False, False],
         [False, False, False,  ..., False, False, False],
         [False, False, False,  ..., False, False, False],
         ...,
         [False, False, False,  ..., False, False, False],
         [False, False, False,  ..., False, False, False],
         [False, False, False,  ..., False, False, False]],

        ...,

        [[False, False, False,  ..., False, False, False],
         [False, False, False,  ..., False, False, False],
         [False, False, False,  ..., False, False, False],
         ...,
         [False, False, False,  ..., False, False, False],
         [False, False, False,  ..., False, False, False],
         [False, False, False,  ..., False, False, False]],

        [[False, False, False,  ...,  True,  True,  True],
         [False, False, False,  ...,  True,  True,  True],
         [False, False, False,  ...,  True,  True,  True],
         ...,
         [False, False, False,  ..., False, False, False],
         [False, False, False,  ..., False, False, False],
         [False, False, False,  ..., False, False, False]],

        [[False, False, False,  ..., False, False, False],
         [False, False, False,  ..., False, False, False],
         [False, False, False,  ..., False, False, False],
         ...,
         [False, False, False,  ..., False, False, False],
         [False, False, False,  ..., False, False, False],
         [False, False, False,  ..., False, False, False]]])])}
[02/28 06:21:48 mask2former.data.dataset_mappers.mask_former_semantic_dataset_mapper]: None
[02/28 06:21:48 mask2former.data.dataset_mappers.mask_former_semantic_dataset_mapper]: output dataset_dict: {'file_name': '/cpfs01/projects-HDD/pujianxiangmuzu_HDD/public/mr/./leftImg8bit_trainvaltest/leftImg8bit/train/erfurt/erfurt_000097_000019_leftImg8bit.png', 'width': 2048, 'height': 1024, 'image': tensor([[[ 92,  94,  94,  ...,  30,  29,  28],
         [ 94,  97,  95,  ...,  28,  29,  28],
         [ 96,  98,  98,  ...,  24,  25,  25],
         ...,
         [ 43,  43,  44,  ...,  50,  51,  51],
         [ 44,  44,  44,  ...,  47,  48,  51],
         [ 44,  44,  44,  ...,  47,  47,  51]],

        [[109, 109, 109,  ...,  35,  35,  35],
         [109, 109, 109,  ...,  34,  34,  34],
         [111, 111, 111,  ...,  32,  32,  32],
         ...,
         [ 56,  56,  57,  ...,  59,  59,  60],
         [ 57,  57,  57,  ...,  58,  58,  59],
         [ 57,  57,  57,  ...,  58,  57,  59]],

        [[ 91,  91,  91,  ...,  24,  24,  24],
         [ 91,  91,  91,  ...,  22,  24,  24],
         [ 91,  93,  93,  ...,  21,  21,  22],
         ...,
         [ 45,  46,  46,  ...,  49,  49,  49],
         [ 46,  46,  46,  ...,  47,  47,  49],
         [ 46,  46,  46,  ...,  47,  46,  49]]], dtype=torch.uint8), 'sem_seg': tensor([[2, 2, 2,  ..., 8, 8, 8],
        [2, 2, 2,  ..., 8, 8, 8],
        [2, 2, 2,  ..., 8, 8, 8],
        ...,
        [0, 0, 0,  ..., 0, 0, 0],
        [0, 0, 0,  ..., 0, 0, 0],
        [0, 0, 0,  ..., 0, 0, 0]]), 'instances': Instances(num_instances=29, image_height=768, image_width=768, fields=[gt_classes: tensor([ 0,  1,  2,  3,  4,  5,  8,  9, 13,  0,  2,  4, 13,  1,  2,  4,  1,  2,
         4,  2,  8,  0,  8,  8,  8,  8,  8,  8,  8]), gt_masks: tensor([[[False, False, False,  ..., False, False, False],
         [False, False, False,  ..., False, False, False],
         [False, False, False,  ..., False, False, False],
         ...,
         [False, False, False,  ..., False, False, False],
         [False, False, False,  ..., False, False, False],
         [False, False, False,  ..., False, False, False]],

        [[False, False, False,  ..., False, False, False],
         [False, False, False,  ..., False, False, False],
         [False, False, False,  ..., False, False, False],
         ...,
         [False, False, False,  ..., False, False, False],
         [False, False, False,  ..., False, False, False],
         [False, False, False,  ..., False, False, False]],

        [[False, False, False,  ..., False, False, False],
         [False, False, False,  ..., False, False, False],
         [False, False, False,  ..., False, False, False],
         ...,
         [False, False, False,  ..., False, False, False],
         [False, False, False,  ..., False, False, False],
         [False, False, False,  ..., False, False, False]],

        ...,

        [[False, False, False,  ..., False, False, False],
         [False, False, False,  ..., False, False, False],
         [False, False, False,  ..., False, False, False],
         ...,
         [False, False, False,  ..., False, False, False],
         [False, False, False,  ..., False, False, False],
         [False, False, False,  ..., False, False, False]],

        [[False, False, False,  ..., False, False, False],
         [False, False, False,  ..., False, False, False],
         [False, False, False,  ..., False, False, False],
         ...,
         [False, False, False,  ..., False, False, False],
         [False, False, False,  ..., False, False, False],
         [False, False, False,  ..., False, False, False]],

        [[False, False, False,  ..., False, False, False],
         [False, False, False,  ..., False, False, False],
         [False, False, False,  ..., False, False, False],
         ...,
         [False, False, False,  ..., False, False, False],
         [False, False, False,  ..., False, False, False],
         [False, False, False,  ..., False, False, False]]])])}
[02/28 06:21:48 mask2former.data.dataset_mappers.mask_former_semantic_dataset_mapper]: None
[02/28 06:21:48 mask2former.data.dataset_mappers.mask_former_semantic_dataset_mapper]: output dataset_dict: {'file_name': '/cpfs01/projects-HDD/pujianxiangmuzu_HDD/public/mr/./leftImg8bit_trainvaltest/leftImg8bit/train/dusseldorf/dusseldorf_000121_000019_leftImg8bit.png', 'width': 2048, 'height': 1024, 'image': tensor([[[111, 113, 113,  ..., 118, 106,  98],
         [110, 111, 111,  ..., 118, 106,  98],
         [110, 110, 110,  ..., 118, 106,  98],
         ...,
         [109, 106, 105,  ...,  52,  49,  49],
         [110, 106, 105,  ...,  52,  49,  49],
         [107, 106, 105,  ...,  52,  49,  49]],

        [[123, 124, 124,  ..., 130, 120, 112],
         [123, 123, 123,  ..., 130, 120, 112],
         [123, 123, 123,  ..., 130, 120, 112],
         ...,
         [121, 119, 117,  ...,  54,  52,  49],
         [121, 119, 117,  ...,  54,  52,  49],
         [120, 119, 117,  ...,  54,  52,  49]],

        [[100, 102, 102,  ..., 124, 116, 110],
         [ 99, 100, 100,  ..., 124, 117, 111],
         [ 99,  99,  99,  ..., 124, 117, 111],
         ...,
         [115, 112, 111,  ...,  52,  50,  50],
         [115, 112, 111,  ...,  52,  50,  50],
         [113, 112, 111,  ...,  52,  50,  50]]], dtype=torch.uint8), 'sem_seg': tensor([[2, 2, 2,  ..., 2, 2, 2],
        [2, 2, 2,  ..., 2, 2, 2],
        [2, 2, 2,  ..., 2, 2, 2],
        ...,
        [2, 2, 2,  ..., 2, 2, 2],
        [2, 2, 2,  ..., 2, 2, 2],
        [2, 2, 2,  ..., 2, 2, 2]]), 'instances': Instances(num_instances=19, image_height=768, image_width=768, fields=[gt_classes: tensor([2, 5, 6, 7, 2, 5, 6, 5, 6, 6, 2, 2, 2, 2, 2, 2, 2, 2, 2]), gt_masks: tensor([[[False, False, False,  ..., False, False, False],
         [False, False, False,  ..., False, False, False],
         [False, False, False,  ..., False, False, False],
         ...,
         [False, False, False,  ..., False, False, False],
         [False, False, False,  ..., False, False, False],
         [False, False, False,  ..., False, False, False]],

        [[False, False, False,  ..., False, False, False],
         [False, False, False,  ..., False, False, False],
         [False, False, False,  ..., False, False, False],
         ...,
         [False, False, False,  ..., False, False, False],
         [False, False, False,  ..., False, False, False],
         [False, False, False,  ..., False, False, False]],

        [[False, False, False,  ..., False, False, False],
         [False, False, False,  ..., False, False, False],
         [False, False, False,  ..., False, False, False],
         ...,
         [False, False, False,  ..., False, False, False],
         [False, False, False,  ..., False, False, False],
         [False, False, False,  ..., False, False, False]],

        ...,

        [[False, False, False,  ...,  True,  True,  True],
         [False, False, False,  ...,  True,  True,  True],
         [False, False, False,  ...,  True,  True,  True],
         ...,
         [False, False, False,  ..., False, False, False],
         [False, False, False,  ..., False, False, False],
         [False, False, False,  ..., False, False, False]],

        [[False, False, False,  ..., False, False, False],
         [False, False, False,  ..., False, False, False],
         [False, False, False,  ..., False, False, False],
         ...,
         [False, False, False,  ..., False, False, False],
         [False, False, False,  ..., False, False, False],
         [False, False, False,  ..., False, False, False]],

        [[False, False, False,  ..., False, False, False],
         [False, False, False,  ..., False, False, False],
         [False, False, False,  ..., False, False, False],
         ...,
         [False, False, False,  ..., False, False, False],
         [False, False, False,  ..., False, False, False],
         [False, False, False,  ..., False, False, False]]])])}
[02/28 06:21:48 mask2former.data.dataset_mappers.mask_former_semantic_dataset_mapper]: None
[02/28 06:21:48 mask2former.data.dataset_mappers.mask_former_semantic_dataset_mapper]: output dataset_dict: {'file_name': '/cpfs01/projects-HDD/pujianxiangmuzu_HDD/public/mr/./leftImg8bit_trainvaltest/leftImg8bit/train/aachen/aachen_000172_000019_leftImg8bit.png', 'width': 2048, 'height': 1024, 'image': tensor([[[21, 25, 23,  ..., 29, 30, 30],
         [21, 23, 22,  ..., 27, 27, 27],
         [17, 19, 22,  ..., 22, 22, 21],
         ...,
         [29, 29, 28,  ..., 24, 24, 24],
         [30, 29, 27,  ..., 23, 24, 24],
         [30, 29, 28,  ..., 23, 24, 24]],

        [[30, 32, 30,  ..., 24, 24, 24],
         [28, 30, 30,  ..., 23, 23, 23],
         [24, 26, 30,  ..., 19, 19, 19],
         ...,
         [37, 36, 37,  ..., 33, 33, 33],
         [38, 37, 36,  ..., 34, 35, 34],
         [38, 38, 37,  ..., 33, 34, 35]],

        [[15, 19, 17,  ..., 13, 13, 14],
         [13, 16, 17,  ..., 13, 12, 11],
         [10, 13, 18,  ..., 11, 10, 11],
         ...,
         [30, 30, 31,  ..., 28, 28, 29],
         [31, 30, 30,  ..., 29, 29, 29],
         [31, 31, 30,  ..., 28, 29, 30]]], dtype=torch.uint8), 'sem_seg': tensor([[  8,   8,   8,  ...,   7,   7,   7],
        [  8,   8,   8,  ...,   7,   7,   7],
        [  8,   8,   8,  ...,   7,   7,   7],
        ...,
        [255, 255, 255,  ...,   0,   0,   0],
        [255, 255, 255,  ...,   0,   0,   0],
        [255, 255, 255,  ...,   0,   0,   0]]), 'instances': Instances(num_instances=46, image_height=768, image_width=768, fields=[gt_classes: tensor([ 0,  2,  3,  4,  5,  6,  7,  8,  9, 11, 13, 17,  0,  7,  8,  9, 13,  7,
         8, 13,  0,  7,  8, 13,  0,  7,  8, 13,  0,  7,  8,  8,  7,  8, 13,  8,
         8,  8, 13, 13, 13,  8, 13,  8,  8,  8]), gt_masks: tensor([[[False, False, False,  ..., False, False, False],
         [False, False, False,  ..., False, False, False],
         [False, False, False,  ..., False, False, False],
         ...,
         [False, False, False,  ..., False, False, False],
         [False, False, False,  ..., False, False, False],
         [False, False, False,  ..., False, False, False]],

        [[False, False, False,  ..., False, False, False],
         [False, False, False,  ..., False, False, False],
         [False, False, False,  ..., False, False, False],
         ...,
         [False, False, False,  ..., False, False, False],
         [False, False, False,  ..., False, False, False],
         [False, False, False,  ..., False, False, False]],

        [[False, False, False,  ..., False, False, False],
         [False, False, False,  ..., False, False, False],
         [False, False, False,  ..., False, False, False],
         ...,
         [False, False, False,  ..., False, False, False],
         [False, False, False,  ..., False, False, False],
         [False, False, False,  ..., False, False, False]],

        ...,

        [[False, False, False,  ..., False, False, False],
         [False, False, False,  ..., False, False, False],
         [False, False, False,  ..., False, False, False],
         ...,
         [False, False, False,  ..., False, False, False],
         [False, False, False,  ..., False, False, False],
         [False, False, False,  ..., False, False, False]],

        [[False, False, False,  ..., False, False, False],
         [False, False, False,  ..., False, False, False],
         [False, False, False,  ..., False, False, False],
         ...,
         [False, False, False,  ..., False, False, False],
         [False, False, False,  ..., False, False, False],
         [False, False, False,  ..., False, False, False]],

        [[False, False, False,  ..., False, False, False],
         [False, False, False,  ..., False, False, False],
         [False, False, False,  ..., False, False, False],
         ...,
         [False, False, False,  ..., False, False, False],
         [False, False, False,  ..., False, False, False],
         [False, False, False,  ..., False, False, False]]])])}
[02/28 06:21:48 mask2former.data.dataset_mappers.mask_former_semantic_dataset_mapper]: None
[02/28 06:21:48 mask2former.data.dataset_mappers.mask_former_semantic_dataset_mapper]: output dataset_dict: {'file_name': '/cpfs01/projects-HDD/pujianxiangmuzu_HDD/public/mr/./leftImg8bit_trainvaltest/leftImg8bit/train/bremen/bremen_000001_000019_leftImg8bit.png', 'width': 2048, 'height': 1024, 'image': tensor([[[26, 25, 24,  ...,  7,  8,  7],
         [27, 28, 26,  ...,  7,  8,  7],
         [27, 27, 26,  ...,  7,  7,  7],
         ...,
         [65, 64, 62,  ..., 45, 45, 45],
         [72, 70, 67,  ..., 48, 46, 46],
         [80, 74, 73,  ..., 49, 49, 47]],

        [[41, 40, 39,  ..., 17, 18, 18],
         [42, 41, 40,  ..., 17, 18, 18],
         [40, 41, 40,  ..., 16, 17, 17],
         ...,
         [87, 87, 86,  ..., 71, 71, 71],
         [93, 93, 92,  ..., 73, 73, 72],
         [98, 98, 97,  ..., 75, 75, 75]],

        [[21, 18, 18,  ...,  8,  7,  9],
         [19, 21, 18,  ...,  8,  7,  9],
         [21, 22, 21,  ...,  7,  8,  9],
         ...,
         [68, 67, 66,  ..., 50, 48, 47],
         [71, 71, 69,  ..., 50, 49, 48],
         [78, 74, 75,  ..., 52, 52, 53]]], dtype=torch.uint8), 'sem_seg': tensor([[8, 8, 8,  ..., 2, 2, 2],
        [8, 8, 8,  ..., 2, 2, 2],
        [8, 8, 8,  ..., 2, 2, 2],
        ...,
        [0, 0, 0,  ..., 0, 0, 0],
        [0, 0, 0,  ..., 0, 0, 0],
        [0, 0, 0,  ..., 0, 0, 0]]), 'instances': Instances(num_instances=21, image_height=768, image_width=768, fields=[gt_classes: tensor([ 0,  1,  2,  5,  8, 13,  0,  2, 13,  2, 13, 13,  1, 13, 13, 13,  8, 13,
         8,  2,  2]), gt_masks: tensor([[[False, False, False,  ..., False, False, False],
         [False, False, False,  ..., False, False, False],
         [False, False, False,  ..., False, False, False],
         ...,
         [False, False, False,  ..., False, False, False],
         [False, False, False,  ..., False, False, False],
         [False, False, False,  ..., False, False, False]],

        [[False, False, False,  ..., False, False, False],
         [False, False, False,  ..., False, False, False],
         [False, False, False,  ..., False, False, False],
         ...,
         [False, False, False,  ..., False, False, False],
         [False, False, False,  ..., False, False, False],
         [False, False, False,  ..., False, False, False]],

        [[False, False, False,  ..., False, False, False],
         [False, False, False,  ..., False, False, False],
         [False, False, False,  ..., False, False, False],
         ...,
         [False, False, False,  ..., False, False, False],
         [False, False, False,  ..., False, False, False],
         [False, False, False,  ..., False, False, False]],

        ...,

        [[ True,  True,  True,  ..., False, False, False],
         [ True,  True,  True,  ..., False, False, False],
         [ True,  True,  True,  ..., False, False, False],
         ...,
         [False, False, False,  ..., False, False, False],
         [False, False, False,  ..., False, False, False],
         [False, False, False,  ..., False, False, False]],

        [[False, False, False,  ..., False, False, False],
         [False, False, False,  ..., False, False, False],
         [False, False, False,  ..., False, False, False],
         ...,
         [False, False, False,  ..., False, False, False],
         [False, False, False,  ..., False, False, False],
         [False, False, False,  ..., False, False, False]],

        [[False, False, False,  ..., False, False, False],
         [False, False, False,  ..., False, False, False],
         [False, False, False,  ..., False, False, False],
         ...,
         [False, False, False,  ..., False, False, False],
         [False, False, False,  ..., False, False, False],
         [False, False, False,  ..., False, False, False]]])])}
[02/28 06:21:48 mask2former.data.dataset_mappers.mask_former_semantic_dataset_mapper]: None
[02/28 06:21:49 mask2former.data.dataset_mappers.mask_former_semantic_dataset_mapper]: output dataset_dict: {'file_name': '/cpfs01/projects-HDD/pujianxiangmuzu_HDD/public/mr/./leftImg8bit_trainvaltest/leftImg8bit/train/cologne/cologne_000046_000019_leftImg8bit.png', 'width': 2048, 'height': 1024, 'image': tensor([[[104, 103, 104,  ...,  59,  63,  63],
         [103, 104, 104,  ...,  61,  63,  63],
         [103, 105, 103,  ...,  62,  64,  62],
         ...,
         [ 24,  25,  24,  ...,  41,  42,  41],
         [ 24,  25,  24,  ...,  39,  43,  44],
         [ 24,  25,  24,  ...,  39,  43,  44]],

        [[132, 131, 132,  ...,  76,  78,  80],
         [131, 132, 133,  ...,  78,  80,  80],
         [132, 133, 132,  ...,  79,  81,  80],
         ...,
         [ 42,  42,  42,  ...,  59,  60,  61],
         [ 42,  42,  42,  ...,  59,  60,  62],
         [ 42,  42,  42,  ...,  59,  60,  62]],

        [[122, 121, 121,  ...,  67,  71,  71],
         [121, 120, 120,  ...,  69,  71,  71],
         [121, 119, 118,  ...,  70,  71,  71],
         ...,
         [ 36,  36,  37,  ...,  57,  57,  57],
         [ 37,  38,  39,  ...,  57,  57,  57],
         [ 37,  38,  39,  ...,  57,  57,  57]]], dtype=torch.uint8), 'sem_seg': tensor([[255, 255, 255,  ..., 255, 255, 255],
        [255, 255, 255,  ..., 255, 255, 255],
        [255, 255, 255,  ..., 255, 255, 255],
        ...,
        [255, 255, 255,  ..., 255, 255, 255],
        [255, 255, 255,  ..., 255, 255, 255],
        [255, 255, 255,  ..., 255, 255, 255]]), 'instances': Instances(num_instances=40, image_height=716, image_width=768, fields=[gt_classes: tensor([ 0,  1,  2,  5,  6,  7,  8,  9, 10, 11, 12, 13, 18,  0,  5,  7,  8,  9,
        10, 11, 18,  0,  2,  8, 10, 11, 18,  0,  8, 11, 18,  0, 11,  2, 11,  2,
         8, 11, 11,  8]), gt_masks: tensor([[[False, False, False,  ..., False, False, False],
         [False, False, False,  ..., False, False, False],
         [False, False, False,  ..., False, False, False],
         ...,
         [False, False, False,  ..., False, False, False],
         [False, False, False,  ..., False, False, False],
         [False, False, False,  ..., False, False, False]],

        [[False, False, False,  ..., False, False, False],
         [False, False, False,  ..., False, False, False],
         [False, False, False,  ..., False, False, False],
         ...,
         [False, False, False,  ..., False, False, False],
         [False, False, False,  ..., False, False, False],
         [False, False, False,  ..., False, False, False]],

        [[False, False, False,  ..., False, False, False],
         [False, False, False,  ..., False, False, False],
         [False, False, False,  ..., False, False, False],
         ...,
         [False, False, False,  ..., False, False, False],
         [False, False, False,  ..., False, False, False],
         [False, False, False,  ..., False, False, False]],

        ...,

        [[False, False, False,  ..., False, False, False],
         [False, False, False,  ..., False, False, False],
         [False, False, False,  ..., False, False, False],
         ...,
         [False, False, False,  ..., False, False, False],
         [False, False, False,  ..., False, False, False],
         [False, False, False,  ..., False, False, False]],

        [[False, False, False,  ..., False, False, False],
         [False, False, False,  ..., False, False, False],
         [False, False, False,  ..., False, False, False],
         ...,
         [False, False, False,  ..., False, False, False],
         [False, False, False,  ..., False, False, False],
         [False, False, False,  ..., False, False, False]],

        [[False, False, False,  ..., False, False, False],
         [False, False, False,  ..., False, False, False],
         [False, False, False,  ..., False, False, False],
         ...,
         [False, False, False,  ..., False, False, False],
         [False, False, False,  ..., False, False, False],
         [False, False, False,  ..., False, False, False]]])])}
[02/28 06:21:49 mask2former.data.dataset_mappers.mask_former_semantic_dataset_mapper]: None
[02/28 06:21:49 mask2former.data.dataset_mappers.mask_former_semantic_dataset_mapper]: output dataset_dict: {'file_name': '/cpfs01/projects-HDD/pujianxiangmuzu_HDD/public/mr/./leftImg8bit_trainvaltest/leftImg8bit/train/stuttgart/stuttgart_000096_000019_leftImg8bit.png', 'width': 2048, 'height': 1024, 'image': tensor([[[149, 149, 149,  ...,  21,  20,  20],
         [149, 149, 149,  ...,  21,  20,  20],
         [149, 149, 149,  ...,  21,  20,  20],
         ...,
         [ 31,  32,  32,  ...,   9,   8,   8],
         [ 31,  32,  32,  ...,   9,   8,   8],
         [ 32,  32,  32,  ...,   9,   9,   9]],

        [[149, 149, 149,  ...,  17,  18,  18],
         [149, 149, 149,  ...,  17,  18,  18],
         [149, 149, 149,  ...,  17,  18,  18],
         ...,
         [ 37,  37,  37,  ...,  12,  12,  12],
         [ 37,  37,  37,  ...,  12,  12,  12],
         [ 37,  37,  37,  ...,  12,  12,  12]],

        [[149, 149, 149,  ...,  11,  11,  11],
         [149, 149, 149,  ...,  11,  11,  11],
         [149, 149, 149,  ...,  12,  11,  11],
         ...,
         [ 31,  32,  32,  ...,  12,  12,  12],
         [ 31,  32,  32,  ...,  12,  12,  12],
         [ 31,  32,  32,  ...,  12,  12,  12]]], dtype=torch.uint8), 'sem_seg': tensor([[10, 10, 10,  ...,  8,  8,  8],
        [10, 10, 10,  ...,  8,  8,  8],
        [10, 10, 10,  ...,  8,  8,  8],
        ...,
        [ 0,  0,  0,  ..., 13, 13, 13],
        [ 0,  0,  0,  ..., 13, 13, 13],
        [ 0,  0,  0,  ..., 13, 13, 13]]), 'instances': Instances(num_instances=28, image_height=768, image_width=768, fields=[gt_classes: tensor([ 0,  2,  5,  7,  8, 10, 13,  0,  8, 10,  0,  8, 13,  8,  2,  8,  8,  8,
         8, 13, 13,  8,  8,  8, 13,  2, 13, 13]), gt_masks: tensor([[[False, False, False,  ..., False, False, False],
         [False, False, False,  ..., False, False, False],
         [False, False, False,  ..., False, False, False],
         ...,
         [False, False, False,  ..., False, False, False],
         [False, False, False,  ..., False, False, False],
         [False, False, False,  ..., False, False, False]],

        [[False, False, False,  ..., False, False, False],
         [False, False, False,  ..., False, False, False],
         [False, False, False,  ..., False, False, False],
         ...,
         [False, False, False,  ..., False, False, False],
         [False, False, False,  ..., False, False, False],
         [False, False, False,  ..., False, False, False]],

        [[False, False, False,  ..., False, False, False],
         [False, False, False,  ..., False, False, False],
         [False, False, False,  ..., False, False, False],
         ...,
         [False, False, False,  ..., False, False, False],
         [False, False, False,  ..., False, False, False],
         [False, False, False,  ..., False, False, False]],

        ...,

        [[False, False, False,  ..., False, False, False],
         [False, False, False,  ..., False, False, False],
         [False, False, False,  ..., False, False, False],
         ...,
         [False, False, False,  ..., False, False, False],
         [False, False, False,  ..., False, False, False],
         [False, False, False,  ..., False, False, False]],

        [[False, False, False,  ..., False, False, False],
         [False, False, False,  ..., False, False, False],
         [False, False, False,  ..., False, False, False],
         ...,
         [False, False, False,  ..., False, False, False],
         [False, False, False,  ..., False, False, False],
         [False, False, False,  ..., False, False, False]],

        [[False, False, False,  ..., False, False, False],
         [False, False, False,  ..., False, False, False],
         [False, False, False,  ..., False, False, False],
         ...,
         [False, False, False,  ...,  True,  True,  True],
         [False, False, False,  ...,  True,  True,  True],
         [False, False, False,  ...,  True,  True,  True]]])])}
[02/28 06:21:49 mask2former.data.dataset_mappers.mask_former_semantic_dataset_mapper]: None
[02/28 06:21:49 mask2former.data.dataset_mappers.mask_former_semantic_dataset_mapper]: output dataset_dict: {'file_name': '/cpfs01/projects-HDD/pujianxiangmuzu_HDD/public/mr/./leftImg8bit_trainvaltest/leftImg8bit/train/strasbourg/strasbourg_000000_014503_leftImg8bit.png', 'width': 2048, 'height': 1024, 'image': tensor([[[ 64,  63,  63,  ..., 255, 255, 255],
         [ 67,  64,  66,  ..., 255, 255, 255],
         [ 67,  67,  67,  ..., 255, 255, 255],
         ...,
         [ 80,  76,  76,  ...,  85,  77,  67],
         [ 80,  78,  80,  ...,  88,  87,  78],
         [ 80,  80,  80,  ...,  85,  92,  88]],

        [[ 71,  70,  69,  ..., 255, 255, 255],
         [ 74,  71,  73,  ..., 255, 255, 255],
         [ 74,  74,  74,  ..., 255, 255, 255],
         ...,
         [ 88,  87,  87,  ...,  97,  88,  84],
         [ 88,  87,  88,  ...,  97,  95,  90],
         [ 87,  88,  88,  ...,  92,  99,  95]],

        [[ 60,  59,  59,  ..., 255, 255, 255],
         [ 63,  61,  60,  ..., 255, 255, 255],
         [ 63,  63,  63,  ..., 255, 255, 255],
         ...,
         [ 78,  76,  76,  ...,  87,  78,  74],
         [ 78,  76,  78,  ...,  85,  84,  78],
         [ 77,  77,  76,  ...,  83,  90,  84]]], dtype=torch.uint8), 'sem_seg': tensor([[  2,   2,   2,  ...,   8,   2,   2],
        [  2,   2,   2,  ...,   2,   2,   2],
        [  2,   2,   2,  ...,   2,   2,   2],
        ...,
        [  0,   0,   0,  ..., 255, 255, 255],
        [  0,   0,   0,  ..., 255, 255, 255],
        [  0,   0,   0,  ..., 255, 255, 255]]), 'instances': Instances(num_instances=44, image_height=768, image_width=768, fields=[gt_classes: tensor([ 0,  1,  2,  5,  6,  7,  8, 10, 11, 13, 18,  0,  2,  7,  8, 10, 11,  0,
         7,  8, 13,  0,  7,  7,  7,  0,  2,  7, 13, 13, 13,  2, 13,  2, 13, 13,
        13, 13,  2,  2,  2,  2,  2,  2]), gt_masks: tensor([[[False, False, False,  ..., False, False, False],
         [False, False, False,  ..., False, False, False],
         [False, False, False,  ..., False, False, False],
         ...,
         [ True,  True,  True,  ..., False, False, False],
         [ True,  True,  True,  ..., False, False, False],
         [ True,  True,  True,  ..., False, False, False]],

        [[False, False, False,  ..., False, False, False],
         [False, False, False,  ..., False, False, False],
         [False, False, False,  ..., False, False, False],
         ...,
         [False, False, False,  ..., False, False, False],
         [False, False, False,  ..., False, False, False],
         [False, False, False,  ..., False, False, False]],

        [[False, False, False,  ..., False,  True,  True],
         [False, False, False,  ...,  True,  True,  True],
         [False, False, False,  ...,  True,  True,  True],
         ...,
         [False, False, False,  ..., False, False, False],
         [False, False, False,  ..., False, False, False],
         [False, False, False,  ..., False, False, False]],

        ...,

        [[False, False, False,  ..., False, False, False],
         [False, False, False,  ..., False, False, False],
         [False, False, False,  ..., False, False, False],
         ...,
         [False, False, False,  ..., False, False, False],
         [False, False, False,  ..., False, False, False],
         [False, False, False,  ..., False, False, False]],

        [[ True,  True,  True,  ..., False, False, False],
         [ True,  True,  True,  ..., False, False, False],
         [ True,  True,  True,  ..., False, False, False],
         ...,
         [False, False, False,  ..., False, False, False],
         [False, False, False,  ..., False, False, False],
         [False, False, False,  ..., False, False, False]],

        [[False, False, False,  ..., False, False, False],
         [False, False, False,  ..., False, False, False],
         [False, False, False,  ..., False, False, False],
         ...,
         [False, False, False,  ..., False, False, False],
         [False, False, False,  ..., False, False, False],
         [False, False, False,  ..., False, False, False]]])])}
[02/28 06:21:49 mask2former.data.dataset_mappers.mask_former_semantic_dataset_mapper]: None
[02/28 06:21:49 mask2former.data.dataset_mappers.mask_former_semantic_dataset_mapper]: output dataset_dict: {'file_name': '/cpfs01/projects-HDD/pujianxiangmuzu_HDD/public/mr/./leftImg8bit_trainvaltest/leftImg8bit/train/bochum/bochum_000000_000600_leftImg8bit.png', 'width': 2048, 'height': 1024, 'image': tensor([[[ 47,  47,  46,  ...,  51,  51,  51],
         [ 42,  42,  42,  ...,  52,  52,  51],
         [ 39,  39,  40,  ...,  53,  53,  52],
         ...,
         [116, 117, 119,  ...,  80,  80,  82],
         [113, 113, 117,  ...,  80,  80,  82],
         [111, 111, 112,  ...,  81,  80,  81]],

        [[ 59,  58,  57,  ...,  59,  59,  59],
         [ 55,  55,  54,  ...,  61,  61,  61],
         [ 52,  52,  53,  ...,  62,  62,  62],
         ...,
         [126, 127, 130,  ...,  92,  92,  93],
         [123, 124, 127,  ...,  92,  92,  92],
         [121, 122, 123,  ...,  92,  91,  91]],

        [[ 46,  45,  44,  ...,  51,  51,  53],
         [ 42,  42,  41,  ...,  53,  53,  55],
         [ 40,  41,  40,  ...,  54,  54,  56],
         ...,
         [116, 117, 120,  ...,  81,  81,  82],
         [113, 115, 117,  ...,  81,  81,  82],
         [111, 113, 115,  ...,  82,  81,  81]]], dtype=torch.uint8), 'sem_seg': tensor([[8, 8, 8,  ..., 2, 2, 2],
        [8, 8, 8,  ..., 2, 2, 2],
        [8, 8, 8,  ..., 2, 2, 2],
        ...,
        [0, 0, 0,  ..., 0, 0, 0],
        [0, 0, 0,  ..., 0, 0, 0],
        [0, 0, 0,  ..., 0, 0, 0]]), 'instances': Instances(num_instances=26, image_height=768, image_width=768, fields=[gt_classes: tensor([ 0,  2,  4,  5,  6,  7,  8,  9, 13, 18,  0,  0,  0,  2,  8,  9,  0,  2,
         8, 13,  2, 13,  2,  2,  2,  8]), gt_masks: tensor([[[False, False, False,  ..., False, False, False],
         [False, False, False,  ..., False, False, False],
         [False, False, False,  ..., False, False, False],
         ...,
         [False, False, False,  ..., False, False, False],
         [False, False, False,  ..., False, False, False],
         [False, False, False,  ..., False, False, False]],

        [[False, False, False,  ..., False, False, False],
         [False, False, False,  ..., False, False, False],
         [False, False, False,  ..., False, False, False],
         ...,
         [False, False, False,  ..., False, False, False],
         [False, False, False,  ..., False, False, False],
         [False, False, False,  ..., False, False, False]],

        [[False, False, False,  ..., False, False, False],
         [False, False, False,  ..., False, False, False],
         [False, False, False,  ..., False, False, False],
         ...,
         [False, False, False,  ..., False, False, False],
         [False, False, False,  ..., False, False, False],
         [False, False, False,  ..., False, False, False]],

        ...,

        [[False, False, False,  ...,  True,  True,  True],
         [False, False, False,  ...,  True,  True,  True],
         [False, False, False,  ...,  True,  True,  True],
         ...,
         [False, False, False,  ..., False, False, False],
         [False, False, False,  ..., False, False, False],
         [False, False, False,  ..., False, False, False]],

        [[False, False, False,  ..., False, False, False],
         [False, False, False,  ..., False, False, False],
         [False, False, False,  ..., False, False, False],
         ...,
         [False, False, False,  ..., False, False, False],
         [False, False, False,  ..., False, False, False],
         [False, False, False,  ..., False, False, False]],

        [[False, False, False,  ..., False, False, False],
         [False, False, False,  ..., False, False, False],
         [False, False, False,  ..., False, False, False],
         ...,
         [False, False, False,  ..., False, False, False],
         [False, False, False,  ..., False, False, False],
         [False, False, False,  ..., False, False, False]]])])}
[02/28 06:21:49 mask2former.data.dataset_mappers.mask_former_semantic_dataset_mapper]: None
[02/28 06:21:50 mask2former.data.dataset_mappers.mask_former_semantic_dataset_mapper]: output dataset_dict: {'file_name': '/cpfs01/projects-HDD/pujianxiangmuzu_HDD/public/mr/./leftImg8bit_trainvaltest/leftImg8bit/train/monchengladbach/monchengladbach_000000_023052_leftImg8bit.png', 'width': 2048, 'height': 1024, 'image': tensor([[[251, 252, 247,  ...,  40,  38,  38],
         [250, 250, 248,  ...,  38,  37,  37],
         [250, 251, 252,  ...,  39,  37,  37],
         ...,
         [ 83,  85,  85,  ..., 106, 106, 105],
         [ 83,  84,  83,  ..., 104, 107, 105],
         [ 83,  82,  83,  ..., 104, 106, 105]],

        [[254, 254, 253,  ...,  46,  44,  44],
         [254, 254, 254,  ...,  43,  43,  43],
         [254, 254, 254,  ...,  43,  43,  41],
         ...,
         [ 92,  94,  93,  ..., 114, 114, 113],
         [ 92,  94,  92,  ..., 112, 114, 114],
         [ 92,  92,  91,  ..., 112, 114, 114]],

        [[255, 255, 255,  ...,  45,  43,  43],
         [255, 255, 255,  ...,  44,  44,  42],
         [255, 255, 255,  ...,  45,  44,  42],
         ...,
         [ 80,  81,  79,  ...,  98,  98,  98],
         [ 80,  79,  76,  ...,  97, 100, 100],
         [ 80,  79,  78,  ...,  97, 100, 100]]], dtype=torch.uint8), 'sem_seg': tensor([[10, 10, 10,  ...,  8,  8,  8],
        [10, 10, 10,  ...,  8,  8,  8],
        [10, 10, 10,  ...,  8,  8,  8],
        ...,
        [ 0,  0,  0,  ...,  0,  0,  0],
        [ 0,  0,  0,  ...,  0,  0,  0],
        [ 0,  0,  0,  ...,  0,  0,  0]]), 'instances': Instances(num_instances=34, image_height=768, image_width=768, fields=[gt_classes: tensor([ 0,  1,  2,  3,  5,  8,  9, 10, 13,  0,  3,  8,  9, 10, 13,  0,  3,  8,
        13,  0,  3,  8,  0,  8,  2,  8,  0,  2,  8,  2,  8,  8,  2,  8]), gt_masks: tensor([[[False, False, False,  ..., False, False, False],
         [False, False, False,  ..., False, False, False],
         [False, False, False,  ..., False, False, False],
         ...,
         [False, False, False,  ..., False, False, False],
         [False, False, False,  ..., False, False, False],
         [False, False, False,  ..., False, False, False]],

        [[False, False, False,  ..., False, False, False],
         [False, False, False,  ..., False, False, False],
         [False, False, False,  ..., False, False, False],
         ...,
         [False, False, False,  ..., False, False, False],
         [False, False, False,  ..., False, False, False],
         [False, False, False,  ..., False, False, False]],

        [[False, False, False,  ..., False, False, False],
         [False, False, False,  ..., False, False, False],
         [False, False, False,  ..., False, False, False],
         ...,
         [False, False, False,  ..., False, False, False],
         [False, False, False,  ..., False, False, False],
         [False, False, False,  ..., False, False, False]],

        ...,

        [[False, False, False,  ..., False, False, False],
         [False, False, False,  ..., False, False, False],
         [False, False, False,  ..., False, False, False],
         ...,
         [False, False, False,  ..., False, False, False],
         [False, False, False,  ..., False, False, False],
         [False, False, False,  ..., False, False, False]],

        [[False, False, False,  ..., False, False, False],
         [False, False, False,  ..., False, False, False],
         [False, False, False,  ..., False, False, False],
         ...,
         [False, False, False,  ..., False, False, False],
         [False, False, False,  ..., False, False, False],
         [False, False, False,  ..., False, False, False]],

        [[False, False, False,  ..., False, False, False],
         [False, False, False,  ..., False, False, False],
         [False, False, False,  ..., False, False, False],
         ...,
         [False, False, False,  ..., False, False, False],
         [False, False, False,  ..., False, False, False],
         [False, False, False,  ..., False, False, False]]])])}
[02/28 06:21:50 mask2former.data.dataset_mappers.mask_former_semantic_dataset_mapper]: None
[02/28 06:21:50 mask2former.data.dataset_mappers.mask_former_semantic_dataset_mapper]: output dataset_dict: {'file_name': '/cpfs01/projects-HDD/pujianxiangmuzu_HDD/public/mr/./leftImg8bit_trainvaltest/leftImg8bit/train/krefeld/krefeld_000000_009926_leftImg8bit.png', 'width': 2048, 'height': 1024, 'image': tensor([[[230, 233, 232,  ..., 255, 255, 255],
         [230, 230, 232,  ..., 255, 255, 255],
         [230, 230, 231,  ..., 255, 255, 255],
         ...,
         [ 73,  74,  74,  ..., 107, 108, 111],
         [ 73,  74,  74,  ..., 107, 108, 109],
         [ 73,  74,  74,  ..., 107, 108, 108]],

        [[251, 254, 252,  ..., 255, 255, 255],
         [251, 254, 254,  ..., 255, 255, 255],
         [251, 252, 254,  ..., 255, 255, 255],
         ...,
         [ 84,  85,  85,  ..., 117, 119, 121],
         [ 84,  86,  85,  ..., 119, 119, 120],
         [ 84,  86,  85,  ..., 119, 117, 117]],

        [[223, 222, 219,  ..., 255, 255, 255],
         [225, 223, 222,  ..., 255, 255, 255],
         [223, 223, 222,  ..., 255, 255, 255],
         ...,
         [ 73,  74,  76,  ..., 101, 104, 104],
         [ 73,  75,  77,  ..., 104, 105, 104],
         [ 73,  75,  77,  ..., 104, 105, 104]]], dtype=torch.uint8), 'sem_seg': tensor([[ 2,  2,  2,  ...,  2,  2,  2],
        [ 2,  2,  2,  ...,  2,  2,  2],
        [ 2,  2,  2,  ...,  2,  2,  2],
        ...,
        [13, 13, 13,  ...,  0,  0,  0],
        [13, 13, 13,  ...,  0,  0,  0],
        [13, 13, 13,  ...,  0,  0,  0]]), 'instances': Instances(num_instances=31, image_height=768, image_width=768, fields=[gt_classes: tensor([ 0,  1,  2,  5,  7, 13,  0,  2, 13,  0,  2, 13, 13,  2,  2, 13, 13, 13,
         2, 13,  2, 13,  2, 13,  2, 13, 13, 13, 13, 13, 13]), gt_masks: tensor([[[False, False, False,  ..., False, False, False],
         [False, False, False,  ..., False, False, False],
         [False, False, False,  ..., False, False, False],
         ...,
         [False, False, False,  ..., False, False, False],
         [False, False, False,  ..., False, False, False],
         [False, False, False,  ..., False, False, False]],

        [[False, False, False,  ..., False, False, False],
         [False, False, False,  ..., False, False, False],
         [False, False, False,  ..., False, False, False],
         ...,
         [False, False, False,  ..., False, False, False],
         [False, False, False,  ..., False, False, False],
         [False, False, False,  ..., False, False, False]],

        [[False, False, False,  ..., False, False, False],
         [False, False, False,  ..., False, False, False],
         [False, False, False,  ..., False, False, False],
         ...,
         [False, False, False,  ..., False, False, False],
         [False, False, False,  ..., False, False, False],
         [False, False, False,  ..., False, False, False]],

        ...,

        [[False, False, False,  ..., False, False, False],
         [False, False, False,  ..., False, False, False],
         [False, False, False,  ..., False, False, False],
         ...,
         [False, False, False,  ..., False, False, False],
         [False, False, False,  ..., False, False, False],
         [False, False, False,  ..., False, False, False]],

        [[False, False, False,  ..., False, False, False],
         [False, False, False,  ..., False, False, False],
         [False, False, False,  ..., False, False, False],
         ...,
         [False, False, False,  ..., False, False, False],
         [False, False, False,  ..., False, False, False],
         [False, False, False,  ..., False, False, False]],

        [[False, False, False,  ..., False, False, False],
         [False, False, False,  ..., False, False, False],
         [False, False, False,  ..., False, False, False],
         ...,
         [False, False, False,  ..., False, False, False],
         [False, False, False,  ..., False, False, False],
         [False, False, False,  ..., False, False, False]]])])}
[02/28 06:21:50 mask2former.data.dataset_mappers.mask_former_semantic_dataset_mapper]: None
[02/28 06:21:50 mask2former.data.dataset_mappers.mask_former_semantic_dataset_mapper]: output dataset_dict: {'file_name': '/cpfs01/projects-HDD/pujianxiangmuzu_HDD/public/mr/./leftImg8bit_trainvaltest/leftImg8bit/train/weimar/weimar_000004_000019_leftImg8bit.png', 'width': 2048, 'height': 1024, 'image': tensor([[[ 69,  76,  81,  ...,  67,  70,  75],
         [ 84,  82,  80,  ...,  62,  60,  59],
         [ 87,  80,  74,  ...,  58,  53,  53],
         ...,
         [ 28,  29,  30,  ...,  45,  45,  46],
         [ 29,  30,  30,  ...,  46,  45,  47],
         [ 29,  30,  31,  ...,  46,  45,  47]],

        [[ 94,  99,  99,  ...,  88,  92,  98],
         [101, 102, 100,  ...,  83,  83,  87],
         [104,  99,  97,  ...,  78,  75,  80],
         ...,
         [ 40,  41,  41,  ...,  62,  62,  62],
         [ 41,  42,  42,  ...,  62,  62,  63],
         [ 41,  42,  43,  ...,  62,  62,  63]],

        [[ 60,  72,  70,  ...,  44,  48,  57],
         [ 70,  75,  71,  ...,  39,  40,  46],
         [ 72,  70,  64,  ...,  33,  31,  36],
         ...,
         [ 32,  33,  33,  ...,  49,  49,  50],
         [ 33,  33,  33,  ...,  49,  49,  50],
         [ 34,  34,  34,  ...,  50,  49,  50]]], dtype=torch.uint8), 'sem_seg': tensor([[255, 255, 255,  ..., 255, 255, 255],
        [255, 255, 255,  ..., 255, 255, 255],
        [255, 255, 255,  ..., 255, 255, 255],
        ...,
        [255, 255, 255,  ..., 255, 255, 255],
        [255, 255, 255,  ..., 255, 255, 255],
        [255, 255, 255,  ..., 255, 255, 255]]), 'instances': Instances(num_instances=34, image_height=716, image_width=768, fields=[gt_classes: tensor([ 0,  1,  3,  4,  5,  8, 10, 13,  0,  1,  8, 13,  0,  3,  4,  8, 13,  0,
         4,  8,  1,  4,  8,  1,  8,  0,  1,  8,  0,  1,  1,  8,  0,  0]), gt_masks: tensor([[[False, False, False,  ..., False, False, False],
         [False, False, False,  ..., False, False, False],
         [False, False, False,  ..., False, False, False],
         ...,
         [False, False, False,  ..., False, False, False],
         [False, False, False,  ..., False, False, False],
         [False, False, False,  ..., False, False, False]],

        [[False, False, False,  ..., False, False, False],
         [False, False, False,  ..., False, False, False],
         [False, False, False,  ..., False, False, False],
         ...,
         [False, False, False,  ..., False, False, False],
         [False, False, False,  ..., False, False, False],
         [False, False, False,  ..., False, False, False]],

        [[False, False, False,  ..., False, False, False],
         [False, False, False,  ..., False, False, False],
         [False, False, False,  ..., False, False, False],
         ...,
         [False, False, False,  ..., False, False, False],
         [False, False, False,  ..., False, False, False],
         [False, False, False,  ..., False, False, False]],

        ...,

        [[False, False, False,  ..., False, False, False],
         [False, False, False,  ..., False, False, False],
         [False, False, False,  ..., False, False, False],
         ...,
         [False, False, False,  ..., False, False, False],
         [False, False, False,  ..., False, False, False],
         [False, False, False,  ..., False, False, False]],

        [[False, False, False,  ..., False, False, False],
         [False, False, False,  ..., False, False, False],
         [False, False, False,  ..., False, False, False],
         ...,
         [False, False, False,  ..., False, False, False],
         [False, False, False,  ..., False, False, False],
         [False, False, False,  ..., False, False, False]],

        [[False, False, False,  ..., False, False, False],
         [False, False, False,  ..., False, False, False],
         [False, False, False,  ..., False, False, False],
         ...,
         [False, False, False,  ..., False, False, False],
         [False, False, False,  ..., False, False, False],
         [False, False, False,  ..., False, False, False]]])])}
[02/28 06:21:50 mask2former.data.dataset_mappers.mask_former_semantic_dataset_mapper]: None
[02/28 06:21:51 mask2former.data.dataset_mappers.mask_former_semantic_dataset_mapper]: output dataset_dict: {'file_name': '/cpfs01/projects-HDD/pujianxiangmuzu_HDD/public/mr/./leftImg8bit_trainvaltest/leftImg8bit/train/ulm/ulm_000033_000019_leftImg8bit.png', 'width': 2048, 'height': 1024, 'image': tensor([[[ 37,  37,  37,  ..., 119, 108,  93],
         [ 35,  35,  35,  ..., 118, 106,  87],
         [ 32,  32,  32,  ..., 116, 103,  80],
         ...,
         [ 18,  18,  18,  ...,  47,  47,  47],
         [ 18,  18,  18,  ...,  47,  47,  47],
         [ 18,  18,  18,  ...,  47,  47,  47]],

        [[ 52,  53,  54,  ..., 130, 123, 112],
         [ 50,  50,  52,  ..., 128, 121, 108],
         [ 47,  48,  49,  ..., 128, 118, 100],
         ...,
         [ 25,  25,  25,  ...,  55,  55,  55],
         [ 25,  25,  25,  ...,  55,  55,  55],
         [ 25,  25,  25,  ...,  55,  55,  54]],

        [[ 33,  34,  35,  ..., 110, 107,  98],
         [ 31,  32,  32,  ..., 111, 106,  95],
         [ 29,  30,  30,  ..., 111, 104,  91],
         ...,
         [ 19,  19,  19,  ...,  46,  46,  46],
         [ 19,  19,  19,  ...,  46,  46,  46],
         [ 19,  19,  19,  ...,  46,  46,  45]]], dtype=torch.uint8), 'sem_seg': tensor([[  8,   8,   8,  ..., 255, 255, 255],
        [  8,   8,   8,  ..., 255, 255, 255],
        [  8,   8,   8,  ..., 255, 255, 255],
        ...,
        [  8,   8,   8,  ...,   0,   0,   0],
        [  8,   8,   8,  ...,   0,   0,   0],
        [  8,   8,   8,  ...,   0,   0,   0]]), 'instances': Instances(num_instances=6, image_height=768, image_width=768, fields=[gt_classes: tensor([2, 8, 0, 8, 8, 8]), gt_masks: tensor([[[False, False, False,  ..., False, False, False],
         [False, False, False,  ..., False, False, False],
         [False, False, False,  ..., False, False, False],
         ...,
         [False, False, False,  ..., False, False, False],
         [False, False, False,  ..., False, False, False],
         [False, False, False,  ..., False, False, False]],

        [[False, False, False,  ..., False, False, False],
         [False, False, False,  ..., False, False, False],
         [False, False, False,  ..., False, False, False],
         ...,
         [False, False, False,  ..., False, False, False],
         [False, False, False,  ..., False, False, False],
         [False, False, False,  ..., False, False, False]],

        [[False, False, False,  ..., False, False, False],
         [False, False, False,  ..., False, False, False],
         [False, False, False,  ..., False, False, False],
         ...,
         [False, False, False,  ...,  True,  True,  True],
         [False, False, False,  ...,  True,  True,  True],
         [False, False, False,  ...,  True,  True,  True]],

        [[False, False, False,  ..., False, False, False],
         [False, False, False,  ..., False, False, False],
         [False, False, False,  ..., False, False, False],
         ...,
         [False, False, False,  ..., False, False, False],
         [False, False, False,  ..., False, False, False],
         [False, False, False,  ..., False, False, False]],

        [[ True,  True,  True,  ..., False, False, False],
         [ True,  True,  True,  ..., False, False, False],
         [ True,  True,  True,  ..., False, False, False],
         ...,
         [ True,  True,  True,  ..., False, False, False],
         [ True,  True,  True,  ..., False, False, False],
         [ True,  True,  True,  ..., False, False, False]],

        [[False, False, False,  ..., False, False, False],
         [False, False, False,  ..., False, False, False],
         [False, False, False,  ..., False, False, False],
         ...,
         [False, False, False,  ..., False, False, False],
         [False, False, False,  ..., False, False, False],
         [False, False, False,  ..., False, False, False]]])])}
[02/28 06:21:51 mask2former.data.dataset_mappers.mask_former_semantic_dataset_mapper]: None
[02/28 06:21:51 mask2former.data.dataset_mappers.mask_former_semantic_dataset_mapper]: output dataset_dict: {'file_name': '/cpfs01/projects-HDD/pujianxiangmuzu_HDD/public/mr/./leftImg8bit_trainvaltest/leftImg8bit/train/ulm/ulm_000092_000019_leftImg8bit.png', 'width': 2048, 'height': 1024, 'image': tensor([[[83, 83, 82,  ..., 11, 10, 11],
         [83, 83, 82,  ..., 11, 10, 11],
         [82, 82, 82,  ..., 11, 11, 10],
         ...,
         [67, 67, 67,  ..., 62, 62, 63],
         [67, 67, 67,  ..., 62, 62, 63],
         [66, 66, 66,  ..., 63, 63, 64]],

        [[90, 90, 89,  ..., 19, 19, 20],
         [90, 90, 89,  ..., 19, 19, 20],
         [89, 89, 89,  ..., 20, 20, 20],
         ...,
         [76, 76, 76,  ..., 77, 78, 79],
         [76, 76, 76,  ..., 77, 78, 79],
         [75, 75, 75,  ..., 77, 78, 79]],

        [[74, 74, 75,  ..., 13, 13, 14],
         [74, 74, 75,  ..., 13, 13, 14],
         [75, 75, 76,  ..., 13, 13, 13],
         ...,
         [62, 62, 62,  ..., 64, 64, 64],
         [62, 62, 62,  ..., 64, 64, 64],
         [62, 61, 61,  ..., 64, 65, 65]]], dtype=torch.uint8), 'sem_seg': tensor([[  0,   0,   0,  ...,  13,  13,  13],
        [  0,   0,   0,  ...,  13,  13,  13],
        [  0,   0,   0,  ...,  13,  13,  13],
        ...,
        [255, 255, 255,  ...,   0,   0,   0],
        [255, 255, 255,  ...,   0,   0,   0],
        [255, 255, 255,  ...,   0,   0,   0]]), 'instances': Instances(num_instances=7, image_height=768, image_width=768, fields=[gt_classes: tensor([ 0, 13,  0, 13, 13, 13, 13]), gt_masks: tensor([[[ True,  True,  True,  ..., False, False, False],
         [ True,  True,  True,  ..., False, False, False],
         [ True,  True,  True,  ..., False, False, False],
         ...,
         [False, False, False,  ..., False, False, False],
         [False, False, False,  ..., False, False, False],
         [False, False, False,  ..., False, False, False]],

        [[False, False, False,  ..., False, False, False],
         [False, False, False,  ..., False, False, False],
         [False, False, False,  ..., False, False, False],
         ...,
         [False, False, False,  ..., False, False, False],
         [False, False, False,  ..., False, False, False],
         [False, False, False,  ..., False, False, False]],

        [[False, False, False,  ..., False, False, False],
         [False, False, False,  ..., False, False, False],
         [False, False, False,  ..., False, False, False],
         ...,
         [False, False, False,  ...,  True,  True,  True],
         [False, False, False,  ...,  True,  True,  True],
         [False, False, False,  ...,  True,  True,  True]],

        ...,

        [[False, False, False,  ...,  True,  True,  True],
         [False, False, False,  ...,  True,  True,  True],
         [False, False, False,  ...,  True,  True,  True],
         ...,
         [False, False, False,  ..., False, False, False],
         [False, False, False,  ..., False, False, False],
         [False, False, False,  ..., False, False, False]],

        [[False, False, False,  ..., False, False, False],
         [False, False, False,  ..., False, False, False],
         [False, False, False,  ..., False, False, False],
         ...,
         [False, False, False,  ..., False, False, False],
         [False, False, False,  ..., False, False, False],
         [False, False, False,  ..., False, False, False]],

        [[False, False, False,  ..., False, False, False],
         [False, False, False,  ..., False, False, False],
         [False, False, False,  ..., False, False, False],
         ...,
         [False, False, False,  ..., False, False, False],
         [False, False, False,  ..., False, False, False],
         [False, False, False,  ..., False, False, False]]])])}
[02/28 06:21:51 mask2former.data.dataset_mappers.mask_former_semantic_dataset_mapper]: None
[02/28 06:21:51 mask2former.data.dataset_mappers.mask_former_semantic_dataset_mapper]: output dataset_dict: {'file_name': '/cpfs01/projects-HDD/pujianxiangmuzu_HDD/public/mr/./leftImg8bit_trainvaltest/leftImg8bit/train/bremen/bremen_000054_000019_leftImg8bit.png', 'width': 2048, 'height': 1024, 'image': tensor([[[ 58,  54,  49,  ...,  98,  98,  98],
         [ 56,  52,  47,  ..., 100,  98,  96],
         [ 55,  50,  44,  ..., 103,  99,  98],
         ...,
         [ 74,  72,  72,  ...,  82,  79,  81],
         [ 76,  76,  73,  ...,  92,  94,  90],
         [ 79,  79,  78,  ...,  95,  96,  97]],

        [[ 63,  59,  56,  ..., 101, 101, 101],
         [ 61,  57,  53,  ..., 103, 102, 101],
         [ 60,  56,  51,  ..., 105, 103, 102],
         ...,
         [ 82,  80,  80,  ...,  90,  90,  91],
         [ 82,  82,  80,  ..., 101, 102, 101],
         [ 83,  83,  84,  ..., 105, 106, 107]],

        [[ 51,  47,  45,  ...,  87,  85,  85],
         [ 49,  46,  44,  ...,  88,  88,  87],
         [ 48,  45,  42,  ...,  90,  88,  88],
         ...,
         [ 67,  65,  67,  ...,  78,  76,  78],
         [ 67,  66,  65,  ...,  87,  88,  87],
         [ 67,  68,  68,  ...,  91,  93,  93]]], dtype=torch.uint8), 'sem_seg': tensor([[2, 2, 2,  ..., 2, 2, 2],
        [2, 2, 2,  ..., 2, 2, 2],
        [2, 2, 2,  ..., 2, 2, 2],
        ...,
        [1, 1, 1,  ..., 0, 0, 0],
        [1, 1, 1,  ..., 0, 0, 0],
        [1, 1, 1,  ..., 0, 0, 0]]), 'instances': Instances(num_instances=26, image_height=768, image_width=768, fields=[gt_classes: tensor([0, 1, 2, 1, 2, 1, 2, 1, 1, 2, 2, 2, 2, 2, 2, 2, 2, 2, 2, 2, 2, 2, 2, 2,
        2, 2]), gt_masks: tensor([[[False, False, False,  ..., False, False, False],
         [False, False, False,  ..., False, False, False],
         [False, False, False,  ..., False, False, False],
         ...,
         [False, False, False,  ...,  True,  True,  True],
         [False, False, False,  ...,  True,  True,  True],
         [False, False, False,  ...,  True,  True,  True]],

        [[False, False, False,  ..., False, False, False],
         [False, False, False,  ..., False, False, False],
         [False, False, False,  ..., False, False, False],
         ...,
         [False, False, False,  ..., False, False, False],
         [False, False, False,  ..., False, False, False],
         [False, False, False,  ..., False, False, False]],

        [[False, False, False,  ..., False, False, False],
         [False, False, False,  ..., False, False, False],
         [False, False, False,  ..., False, False, False],
         ...,
         [False, False, False,  ..., False, False, False],
         [False, False, False,  ..., False, False, False],
         [False, False, False,  ..., False, False, False]],

        ...,

        [[ True,  True,  True,  ..., False, False, False],
         [ True,  True,  True,  ..., False, False, False],
         [ True,  True,  True,  ..., False, False, False],
         ...,
         [False, False, False,  ..., False, False, False],
         [False, False, False,  ..., False, False, False],
         [False, False, False,  ..., False, False, False]],

        [[False, False, False,  ..., False, False, False],
         [False, False, False,  ..., False, False, False],
         [False, False, False,  ..., False, False, False],
         ...,
         [False, False, False,  ..., False, False, False],
         [False, False, False,  ..., False, False, False],
         [False, False, False,  ..., False, False, False]],

        [[False, False, False,  ..., False, False, False],
         [False, False, False,  ..., False, False, False],
         [False, False, False,  ..., False, False, False],
         ...,
         [False, False, False,  ..., False, False, False],
         [False, False, False,  ..., False, False, False],
         [False, False, False,  ..., False, False, False]]])])}
[02/28 06:21:51 mask2former.data.dataset_mappers.mask_former_semantic_dataset_mapper]: None
[02/28 06:21:52 mask2former.data.dataset_mappers.mask_former_semantic_dataset_mapper]: output dataset_dict: {'file_name': '/cpfs01/projects-HDD/pujianxiangmuzu_HDD/public/mr/./leftImg8bit_trainvaltest/leftImg8bit/train/bremen/bremen_000287_000019_leftImg8bit.png', 'width': 2048, 'height': 1024, 'image': tensor([[[ 10,  15,  15,  ..., 211, 210, 211],
         [  4,   6,   3,  ..., 211, 211, 211],
         [  0,   2,   1,  ..., 211, 211, 211],
         ...,
         [ 12,  12,  12,  ...,  54,  56,  57],
         [ 11,  10,  10,  ...,  41,  43,  44],
         [ 10,  10,  10,  ...,  39,  41,  41]],

        [[ 20,  24,  20,  ..., 228, 228, 228],
         [ 14,  16,  14,  ..., 228, 228, 228],
         [  9,  11,  11,  ..., 228, 228, 228],
         ...,
         [ 21,  21,  22,  ...,  69,  71,  72],
         [ 21,  20,  22,  ...,  55,  57,  58],
         [ 20,  20,  21,  ...,  53,  55,  56]],

        [[  3,   8,   8,  ..., 228, 228, 228],
         [  0,   0,   0,  ..., 228, 226, 228],
         [  0,   0,   0,  ..., 226, 226, 228],
         ...,
         [ 13,  13,  13,  ...,  54,  55,  56],
         [ 13,  12,  13,  ...,  38,  40,  41],
         [ 12,  12,  12,  ...,  36,  38,  38]]], dtype=torch.uint8), 'sem_seg': tensor([[255, 255, 255,  ..., 255, 255, 255],
        [255, 255, 255,  ..., 255, 255, 255],
        [255, 255, 255,  ..., 255, 255, 255],
        ...,
        [255, 255, 255,  ...,   0,   0,   0],
        [255, 255, 255,  ..., 255, 255, 255],
        [255, 255, 255,  ..., 255, 255, 255]]), 'instances': Instances(num_instances=33, image_height=614, image_width=768, fields=[gt_classes: tensor([ 0,  1,  2,  3,  5,  6,  7,  8, 10, 11, 13, 15,  0,  3, 10, 15,  0,  8,
        13, 15,  2,  0,  0,  8,  0,  8,  8,  2,  8,  8,  8,  8,  8]), gt_masks: tensor([[[False, False, False,  ..., False, False, False],
         [False, False, False,  ..., False, False, False],
         [False, False, False,  ..., False, False, False],
         ...,
         [False, False, False,  ..., False, False, False],
         [False, False, False,  ..., False, False, False],
         [False, False, False,  ..., False, False, False]],

        [[False, False, False,  ..., False, False, False],
         [False, False, False,  ..., False, False, False],
         [False, False, False,  ..., False, False, False],
         ...,
         [False, False, False,  ..., False, False, False],
         [False, False, False,  ..., False, False, False],
         [False, False, False,  ..., False, False, False]],

        [[False, False, False,  ..., False, False, False],
         [False, False, False,  ..., False, False, False],
         [False, False, False,  ..., False, False, False],
         ...,
         [False, False, False,  ..., False, False, False],
         [False, False, False,  ..., False, False, False],
         [False, False, False,  ..., False, False, False]],

        ...,

        [[False, False, False,  ..., False, False, False],
         [False, False, False,  ..., False, False, False],
         [False, False, False,  ..., False, False, False],
         ...,
         [False, False, False,  ..., False, False, False],
         [False, False, False,  ..., False, False, False],
         [False, False, False,  ..., False, False, False]],

        [[False, False, False,  ..., False, False, False],
         [False, False, False,  ..., False, False, False],
         [False, False, False,  ..., False, False, False],
         ...,
         [False, False, False,  ..., False, False, False],
         [False, False, False,  ..., False, False, False],
         [False, False, False,  ..., False, False, False]],

        [[False, False, False,  ..., False, False, False],
         [False, False, False,  ..., False, False, False],
         [False, False, False,  ..., False, False, False],
         ...,
         [False, False, False,  ..., False, False, False],
         [False, False, False,  ..., False, False, False],
         [False, False, False,  ..., False, False, False]]])])}
[02/28 06:21:52 mask2former.data.dataset_mappers.mask_former_semantic_dataset_mapper]: None
[02/28 06:21:52 mask2former.data.dataset_mappers.mask_former_semantic_dataset_mapper]: output dataset_dict: {'file_name': '/cpfs01/projects-HDD/pujianxiangmuzu_HDD/public/mr/./leftImg8bit_trainvaltest/leftImg8bit/train/stuttgart/stuttgart_000118_000019_leftImg8bit.png', 'width': 2048, 'height': 1024, 'image': tensor([[[29, 28, 31,  ..., 52, 52, 50],
         [32, 33, 34,  ..., 52, 52, 50],
         [34, 36, 35,  ..., 50, 50, 50],
         ...,
         [35, 37, 35,  ...,  9,  9,  9],
         [35, 35, 35,  ...,  9,  9,  9],
         [37, 37, 37,  ..., 10, 10,  9]],

        [[34, 34, 34,  ..., 65, 65, 65],
         [35, 35, 34,  ..., 65, 65, 65],
         [36, 37, 34,  ..., 65, 65, 65],
         ...,
         [42, 42, 42,  ..., 13, 13, 13],
         [42, 42, 42,  ..., 13, 13, 13],
         [43, 43, 43,  ..., 14, 14, 13]],

        [[28, 29, 29,  ..., 58, 58, 57],
         [31, 31, 31,  ..., 58, 58, 57],
         [32, 32, 31,  ..., 57, 57, 57],
         ...,
         [37, 37, 37,  ..., 13, 11, 11],
         [37, 36, 36,  ..., 13, 13, 11],
         [38, 37, 37,  ..., 13, 13, 13]]], dtype=torch.uint8), 'sem_seg': tensor([[2, 2, 2,  ..., 2, 2, 2],
        [2, 2, 2,  ..., 2, 2, 2],
        [2, 2, 2,  ..., 2, 2, 2],
        ...,
        [0, 0, 0,  ..., 1, 1, 1],
        [0, 0, 0,  ..., 1, 1, 1],
        [0, 0, 0,  ..., 1, 1, 1]]), 'instances': Instances(num_instances=40, image_height=768, image_width=768, fields=[gt_classes: tensor([ 0,  1,  8, 13,  0,  1,  2, 13,  0,  1,  2,  2,  8,  2,  8,  1,  2,  8,
         8,  8, 13, 13, 13,  8,  8,  8, 13,  8, 13,  8, 13, 13, 13, 13,  8, 13,
        13, 13, 13, 13]), gt_masks: tensor([[[False, False, False,  ..., False, False, False],
         [False, False, False,  ..., False, False, False],
         [False, False, False,  ..., False, False, False],
         ...,
         [False, False, False,  ..., False, False, False],
         [False, False, False,  ..., False, False, False],
         [False, False, False,  ..., False, False, False]],

        [[False, False, False,  ..., False, False, False],
         [False, False, False,  ..., False, False, False],
         [False, False, False,  ..., False, False, False],
         ...,
         [False, False, False,  ...,  True,  True,  True],
         [False, False, False,  ...,  True,  True,  True],
         [False, False, False,  ...,  True,  True,  True]],

        [[False, False, False,  ..., False, False, False],
         [False, False, False,  ..., False, False, False],
         [False, False, False,  ..., False, False, False],
         ...,
         [False, False, False,  ..., False, False, False],
         [False, False, False,  ..., False, False, False],
         [False, False, False,  ..., False, False, False]],

        ...,

        [[False, False, False,  ..., False, False, False],
         [False, False, False,  ..., False, False, False],
         [False, False, False,  ..., False, False, False],
         ...,
         [False, False, False,  ..., False, False, False],
         [False, False, False,  ..., False, False, False],
         [False, False, False,  ..., False, False, False]],

        [[False, False, False,  ..., False, False, False],
         [False, False, False,  ..., False, False, False],
         [False, False, False,  ..., False, False, False],
         ...,
         [False, False, False,  ..., False, False, False],
         [False, False, False,  ..., False, False, False],
         [False, False, False,  ..., False, False, False]],

        [[False, False, False,  ..., False, False, False],
         [False, False, False,  ..., False, False, False],
         [False, False, False,  ..., False, False, False],
         ...,
         [False, False, False,  ..., False, False, False],
         [False, False, False,  ..., False, False, False],
         [False, False, False,  ..., False, False, False]]])])}
[02/28 06:21:52 mask2former.data.dataset_mappers.mask_former_semantic_dataset_mapper]: None
[02/28 06:21:52 mask2former.data.dataset_mappers.mask_former_semantic_dataset_mapper]: output dataset_dict: {'file_name': '/cpfs01/projects-HDD/pujianxiangmuzu_HDD/public/mr/./leftImg8bit_trainvaltest/leftImg8bit/train/krefeld/krefeld_000000_021000_leftImg8bit.png', 'width': 2048, 'height': 1024, 'image': tensor([[[55, 55, 55,  ..., 65, 45, 33],
         [53, 55, 55,  ..., 66, 47, 34],
         [53, 53, 55,  ..., 67, 47, 34],
         ...,
         [85, 86, 86,  ..., 78, 78, 79],
         [85, 86, 87,  ..., 77, 78, 79],
         [86, 86, 85,  ..., 77, 77, 78]],

        [[64, 64, 64,  ..., 70, 51, 39],
         [63, 64, 64,  ..., 72, 53, 42],
         [63, 63, 64,  ..., 74, 54, 42],
         ...,
         [94, 95, 97,  ..., 83, 84, 84],
         [93, 94, 95,  ..., 84, 85, 85],
         [93, 93, 93,  ..., 85, 85, 85]],

        [[57, 58, 59,  ..., 66, 47, 36],
         [57, 58, 59,  ..., 68, 49, 38],
         [58, 59, 59,  ..., 69, 50, 39],
         ...,
         [85, 85, 85,  ..., 73, 72, 72],
         [85, 85, 85,  ..., 73, 74, 76],
         [84, 84, 84,  ..., 74, 75, 76]]], dtype=torch.uint8), 'sem_seg': tensor([[  2,   2,   2,  ...,   2,   2,   2],
        [  2,   2,   2,  ...,   2,   2,   2],
        [  2,   2,   2,  ...,   2,   2,   2],
        ...,
        [  0,   0,   0,  ..., 255, 255, 255],
        [  0,   0,   0,  ..., 255, 255, 255],
        [  0,   0,   0,  ..., 255, 255, 255]]), 'instances': Instances(num_instances=30, image_height=768, image_width=768, fields=[gt_classes: tensor([ 0,  1,  2,  5,  7,  8, 11, 12, 13, 18,  0,  1,  5,  7, 12,  0,  5,  7,
        12,  0, 11,  8,  8, 11,  8,  8,  8,  2,  2,  2]), gt_masks: tensor([[[False, False, False,  ..., False, False, False],
         [False, False, False,  ..., False, False, False],
         [False, False, False,  ..., False, False, False],
         ...,
         [False, False, False,  ..., False, False, False],
         [False, False, False,  ..., False, False, False],
         [False, False, False,  ..., False, False, False]],

        [[False, False, False,  ..., False, False, False],
         [False, False, False,  ..., False, False, False],
         [False, False, False,  ..., False, False, False],
         ...,
         [False, False, False,  ..., False, False, False],
         [False, False, False,  ..., False, False, False],
         [False, False, False,  ..., False, False, False]],

        [[ True,  True,  True,  ...,  True,  True,  True],
         [ True,  True,  True,  ...,  True,  True,  True],
         [ True,  True,  True,  ...,  True,  True,  True],
         ...,
         [False, False, False,  ..., False, False, False],
         [False, False, False,  ..., False, False, False],
         [False, False, False,  ..., False, False, False]],

        ...,

        [[False, False, False,  ..., False, False, False],
         [False, False, False,  ..., False, False, False],
         [False, False, False,  ..., False, False, False],
         ...,
         [False, False, False,  ..., False, False, False],
         [False, False, False,  ..., False, False, False],
         [False, False, False,  ..., False, False, False]],

        [[False, False, False,  ..., False, False, False],
         [False, False, False,  ..., False, False, False],
         [False, False, False,  ..., False, False, False],
         ...,
         [False, False, False,  ..., False, False, False],
         [False, False, False,  ..., False, False, False],
         [False, False, False,  ..., False, False, False]],

        [[False, False, False,  ..., False, False, False],
         [False, False, False,  ..., False, False, False],
         [False, False, False,  ..., False, False, False],
         ...,
         [False, False, False,  ..., False, False, False],
         [False, False, False,  ..., False, False, False],
         [False, False, False,  ..., False, False, False]]])])}
[02/28 06:21:52 mask2former.data.dataset_mappers.mask_former_semantic_dataset_mapper]: None
[02/28 06:21:52 mask2former.data.dataset_mappers.mask_former_semantic_dataset_mapper]: output dataset_dict: {'file_name': '/cpfs01/projects-HDD/pujianxiangmuzu_HDD/public/mr/./leftImg8bit_trainvaltest/leftImg8bit/train/zurich/zurich_000081_000019_leftImg8bit.png', 'width': 2048, 'height': 1024, 'image': tensor([[[ 76,  81,  86,  ...,  44,  46,  46],
         [ 68,  62,  62,  ...,  44,  44,  44],
         [ 65,  65,  64,  ...,  47,  47,  46],
         ...,
         [ 60,  58,  60,  ...,  75,  72,  69],
         [ 60,  60,  61,  ...,  75,  69,  67],
         [ 57,  58,  61,  ...,  75,  71,  69]],

        [[104, 107, 111,  ...,  60,  61,  62],
         [ 92,  88,  86,  ...,  61,  61,  61],
         [ 76,  76,  76,  ...,  64,  62,  61],
         ...,
         [ 75,  74,  75,  ...,  92,  89,  88],
         [ 75,  75,  78,  ...,  95,  90,  89],
         [ 74,  75,  78,  ...,  95,  93,  93]],

        [[ 75,  71,  72,  ...,  48,  50,  51],
         [ 75,  62,  62,  ...,  51,  51,  50],
         [ 61,  61,  61,  ...,  55,  57,  53],
         ...,
         [ 64,  64,  65,  ...,  76,  74,  71],
         [ 65,  65,  68,  ...,  79,  76,  74],
         [ 64,  64,  68,  ...,  81,  81,  81]]], dtype=torch.uint8), 'sem_seg': tensor([[2, 2, 2,  ..., 2, 2, 2],
        [2, 2, 2,  ..., 2, 2, 2],
        [2, 2, 2,  ..., 2, 2, 2],
        ...,
        [0, 0, 0,  ..., 0, 0, 0],
        [0, 0, 0,  ..., 0, 0, 0],
        [0, 0, 0,  ..., 0, 0, 0]]), 'instances': Instances(num_instances=32, image_height=768, image_width=768, fields=[gt_classes: tensor([ 0,  1,  2,  4,  5,  6,  7,  8, 11,  0,  2,  8,  0,  2,  8,  2,  5,  8,
         2,  5,  0,  0,  0,  2,  8,  0,  8,  2,  2,  2,  2,  2]), gt_masks: tensor([[[False, False, False,  ..., False, False, False],
         [False, False, False,  ..., False, False, False],
         [False, False, False,  ..., False, False, False],
         ...,
         [ True,  True,  True,  ...,  True,  True,  True],
         [ True,  True,  True,  ...,  True,  True,  True],
         [ True,  True,  True,  ...,  True,  True,  True]],

        [[False, False, False,  ..., False, False, False],
         [False, False, False,  ..., False, False, False],
         [False, False, False,  ..., False, False, False],
         ...,
         [False, False, False,  ..., False, False, False],
         [False, False, False,  ..., False, False, False],
         [False, False, False,  ..., False, False, False]],

        [[False, False, False,  ..., False, False, False],
         [False, False, False,  ..., False, False, False],
         [False, False, False,  ..., False, False, False],
         ...,
         [False, False, False,  ..., False, False, False],
         [False, False, False,  ..., False, False, False],
         [False, False, False,  ..., False, False, False]],

        ...,

        [[False, False, False,  ..., False, False, False],
         [False, False, False,  ..., False, False, False],
         [False, False, False,  ..., False, False, False],
         ...,
         [False, False, False,  ..., False, False, False],
         [False, False, False,  ..., False, False, False],
         [False, False, False,  ..., False, False, False]],

        [[False, False, False,  ..., False, False, False],
         [False, False, False,  ..., False, False, False],
         [False, False, False,  ..., False, False, False],
         ...,
         [False, False, False,  ..., False, False, False],
         [False, False, False,  ..., False, False, False],
         [False, False, False,  ..., False, False, False]],

        [[False, False, False,  ..., False, False, False],
         [False, False, False,  ..., False, False, False],
         [False, False, False,  ..., False, False, False],
         ...,
         [False, False, False,  ..., False, False, False],
         [False, False, False,  ..., False, False, False],
         [False, False, False,  ..., False, False, False]]])])}
[02/28 06:21:52 mask2former.data.dataset_mappers.mask_former_semantic_dataset_mapper]: None
[02/28 06:21:52 mask2former.data.dataset_mappers.mask_former_semantic_dataset_mapper]: output dataset_dict: {'file_name': '/cpfs01/projects-HDD/pujianxiangmuzu_HDD/public/mr/./leftImg8bit_trainvaltest/leftImg8bit/train/bochum/bochum_000000_033056_leftImg8bit.png', 'width': 2048, 'height': 1024, 'image': tensor([[[ 44,  43,  44,  ...,  97,  95,  96],
         [ 44,  44,  45,  ...,  94,  92,  92],
         [ 44,  45,  47,  ...,  92,  88,  90],
         ...,
         [107, 107, 108,  ..., 102, 103, 104],
         [108, 108, 110,  ..., 104, 103, 104],
         [108, 108, 110,  ..., 103, 103, 105]],

        [[ 54,  53,  54,  ..., 106, 106, 106],
         [ 54,  54,  54,  ..., 105, 104, 105],
         [ 56,  54,  54,  ..., 102, 101, 104],
         ...,
         [122, 122, 122,  ..., 113, 112, 114],
         [124, 124, 124,  ..., 114, 113, 114],
         [124, 124, 124,  ..., 116, 114, 114]],

        [[ 45,  45,  47,  ...,  94,  94,  96],
         [ 45,  45,  45,  ...,  92,  92,  92],
         [ 44,  45,  45,  ...,  92,  90,  90],
         ...,
         [104, 104, 104,  ...,  96,  96,  98],
         [104, 104, 104,  ...,  98,  98,  98],
         [104, 104, 104,  ..., 100,  99,  99]]], dtype=torch.uint8), 'sem_seg': tensor([[2, 2, 2,  ..., 2, 2, 2],
        [2, 2, 2,  ..., 2, 2, 2],
        [2, 2, 2,  ..., 2, 2, 2],
        ...,
        [0, 0, 0,  ..., 0, 0, 0],
        [0, 0, 0,  ..., 0, 0, 0],
        [0, 0, 0,  ..., 0, 0, 0]]), 'instances': Instances(num_instances=16, image_height=768, image_width=768, fields=[gt_classes: tensor([ 0,  1,  2,  5,  6, 13,  0, 13,  0,  1,  0, 13,  2,  0,  2,  2]), gt_masks: tensor([[[False, False, False,  ..., False, False, False],
         [False, False, False,  ..., False, False, False],
         [False, False, False,  ..., False, False, False],
         ...,
         [False, False, False,  ..., False, False, False],
         [False, False, False,  ..., False, False, False],
         [False, False, False,  ..., False, False, False]],

        [[False, False, False,  ..., False, False, False],
         [False, False, False,  ..., False, False, False],
         [False, False, False,  ..., False, False, False],
         ...,
         [False, False, False,  ..., False, False, False],
         [False, False, False,  ..., False, False, False],
         [False, False, False,  ..., False, False, False]],

        [[ True,  True,  True,  ..., False, False, False],
         [ True,  True,  True,  ..., False, False, False],
         [ True,  True,  True,  ..., False, False, False],
         ...,
         [False, False, False,  ..., False, False, False],
         [False, False, False,  ..., False, False, False],
         [False, False, False,  ..., False, False, False]],

        ...,

        [[False, False, False,  ..., False, False, False],
         [False, False, False,  ..., False, False, False],
         [False, False, False,  ..., False, False, False],
         ...,
         [False, False, False,  ..., False, False, False],
         [False, False, False,  ..., False, False, False],
         [False, False, False,  ..., False, False, False]],

        [[False, False, False,  ..., False, False, False],
         [False, False, False,  ..., False, False, False],
         [False, False, False,  ..., False, False, False],
         ...,
         [False, False, False,  ..., False, False, False],
         [False, False, False,  ..., False, False, False],
         [False, False, False,  ..., False, False, False]],

        [[False, False, False,  ...,  True,  True,  True],
         [False, False, False,  ...,  True,  True,  True],
         [False, False, False,  ...,  True,  True,  True],
         ...,
         [False, False, False,  ..., False, False, False],
         [False, False, False,  ..., False, False, False],
         [False, False, False,  ..., False, False, False]]])])}
[02/28 06:21:52 mask2former.data.dataset_mappers.mask_former_semantic_dataset_mapper]: None
[02/28 06:21:52 mask2former.data.dataset_mappers.mask_former_semantic_dataset_mapper]: output dataset_dict: {'file_name': '/cpfs01/projects-HDD/pujianxiangmuzu_HDD/public/mr/./leftImg8bit_trainvaltest/leftImg8bit/train/erfurt/erfurt_000084_000019_leftImg8bit.png', 'width': 2048, 'height': 1024, 'image': tensor([[[ 12,  12,  12,  ..., 163, 165, 165],
         [ 12,  12,  12,  ..., 164, 167, 167],
         [ 12,  12,  12,  ..., 163, 163, 163],
         ...,
         [ 66,  64,  63,  ...,  89,  90,  90],
         [ 66,  65,  65,  ...,  85,  85,  85],
         [ 68,  68,  66,  ...,  84,  85,  85]],

        [[ 17,  17,  17,  ..., 171, 173, 173],
         [ 18,  18,  18,  ..., 173, 175, 175],
         [ 17,  17,  17,  ..., 173, 173, 173],
         ...,
         [ 80,  80,  79,  ...,  91,  91,  91],
         [ 80,  82,  82,  ...,  87,  88,  88],
         [ 82,  83,  83,  ...,  88,  90,  92]],

        [[ 12,  14,  14,  ..., 152, 151, 151],
         [ 12,  14,  14,  ..., 153, 153, 153],
         [ 12,  12,  12,  ..., 153, 153, 153],
         ...,
         [ 63,  63,  62,  ...,  71,  71,  71],
         [ 63,  63,  63,  ...,  67,  67,  67],
         [ 64,  65,  65,  ...,  67,  69,  71]]], dtype=torch.uint8), 'sem_seg': tensor([[4, 4, 4,  ..., 2, 2, 2],
        [4, 4, 4,  ..., 2, 2, 2],
        [4, 4, 4,  ..., 2, 2, 2],
        ...,
        [1, 1, 1,  ..., 0, 0, 0],
        [1, 1, 1,  ..., 0, 0, 0],
        [1, 1, 1,  ..., 0, 0, 0]]), 'instances': Instances(num_instances=27, image_height=768, image_width=768, fields=[gt_classes: tensor([0, 1, 2, 3, 4, 5, 7, 1, 2, 3, 4, 0, 1, 2, 3, 1, 3, 1, 3, 1, 3, 3, 2, 2,
        2, 2, 2]), gt_masks: tensor([[[False, False, False,  ..., False, False, False],
         [False, False, False,  ..., False, False, False],
         [False, False, False,  ..., False, False, False],
         ...,
         [False, False, False,  ..., False, False, False],
         [False, False, False,  ..., False, False, False],
         [False, False, False,  ..., False, False, False]],

        [[False, False, False,  ..., False, False, False],
         [False, False, False,  ..., False, False, False],
         [False, False, False,  ..., False, False, False],
         ...,
         [False, False, False,  ..., False, False, False],
         [False, False, False,  ..., False, False, False],
         [False, False, False,  ..., False, False, False]],

        [[False, False, False,  ..., False, False, False],
         [False, False, False,  ..., False, False, False],
         [False, False, False,  ..., False, False, False],
         ...,
         [False, False, False,  ..., False, False, False],
         [False, False, False,  ..., False, False, False],
         [False, False, False,  ..., False, False, False]],

        ...,

        [[False, False, False,  ..., False, False, False],
         [False, False, False,  ..., False, False, False],
         [False, False, False,  ..., False, False, False],
         ...,
         [False, False, False,  ..., False, False, False],
         [False, False, False,  ..., False, False, False],
         [False, False, False,  ..., False, False, False]],

        [[False, False, False,  ..., False, False, False],
         [False, False, False,  ..., False, False, False],
         [False, False, False,  ..., False, False, False],
         ...,
         [False, False, False,  ..., False, False, False],
         [False, False, False,  ..., False, False, False],
         [False, False, False,  ..., False, False, False]],

        [[False, False, False,  ..., False, False, False],
         [False, False, False,  ..., False, False, False],
         [False, False, False,  ..., False, False, False],
         ...,
         [False, False, False,  ..., False, False, False],
         [False, False, False,  ..., False, False, False],
         [False, False, False,  ..., False, False, False]]])])}
[02/28 06:21:52 mask2former.data.dataset_mappers.mask_former_semantic_dataset_mapper]: None
[02/28 06:21:53 mask2former.data.dataset_mappers.mask_former_semantic_dataset_mapper]: output dataset_dict: {'file_name': '/cpfs01/projects-HDD/pujianxiangmuzu_HDD/public/mr/./leftImg8bit_trainvaltest/leftImg8bit/train/bochum/bochum_000000_023435_leftImg8bit.png', 'width': 2048, 'height': 1024, 'image': tensor([[[49, 51, 52,  ..., 29, 31, 29],
         [48, 51, 52,  ..., 30, 30, 31],
         [47, 50, 52,  ..., 32, 34, 35],
         ...,
         [71, 72, 72,  ..., 54, 54, 55],
         [74, 73, 72,  ..., 51, 52, 52],
         [74, 74, 73,  ..., 48, 46, 48]],

        [[59, 61, 60,  ..., 35, 36, 35],
         [60, 61, 60,  ..., 35, 36, 37],
         [60, 61, 60,  ..., 37, 39, 42],
         ...,
         [83, 84, 84,  ..., 67, 67, 67],
         [85, 84, 84,  ..., 63, 62, 62],
         [86, 85, 84,  ..., 58, 57, 57]],

        [[52, 56, 55,  ..., 24, 25, 24],
         [52, 56, 55,  ..., 24, 24, 26],
         [48, 54, 56,  ..., 25, 27, 29],
         ...,
         [75, 74, 74,  ..., 56, 56, 57],
         [77, 75, 74,  ..., 52, 53, 53],
         [78, 76, 75,  ..., 50, 48, 50]]], dtype=torch.uint8), 'sem_seg': tensor([[255, 255, 255,  ...,   2,   2,   2],
        [255, 255, 255,  ...,   2,   2,   2],
        [255, 255, 255,  ...,   2,   2,   2],
        ...,
        [255, 255, 255,  ...,   0,   0,   0],
        [255, 255, 255,  ...,   0,   0,   0],
        [255, 255, 255,  ..., 255, 255, 255]]), 'instances': Instances(num_instances=33, image_height=768, image_width=768, fields=[gt_classes: tensor([ 0,  2,  5,  7,  8,  9, 13,  8,  2,  8,  8,  2,  8,  2, 13,  2, 13,  2,
        13,  2,  2,  2,  2,  2, 13, 13, 13, 13, 13, 13, 13, 13, 13]), gt_masks: tensor([[[False, False, False,  ..., False, False, False],
         [False, False, False,  ..., False, False, False],
         [False, False, False,  ..., False, False, False],
         ...,
         [False, False, False,  ...,  True,  True,  True],
         [False, False, False,  ...,  True,  True,  True],
         [False, False, False,  ..., False, False, False]],

        [[False, False, False,  ..., False, False, False],
         [False, False, False,  ..., False, False, False],
         [False, False, False,  ..., False, False, False],
         ...,
         [False, False, False,  ..., False, False, False],
         [False, False, False,  ..., False, False, False],
         [False, False, False,  ..., False, False, False]],

        [[False, False, False,  ..., False, False, False],
         [False, False, False,  ..., False, False, False],
         [False, False, False,  ..., False, False, False],
         ...,
         [False, False, False,  ..., False, False, False],
         [False, False, False,  ..., False, False, False],
         [False, False, False,  ..., False, False, False]],

        ...,

        [[False, False, False,  ..., False, False, False],
         [False, False, False,  ..., False, False, False],
         [False, False, False,  ..., False, False, False],
         ...,
         [False, False, False,  ..., False, False, False],
         [False, False, False,  ..., False, False, False],
         [False, False, False,  ..., False, False, False]],

        [[False, False, False,  ..., False, False, False],
         [False, False, False,  ..., False, False, False],
         [False, False, False,  ..., False, False, False],
         ...,
         [False, False, False,  ..., False, False, False],
         [False, False, False,  ..., False, False, False],
         [False, False, False,  ..., False, False, False]],

        [[False, False, False,  ..., False, False, False],
         [False, False, False,  ..., False, False, False],
         [False, False, False,  ..., False, False, False],
         ...,
         [False, False, False,  ..., False, False, False],
         [False, False, False,  ..., False, False, False],
         [False, False, False,  ..., False, False, False]]])])}
[02/28 06:21:53 mask2former.data.dataset_mappers.mask_former_semantic_dataset_mapper]: None
[02/28 06:21:53 mask2former.data.dataset_mappers.mask_former_semantic_dataset_mapper]: output dataset_dict: {'file_name': '/cpfs01/projects-HDD/pujianxiangmuzu_HDD/public/mr/./leftImg8bit_trainvaltest/leftImg8bit/train/strasbourg/strasbourg_000000_029915_leftImg8bit.png', 'width': 2048, 'height': 1024, 'image': tensor([[[25, 20, 13,  ...,  0,  0,  0],
         [26, 23, 16,  ...,  0,  0,  0],
         [29, 26, 20,  ...,  0,  0,  0],
         ...,
         [48, 48, 48,  ..., 18, 18, 18],
         [49, 49, 49,  ..., 18, 18, 18],
         [50, 50, 50,  ..., 17, 18, 18]],

        [[26, 22, 16,  ...,  0,  0,  0],
         [28, 25, 19,  ...,  0,  0,  0],
         [31, 28, 24,  ...,  0,  0,  0],
         ...,
         [51, 51, 52,  ..., 22, 22, 22],
         [52, 52, 52,  ..., 22, 22, 22],
         [53, 53, 53,  ..., 22, 22, 22]],

        [[13, 10,  7,  ...,  0,  0,  0],
         [17, 11,  9,  ...,  0,  0,  0],
         [17, 15,  9,  ...,  0,  0,  0],
         ...,
         [40, 40, 38,  ..., 15, 15, 15],
         [37, 37, 37,  ..., 15, 15, 15],
         [39, 39, 39,  ..., 15, 15, 15]]], dtype=torch.uint8), 'sem_seg': tensor([[ 17,  17,  17,  ...,  17,  17,  17],
        [ 17,  17,  17,  ...,  17,  17,  17],
        [ 17,  17,  17,  ...,  17,  17,  17],
        ...,
        [255, 255, 255,  ..., 255, 255, 255],
        [255, 255, 255,  ..., 255, 255, 255],
        [255, 255, 255,  ..., 255, 255, 255]]), 'instances': Instances(num_instances=13, image_height=768, image_width=768, fields=[gt_classes: tensor([ 0,  1,  2,  5, 11, 17,  0, 17, 17,  5, 17, 17, 17]), gt_masks: tensor([[[False, False, False,  ..., False, False, False],
         [False, False, False,  ..., False, False, False],
         [False, False, False,  ..., False, False, False],
         ...,
         [False, False, False,  ..., False, False, False],
         [False, False, False,  ..., False, False, False],
         [False, False, False,  ..., False, False, False]],

        [[False, False, False,  ..., False, False, False],
         [False, False, False,  ..., False, False, False],
         [False, False, False,  ..., False, False, False],
         ...,
         [False, False, False,  ..., False, False, False],
         [False, False, False,  ..., False, False, False],
         [False, False, False,  ..., False, False, False]],

        [[False, False, False,  ..., False, False, False],
         [False, False, False,  ..., False, False, False],
         [False, False, False,  ..., False, False, False],
         ...,
         [False, False, False,  ..., False, False, False],
         [False, False, False,  ..., False, False, False],
         [False, False, False,  ..., False, False, False]],

        ...,

        [[False, False, False,  ..., False, False, False],
         [False, False, False,  ..., False, False, False],
         [False, False, False,  ..., False, False, False],
         ...,
         [False, False, False,  ..., False, False, False],
         [False, False, False,  ..., False, False, False],
         [False, False, False,  ..., False, False, False]],

        [[ True,  True,  True,  ..., False, False, False],
         [ True,  True,  True,  ..., False, False, False],
         [ True,  True,  True,  ..., False, False, False],
         ...,
         [False, False, False,  ..., False, False, False],
         [False, False, False,  ..., False, False, False],
         [False, False, False,  ..., False, False, False]],

        [[False, False, False,  ..., False, False, False],
         [False, False, False,  ..., False, False, False],
         [False, False, False,  ..., False, False, False],
         ...,
         [False, False, False,  ..., False, False, False],
         [False, False, False,  ..., False, False, False],
         [False, False, False,  ..., False, False, False]]])])}
[02/28 06:21:53 mask2former.data.dataset_mappers.mask_former_semantic_dataset_mapper]: None
[02/28 06:21:54 mask2former.data.dataset_mappers.mask_former_semantic_dataset_mapper]: output dataset_dict: {'file_name': '/cpfs01/projects-HDD/pujianxiangmuzu_HDD/public/mr/./leftImg8bit_trainvaltest/leftImg8bit/train/bremen/bremen_000250_000019_leftImg8bit.png', 'width': 2048, 'height': 1024, 'image': tensor([[[ 23,  17,  11,  ..., 155, 154, 154],
         [ 37,  31,  26,  ..., 154, 152, 153],
         [ 53,  47,  41,  ..., 154, 153, 153],
         ...,
         [ 16,  15,  16,  ...,  28,  28,  29],
         [ 15,  15,  15,  ...,  30,  29,  30],
         [ 16,  16,  16,  ...,  30,  30,  30]],

        [[ 36,  29,  22,  ..., 173, 173, 173],
         [ 55,  48,  40,  ..., 173, 172, 172],
         [ 71,  65,  58,  ..., 174, 172, 172],
         ...,
         [ 28,  27,  28,  ...,  38,  39,  39],
         [ 28,  28,  28,  ...,  39,  38,  39],
         [ 28,  28,  28,  ...,  39,  39,  39]],

        [[ 22,  17,  11,  ..., 171, 171, 170],
         [ 40,  33,  26,  ..., 171, 170, 169],
         [ 56,  50,  43,  ..., 170, 169, 168],
         ...,
         [ 21,  18,  19,  ...,  29,  31,  31],
         [ 20,  19,  19,  ...,  30,  29,  31],
         [ 19,  19,  18,  ...,  30,  30,  31]]], dtype=torch.uint8), 'sem_seg': tensor([[  2,   2,   2,  ...,  10,  10,  10],
        [  2,   2,   2,  ...,  10,  10,  10],
        [  2,   2,   2,  ...,  10,  10,  10],
        ...,
        [  0,   0,   0,  ..., 255, 255, 255],
        [  0,   0,   0,  ..., 255, 255, 255],
        [  0,   0,   0,  ..., 255, 255, 255]]), 'instances': Instances(num_instances=47, image_height=768, image_width=768, fields=[gt_classes: tensor([ 0,  1,  2,  5,  6,  7,  8,  9, 10, 11, 12, 13, 18,  0,  1,  2, 10, 13,
         0, 10, 13,  0,  2,  8,  0,  2, 13,  0,  0, 13,  2, 13, 13,  0, 13,  0,
         2,  2,  2,  2,  2,  2,  2,  2,  2,  2,  2]), gt_masks: tensor([[[False, False, False,  ..., False, False, False],
         [False, False, False,  ..., False, False, False],
         [False, False, False,  ..., False, False, False],
         ...,
         [False, False, False,  ..., False, False, False],
         [False, False, False,  ..., False, False, False],
         [False, False, False,  ..., False, False, False]],

        [[False, False, False,  ..., False, False, False],
         [False, False, False,  ..., False, False, False],
         [False, False, False,  ..., False, False, False],
         ...,
         [False, False, False,  ..., False, False, False],
         [False, False, False,  ..., False, False, False],
         [False, False, False,  ..., False, False, False]],

        [[False, False, False,  ..., False, False, False],
         [False, False, False,  ..., False, False, False],
         [False, False, False,  ..., False, False, False],
         ...,
         [False, False, False,  ..., False, False, False],
         [False, False, False,  ..., False, False, False],
         [False, False, False,  ..., False, False, False]],

        ...,

        [[False, False, False,  ..., False, False, False],
         [False, False, False,  ..., False, False, False],
         [False, False, False,  ..., False, False, False],
         ...,
         [False, False, False,  ..., False, False, False],
         [False, False, False,  ..., False, False, False],
         [False, False, False,  ..., False, False, False]],

        [[False, False, False,  ..., False, False, False],
         [False, False, False,  ..., False, False, False],
         [False, False, False,  ..., False, False, False],
         ...,
         [False, False, False,  ..., False, False, False],
         [False, False, False,  ..., False, False, False],
         [False, False, False,  ..., False, False, False]],

        [[False, False, False,  ..., False, False, False],
         [False, False, False,  ..., False, False, False],
         [False, False, False,  ..., False, False, False],
         ...,
         [False, False, False,  ..., False, False, False],
         [False, False, False,  ..., False, False, False],
         [False, False, False,  ..., False, False, False]]])])}
[02/28 06:21:54 mask2former.data.dataset_mappers.mask_former_semantic_dataset_mapper]: None
[02/28 06:21:54 mask2former.data.dataset_mappers.mask_former_semantic_dataset_mapper]: output dataset_dict: {'file_name': '/cpfs01/projects-HDD/pujianxiangmuzu_HDD/public/mr/./leftImg8bit_trainvaltest/leftImg8bit/train/hamburg/hamburg_000000_085982_leftImg8bit.png', 'width': 2048, 'height': 1024, 'image': tensor([[[ 34,  37,  37,  ..., 225, 240, 255],
         [ 21,  23,  23,  ..., 219, 236, 255],
         [ 18,  18,  19,  ..., 219, 237, 255],
         ...,
         [ 71,  70,  69,  ..., 150, 148, 144],
         [ 70,  69,  66,  ..., 151, 147, 148],
         [ 58,  57,  55,  ..., 147, 140, 146]],

        [[ 45,  45,  45,  ..., 236, 244, 255],
         [ 33,  34,  34,  ..., 231, 241, 255],
         [ 31,  33,  33,  ..., 228, 240, 255],
         ...,
         [ 79,  78,  79,  ..., 155, 154, 154],
         [ 75,  74,  75,  ..., 155, 156, 159],
         [ 63,  62,  63,  ..., 155, 160, 171]],

        [[ 38,  39,  39,  ..., 231, 236, 255],
         [ 23,  25,  23,  ..., 225, 235, 255],
         [ 23,  23,  23,  ..., 224, 236, 255],
         ...,
         [ 65,  65,  65,  ..., 139, 138, 135],
         [ 61,  61,  61,  ..., 139, 139, 146],
         [ 50,  49,  50,  ..., 140, 147, 160]]], dtype=torch.uint8), 'sem_seg': tensor([[255, 255, 255,  ...,   2,   2,   2],
        [255, 255, 255,  ...,   2,   2,   2],
        [255, 255, 255,  ...,   2,   2,   2],
        ...,
        [255, 255, 255,  ...,  13,  13,  13],
        [255, 255, 255,  ...,  13,  13,  13],
        [255, 255, 255,  ...,  13,  13,  13]]), 'instances': Instances(num_instances=23, image_height=768, image_width=768, fields=[gt_classes: tensor([ 1,  2,  5,  6,  8, 11, 13,  2,  6, 13,  2, 13, 13, 13, 13,  2,  2, 13,
        13,  2, 13, 13, 13]), gt_masks: tensor([[[False, False, False,  ..., False, False, False],
         [False, False, False,  ..., False, False, False],
         [False, False, False,  ..., False, False, False],
         ...,
         [False, False, False,  ..., False, False, False],
         [False, False, False,  ..., False, False, False],
         [False, False, False,  ..., False, False, False]],

        [[False, False, False,  ..., False, False, False],
         [False, False, False,  ..., False, False, False],
         [False, False, False,  ..., False, False, False],
         ...,
         [False, False, False,  ..., False, False, False],
         [False, False, False,  ..., False, False, False],
         [False, False, False,  ..., False, False, False]],

        [[False, False, False,  ..., False, False, False],
         [False, False, False,  ..., False, False, False],
         [False, False, False,  ..., False, False, False],
         ...,
         [False, False, False,  ..., False, False, False],
         [False, False, False,  ..., False, False, False],
         [False, False, False,  ..., False, False, False]],

        ...,

        [[False, False, False,  ..., False, False, False],
         [False, False, False,  ..., False, False, False],
         [False, False, False,  ..., False, False, False],
         ...,
         [False, False, False,  ..., False, False, False],
         [False, False, False,  ..., False, False, False],
         [False, False, False,  ..., False, False, False]],

        [[False, False, False,  ..., False, False, False],
         [False, False, False,  ..., False, False, False],
         [False, False, False,  ..., False, False, False],
         ...,
         [False, False, False,  ..., False, False, False],
         [False, False, False,  ..., False, False, False],
         [False, False, False,  ..., False, False, False]],

        [[False, False, False,  ..., False, False, False],
         [False, False, False,  ..., False, False, False],
         [False, False, False,  ..., False, False, False],
         ...,
         [False, False, False,  ..., False, False, False],
         [False, False, False,  ..., False, False, False],
         [False, False, False,  ..., False, False, False]]])])}
[02/28 06:21:54 mask2former.data.dataset_mappers.mask_former_semantic_dataset_mapper]: None
[02/28 06:21:54 mask2former.data.dataset_mappers.mask_former_semantic_dataset_mapper]: output dataset_dict: {'file_name': '/cpfs01/projects-HDD/pujianxiangmuzu_HDD/public/mr/./leftImg8bit_trainvaltest/leftImg8bit/train/zurich/zurich_000013_000019_leftImg8bit.png', 'width': 2048, 'height': 1024, 'image': tensor([[[ 50,  51,  50,  ...,  34,  34,  34],
         [ 49,  52,  52,  ...,  36,  37,  36],
         [ 48,  50,  50,  ...,  38,  39,  38],
         ...,
         [ 97,  99,  98,  ...,  66,  66,  66],
         [ 99,  98,  96,  ...,  67,  65,  66],
         [ 95,  94,  96,  ...,  67,  67,  68]],

        [[ 69,  68,  66,  ...,  47,  47,  46],
         [ 68,  69,  68,  ...,  49,  49,  48],
         [ 66,  67,  67,  ...,  52,  51,  50],
         ...,
         [114, 115, 114,  ...,  82,  82,  82],
         [115, 113, 112,  ...,  81,  81,  82],
         [112, 111, 112,  ...,  81,  81,  82]],

        [[ 58,  55,  52,  ...,  34,  33,  30],
         [ 58,  56,  55,  ...,  33,  32,  32],
         [ 56,  55,  55,  ...,  35,  35,  34],
         ...,
         [ 92,  95,  94,  ...,  69,  69,  68],
         [ 96,  95,  92,  ...,  70,  68,  68],
         [ 97,  94,  93,  ...,  68,  68,  69]]], dtype=torch.uint8), 'sem_seg': tensor([[8, 8, 8,  ..., 8, 8, 8],
        [8, 8, 8,  ..., 8, 8, 8],
        [8, 8, 8,  ..., 8, 8, 8],
        ...,
        [0, 0, 0,  ..., 0, 0, 0],
        [0, 0, 0,  ..., 0, 0, 0],
        [0, 0, 0,  ..., 0, 0, 0]]), 'instances': Instances(num_instances=35, image_height=768, image_width=768, fields=[gt_classes: tensor([ 0,  1,  2,  5,  6,  7,  8, 11, 13,  0,  1,  2,  6,  7,  8, 11, 13,  1,
         2,  7,  8, 13,  0,  2,  6,  8,  0,  8,  8,  0,  0,  8,  0,  8,  8]), gt_masks: tensor([[[False, False, False,  ..., False, False, False],
         [False, False, False,  ..., False, False, False],
         [False, False, False,  ..., False, False, False],
         ...,
         [False, False, False,  ..., False, False, False],
         [False, False, False,  ..., False, False, False],
         [False, False, False,  ..., False, False, False]],

        [[False, False, False,  ..., False, False, False],
         [False, False, False,  ..., False, False, False],
         [False, False, False,  ..., False, False, False],
         ...,
         [False, False, False,  ..., False, False, False],
         [False, False, False,  ..., False, False, False],
         [False, False, False,  ..., False, False, False]],

        [[False, False, False,  ..., False, False, False],
         [False, False, False,  ..., False, False, False],
         [False, False, False,  ..., False, False, False],
         ...,
         [False, False, False,  ..., False, False, False],
         [False, False, False,  ..., False, False, False],
         [False, False, False,  ..., False, False, False]],

        ...,

        [[False, False, False,  ..., False, False, False],
         [False, False, False,  ..., False, False, False],
         [False, False, False,  ..., False, False, False],
         ...,
         [False, False, False,  ..., False, False, False],
         [False, False, False,  ..., False, False, False],
         [False, False, False,  ..., False, False, False]],

        [[False, False, False,  ..., False, False, False],
         [False, False, False,  ..., False, False, False],
         [False, False, False,  ..., False, False, False],
         ...,
         [False, False, False,  ..., False, False, False],
         [False, False, False,  ..., False, False, False],
         [False, False, False,  ..., False, False, False]],

        [[ True,  True,  True,  ..., False, False, False],
         [ True,  True,  True,  ..., False, False, False],
         [ True,  True,  True,  ..., False, False, False],
         ...,
         [False, False, False,  ..., False, False, False],
         [False, False, False,  ..., False, False, False],
         [False, False, False,  ..., False, False, False]]])])}
[02/28 06:21:54 mask2former.data.dataset_mappers.mask_former_semantic_dataset_mapper]: None
[02/28 06:21:54 mask2former.data.dataset_mappers.mask_former_semantic_dataset_mapper]: output dataset_dict: {'file_name': '/cpfs01/projects-HDD/pujianxiangmuzu_HDD/public/mr/./leftImg8bit_trainvaltest/leftImg8bit/train/stuttgart/stuttgart_000083_000019_leftImg8bit.png', 'width': 2048, 'height': 1024, 'image': tensor([[[23, 15,  5,  ...,  0,  0,  0],
         [22, 14,  5,  ...,  0,  0,  0],
         [18, 11,  3,  ...,  0,  0,  0],
         ...,
         [ 0,  0,  0,  ..., 80, 82, 79],
         [ 0,  0,  0,  ..., 76, 80, 79],
         [ 0,  0,  0,  ..., 75, 79, 79]],

        [[36, 27, 16,  ...,  2,  1,  8],
         [35, 26, 15,  ...,  3,  1,  8],
         [30, 23, 14,  ...,  3,  0,  9],
         ...,
         [ 4,  3,  2,  ..., 90, 93, 92],
         [ 3,  3,  2,  ..., 87, 93, 94],
         [ 3,  2,  2,  ..., 85, 92, 93]],

        [[28, 18,  9,  ...,  0,  0,  1],
         [26, 18,  9,  ...,  0,  0,  0],
         [23, 16,  9,  ...,  0,  0,  2],
         ...,
         [ 2,  1,  1,  ..., 72, 73, 71],
         [ 2,  1,  1,  ..., 68, 72, 71],
         [ 1,  1,  1,  ..., 67, 71, 70]]], dtype=torch.uint8), 'sem_seg': tensor([[255, 255, 255,  ..., 255, 255, 255],
        [255, 255, 255,  ..., 255, 255, 255],
        [255, 255, 255,  ..., 255, 255, 255],
        ...,
        [255, 255, 255,  ...,   0,   0,   0],
        [255, 255, 255,  ..., 255, 255, 255],
        [255, 255, 255,  ..., 255, 255, 255]]), 'instances': Instances(num_instances=57, image_height=512, image_width=768, fields=[gt_classes: tensor([ 0,  1,  2,  5,  7,  8,  9, 10, 11, 13, 14, 17,  0,  1,  2,  5,  8,  9,
        10, 13, 14, 17,  1,  2,  5,  8,  9, 10, 13,  1,  2,  8, 13,  1,  2,  8,
         1,  2,  8,  2,  8, 13,  2, 13,  2,  2, 13,  2,  2,  2, 13,  2, 13,  2,
        13,  2,  2]), gt_masks: tensor([[[False, False, False,  ..., False, False, False],
         [False, False, False,  ..., False, False, False],
         [False, False, False,  ..., False, False, False],
         ...,
         [False, False, False,  ..., False, False, False],
         [False, False, False,  ..., False, False, False],
         [False, False, False,  ..., False, False, False]],

        [[False, False, False,  ..., False, False, False],
         [False, False, False,  ..., False, False, False],
         [False, False, False,  ..., False, False, False],
         ...,
         [False, False, False,  ..., False, False, False],
         [False, False, False,  ..., False, False, False],
         [False, False, False,  ..., False, False, False]],

        [[False, False, False,  ..., False, False, False],
         [False, False, False,  ..., False, False, False],
         [False, False, False,  ..., False, False, False],
         ...,
         [False, False, False,  ..., False, False, False],
         [False, False, False,  ..., False, False, False],
         [False, False, False,  ..., False, False, False]],

        ...,

        [[False, False, False,  ..., False, False, False],
         [False, False, False,  ..., False, False, False],
         [False, False, False,  ..., False, False, False],
         ...,
         [False, False, False,  ..., False, False, False],
         [False, False, False,  ..., False, False, False],
         [False, False, False,  ..., False, False, False]],

        [[False, False, False,  ..., False, False, False],
         [False, False, False,  ..., False, False, False],
         [False, False, False,  ..., False, False, False],
         ...,
         [False, False, False,  ..., False, False, False],
         [False, False, False,  ..., False, False, False],
         [False, False, False,  ..., False, False, False]],

        [[False, False, False,  ..., False, False, False],
         [False, False, False,  ..., False, False, False],
         [False, False, False,  ..., False, False, False],
         ...,
         [False, False, False,  ..., False, False, False],
         [False, False, False,  ..., False, False, False],
         [False, False, False,  ..., False, False, False]]])])}
[02/28 06:21:54 mask2former.data.dataset_mappers.mask_former_semantic_dataset_mapper]: None
[02/28 06:21:54 mask2former.data.dataset_mappers.mask_former_semantic_dataset_mapper]: output dataset_dict: {'file_name': '/cpfs01/projects-HDD/pujianxiangmuzu_HDD/public/mr/./leftImg8bit_trainvaltest/leftImg8bit/train/bremen/bremen_000193_000019_leftImg8bit.png', 'width': 2048, 'height': 1024, 'image': tensor([[[ 22,  22,  22,  ..., 211, 208, 208],
         [ 23,  21,  16,  ..., 212, 210, 211],
         [ 22,  21,  22,  ..., 212, 210, 211],
         ...,
         [ 42,  43,  42,  ...,  43,  43,  43],
         [ 42,  42,  40,  ...,  44,  44,  45],
         [ 42,  42,  41,  ...,  44,  45,  45]],

        [[ 27,  28,  29,  ..., 224, 222, 222],
         [ 28,  28,  24,  ..., 224, 221, 222],
         [ 27,  27,  27,  ..., 222, 220, 222],
         ...,
         [ 52,  52,  51,  ...,  50,  50,  50],
         [ 52,  51,  50,  ...,  51,  52,  52],
         [ 51,  51,  50,  ...,  52,  53,  53]],

        [[ 22,  23,  23,  ..., 218, 216, 215],
         [ 23,  23,  19,  ..., 219, 217, 216],
         [ 22,  24,  24,  ..., 218, 216, 215],
         ...,
         [ 44,  44,  44,  ...,  43,  42,  43],
         [ 44,  43,  41,  ...,  44,  44,  44],
         [ 44,  43,  42,  ...,  45,  46,  45]]], dtype=torch.uint8), 'sem_seg': tensor([[ 8,  8,  8,  ..., 10, 10, 10],
        [ 8,  8,  8,  ..., 10, 10, 10],
        [ 8,  8,  8,  ..., 10, 10, 10],
        ...,
        [ 0,  0,  0,  ...,  0,  0,  0],
        [ 0,  0,  0,  ...,  0,  0,  0],
        [ 0,  0,  0,  ...,  0,  0,  0]]), 'instances': Instances(num_instances=36, image_height=768, image_width=768, fields=[gt_classes: tensor([ 0,  1,  2,  5,  6,  7,  8,  9, 10, 11, 13,  0,  1,  8, 10,  0,  1,  8,
        10,  0,  1,  8,  0,  1,  8, 13,  0,  8, 13, 13,  2,  8,  2,  2, 13, 13]), gt_masks: tensor([[[False, False, False,  ..., False, False, False],
         [False, False, False,  ..., False, False, False],
         [False, False, False,  ..., False, False, False],
         ...,
         [False, False, False,  ..., False, False, False],
         [False, False, False,  ..., False, False, False],
         [False, False, False,  ..., False, False, False]],

        [[False, False, False,  ..., False, False, False],
         [False, False, False,  ..., False, False, False],
         [False, False, False,  ..., False, False, False],
         ...,
         [False, False, False,  ..., False, False, False],
         [False, False, False,  ..., False, False, False],
         [False, False, False,  ..., False, False, False]],

        [[False, False, False,  ..., False, False, False],
         [False, False, False,  ..., False, False, False],
         [False, False, False,  ..., False, False, False],
         ...,
         [False, False, False,  ..., False, False, False],
         [False, False, False,  ..., False, False, False],
         [False, False, False,  ..., False, False, False]],

        ...,

        [[False, False, False,  ..., False, False, False],
         [False, False, False,  ..., False, False, False],
         [False, False, False,  ..., False, False, False],
         ...,
         [False, False, False,  ..., False, False, False],
         [False, False, False,  ..., False, False, False],
         [False, False, False,  ..., False, False, False]],

        [[False, False, False,  ..., False, False, False],
         [False, False, False,  ..., False, False, False],
         [False, False, False,  ..., False, False, False],
         ...,
         [False, False, False,  ..., False, False, False],
         [False, False, False,  ..., False, False, False],
         [False, False, False,  ..., False, False, False]],

        [[False, False, False,  ..., False, False, False],
         [False, False, False,  ..., False, False, False],
         [False, False, False,  ..., False, False, False],
         ...,
         [False, False, False,  ..., False, False, False],
         [False, False, False,  ..., False, False, False],
         [False, False, False,  ..., False, False, False]]])])}
[02/28 06:21:54 mask2former.data.dataset_mappers.mask_former_semantic_dataset_mapper]: None
[02/28 06:21:55 mask2former.data.dataset_mappers.mask_former_semantic_dataset_mapper]: output dataset_dict: {'file_name': '/cpfs01/projects-HDD/pujianxiangmuzu_HDD/public/mr/./leftImg8bit_trainvaltest/leftImg8bit/train/bremen/bremen_000119_000019_leftImg8bit.png', 'width': 2048, 'height': 1024, 'image': tensor([[[45, 45, 45,  ..., 42, 42, 42],
         [45, 45, 45,  ..., 42, 42, 42],
         [47, 45, 45,  ..., 43, 43, 42],
         ...,
         [37, 38, 38,  ..., 28, 27, 26],
         [37, 37, 37,  ..., 29, 29, 27],
         [37, 35, 35,  ..., 29, 29, 26]],

        [[60, 60, 60,  ..., 58, 58, 58],
         [60, 60, 60,  ..., 58, 58, 58],
         [60, 60, 60,  ..., 59, 59, 58],
         ...,
         [49, 50, 50,  ..., 44, 44, 43],
         [50, 49, 49,  ..., 43, 43, 42],
         [50, 49, 49,  ..., 43, 43, 43]],

        [[48, 50, 50,  ..., 50, 50, 49],
         [48, 50, 50,  ..., 50, 50, 49],
         [50, 50, 50,  ..., 50, 50, 49],
         ...,
         [40, 41, 41,  ..., 35, 36, 35],
         [39, 40, 40,  ..., 34, 34, 34],
         [39, 38, 38,  ..., 33, 33, 32]]], dtype=torch.uint8), 'sem_seg': tensor([[  0,   0,   0,  ...,   0,   0,   0],
        [  0,   0,   0,  ...,   0,   0,   0],
        [  0,   0,   0,  ...,   0,   0,   0],
        ...,
        [255, 255, 255,  ...,   0,   0,   0],
        [255, 255, 255,  ...,   0,   0,   0],
        [255, 255, 255,  ...,   0,   0,   0]]), 'instances': Instances(num_instances=2, image_height=768, image_width=768, fields=[gt_classes: tensor([0, 0]), gt_masks: tensor([[[False, False, False,  ..., False, False, False],
         [False, False, False,  ..., False, False, False],
         [False, False, False,  ..., False, False, False],
         ...,
         [False, False, False,  ..., False, False, False],
         [False, False, False,  ..., False, False, False],
         [False, False, False,  ..., False, False, False]],

        [[ True,  True,  True,  ...,  True,  True,  True],
         [ True,  True,  True,  ...,  True,  True,  True],
         [ True,  True,  True,  ...,  True,  True,  True],
         ...,
         [False, False, False,  ...,  True,  True,  True],
         [False, False, False,  ...,  True,  True,  True],
         [False, False, False,  ...,  True,  True,  True]]])])}
[02/28 06:21:55 mask2former.data.dataset_mappers.mask_former_semantic_dataset_mapper]: None
[02/28 06:21:55 mask2former.data.dataset_mappers.mask_former_semantic_dataset_mapper]: output dataset_dict: {'file_name': '/cpfs01/projects-HDD/pujianxiangmuzu_HDD/public/mr/./leftImg8bit_trainvaltest/leftImg8bit/train/hanover/hanover_000000_030346_leftImg8bit.png', 'width': 2048, 'height': 1024, 'image': tensor([[[255, 255, 255,  ..., 131, 132, 132],
         [255, 255, 255,  ..., 131, 132, 132],
         [255, 255, 255,  ..., 132, 133, 132],
         ...,
         [ 47,  49,  49,  ...,  49,  52,  54],
         [ 49,  49,  47,  ...,  48,  49,  49],
         [ 47,  47,  46,  ...,  49,  50,  50]],

        [[255, 255, 255,  ..., 142, 142, 141],
         [255, 255, 255,  ..., 143, 143, 142],
         [255, 255, 255,  ..., 144, 144, 143],
         ...,
         [ 60,  61,  62,  ...,  65,  66,  67],
         [ 62,  62,  63,  ...,  63,  64,  64],
         [ 62,  62,  62,  ...,  63,  64,  64]],

        [[255, 255, 255,  ..., 126, 126, 126],
         [255, 255, 255,  ..., 126, 126, 125],
         [255, 255, 255,  ..., 128, 128, 126],
         ...,
         [ 53,  54,  55,  ...,  53,  53,  56],
         [ 56,  56,  56,  ...,  52,  50,  52],
         [ 55,  57,  55,  ...,  52,  53,  53]]], dtype=torch.uint8), 'sem_seg': tensor([[10, 10, 10,  ...,  2,  2,  2],
        [10, 10, 10,  ...,  2,  2,  2],
        [10, 10, 10,  ...,  2,  2,  2],
        ...,
        [ 0,  0,  0,  ...,  0,  0,  0],
        [ 0,  0,  0,  ...,  0,  0,  0],
        [ 0,  0,  0,  ...,  0,  0,  0]]), 'instances': Instances(num_instances=23, image_height=768, image_width=768, fields=[gt_classes: tensor([ 0,  2,  5,  7,  8,  9, 10, 11, 18,  2,  5,  9,  2,  5,  9, 10,  0, 10,
         0,  0,  0,  8,  0]), gt_masks: tensor([[[False, False, False,  ..., False, False, False],
         [False, False, False,  ..., False, False, False],
         [False, False, False,  ..., False, False, False],
         ...,
         [ True,  True,  True,  ...,  True,  True,  True],
         [ True,  True,  True,  ...,  True,  True,  True],
         [ True,  True,  True,  ...,  True,  True,  True]],

        [[False, False, False,  ..., False, False, False],
         [False, False, False,  ..., False, False, False],
         [False, False, False,  ..., False, False, False],
         ...,
         [False, False, False,  ..., False, False, False],
         [False, False, False,  ..., False, False, False],
         [False, False, False,  ..., False, False, False]],

        [[False, False, False,  ..., False, False, False],
         [False, False, False,  ..., False, False, False],
         [False, False, False,  ..., False, False, False],
         ...,
         [False, False, False,  ..., False, False, False],
         [False, False, False,  ..., False, False, False],
         [False, False, False,  ..., False, False, False]],

        ...,

        [[False, False, False,  ..., False, False, False],
         [False, False, False,  ..., False, False, False],
         [False, False, False,  ..., False, False, False],
         ...,
         [False, False, False,  ..., False, False, False],
         [False, False, False,  ..., False, False, False],
         [False, False, False,  ..., False, False, False]],

        [[False, False, False,  ..., False, False, False],
         [False, False, False,  ..., False, False, False],
         [False, False, False,  ..., False, False, False],
         ...,
         [False, False, False,  ..., False, False, False],
         [False, False, False,  ..., False, False, False],
         [False, False, False,  ..., False, False, False]],

        [[False, False, False,  ..., False, False, False],
         [False, False, False,  ..., False, False, False],
         [False, False, False,  ..., False, False, False],
         ...,
         [False, False, False,  ..., False, False, False],
         [False, False, False,  ..., False, False, False],
         [False, False, False,  ..., False, False, False]]])])}
[02/28 06:21:55 mask2former.data.dataset_mappers.mask_former_semantic_dataset_mapper]: None
[02/28 06:21:55 mask2former.data.dataset_mappers.mask_former_semantic_dataset_mapper]: output dataset_dict: {'file_name': '/cpfs01/projects-HDD/pujianxiangmuzu_HDD/public/mr/./leftImg8bit_trainvaltest/leftImg8bit/train/monchengladbach/monchengladbach_000000_001068_leftImg8bit.png', 'width': 2048, 'height': 1024, 'image': tensor([[[ 74,  74,  74,  ...,  93,  95,  95],
         [ 75,  75,  75,  ...,  93,  93,  94],
         [ 76,  76,  76,  ...,  92,  92,  92],
         ...,
         [ 66,  66,  66,  ...,  64,  62,  62],
         [ 66,  66,  66,  ...,  60,  60,  60],
         [ 66,  67,  67,  ...,  60,  60,  60]],

        [[ 88,  88,  88,  ..., 105, 105, 104],
         [ 86,  86,  86,  ..., 105, 104, 103],
         [ 85,  85,  85,  ..., 104, 103, 102],
         ...,
         [ 77,  78,  78,  ...,  73,  73,  73],
         [ 78,  79,  79,  ...,  71,  71,  71],
         [ 78,  79,  79,  ...,  70,  70,  70]],

        [[ 75,  75,  75,  ...,  95,  98,  97],
         [ 76,  76,  76,  ...,  94,  95,  95],
         [ 77,  77,  77,  ...,  93,  93,  95],
         ...,
         [ 72,  74,  74,  ...,  66,  64,  64],
         [ 73,  74,  74,  ...,  61,  61,  61],
         [ 73,  74,  74,  ...,  61,  61,  61]]], dtype=torch.uint8), 'sem_seg': tensor([[  0,   0,   0,  ...,   0,   0,   0],
        [  0,   0,   0,  ...,   0,   0,   0],
        [  0,   0,   0,  ...,   0,   0,   0],
        ...,
        [255, 255, 255,  ..., 255, 255, 255],
        [255, 255, 255,  ..., 255, 255, 255],
        [255, 255, 255,  ..., 255, 255, 255]]), 'instances': Instances(num_instances=1, image_height=768, image_width=768, fields=[gt_classes: tensor([0]), gt_masks: tensor([[[ True,  True,  True,  ...,  True,  True,  True],
         [ True,  True,  True,  ...,  True,  True,  True],
         [ True,  True,  True,  ...,  True,  True,  True],
         ...,
         [False, False, False,  ..., False, False, False],
         [False, False, False,  ..., False, False, False],
         [False, False, False,  ..., False, False, False]]])])}
[02/28 06:21:55 mask2former.data.dataset_mappers.mask_former_semantic_dataset_mapper]: None
[02/28 06:21:55 mask2former.data.dataset_mappers.mask_former_semantic_dataset_mapper]: output dataset_dict: {'file_name': '/cpfs01/projects-HDD/pujianxiangmuzu_HDD/public/mr/./leftImg8bit_trainvaltest/leftImg8bit/train/bochum/bochum_000000_038150_leftImg8bit.png', 'width': 2048, 'height': 1024, 'image': tensor([[[ 21,  21,  21,  ...,  90, 103, 104],
         [ 19,  19,  19,  ..., 104, 110, 114],
         [ 19,  19,  17,  ..., 111, 113, 124],
         ...,
         [ 32,  35,  41,  ...,  19,  19,  20],
         [ 33,  35,  41,  ...,  20,  20,  21],
         [ 34,  36,  40,  ...,  22,  22,  22]],

        [[ 24,  24,  25,  ...,  99, 114, 123],
         [ 23,  23,  24,  ..., 111, 121, 131],
         [ 22,  22,  21,  ..., 119, 128, 140],
         ...,
         [ 36,  39,  44,  ...,  24,  24,  25],
         [ 37,  39,  44,  ...,  25,  25,  26],
         [ 38,  40,  43,  ...,  26,  26,  26]],

        [[ 15,  15,  14,  ...,  78,  96, 106],
         [ 14,  14,  13,  ...,  93, 105, 118],
         [ 14,  14,  13,  ..., 108, 113, 129],
         ...,
         [ 32,  34,  38,  ...,  13,  13,  13],
         [ 32,  35,  38,  ...,  14,  14,  14],
         [ 33,  35,  38,  ...,  14,  14,  14]]], dtype=torch.uint8), 'sem_seg': tensor([[ 8,  8,  8,  ..., 10, 10, 10],
        [ 8,  8,  8,  ..., 10, 10, 10],
        [ 8,  8,  8,  ..., 10, 10, 10],
        ...,
        [ 0,  0,  0,  ...,  9,  9,  9],
        [ 0,  0,  0,  ...,  9,  9,  9],
        [ 0,  0,  0,  ...,  9,  9,  9]]), 'instances': Instances(num_instances=37, image_height=768, image_width=768, fields=[gt_classes: tensor([ 0,  1,  2,  4,  5,  6,  7,  8,  9, 10, 11, 13, 18,  0,  8,  9,  0,  8,
         9,  8,  9,  0,  2,  8,  8,  8,  8,  8,  8,  8,  8,  8,  8,  8,  8,  8,
         8]), gt_masks: tensor([[[False, False, False,  ..., False, False, False],
         [False, False, False,  ..., False, False, False],
         [False, False, False,  ..., False, False, False],
         ...,
         [False, False, False,  ..., False, False, False],
         [False, False, False,  ..., False, False, False],
         [False, False, False,  ..., False, False, False]],

        [[False, False, False,  ..., False, False, False],
         [False, False, False,  ..., False, False, False],
         [False, False, False,  ..., False, False, False],
         ...,
         [False, False, False,  ..., False, False, False],
         [False, False, False,  ..., False, False, False],
         [False, False, False,  ..., False, False, False]],

        [[False, False, False,  ..., False, False, False],
         [False, False, False,  ..., False, False, False],
         [False, False, False,  ..., False, False, False],
         ...,
         [False, False, False,  ..., False, False, False],
         [False, False, False,  ..., False, False, False],
         [False, False, False,  ..., False, False, False]],

        ...,

        [[False, False, False,  ..., False, False, False],
         [False, False, False,  ..., False, False, False],
         [False, False, False,  ..., False, False, False],
         ...,
         [False, False, False,  ..., False, False, False],
         [False, False, False,  ..., False, False, False],
         [False, False, False,  ..., False, False, False]],

        [[False, False, False,  ..., False, False, False],
         [False, False, False,  ..., False, False, False],
         [False, False, False,  ..., False, False, False],
         ...,
         [False, False, False,  ..., False, False, False],
         [False, False, False,  ..., False, False, False],
         [False, False, False,  ..., False, False, False]],

        [[False, False, False,  ..., False, False, False],
         [False, False, False,  ..., False, False, False],
         [False, False, False,  ..., False, False, False],
         ...,
         [False, False, False,  ..., False, False, False],
         [False, False, False,  ..., False, False, False],
         [False, False, False,  ..., False, False, False]]])])}
[02/28 06:21:55 mask2former.data.dataset_mappers.mask_former_semantic_dataset_mapper]: None
[02/28 06:21:55 mask2former.data.dataset_mappers.mask_former_semantic_dataset_mapper]: output dataset_dict: {'file_name': '/cpfs01/projects-HDD/pujianxiangmuzu_HDD/public/mr/./leftImg8bit_trainvaltest/leftImg8bit/train/monchengladbach/monchengladbach_000000_007098_leftImg8bit.png', 'width': 2048, 'height': 1024, 'image': tensor([[[218, 218, 218,  ...,  42,  41,  42],
         [217, 217, 218,  ...,  41,  41,  41],
         [215, 216, 217,  ...,  42,  42,  42],
         ...,
         [108, 109, 110,  ...,  71,  72,  72],
         [108, 110, 111,  ...,  71,  71,  71],
         [109, 111, 112,  ...,  71,  71,  71]],

        [[216, 217, 219,  ...,  50,  50,  50],
         [216, 217, 219,  ...,  45,  45,  45],
         [215, 216, 218,  ...,  44,  45,  45],
         ...,
         [115, 116, 118,  ...,  80,  81,  81],
         [115, 118, 120,  ...,  80,  81,  81],
         [118, 120, 121,  ...,  81,  80,  80]],

        [[202, 204, 206,  ...,  43,  44,  44],
         [201, 203, 205,  ...,  41,  42,  42],
         [199, 201, 203,  ...,  42,  42,  42],
         ...,
         [105, 104, 103,  ...,  75,  75,  75],
         [106, 106, 106,  ...,  74,  74,  74],
         [108, 108, 108,  ...,  73,  73,  73]]], dtype=torch.uint8), 'sem_seg': tensor([[  2,   2,   2,  ..., 255, 255, 255],
        [  2,   2,   2,  ..., 255, 255, 255],
        [  2,   2,   2,  ..., 255, 255, 255],
        ...,
        [  0,   0,   0,  ...,   0,   0,   0],
        [  0,   0,   0,  ...,   0,   0,   0],
        [  0,   0,   0,  ...,   0,   0,   0]]), 'instances': Instances(num_instances=19, image_height=768, image_width=768, fields=[gt_classes: tensor([ 0,  1,  2,  5,  6,  8, 11, 13,  0,  2,  0,  2,  0,  0,  2,  0,  2,  2,
         2]), gt_masks: tensor([[[False, False, False,  ..., False, False, False],
         [False, False, False,  ..., False, False, False],
         [False, False, False,  ..., False, False, False],
         ...,
         [False, False, False,  ..., False, False, False],
         [False, False, False,  ..., False, False, False],
         [False, False, False,  ..., False, False, False]],

        [[False, False, False,  ..., False, False, False],
         [False, False, False,  ..., False, False, False],
         [False, False, False,  ..., False, False, False],
         ...,
         [False, False, False,  ..., False, False, False],
         [False, False, False,  ..., False, False, False],
         [False, False, False,  ..., False, False, False]],

        [[False, False, False,  ..., False, False, False],
         [False, False, False,  ..., False, False, False],
         [False, False, False,  ..., False, False, False],
         ...,
         [False, False, False,  ..., False, False, False],
         [False, False, False,  ..., False, False, False],
         [False, False, False,  ..., False, False, False]],

        ...,

        [[False, False, False,  ..., False, False, False],
         [False, False, False,  ..., False, False, False],
         [False, False, False,  ..., False, False, False],
         ...,
         [False, False, False,  ..., False, False, False],
         [False, False, False,  ..., False, False, False],
         [False, False, False,  ..., False, False, False]],

        [[False, False, False,  ..., False, False, False],
         [False, False, False,  ..., False, False, False],
         [False, False, False,  ..., False, False, False],
         ...,
         [False, False, False,  ..., False, False, False],
         [False, False, False,  ..., False, False, False],
         [False, False, False,  ..., False, False, False]],

        [[False, False, False,  ..., False, False, False],
         [False, False, False,  ..., False, False, False],
         [False, False, False,  ..., False, False, False],
         ...,
         [False, False, False,  ..., False, False, False],
         [False, False, False,  ..., False, False, False],
         [False, False, False,  ..., False, False, False]]])])}
[02/28 06:21:55 mask2former.data.dataset_mappers.mask_former_semantic_dataset_mapper]: None
[02/28 06:21:56 mask2former.data.dataset_mappers.mask_former_semantic_dataset_mapper]: output dataset_dict: {'file_name': '/cpfs01/projects-HDD/pujianxiangmuzu_HDD/public/mr/./leftImg8bit_trainvaltest/leftImg8bit/train/cologne/cologne_000074_000019_leftImg8bit.png', 'width': 2048, 'height': 1024, 'image': tensor([[[108, 108, 108,  ..., 249, 249, 249],
         [111, 107, 108,  ..., 249, 249, 249],
         [112, 114, 112,  ..., 249, 249, 249],
         ...,
         [ 30,  30,  31,  ...,  41,  41,  41],
         [ 28,  28,  26,  ...,  43,  43,  43],
         [ 24,  24,  22,  ...,  43,  43,  43]],

        [[145, 146, 145,  ..., 249, 249, 249],
         [144, 144, 145,  ..., 249, 249, 249],
         [145, 148, 149,  ..., 249, 249, 249],
         ...,
         [ 47,  47,  46,  ...,  58,  58,  58],
         [ 45,  44,  43,  ...,  58,  58,  58],
         [ 39,  39,  37,  ...,  58,  58,  58]],

        [[123, 123, 121,  ..., 249, 249, 249],
         [121, 120, 120,  ..., 249, 249, 249],
         [113, 119, 126,  ..., 249, 249, 249],
         ...,
         [ 36,  36,  38,  ...,  48,  48,  48],
         [ 35,  35,  36,  ...,  48,  48,  48],
         [ 32,  31,  30,  ...,  48,  48,  48]]], dtype=torch.uint8), 'sem_seg': tensor([[255, 255, 255,  ..., 255, 255, 255],
        [255, 255, 255,  ..., 255, 255, 255],
        [255, 255, 255,  ..., 255, 255, 255],
        ...,
        [  0,   0,   0,  ..., 255, 255, 255],
        [255, 255, 255,  ..., 255, 255, 255],
        [255, 255, 255,  ..., 255, 255, 255]]), 'instances': Instances(num_instances=66, image_height=512, image_width=768, fields=[gt_classes: tensor([ 0,  1,  2,  5,  6,  7,  8, 10, 11, 12, 13, 18,  0,  2,  8, 10, 13,  0,
         2,  8, 13, 13,  0, 13,  0, 13,  2, 13,  2, 13,  2, 13,  2, 13,  2, 13,
        13,  2, 13,  2, 13,  2, 13,  2, 13,  2, 13,  2, 13,  2, 13,  2, 13,  2,
        13,  2, 13,  2,  2, 13,  2, 13,  2, 13, 13, 13]), gt_masks: tensor([[[False, False, False,  ..., False, False, False],
         [False, False, False,  ..., False, False, False],
         [False, False, False,  ..., False, False, False],
         ...,
         [False, False, False,  ..., False, False, False],
         [False, False, False,  ..., False, False, False],
         [False, False, False,  ..., False, False, False]],

        [[False, False, False,  ..., False, False, False],
         [False, False, False,  ..., False, False, False],
         [False, False, False,  ..., False, False, False],
         ...,
         [False, False, False,  ..., False, False, False],
         [False, False, False,  ..., False, False, False],
         [False, False, False,  ..., False, False, False]],

        [[False, False, False,  ..., False, False, False],
         [False, False, False,  ..., False, False, False],
         [False, False, False,  ..., False, False, False],
         ...,
         [False, False, False,  ..., False, False, False],
         [False, False, False,  ..., False, False, False],
         [False, False, False,  ..., False, False, False]],

        ...,

        [[False, False, False,  ..., False, False, False],
         [False, False, False,  ..., False, False, False],
         [False, False, False,  ..., False, False, False],
         ...,
         [False, False, False,  ..., False, False, False],
         [False, False, False,  ..., False, False, False],
         [False, False, False,  ..., False, False, False]],

        [[False, False, False,  ..., False, False, False],
         [False, False, False,  ..., False, False, False],
         [False, False, False,  ..., False, False, False],
         ...,
         [False, False, False,  ..., False, False, False],
         [False, False, False,  ..., False, False, False],
         [False, False, False,  ..., False, False, False]],

        [[False, False, False,  ..., False, False, False],
         [False, False, False,  ..., False, False, False],
         [False, False, False,  ..., False, False, False],
         ...,
         [False, False, False,  ..., False, False, False],
         [False, False, False,  ..., False, False, False],
         [False, False, False,  ..., False, False, False]]])])}
[02/28 06:21:56 mask2former.data.dataset_mappers.mask_former_semantic_dataset_mapper]: None
[02/28 06:21:56 mask2former.data.dataset_mappers.mask_former_semantic_dataset_mapper]: output dataset_dict: {'file_name': '/cpfs01/projects-HDD/pujianxiangmuzu_HDD/public/mr/./leftImg8bit_trainvaltest/leftImg8bit/train/hamburg/hamburg_000000_052122_leftImg8bit.png', 'width': 2048, 'height': 1024, 'image': tensor([[[ 55,  52,  57,  ...,  15,  15,  16],
         [ 60,  61,  65,  ...,  16,  16,  16],
         [ 62,  66,  69,  ...,  16,  16,  16],
         ...,
         [135, 137, 138,  ...,  60,  60,  60],
         [135, 135, 137,  ...,  62,  62,  60],
         [133, 135, 135,  ...,  62,  60,  60]],

        [[ 80,  71,  70,  ...,  20,  20,  21],
         [ 79,  74,  72,  ...,  21,  21,  21],
         [ 79,  76,  76,  ...,  21,  21,  21],
         ...,
         [147, 148, 147,  ...,  71,  70,  70],
         [147, 147, 148,  ...,  71,  71,  71],
         [147, 147, 147,  ...,  71,  71,  70]],

        [[ 72,  66,  67,  ...,  16,  16,  17],
         [ 75,  74,  71,  ...,  16,  16,  17],
         [ 74,  74,  71,  ...,  16,  16,  17],
         ...,
         [132, 132, 130,  ...,  65,  64,  62],
         [130, 130, 130,  ...,  65,  65,  64],
         [128, 130, 130,  ...,  64,  64,  64]]], dtype=torch.uint8), 'sem_seg': tensor([[8, 8, 8,  ..., 8, 8, 8],
        [8, 8, 8,  ..., 8, 8, 8],
        [8, 8, 8,  ..., 8, 8, 8],
        ...,
        [0, 0, 0,  ..., 0, 0, 0],
        [0, 0, 0,  ..., 0, 0, 0],
        [0, 0, 0,  ..., 0, 0, 0]]), 'instances': Instances(num_instances=38, image_height=768, image_width=768, fields=[gt_classes: tensor([ 0,  1,  2,  5,  6,  7,  8,  9, 10, 11, 12, 13, 18,  0,  8, 10, 13, 18,
         0,  5,  8, 13,  2,  8, 13,  2,  8, 13,  2,  8, 13, 13, 13, 13,  8,  8,
         8,  8]), gt_masks: tensor([[[False, False, False,  ..., False, False, False],
         [False, False, False,  ..., False, False, False],
         [False, False, False,  ..., False, False, False],
         ...,
         [False, False, False,  ...,  True,  True,  True],
         [False, False, False,  ...,  True,  True,  True],
         [False, False, False,  ...,  True,  True,  True]],

        [[False, False, False,  ..., False, False, False],
         [False, False, False,  ..., False, False, False],
         [False, False, False,  ..., False, False, False],
         ...,
         [False, False, False,  ..., False, False, False],
         [False, False, False,  ..., False, False, False],
         [False, False, False,  ..., False, False, False]],

        [[False, False, False,  ..., False, False, False],
         [False, False, False,  ..., False, False, False],
         [False, False, False,  ..., False, False, False],
         ...,
         [False, False, False,  ..., False, False, False],
         [False, False, False,  ..., False, False, False],
         [False, False, False,  ..., False, False, False]],

        ...,

        [[False, False, False,  ..., False, False, False],
         [False, False, False,  ..., False, False, False],
         [False, False, False,  ..., False, False, False],
         ...,
         [False, False, False,  ..., False, False, False],
         [False, False, False,  ..., False, False, False],
         [False, False, False,  ..., False, False, False]],

        [[False, False, False,  ..., False, False, False],
         [False, False, False,  ..., False, False, False],
         [False, False, False,  ..., False, False, False],
         ...,
         [False, False, False,  ..., False, False, False],
         [False, False, False,  ..., False, False, False],
         [False, False, False,  ..., False, False, False]],

        [[False, False, False,  ..., False, False, False],
         [False, False, False,  ..., False, False, False],
         [False, False, False,  ..., False, False, False],
         ...,
         [False, False, False,  ..., False, False, False],
         [False, False, False,  ..., False, False, False],
         [False, False, False,  ..., False, False, False]]])])}
[02/28 06:21:56 mask2former.data.dataset_mappers.mask_former_semantic_dataset_mapper]: None
[02/28 06:21:56 d2.utils.events]:  eta: 1:28:10  iter: 19  total_loss: 109.8  loss_ce: 5.397  loss_mask: 1.004  loss_dice: 4.872  loss_ce_0: 5.255  loss_mask_0: 0.847  loss_dice_0: 4.755  loss_ce_1: 4.738  loss_mask_1: 0.788  loss_dice_1: 4.775  loss_ce_2: 4.999  loss_mask_2: 0.8006  loss_dice_2: 4.807  loss_ce_3: 4.981  loss_mask_3: 0.8688  loss_dice_3: 4.852  loss_ce_4: 5.32  loss_mask_4: 0.943  loss_dice_4: 4.876  loss_ce_5: 5.572  loss_mask_5: 0.9722  loss_dice_5: 4.875  loss_ce_6: 5.375  loss_mask_6: 0.9759  loss_dice_6: 4.871  loss_ce_7: 5.393  loss_mask_7: 0.9767  loss_dice_7: 4.861  loss_ce_8: 5.529  loss_mask_8: 1.02  loss_dice_8: 4.88    time: 0.5024  last_time: 0.6855  data_time: 0.0434  last_data_time: 0.0136   lr: 9.9829e-05  max_mem: 5715M
[02/28 06:21:57 mask2former.data.dataset_mappers.mask_former_semantic_dataset_mapper]: output dataset_dict: {'file_name': '/cpfs01/projects-HDD/pujianxiangmuzu_HDD/public/mr/./leftImg8bit_trainvaltest/leftImg8bit/train/hanover/hanover_000000_023614_leftImg8bit.png', 'width': 2048, 'height': 1024, 'image': tensor([[[255, 255, 255,  ...,  41,  43,  42],
         [255, 255, 255,  ...,  37,  42,  44],
         [255, 255, 255,  ...,  37,  41,  40],
         ...,
         [ 72,  72,  72,  ...,  64,  66,  67],
         [ 76,  77,  77,  ...,  63,  65,  67],
         [ 79,  79,  78,  ...,  60,  65,  67]],

        [[255, 255, 255,  ...,  64,  65,  64],
         [255, 255, 255,  ...,  61,  66,  66],
         [255, 255, 255,  ...,  59,  63,  62],
         ...,
         [ 82,  82,  83,  ...,  78,  80,  81],
         [ 86,  87,  87,  ...,  76,  78,  80],
         [ 88,  89,  89,  ...,  73,  77,  80]],

        [[255, 255, 255,  ...,  39,  42,  42],
         [255, 255, 255,  ...,  37,  42,  42],
         [255, 255, 255,  ...,  37,  41,  41],
         ...,
         [ 73,  74,  73,  ...,  79,  82,  82],
         [ 75,  77,  77,  ...,  78,  80,  81],
         [ 77,  77,  77,  ...,  77,  80,  82]]], dtype=torch.uint8), 'sem_seg': tensor([[ 10,  10,  10,  ...,   8,   8,   8],
        [ 10,  10,  10,  ...,   8,   8,   8],
        [ 10,  10,  10,  ...,   8,   8,   8],
        ...,
        [255, 255, 255,  ...,   0,   0,   0],
        [255, 255, 255,  ...,   0,   0,   0],
        [255, 255, 255,  ...,   0,   0,   0]]), 'instances': Instances(num_instances=25, image_height=768, image_width=768, fields=[gt_classes: tensor([ 0,  1,  2,  3,  4,  5,  6,  7,  8,  9, 10, 11, 13, 18,  0,  2, 10, 13,
         8,  2,  8,  8,  2,  8,  2]), gt_masks: tensor([[[False, False, False,  ..., False, False, False],
         [False, False, False,  ..., False, False, False],
         [False, False, False,  ..., False, False, False],
         ...,
         [False, False, False,  ..., False, False, False],
         [False, False, False,  ..., False, False, False],
         [False, False, False,  ..., False, False, False]],

        [[False, False, False,  ..., False, False, False],
         [False, False, False,  ..., False, False, False],
         [False, False, False,  ..., False, False, False],
         ...,
         [False, False, False,  ..., False, False, False],
         [False, False, False,  ..., False, False, False],
         [False, False, False,  ..., False, False, False]],

        [[False, False, False,  ..., False, False, False],
         [False, False, False,  ..., False, False, False],
         [False, False, False,  ..., False, False, False],
         ...,
         [False, False, False,  ..., False, False, False],
         [False, False, False,  ..., False, False, False],
         [False, False, False,  ..., False, False, False]],

        ...,

        [[False, False, False,  ..., False, False, False],
         [False, False, False,  ..., False, False, False],
         [False, False, False,  ..., False, False, False],
         ...,
         [False, False, False,  ..., False, False, False],
         [False, False, False,  ..., False, False, False],
         [False, False, False,  ..., False, False, False]],

        [[False, False, False,  ..., False, False, False],
         [False, False, False,  ..., False, False, False],
         [False, False, False,  ..., False, False, False],
         ...,
         [False, False, False,  ..., False, False, False],
         [False, False, False,  ..., False, False, False],
         [False, False, False,  ..., False, False, False]],

        [[False, False, False,  ..., False, False, False],
         [False, False, False,  ..., False, False, False],
         [False, False, False,  ..., False, False, False],
         ...,
         [False, False, False,  ..., False, False, False],
         [False, False, False,  ..., False, False, False],
         [False, False, False,  ..., False, False, False]]])])}
[02/28 06:21:57 mask2former.data.dataset_mappers.mask_former_semantic_dataset_mapper]: None
[02/28 06:21:57 mask2former.data.dataset_mappers.mask_former_semantic_dataset_mapper]: output dataset_dict: {'file_name': '/cpfs01/projects-HDD/pujianxiangmuzu_HDD/public/mr/./leftImg8bit_trainvaltest/leftImg8bit/train/strasbourg/strasbourg_000001_051877_leftImg8bit.png', 'width': 2048, 'height': 1024, 'image': tensor([[[ 94,  92,  86,  ..., 142, 141, 140],
         [ 82,  79,  75,  ..., 144, 143, 142],
         [ 67,  65,  62,  ..., 145, 145, 144],
         ...,
         [ 93,  93,  93,  ...,  92,  93,  93],
         [ 94,  94,  95,  ...,  91,  92,  92],
         [ 94,  95,  96,  ...,  90,  91,  92]],

        [[ 97,  96,  90,  ..., 148, 147, 147],
         [ 86,  84,  80,  ..., 149, 148, 147],
         [ 71,  69,  67,  ..., 151, 150, 149],
         ...,
         [ 96,  96,  96,  ...,  96,  97,  97],
         [ 96,  96,  96,  ...,  96,  97,  97],
         [ 95,  96,  96,  ...,  96,  96,  97]],

        [[ 83,  82,  76,  ..., 140, 139, 140],
         [ 72,  70,  65,  ..., 140, 140, 140],
         [ 60,  57,  55,  ..., 140, 141, 141],
         ...,
         [ 86,  86,  87,  ...,  86,  87,  87],
         [ 86,  86,  87,  ...,  86,  87,  86],
         [ 86,  87,  87,  ...,  86,  86,  87]]], dtype=torch.uint8), 'sem_seg': tensor([[  2,   2,   2,  ...,   2,   2,   2],
        [  2,   2,   2,  ...,   2,   2,   2],
        [  2,   2,   2,  ...,   2,   2,   2],
        ...,
        [255, 255, 255,  ...,   1,   1,   1],
        [255, 255, 255,  ...,   1,   1,   1],
        [255, 255, 255,  ...,   1,   1,   1]]), 'instances': Instances(num_instances=21, image_height=768, image_width=768, fields=[gt_classes: tensor([ 0,  1,  2,  5,  7, 11, 12, 18,  0,  2, 11, 11,  2,  2, 11,  2,  2,  2,
         2,  2,  2]), gt_masks: tensor([[[False, False, False,  ..., False, False, False],
         [False, False, False,  ..., False, False, False],
         [False, False, False,  ..., False, False, False],
         ...,
         [False, False, False,  ..., False, False, False],
         [False, False, False,  ..., False, False, False],
         [False, False, False,  ..., False, False, False]],

        [[False, False, False,  ..., False, False, False],
         [False, False, False,  ..., False, False, False],
         [False, False, False,  ..., False, False, False],
         ...,
         [False, False, False,  ...,  True,  True,  True],
         [False, False, False,  ...,  True,  True,  True],
         [False, False, False,  ...,  True,  True,  True]],

        [[False, False, False,  ..., False, False, False],
         [False, False, False,  ..., False, False, False],
         [False, False, False,  ..., False, False, False],
         ...,
         [False, False, False,  ..., False, False, False],
         [False, False, False,  ..., False, False, False],
         [False, False, False,  ..., False, False, False]],

        ...,

        [[ True,  True,  True,  ..., False, False, False],
         [ True,  True,  True,  ..., False, False, False],
         [ True,  True,  True,  ..., False, False, False],
         ...,
         [False, False, False,  ..., False, False, False],
         [False, False, False,  ..., False, False, False],
         [False, False, False,  ..., False, False, False]],

        [[False, False, False,  ..., False, False, False],
         [False, False, False,  ..., False, False, False],
         [False, False, False,  ..., False, False, False],
         ...,
         [False, False, False,  ..., False, False, False],
         [False, False, False,  ..., False, False, False],
         [False, False, False,  ..., False, False, False]],

        [[False, False, False,  ..., False, False, False],
         [False, False, False,  ..., False, False, False],
         [False, False, False,  ..., False, False, False],
         ...,
         [False, False, False,  ..., False, False, False],
         [False, False, False,  ..., False, False, False],
         [False, False, False,  ..., False, False, False]]])])}
[02/28 06:21:57 mask2former.data.dataset_mappers.mask_former_semantic_dataset_mapper]: None
[02/28 06:21:57 mask2former.data.dataset_mappers.mask_former_semantic_dataset_mapper]: output dataset_dict: {'file_name': '/cpfs01/projects-HDD/pujianxiangmuzu_HDD/public/mr/./leftImg8bit_trainvaltest/leftImg8bit/train/strasbourg/strasbourg_000000_034652_leftImg8bit.png', 'width': 2048, 'height': 1024, 'image': tensor([[[ 87,  83,  78,  ...,  64,  60,  57],
         [ 87,  83,  78,  ...,  65,  61,  57],
         [ 87,  83,  78,  ...,  64,  61,  57],
         ...,
         [205, 206, 207,  ..., 126, 126, 124],
         [205, 206, 207,  ..., 126, 127, 127],
         [205, 206, 207,  ..., 126, 128, 128]],

        [[ 95,  91,  86,  ...,  69,  64,  60],
         [ 95,  91,  86,  ...,  69,  64,  61],
         [ 95,  91,  86,  ...,  67,  64,  61],
         ...,
         [210, 211, 211,  ..., 128, 128, 128],
         [210, 211, 211,  ..., 128, 129, 129],
         [209, 210, 211,  ..., 128, 130, 130]],

        [[ 86,  83,  79,  ...,  60,  56,  55],
         [ 86,  83,  79,  ...,  60,  56,  55],
         [ 86,  82,  79,  ...,  59,  56,  55],
         ...,
         [201, 202, 202,  ..., 118, 118, 117],
         [201, 202, 202,  ..., 119, 120, 120],
         [203, 204, 202,  ..., 119, 122, 122]]], dtype=torch.uint8), 'sem_seg': tensor([[2, 2, 2,  ..., 2, 2, 2],
        [2, 2, 2,  ..., 2, 2, 2],
        [2, 2, 2,  ..., 2, 2, 2],
        ...,
        [1, 1, 1,  ..., 0, 0, 0],
        [1, 1, 1,  ..., 0, 0, 0],
        [1, 1, 1,  ..., 0, 0, 0]]), 'instances': Instances(num_instances=34, image_height=768, image_width=768, fields=[gt_classes: tensor([ 0,  1,  2,  4,  5,  7,  8,  9, 13,  0,  1,  2,  8, 13,  0,  1,  2,  8,
        13,  0,  1,  2,  8,  0,  8,  8,  0,  8,  8,  2,  2,  2,  2,  2]), gt_masks: tensor([[[False, False, False,  ..., False, False, False],
         [False, False, False,  ..., False, False, False],
         [False, False, False,  ..., False, False, False],
         ...,
         [False, False, False,  ...,  True,  True,  True],
         [False, False, False,  ...,  True,  True,  True],
         [False, False, False,  ...,  True,  True,  True]],

        [[False, False, False,  ..., False, False, False],
         [False, False, False,  ..., False, False, False],
         [False, False, False,  ..., False, False, False],
         ...,
         [False, False, False,  ..., False, False, False],
         [False, False, False,  ..., False, False, False],
         [False, False, False,  ..., False, False, False]],

        [[False, False, False,  ..., False, False, False],
         [False, False, False,  ..., False, False, False],
         [False, False, False,  ..., False, False, False],
         ...,
         [False, False, False,  ..., False, False, False],
         [False, False, False,  ..., False, False, False],
         [False, False, False,  ..., False, False, False]],

        ...,

        [[False, False, False,  ..., False, False, False],
         [False, False, False,  ..., False, False, False],
         [False, False, False,  ..., False, False, False],
         ...,
         [False, False, False,  ..., False, False, False],
         [False, False, False,  ..., False, False, False],
         [False, False, False,  ..., False, False, False]],

        [[False, False, False,  ..., False, False, False],
         [False, False, False,  ..., False, False, False],
         [False, False, False,  ..., False, False, False],
         ...,
         [False, False, False,  ..., False, False, False],
         [False, False, False,  ..., False, False, False],
         [False, False, False,  ..., False, False, False]],

        [[ True,  True,  True,  ..., False, False, False],
         [ True,  True,  True,  ..., False, False, False],
         [ True,  True,  True,  ..., False, False, False],
         ...,
         [False, False, False,  ..., False, False, False],
         [False, False, False,  ..., False, False, False],
         [False, False, False,  ..., False, False, False]]])])}
[02/28 06:21:57 mask2former.data.dataset_mappers.mask_former_semantic_dataset_mapper]: None
[02/28 06:21:57 mask2former.data.dataset_mappers.mask_former_semantic_dataset_mapper]: output dataset_dict: {'file_name': '/cpfs01/projects-HDD/pujianxiangmuzu_HDD/public/mr/./leftImg8bit_trainvaltest/leftImg8bit/train/strasbourg/strasbourg_000001_037645_leftImg8bit.png', 'width': 2048, 'height': 1024, 'image': tensor([[[132, 132, 135,  ..., 120, 118, 118],
         [131, 132, 135,  ..., 120, 120, 120],
         [130, 130, 132,  ..., 120, 120, 120],
         ...,
         [ 75,  76,  77,  ..., 121, 121, 121],
         [ 78,  78,  79,  ..., 121, 121, 121],
         [ 78,  79,  80,  ..., 118, 121, 121]],

        [[150, 151, 155,  ..., 137, 136, 136],
         [149, 150, 154,  ..., 138, 137, 137],
         [149, 150, 152,  ..., 137, 137, 137],
         ...,
         [ 87,  88,  89,  ..., 133, 132, 132],
         [ 90,  90,  91,  ..., 133, 133, 133],
         [ 90,  91,  92,  ..., 130, 132, 133]],

        [[156, 157, 159,  ..., 148, 147, 147],
         [155, 156, 158,  ..., 148, 148, 148],
         [155, 156, 157,  ..., 148, 148, 148],
         ...,
         [ 75,  75,  77,  ..., 119, 120, 120],
         [ 78,  78,  78,  ..., 121, 121, 121],
         [ 78,  78,  79,  ..., 119, 120, 121]]], dtype=torch.uint8), 'sem_seg': tensor([[10, 10, 10,  ..., 10, 10, 10],
        [10, 10, 10,  ..., 10, 10, 10],
        [10, 10, 10,  ..., 10, 10, 10],
        ...,
        [ 1,  1,  1,  ...,  0,  0,  0],
        [ 1,  1,  1,  ...,  0,  0,  0],
        [ 1,  1,  1,  ...,  0,  0,  0]]), 'instances': Instances(num_instances=19, image_height=768, image_width=768, fields=[gt_classes: tensor([ 0,  1,  2,  4,  5,  6,  7,  8, 10, 11, 13,  0,  1,  4,  8, 10,  0,  4,
        10]), gt_masks: tensor([[[False, False, False,  ..., False, False, False],
         [False, False, False,  ..., False, False, False],
         [False, False, False,  ..., False, False, False],
         ...,
         [False, False, False,  ..., False, False, False],
         [False, False, False,  ..., False, False, False],
         [False, False, False,  ..., False, False, False]],

        [[False, False, False,  ..., False, False, False],
         [False, False, False,  ..., False, False, False],
         [False, False, False,  ..., False, False, False],
         ...,
         [False, False, False,  ..., False, False, False],
         [False, False, False,  ..., False, False, False],
         [False, False, False,  ..., False, False, False]],

        [[False, False, False,  ..., False, False, False],
         [False, False, False,  ..., False, False, False],
         [False, False, False,  ..., False, False, False],
         ...,
         [False, False, False,  ..., False, False, False],
         [False, False, False,  ..., False, False, False],
         [False, False, False,  ..., False, False, False]],

        ...,

        [[False, False, False,  ..., False, False, False],
         [False, False, False,  ..., False, False, False],
         [False, False, False,  ..., False, False, False],
         ...,
         [False, False, False,  ..., False, False, False],
         [False, False, False,  ..., False, False, False],
         [False, False, False,  ..., False, False, False]],

        [[False, False, False,  ..., False, False, False],
         [False, False, False,  ..., False, False, False],
         [False, False, False,  ..., False, False, False],
         ...,
         [False, False, False,  ..., False, False, False],
         [False, False, False,  ..., False, False, False],
         [False, False, False,  ..., False, False, False]],

        [[False, False, False,  ..., False, False, False],
         [False, False, False,  ..., False, False, False],
         [False, False, False,  ..., False, False, False],
         ...,
         [False, False, False,  ..., False, False, False],
         [False, False, False,  ..., False, False, False],
         [False, False, False,  ..., False, False, False]]])])}
[02/28 06:21:57 mask2former.data.dataset_mappers.mask_former_semantic_dataset_mapper]: None
[02/28 06:21:58 mask2former.data.dataset_mappers.mask_former_semantic_dataset_mapper]: output dataset_dict: {'file_name': '/cpfs01/projects-HDD/pujianxiangmuzu_HDD/public/mr/./leftImg8bit_trainvaltest/leftImg8bit/train/hamburg/hamburg_000000_002338_leftImg8bit.png', 'width': 2048, 'height': 1024, 'image': tensor([[[ 0,  0,  0,  ..., 48, 34, 33],
         [ 0,  0,  0,  ..., 45, 32, 30],
         [ 0,  0,  0,  ..., 39, 28, 32],
         ...,
         [64, 66, 70,  ..., 78, 72, 74],
         [70, 73, 80,  ..., 77, 75, 77],
         [77, 77, 77,  ..., 74, 78, 81]],

        [[ 0,  0,  0,  ..., 60, 48, 49],
         [ 0,  0,  0,  ..., 57, 47, 49],
         [ 0,  0,  0,  ..., 53, 43, 50],
         ...,
         [77, 77, 78,  ..., 81, 74, 77],
         [79, 81, 87,  ..., 79, 77, 81],
         [83, 82, 83,  ..., 77, 81, 83]],

        [[ 0,  0,  0,  ..., 29, 23, 29],
         [ 0,  0,  0,  ..., 31, 22, 24],
         [ 0,  0,  0,  ..., 25, 16, 27],
         ...,
         [66, 63, 60,  ..., 68, 63, 67],
         [70, 70, 70,  ..., 69, 67, 71],
         [75, 74, 70,  ..., 68, 72, 74]]], dtype=torch.uint8), 'sem_seg': tensor([[8, 8, 8,  ..., 8, 8, 8],
        [8, 8, 8,  ..., 8, 8, 8],
        [8, 8, 8,  ..., 8, 8, 8],
        ...,
        [0, 0, 0,  ..., 0, 0, 0],
        [0, 0, 0,  ..., 0, 0, 0],
        [0, 0, 0,  ..., 0, 0, 0]]), 'instances': Instances(num_instances=25, image_height=768, image_width=768, fields=[gt_classes: tensor([ 0,  1,  2,  5,  6,  7,  8,  9, 11, 13,  0,  2,  0,  2,  2,  8,  2,  8,
         0,  8,  0,  2,  8,  2,  2]), gt_masks: tensor([[[False, False, False,  ..., False, False, False],
         [False, False, False,  ..., False, False, False],
         [False, False, False,  ..., False, False, False],
         ...,
         [False, False, False,  ..., False, False, False],
         [False, False, False,  ..., False, False, False],
         [False, False, False,  ..., False, False, False]],

        [[False, False, False,  ..., False, False, False],
         [False, False, False,  ..., False, False, False],
         [False, False, False,  ..., False, False, False],
         ...,
         [False, False, False,  ..., False, False, False],
         [False, False, False,  ..., False, False, False],
         [False, False, False,  ..., False, False, False]],

        [[False, False, False,  ..., False, False, False],
         [False, False, False,  ..., False, False, False],
         [False, False, False,  ..., False, False, False],
         ...,
         [False, False, False,  ..., False, False, False],
         [False, False, False,  ..., False, False, False],
         [False, False, False,  ..., False, False, False]],

        ...,

        [[False, False, False,  ..., False, False, False],
         [False, False, False,  ..., False, False, False],
         [False, False, False,  ..., False, False, False],
         ...,
         [False, False, False,  ..., False, False, False],
         [False, False, False,  ..., False, False, False],
         [False, False, False,  ..., False, False, False]],

        [[False, False, False,  ..., False, False, False],
         [False, False, False,  ..., False, False, False],
         [False, False, False,  ..., False, False, False],
         ...,
         [False, False, False,  ..., False, False, False],
         [False, False, False,  ..., False, False, False],
         [False, False, False,  ..., False, False, False]],

        [[False, False, False,  ..., False, False, False],
         [False, False, False,  ..., False, False, False],
         [False, False, False,  ..., False, False, False],
         ...,
         [False, False, False,  ..., False, False, False],
         [False, False, False,  ..., False, False, False],
         [False, False, False,  ..., False, False, False]]])])}
[02/28 06:21:58 mask2former.data.dataset_mappers.mask_former_semantic_dataset_mapper]: None
[02/28 06:21:58 mask2former.data.dataset_mappers.mask_former_semantic_dataset_mapper]: output dataset_dict: {'file_name': '/cpfs01/projects-HDD/pujianxiangmuzu_HDD/public/mr/./leftImg8bit_trainvaltest/leftImg8bit/train/hamburg/hamburg_000000_074139_leftImg8bit.png', 'width': 2048, 'height': 1024, 'image': tensor([[[  0,   0,   0,  ..., 229, 229, 228],
         [  0,   0,   0,  ..., 230, 229, 228],
         [  0,   0,   0,  ..., 229, 230, 229],
         ...,
         [  1,   1,   1,  ...,  95,  92,  93],
         [  1,   1,   0,  ...,  96,  92,  94],
         [  1,   0,   0,  ...,  98,  92,  95]],

        [[  0,   0,   0,  ..., 194, 197, 195],
         [  0,   0,   0,  ..., 197, 197, 195],
         [  0,   0,   0,  ..., 197, 198, 196],
         ...,
         [  7,   7,   6,  ...,  94,  90,  92],
         [  7,   7,   6,  ...,  93,  90,  92],
         [  6,   6,   7,  ...,  95,  90,  94]],

        [[  0,   0,   0,  ..., 155, 155, 153],
         [  0,   0,   0,  ..., 156, 156, 153],
         [  0,   0,   0,  ..., 155, 156, 153],
         ...,
         [  0,   0,   0,  ...,  80,  76,  78],
         [  0,   0,   0,  ...,  82,  76,  78],
         [  0,   0,   0,  ...,  84,  77,  80]]], dtype=torch.uint8), 'sem_seg': tensor([[255, 255, 255,  ...,  15,  15,  15],
        [255, 255, 255,  ...,  15,  15,  15],
        [255, 255, 255,  ...,  15,  15,  15],
        ...,
        [255, 255, 255,  ...,   0,   0,   0],
        [255, 255, 255,  ...,   0,   0,   0],
        [255, 255, 255,  ...,   0,   0,   0]]), 'instances': Instances(num_instances=29, image_height=768, image_width=768, fields=[gt_classes: tensor([ 0, 13, 15,  0, 13, 15, 13, 15, 13, 15, 13, 15, 13, 15, 13, 15, 13, 13,
        13, 15, 13, 13, 13, 15, 15, 15, 13, 13, 15]), gt_masks: tensor([[[False, False, False,  ..., False, False, False],
         [False, False, False,  ..., False, False, False],
         [False, False, False,  ..., False, False, False],
         ...,
         [False, False, False,  ...,  True,  True,  True],
         [False, False, False,  ...,  True,  True,  True],
         [False, False, False,  ...,  True,  True,  True]],

        [[False, False, False,  ..., False, False, False],
         [False, False, False,  ..., False, False, False],
         [False, False, False,  ..., False, False, False],
         ...,
         [False, False, False,  ..., False, False, False],
         [False, False, False,  ..., False, False, False],
         [False, False, False,  ..., False, False, False]],

        [[False, False, False,  ..., False, False, False],
         [False, False, False,  ..., False, False, False],
         [False, False, False,  ..., False, False, False],
         ...,
         [False, False, False,  ..., False, False, False],
         [False, False, False,  ..., False, False, False],
         [False, False, False,  ..., False, False, False]],

        ...,

        [[False, False, False,  ..., False, False, False],
         [False, False, False,  ..., False, False, False],
         [False, False, False,  ..., False, False, False],
         ...,
         [False, False, False,  ..., False, False, False],
         [False, False, False,  ..., False, False, False],
         [False, False, False,  ..., False, False, False]],

        [[False, False, False,  ..., False, False, False],
         [False, False, False,  ..., False, False, False],
         [False, False, False,  ..., False, False, False],
         ...,
         [False, False, False,  ..., False, False, False],
         [False, False, False,  ..., False, False, False],
         [False, False, False,  ..., False, False, False]],

        [[False, False, False,  ..., False, False, False],
         [False, False, False,  ..., False, False, False],
         [False, False, False,  ..., False, False, False],
         ...,
         [False, False, False,  ..., False, False, False],
         [False, False, False,  ..., False, False, False],
         [False, False, False,  ..., False, False, False]]])])}
[02/28 06:21:58 mask2former.data.dataset_mappers.mask_former_semantic_dataset_mapper]: None
[02/28 06:21:58 mask2former.data.dataset_mappers.mask_former_semantic_dataset_mapper]: output dataset_dict: {'file_name': '/cpfs01/projects-HDD/pujianxiangmuzu_HDD/public/mr/./leftImg8bit_trainvaltest/leftImg8bit/train/weimar/weimar_000047_000019_leftImg8bit.png', 'width': 2048, 'height': 1024, 'image': tensor([[[ 19,  17,  15,  ..., 255, 255, 255],
         [ 19,  17,  17,  ..., 255, 255, 255],
         [ 21,  19,  20,  ..., 255, 255, 255],
         ...,
         [ 37,  35,  35,  ...,  75,  75,  75],
         [ 36,  35,  35,  ...,  90,  86,  89],
         [ 36,  35,  35,  ...,  98,  95,  95]],

        [[ 34,  29,  26,  ..., 255, 255, 255],
         [ 34,  32,  29,  ..., 255, 255, 255],
         [ 39,  34,  32,  ..., 255, 255, 255],
         ...,
         [ 50,  50,  50,  ...,  96,  95,  96],
         [ 51,  51,  50,  ..., 105, 103, 104],
         [ 51,  51,  50,  ..., 113, 110, 108]],

        [[ 20,  21,  18,  ..., 255, 255, 255],
         [ 22,  21,  19,  ..., 255, 255, 255],
         [ 23,  22,  21,  ..., 255, 255, 255],
         ...,
         [ 45,  45,  42,  ...,  65,  64,  65],
         [ 45,  42,  41,  ...,  77,  73,  73],
         [ 45,  42,  41,  ...,  85,  81,  80]]], dtype=torch.uint8), 'sem_seg': tensor([[255, 255, 255,  ..., 255, 255, 255],
        [255, 255, 255,  ..., 255, 255, 255],
        [255, 255, 255,  ..., 255, 255, 255],
        ...,
        [  0,   0,   0,  ..., 255, 255, 255],
        [255, 255, 255,  ..., 255, 255, 255],
        [255, 255, 255,  ..., 255, 255, 255]]), 'instances': Instances(num_instances=37, image_height=614, image_width=768, fields=[gt_classes: tensor([ 0,  1,  2,  5,  7,  8, 10, 12, 13, 14, 17, 18,  0,  1,  2,  8, 10, 13,
         0,  1,  2,  8, 13,  0,  2,  8,  8,  1,  8,  1,  8,  8,  1,  8,  1,  2,
         8]), gt_masks: tensor([[[False, False, False,  ..., False, False, False],
         [False, False, False,  ..., False, False, False],
         [False, False, False,  ..., False, False, False],
         ...,
         [False, False, False,  ..., False, False, False],
         [False, False, False,  ..., False, False, False],
         [False, False, False,  ..., False, False, False]],

        [[False, False, False,  ..., False, False, False],
         [False, False, False,  ..., False, False, False],
         [False, False, False,  ..., False, False, False],
         ...,
         [False, False, False,  ..., False, False, False],
         [False, False, False,  ..., False, False, False],
         [False, False, False,  ..., False, False, False]],

        [[False, False, False,  ..., False, False, False],
         [False, False, False,  ..., False, False, False],
         [False, False, False,  ..., False, False, False],
         ...,
         [False, False, False,  ..., False, False, False],
         [False, False, False,  ..., False, False, False],
         [False, False, False,  ..., False, False, False]],

        ...,

        [[False, False, False,  ..., False, False, False],
         [False, False, False,  ..., False, False, False],
         [False, False, False,  ..., False, False, False],
         ...,
         [False, False, False,  ..., False, False, False],
         [False, False, False,  ..., False, False, False],
         [False, False, False,  ..., False, False, False]],

        [[False, False, False,  ..., False, False, False],
         [False, False, False,  ..., False, False, False],
         [False, False, False,  ..., False, False, False],
         ...,
         [False, False, False,  ..., False, False, False],
         [False, False, False,  ..., False, False, False],
         [False, False, False,  ..., False, False, False]],

        [[False, False, False,  ..., False, False, False],
         [False, False, False,  ..., False, False, False],
         [False, False, False,  ..., False, False, False],
         ...,
         [False, False, False,  ..., False, False, False],
         [False, False, False,  ..., False, False, False],
         [False, False, False,  ..., False, False, False]]])])}
[02/28 06:21:58 mask2former.data.dataset_mappers.mask_former_semantic_dataset_mapper]: None
[02/28 06:21:58 mask2former.data.dataset_mappers.mask_former_semantic_dataset_mapper]: output dataset_dict: {'file_name': '/cpfs01/projects-HDD/pujianxiangmuzu_HDD/public/mr/./leftImg8bit_trainvaltest/leftImg8bit/train/bremen/bremen_000052_000019_leftImg8bit.png', 'width': 2048, 'height': 1024, 'image': tensor([[[68, 65, 63,  ..., 74, 76, 77],
         [69, 66, 64,  ..., 74, 77, 78],
         [69, 67, 65,  ..., 74, 76, 77],
         ...,
         [73, 73, 72,  ..., 68, 68, 68],
         [73, 73, 72,  ..., 68, 68, 68],
         [72, 72, 71,  ..., 67, 68, 68]],

        [[82, 80, 78,  ..., 70, 71, 72],
         [83, 81, 79,  ..., 71, 72, 73],
         [83, 81, 79,  ..., 73, 74, 74],
         ...,
         [84, 84, 83,  ..., 79, 78, 78],
         [84, 84, 83,  ..., 79, 78, 78],
         [83, 83, 82,  ..., 79, 79, 79]],

        [[59, 57, 54,  ..., 42, 44, 46],
         [59, 57, 54,  ..., 39, 43, 46],
         [59, 56, 54,  ..., 40, 44, 46],
         ...,
         [71, 71, 70,  ..., 70, 70, 70],
         [71, 70, 69,  ..., 70, 70, 70],
         [70, 69, 67,  ..., 69, 70, 70]]], dtype=torch.uint8), 'sem_seg': tensor([[8, 8, 8,  ..., 8, 8, 8],
        [8, 8, 8,  ..., 8, 8, 8],
        [8, 8, 8,  ..., 8, 8, 8],
        ...,
        [0, 0, 0,  ..., 0, 0, 0],
        [0, 0, 0,  ..., 0, 0, 0],
        [0, 0, 0,  ..., 0, 0, 0]]), 'instances': Instances(num_instances=13, image_height=768, image_width=768, fields=[gt_classes: tensor([ 0,  1,  5,  6,  8, 11, 12, 18,  0,  8,  8,  8,  8]), gt_masks: tensor([[[False, False, False,  ..., False, False, False],
         [False, False, False,  ..., False, False, False],
         [False, False, False,  ..., False, False, False],
         ...,
         [False, False, False,  ..., False, False, False],
         [False, False, False,  ..., False, False, False],
         [False, False, False,  ..., False, False, False]],

        [[False, False, False,  ..., False, False, False],
         [False, False, False,  ..., False, False, False],
         [False, False, False,  ..., False, False, False],
         ...,
         [False, False, False,  ..., False, False, False],
         [False, False, False,  ..., False, False, False],
         [False, False, False,  ..., False, False, False]],

        [[False, False, False,  ..., False, False, False],
         [False, False, False,  ..., False, False, False],
         [False, False, False,  ..., False, False, False],
         ...,
         [False, False, False,  ..., False, False, False],
         [False, False, False,  ..., False, False, False],
         [False, False, False,  ..., False, False, False]],

        ...,

        [[False, False, False,  ..., False, False, False],
         [False, False, False,  ..., False, False, False],
         [False, False, False,  ..., False, False, False],
         ...,
         [False, False, False,  ..., False, False, False],
         [False, False, False,  ..., False, False, False],
         [False, False, False,  ..., False, False, False]],

        [[ True,  True,  True,  ..., False, False, False],
         [ True,  True,  True,  ..., False, False, False],
         [ True,  True,  True,  ..., False, False, False],
         ...,
         [False, False, False,  ..., False, False, False],
         [False, False, False,  ..., False, False, False],
         [False, False, False,  ..., False, False, False]],

        [[False, False, False,  ...,  True,  True,  True],
         [False, False, False,  ...,  True,  True,  True],
         [False, False, False,  ...,  True,  True,  True],
         ...,
         [False, False, False,  ..., False, False, False],
         [False, False, False,  ..., False, False, False],
         [False, False, False,  ..., False, False, False]]])])}
[02/28 06:21:58 mask2former.data.dataset_mappers.mask_former_semantic_dataset_mapper]: None
[02/28 06:21:59 mask2former.data.dataset_mappers.mask_former_semantic_dataset_mapper]: output dataset_dict: {'file_name': '/cpfs01/projects-HDD/pujianxiangmuzu_HDD/public/mr/./leftImg8bit_trainvaltest/leftImg8bit/train/jena/jena_000104_000019_leftImg8bit.png', 'width': 2048, 'height': 1024, 'image': tensor([[[ 61,  63,  63,  ...,  52,  55,  57],
         [ 59,  61,  61,  ...,  51,  54,  55],
         [ 57,  60,  61,  ...,  50,  54,  55],
         ...,
         [ 89,  90,  91,  ...,  85,  84,  83],
         [ 89,  90,  90,  ...,  83,  83,  82],
         [ 90,  90,  90,  ...,  84,  84,  83]],

        [[ 70,  71,  71,  ...,  68,  69,  68],
         [ 65,  67,  67,  ...,  67,  68,  66],
         [ 62,  65,  66,  ...,  64,  66,  66],
         ...,
         [102, 103, 104,  ...,  98,  97,  97],
         [103, 103, 103,  ...,  97,  96,  96],
         [103, 103, 103,  ...,  98,  97,  97]],

        [[ 63,  65,  64,  ...,  49,  50,  50],
         [ 60,  61,  60,  ...,  50,  49,  49],
         [ 58,  59,  59,  ...,  49,  49,  49],
         ...,
         [ 96,  97,  98,  ...,  90,  91,  91],
         [ 96,  96,  97,  ...,  91,  91,  91],
         [ 97,  97,  97,  ...,  92,  92,  92]]], dtype=torch.uint8), 'sem_seg': tensor([[255, 255,   5,  ...,  15,  15,  15],
        [255, 255,   5,  ...,  15,  15,  15],
        [255, 255,   5,  ...,  15,  15,  15],
        ...,
        [  0,   0,   0,  ...,   0,   0,   0],
        [  0,   0,   0,  ...,   0,   0,   0],
        [  0,   0,   0,  ...,   0,   0,   0]]), 'instances': Instances(num_instances=26, image_height=768, image_width=768, fields=[gt_classes: tensor([ 0,  1,  2,  3,  4,  5,  7,  8, 11, 13, 15,  0,  1,  8, 15,  0,  1,  8,
        15,  0,  1,  0,  0,  8,  8,  8]), gt_masks: tensor([[[False, False, False,  ..., False, False, False],
         [False, False, False,  ..., False, False, False],
         [False, False, False,  ..., False, False, False],
         ...,
         [False, False, False,  ..., False, False, False],
         [False, False, False,  ..., False, False, False],
         [False, False, False,  ..., False, False, False]],

        [[False, False, False,  ..., False, False, False],
         [False, False, False,  ..., False, False, False],
         [False, False, False,  ..., False, False, False],
         ...,
         [False, False, False,  ..., False, False, False],
         [False, False, False,  ..., False, False, False],
         [False, False, False,  ..., False, False, False]],

        [[False, False, False,  ..., False, False, False],
         [False, False, False,  ..., False, False, False],
         [False, False, False,  ..., False, False, False],
         ...,
         [False, False, False,  ..., False, False, False],
         [False, False, False,  ..., False, False, False],
         [False, False, False,  ..., False, False, False]],

        ...,

        [[False, False, False,  ..., False, False, False],
         [False, False, False,  ..., False, False, False],
         [False, False, False,  ..., False, False, False],
         ...,
         [False, False, False,  ..., False, False, False],
         [False, False, False,  ..., False, False, False],
         [False, False, False,  ..., False, False, False]],

        [[False, False, False,  ..., False, False, False],
         [False, False, False,  ..., False, False, False],
         [False, False, False,  ..., False, False, False],
         ...,
         [False, False, False,  ..., False, False, False],
         [False, False, False,  ..., False, False, False],
         [False, False, False,  ..., False, False, False]],

        [[False, False, False,  ..., False, False, False],
         [False, False, False,  ..., False, False, False],
         [False, False, False,  ..., False, False, False],
         ...,
         [False, False, False,  ..., False, False, False],
         [False, False, False,  ..., False, False, False],
         [False, False, False,  ..., False, False, False]]])])}
[02/28 06:21:59 mask2former.data.dataset_mappers.mask_former_semantic_dataset_mapper]: None
[02/28 06:21:59 mask2former.data.dataset_mappers.mask_former_semantic_dataset_mapper]: output dataset_dict: {'file_name': '/cpfs01/projects-HDD/pujianxiangmuzu_HDD/public/mr/./leftImg8bit_trainvaltest/leftImg8bit/train/strasbourg/strasbourg_000001_001449_leftImg8bit.png', 'width': 2048, 'height': 1024, 'image': tensor([[[88, 89, 91,  ..., 41, 39, 40],
         [85, 87, 89,  ..., 41, 40, 41],
         [85, 86, 89,  ..., 40, 37, 43],
         ...,
         [68, 68, 68,  ..., 41, 41, 42],
         [68, 68, 69,  ..., 39, 40, 41],
         [68, 68, 69,  ..., 40, 40, 40]],

        [[60, 64, 65,  ..., 39, 37, 39],
         [59, 60, 63,  ..., 40, 39, 40],
         [58, 59, 59,  ..., 40, 41, 42],
         ...,
         [45, 45, 47,  ..., 39, 39, 40],
         [45, 45, 46,  ..., 37, 40, 40],
         [45, 45, 46,  ..., 38, 41, 40]],

        [[52, 54, 54,  ..., 27, 26, 26],
         [49, 50, 53,  ..., 27, 26, 24],
         [50, 50, 50,  ..., 26, 27, 26],
         ...,
         [37, 37, 40,  ..., 27, 27, 26],
         [37, 37, 40,  ..., 24, 26, 27],
         [37, 37, 40,  ..., 26, 27, 26]]], dtype=torch.uint8), 'sem_seg': tensor([[  2,   2,   2,  ...,   2,   2,   2],
        [  2,   2,   2,  ...,   2,   2,   2],
        [  2,   2,   2,  ...,   2,   2,   2],
        ...,
        [255, 255, 255,  ..., 255, 255, 255],
        [255, 255, 255,  ..., 255, 255, 255],
        [255, 255, 255,  ..., 255, 255, 255]]), 'instances': Instances(num_instances=43, image_height=768, image_width=768, fields=[gt_classes: tensor([ 0,  1,  2,  7, 10, 11, 13, 18,  0,  1,  2, 11, 13, 18,  0,  1,  2, 13,
        18,  0,  1, 13, 18,  0,  1, 13, 18,  0,  1,  2,  0,  2,  2,  2,  2,  2,
         2,  2,  2,  2,  2,  2,  2]), gt_masks: tensor([[[False, False, False,  ..., False, False, False],
         [False, False, False,  ..., False, False, False],
         [False, False, False,  ..., False, False, False],
         ...,
         [False, False, False,  ..., False, False, False],
         [False, False, False,  ..., False, False, False],
         [False, False, False,  ..., False, False, False]],

        [[False, False, False,  ..., False, False, False],
         [False, False, False,  ..., False, False, False],
         [False, False, False,  ..., False, False, False],
         ...,
         [False, False, False,  ..., False, False, False],
         [False, False, False,  ..., False, False, False],
         [False, False, False,  ..., False, False, False]],

        [[False, False, False,  ..., False, False, False],
         [False, False, False,  ..., False, False, False],
         [False, False, False,  ..., False, False, False],
         ...,
         [False, False, False,  ..., False, False, False],
         [False, False, False,  ..., False, False, False],
         [False, False, False,  ..., False, False, False]],

        ...,

        [[False, False, False,  ..., False, False, False],
         [False, False, False,  ..., False, False, False],
         [False, False, False,  ..., False, False, False],
         ...,
         [False, False, False,  ..., False, False, False],
         [False, False, False,  ..., False, False, False],
         [False, False, False,  ..., False, False, False]],

        [[False, False, False,  ..., False, False, False],
         [False, False, False,  ..., False, False, False],
         [False, False, False,  ..., False, False, False],
         ...,
         [False, False, False,  ..., False, False, False],
         [False, False, False,  ..., False, False, False],
         [False, False, False,  ..., False, False, False]],

        [[False, False, False,  ..., False, False, False],
         [False, False, False,  ..., False, False, False],
         [False, False, False,  ..., False, False, False],
         ...,
         [False, False, False,  ..., False, False, False],
         [False, False, False,  ..., False, False, False],
         [False, False, False,  ..., False, False, False]]])])}
[02/28 06:21:59 mask2former.data.dataset_mappers.mask_former_semantic_dataset_mapper]: None
[02/28 06:22:00 mask2former.data.dataset_mappers.mask_former_semantic_dataset_mapper]: output dataset_dict: {'file_name': '/cpfs01/projects-HDD/pujianxiangmuzu_HDD/public/mr/./leftImg8bit_trainvaltest/leftImg8bit/train/aachen/aachen_000061_000019_leftImg8bit.png', 'width': 2048, 'height': 1024, 'image': tensor([[[29, 29, 30,  ..., 59, 58, 55],
         [25, 26, 29,  ..., 62, 59, 56],
         [22, 23, 26,  ..., 63, 62, 58],
         ...,
         [68, 67, 67,  ..., 80, 83, 86],
         [68, 67, 66,  ..., 80, 86, 84],
         [70, 67, 66,  ..., 83, 87, 88]],

        [[34, 34, 37,  ..., 54, 52, 52],
         [33, 34, 37,  ..., 55, 51, 52],
         [31, 34, 38,  ..., 56, 54, 50],
         ...,
         [80, 79, 78,  ..., 92, 95, 95],
         [79, 79, 79,  ..., 92, 95, 95],
         [80, 79, 79,  ..., 94, 95, 96]],

        [[25, 27, 29,  ..., 43, 43, 43],
         [25, 25, 27,  ..., 46, 45, 46],
         [22, 23, 26,  ..., 46, 46, 42],
         ...,
         [64, 63, 62,  ..., 78, 79, 82],
         [63, 63, 63,  ..., 78, 79, 79],
         [64, 63, 63,  ..., 78, 79, 79]]], dtype=torch.uint8), 'sem_seg': tensor([[  8,   8,   8,  ...,   8,   8,   8],
        [  8,   8,   8,  ...,   8,   8,   8],
        [  8,   8,   8,  ...,   8,   8,   8],
        ...,
        [  0,   0,   0,  ..., 255, 255, 255],
        [  0,   0,   0,  ..., 255, 255, 255],
        [  0,   0,   0,  ..., 255, 255, 255]]), 'instances': Instances(num_instances=31, image_height=768, image_width=768, fields=[gt_classes: tensor([ 0,  1,  2,  4,  5,  7,  8, 13, 18,  0,  2, 13,  0, 13,  0,  2,  8, 13,
         0,  2,  2,  0,  0, 13,  8, 13,  8, 13,  8, 13, 13]), gt_masks: tensor([[[False, False, False,  ..., False, False, False],
         [False, False, False,  ..., False, False, False],
         [False, False, False,  ..., False, False, False],
         ...,
         [False, False, False,  ..., False, False, False],
         [False, False, False,  ..., False, False, False],
         [False, False, False,  ..., False, False, False]],

        [[False, False, False,  ..., False, False, False],
         [False, False, False,  ..., False, False, False],
         [False, False, False,  ..., False, False, False],
         ...,
         [False, False, False,  ..., False, False, False],
         [False, False, False,  ..., False, False, False],
         [False, False, False,  ..., False, False, False]],

        [[False, False, False,  ..., False, False, False],
         [False, False, False,  ..., False, False, False],
         [False, False, False,  ..., False, False, False],
         ...,
         [False, False, False,  ..., False, False, False],
         [False, False, False,  ..., False, False, False],
         [False, False, False,  ..., False, False, False]],

        ...,

        [[False, False, False,  ..., False, False, False],
         [False, False, False,  ..., False, False, False],
         [False, False, False,  ..., False, False, False],
         ...,
         [False, False, False,  ..., False, False, False],
         [False, False, False,  ..., False, False, False],
         [False, False, False,  ..., False, False, False]],

        [[False, False, False,  ..., False, False, False],
         [False, False, False,  ..., False, False, False],
         [False, False, False,  ..., False, False, False],
         ...,
         [False, False, False,  ..., False, False, False],
         [False, False, False,  ..., False, False, False],
         [False, False, False,  ..., False, False, False]],

        [[False, False, False,  ..., False, False, False],
         [False, False, False,  ..., False, False, False],
         [False, False, False,  ..., False, False, False],
         ...,
         [False, False, False,  ..., False, False, False],
         [False, False, False,  ..., False, False, False],
         [False, False, False,  ..., False, False, False]]])])}
[02/28 06:22:00 mask2former.data.dataset_mappers.mask_former_semantic_dataset_mapper]: None
[02/28 06:22:00 mask2former.data.dataset_mappers.mask_former_semantic_dataset_mapper]: output dataset_dict: {'file_name': '/cpfs01/projects-HDD/pujianxiangmuzu_HDD/public/mr/./leftImg8bit_trainvaltest/leftImg8bit/train/bremen/bremen_000021_000019_leftImg8bit.png', 'width': 2048, 'height': 1024, 'image': tensor([[[ 23,  23,  21,  ..., 180, 180, 180],
         [ 25,  23,  18,  ..., 179, 180, 180],
         [ 25,  23,  16,  ..., 179, 179, 179],
         ...,
         [ 35,  35,  35,  ...,  35,  35,  35],
         [ 35,  35,  35,  ...,  35,  35,  35],
         [ 35,  35,  35,  ...,  35,  35,  35]],

        [[ 55,  57,  57,  ..., 192, 192, 192],
         [ 56,  56,  54,  ..., 191, 191, 192],
         [ 56,  55,  52,  ..., 189, 190, 190],
         ...,
         [ 47,  48,  49,  ...,  48,  48,  47],
         [ 48,  48,  49,  ...,  47,  47,  47],
         [ 48,  48,  49,  ...,  47,  47,  47]],

        [[ 23,  26,  25,  ..., 198, 198, 198],
         [ 27,  25,  21,  ..., 197, 197, 197],
         [ 29,  25,  18,  ..., 196, 196, 196],
         ...,
         [ 39,  38,  39,  ...,  40,  40,  39],
         [ 40,  40,  40,  ...,  39,  39,  39],
         [ 40,  40,  40,  ...,  39,  39,  39]]], dtype=torch.uint8), 'sem_seg': tensor([[ 8,  8,  8,  ..., 10, 10, 10],
        [ 8,  8,  8,  ..., 10, 10, 10],
        [ 8,  8,  8,  ..., 10, 10, 10],
        ...,
        [ 0,  0,  0,  ...,  0,  0,  0],
        [ 0,  0,  0,  ...,  0,  0,  0],
        [ 0,  0,  0,  ...,  0,  0,  0]]), 'instances': Instances(num_instances=24, image_height=768, image_width=768, fields=[gt_classes: tensor([ 0,  2,  4,  5,  6,  7,  8,  9, 10, 12, 18,  0,  4,  9, 10,  0, 10,  8,
         2,  8,  8,  2,  2,  2]), gt_masks: tensor([[[False, False, False,  ..., False, False, False],
         [False, False, False,  ..., False, False, False],
         [False, False, False,  ..., False, False, False],
         ...,
         [False, False, False,  ..., False, False, False],
         [False, False, False,  ..., False, False, False],
         [False, False, False,  ..., False, False, False]],

        [[False, False, False,  ..., False, False, False],
         [False, False, False,  ..., False, False, False],
         [False, False, False,  ..., False, False, False],
         ...,
         [False, False, False,  ..., False, False, False],
         [False, False, False,  ..., False, False, False],
         [False, False, False,  ..., False, False, False]],

        [[False, False, False,  ..., False, False, False],
         [False, False, False,  ..., False, False, False],
         [False, False, False,  ..., False, False, False],
         ...,
         [False, False, False,  ..., False, False, False],
         [False, False, False,  ..., False, False, False],
         [False, False, False,  ..., False, False, False]],

        ...,

        [[False, False, False,  ..., False, False, False],
         [False, False, False,  ..., False, False, False],
         [False, False, False,  ..., False, False, False],
         ...,
         [False, False, False,  ..., False, False, False],
         [False, False, False,  ..., False, False, False],
         [False, False, False,  ..., False, False, False]],

        [[False, False, False,  ..., False, False, False],
         [False, False, False,  ..., False, False, False],
         [False, False, False,  ..., False, False, False],
         ...,
         [False, False, False,  ..., False, False, False],
         [False, False, False,  ..., False, False, False],
         [False, False, False,  ..., False, False, False]],

        [[False, False, False,  ..., False, False, False],
         [False, False, False,  ..., False, False, False],
         [False, False, False,  ..., False, False, False],
         ...,
         [False, False, False,  ..., False, False, False],
         [False, False, False,  ..., False, False, False],
         [False, False, False,  ..., False, False, False]]])])}
[02/28 06:22:00 mask2former.data.dataset_mappers.mask_former_semantic_dataset_mapper]: None
[02/28 06:22:00 mask2former.data.dataset_mappers.mask_former_semantic_dataset_mapper]: output dataset_dict: {'file_name': '/cpfs01/projects-HDD/pujianxiangmuzu_HDD/public/mr/./leftImg8bit_trainvaltest/leftImg8bit/train/stuttgart/stuttgart_000126_000019_leftImg8bit.png', 'width': 2048, 'height': 1024, 'image': tensor([[[79, 83, 87,  ..., 15, 14, 15],
         [77, 79, 79,  ..., 15, 14, 15],
         [75, 69, 66,  ..., 14, 14, 14],
         ...,
         [42, 42, 42,  ..., 40, 42, 42],
         [42, 42, 42,  ..., 40, 42, 42],
         [42, 42, 42,  ..., 40, 40, 42]],

        [[89, 92, 95,  ..., 17, 17, 17],
         [89, 89, 89,  ..., 17, 17, 17],
         [86, 83, 78,  ..., 17, 17, 17],
         ...,
         [47, 47, 46,  ..., 45, 47, 47],
         [47, 47, 47,  ..., 45, 46, 47],
         [46, 46, 46,  ..., 45, 45, 47]],

        [[77, 81, 87,  ..., 15, 15, 15],
         [78, 82, 83,  ..., 15, 15, 15],
         [78, 79, 75,  ..., 15, 14, 14],
         ...,
         [45, 45, 45,  ..., 43, 44, 44],
         [45, 45, 45,  ..., 43, 44, 44],
         [44, 44, 45,  ..., 42, 43, 44]]], dtype=torch.uint8), 'sem_seg': tensor([[2, 2, 2,  ..., 8, 2, 2],
        [2, 2, 2,  ..., 8, 8, 2],
        [2, 2, 2,  ..., 8, 8, 8],
        ...,
        [0, 0, 0,  ..., 0, 0, 0],
        [0, 0, 0,  ..., 0, 0, 0],
        [0, 0, 0,  ..., 0, 0, 0]]), 'instances': Instances(num_instances=27, image_height=768, image_width=768, fields=[gt_classes: tensor([ 0,  1,  2,  5,  6,  7,  8, 10, 11, 12, 13, 14, 18,  0,  8, 10,  0,  8,
         2,  8,  2,  8, 13,  2,  2,  2,  2]), gt_masks: tensor([[[False, False, False,  ..., False, False, False],
         [False, False, False,  ..., False, False, False],
         [False, False, False,  ..., False, False, False],
         ...,
         [False, False, False,  ..., False, False, False],
         [False, False, False,  ..., False, False, False],
         [False, False, False,  ..., False, False, False]],

        [[False, False, False,  ..., False, False, False],
         [False, False, False,  ..., False, False, False],
         [False, False, False,  ..., False, False, False],
         ...,
         [False, False, False,  ..., False, False, False],
         [False, False, False,  ..., False, False, False],
         [False, False, False,  ..., False, False, False]],

        [[False, False, False,  ..., False,  True,  True],
         [False, False, False,  ..., False, False,  True],
         [False, False, False,  ..., False, False, False],
         ...,
         [False, False, False,  ..., False, False, False],
         [False, False, False,  ..., False, False, False],
         [False, False, False,  ..., False, False, False]],

        ...,

        [[False, False, False,  ..., False, False, False],
         [False, False, False,  ..., False, False, False],
         [False, False, False,  ..., False, False, False],
         ...,
         [False, False, False,  ..., False, False, False],
         [False, False, False,  ..., False, False, False],
         [False, False, False,  ..., False, False, False]],

        [[False, False, False,  ..., False, False, False],
         [False, False, False,  ..., False, False, False],
         [False, False, False,  ..., False, False, False],
         ...,
         [False, False, False,  ..., False, False, False],
         [False, False, False,  ..., False, False, False],
         [False, False, False,  ..., False, False, False]],

        [[False, False, False,  ..., False, False, False],
         [False, False, False,  ..., False, False, False],
         [False, False, False,  ..., False, False, False],
         ...,
         [False, False, False,  ..., False, False, False],
         [False, False, False,  ..., False, False, False],
         [False, False, False,  ..., False, False, False]]])])}
[02/28 06:22:00 mask2former.data.dataset_mappers.mask_former_semantic_dataset_mapper]: None
[02/28 06:22:00 mask2former.data.dataset_mappers.mask_former_semantic_dataset_mapper]: output dataset_dict: {'file_name': '/cpfs01/projects-HDD/pujianxiangmuzu_HDD/public/mr/./leftImg8bit_trainvaltest/leftImg8bit/train/hanover/hanover_000000_042770_leftImg8bit.png', 'width': 2048, 'height': 1024, 'image': tensor([[[ 52,  48,  43,  ..., 105, 106, 106],
         [ 52,  48,  43,  ..., 105, 106, 107],
         [ 52,  47,  42,  ..., 107, 105, 105],
         ...,
         [ 86,  86,  85,  ..., 100, 100, 100],
         [ 87,  87,  86,  ..., 101, 101, 101],
         [ 87,  87,  87,  ..., 101, 101, 101]],

        [[ 69,  64,  57,  ..., 112, 113, 113],
         [ 69,  64,  57,  ..., 113, 113, 114],
         [ 68,  63,  58,  ..., 114, 114, 115],
         ...,
         [ 98,  98,  98,  ..., 108, 109, 109],
         [ 99,  99,  99,  ..., 109, 109, 109],
         [ 99,  99,  99,  ..., 109, 109, 109]],

        [[ 64,  58,  51,  ...,  93,  94,  96],
         [ 62,  58,  51,  ...,  94,  95,  96],
         [ 60,  57,  51,  ...,  96,  96,  97],
         ...,
         [ 85,  85,  84,  ...,  94,  94,  94],
         [ 86,  86,  85,  ...,  95,  95,  95],
         [ 86,  86,  86,  ...,  95,  95,  95]]], dtype=torch.uint8), 'sem_seg': tensor([[17, 17, 17,  ...,  1,  1,  1],
        [17, 17, 17,  ...,  1,  1,  1],
        [17, 17, 17,  ...,  0,  0,  0],
        ...,
        [ 0,  0,  0,  ...,  0,  0,  0],
        [ 0,  0,  0,  ...,  0,  0,  0],
        [ 0,  0,  0,  ...,  0,  0,  0]]), 'instances': Instances(num_instances=8, image_height=768, image_width=768, fields=[gt_classes: tensor([ 0,  1,  5, 17, 18,  5,  5, 17]), gt_masks: tensor([[[False, False, False,  ..., False, False, False],
         [False, False, False,  ..., False, False, False],
         [False, False, False,  ...,  True,  True,  True],
         ...,
         [ True,  True,  True,  ...,  True,  True,  True],
         [ True,  True,  True,  ...,  True,  True,  True],
         [ True,  True,  True,  ...,  True,  True,  True]],

        [[False, False, False,  ...,  True,  True,  True],
         [False, False, False,  ...,  True,  True,  True],
         [False, False, False,  ..., False, False, False],
         ...,
         [False, False, False,  ..., False, False, False],
         [False, False, False,  ..., False, False, False],
         [False, False, False,  ..., False, False, False]],

        [[False, False, False,  ..., False, False, False],
         [False, False, False,  ..., False, False, False],
         [False, False, False,  ..., False, False, False],
         ...,
         [False, False, False,  ..., False, False, False],
         [False, False, False,  ..., False, False, False],
         [False, False, False,  ..., False, False, False]],

        ...,

        [[False, False, False,  ..., False, False, False],
         [False, False, False,  ..., False, False, False],
         [False, False, False,  ..., False, False, False],
         ...,
         [False, False, False,  ..., False, False, False],
         [False, False, False,  ..., False, False, False],
         [False, False, False,  ..., False, False, False]],

        [[False, False, False,  ..., False, False, False],
         [False, False, False,  ..., False, False, False],
         [False, False, False,  ..., False, False, False],
         ...,
         [False, False, False,  ..., False, False, False],
         [False, False, False,  ..., False, False, False],
         [False, False, False,  ..., False, False, False]],

        [[ True,  True,  True,  ..., False, False, False],
         [ True,  True,  True,  ..., False, False, False],
         [ True,  True,  True,  ..., False, False, False],
         ...,
         [False, False, False,  ..., False, False, False],
         [False, False, False,  ..., False, False, False],
         [False, False, False,  ..., False, False, False]]])])}
[02/28 06:22:00 mask2former.data.dataset_mappers.mask_former_semantic_dataset_mapper]: None
[02/28 06:22:01 mask2former.data.dataset_mappers.mask_former_semantic_dataset_mapper]: output dataset_dict: {'file_name': '/cpfs01/projects-HDD/pujianxiangmuzu_HDD/public/mr/./leftImg8bit_trainvaltest/leftImg8bit/train/erfurt/erfurt_000080_000019_leftImg8bit.png', 'width': 2048, 'height': 1024, 'image': tensor([[[24, 23, 25,  ..., 29, 29, 31],
         [27, 26, 28,  ..., 29, 29, 31],
         [27, 26, 29,  ..., 29, 29, 30],
         ...,
         [66, 65, 66,  ..., 61, 62, 61],
         [67, 68, 68,  ..., 60, 62, 62],
         [70, 70, 71,  ..., 62, 63, 62]],

        [[36, 32, 32,  ..., 41, 42, 44],
         [39, 35, 35,  ..., 41, 42, 43],
         [38, 35, 37,  ..., 41, 42, 43],
         ...,
         [81, 80, 81,  ..., 71, 72, 72],
         [83, 83, 83,  ..., 73, 73, 73],
         [85, 85, 85,  ..., 74, 75, 73]],

        [[24, 21, 20,  ..., 28, 28, 28],
         [27, 25, 24,  ..., 27, 27, 27],
         [26, 25, 26,  ..., 26, 27, 27],
         ...,
         [66, 65, 67,  ..., 62, 63, 62],
         [67, 68, 70,  ..., 63, 64, 63],
         [69, 70, 72,  ..., 64, 64, 63]]], dtype=torch.uint8), 'sem_seg': tensor([[  8,   8,   8,  ...,   8,   8,   8],
        [  8,   8,   8,  ...,   8,   8,   8],
        [  8,   8,   8,  ...,   8,   8,   8],
        ...,
        [  0,   0,   0,  ..., 255, 255, 255],
        [  0,   0,   0,  ..., 255, 255, 255],
        [  0,   0,   0,  ..., 255, 255, 255]]), 'instances': Instances(num_instances=39, image_height=768, image_width=768, fields=[gt_classes: tensor([ 0,  1,  2,  3,  5,  6,  7,  8,  9, 12, 13, 18,  0,  3,  8,  9, 12, 13,
        18,  0,  3,  6,  8, 12, 13, 18, 13, 18,  2,  8,  8,  8,  8,  8,  8,  8,
         8,  8,  8]), gt_masks: tensor([[[False, False, False,  ..., False, False, False],
         [False, False, False,  ..., False, False, False],
         [False, False, False,  ..., False, False, False],
         ...,
         [False, False, False,  ..., False, False, False],
         [False, False, False,  ..., False, False, False],
         [False, False, False,  ..., False, False, False]],

        [[False, False, False,  ..., False, False, False],
         [False, False, False,  ..., False, False, False],
         [False, False, False,  ..., False, False, False],
         ...,
         [False, False, False,  ..., False, False, False],
         [False, False, False,  ..., False, False, False],
         [False, False, False,  ..., False, False, False]],

        [[False, False, False,  ..., False, False, False],
         [False, False, False,  ..., False, False, False],
         [False, False, False,  ..., False, False, False],
         ...,
         [False, False, False,  ..., False, False, False],
         [False, False, False,  ..., False, False, False],
         [False, False, False,  ..., False, False, False]],

        ...,

        [[False, False, False,  ..., False, False, False],
         [False, False, False,  ..., False, False, False],
         [False, False, False,  ..., False, False, False],
         ...,
         [False, False, False,  ..., False, False, False],
         [False, False, False,  ..., False, False, False],
         [False, False, False,  ..., False, False, False]],

        [[False, False, False,  ..., False, False, False],
         [False, False, False,  ..., False, False, False],
         [False, False, False,  ..., False, False, False],
         ...,
         [False, False, False,  ..., False, False, False],
         [False, False, False,  ..., False, False, False],
         [False, False, False,  ..., False, False, False]],

        [[False, False, False,  ..., False, False, False],
         [False, False, False,  ..., False, False, False],
         [False, False, False,  ..., False, False, False],
         ...,
         [False, False, False,  ..., False, False, False],
         [False, False, False,  ..., False, False, False],
         [False, False, False,  ..., False, False, False]]])])}
[02/28 06:22:01 mask2former.data.dataset_mappers.mask_former_semantic_dataset_mapper]: None
[02/28 06:22:01 mask2former.data.dataset_mappers.mask_former_semantic_dataset_mapper]: output dataset_dict: {'file_name': '/cpfs01/projects-HDD/pujianxiangmuzu_HDD/public/mr/./leftImg8bit_trainvaltest/leftImg8bit/train/aachen/aachen_000058_000019_leftImg8bit.png', 'width': 2048, 'height': 1024, 'image': tensor([[[ 96, 101, 107,  ...,  54,  57,  58],
         [ 95, 100, 106,  ...,  56,  58,  59],
         [ 94, 101, 105,  ...,  58,  59,  60],
         ...,
         [ 90,  91,  93,  ...,  82,  82,  81],
         [ 91,  91,  92,  ...,  86,  82,  82],
         [ 92,  92,  92,  ...,  83,  83,  82]],

        [[104, 106, 110,  ...,  60,  63,  64],
         [102, 104, 108,  ...,  62,  64,  64],
         [100, 103, 107,  ...,  64,  64,  64],
         ...,
         [ 97,  97,  98,  ...,  92,  92,  91],
         [ 97,  97,  98,  ...,  93,  92,  91],
         [ 98,  98,  98,  ...,  91,  93,  92]],

        [[ 92,  93,  94,  ...,  52,  55,  55],
         [ 90,  90,  91,  ...,  53,  54,  54],
         [ 87,  88,  91,  ...,  53,  52,  51],
         ...,
         [ 87,  87,  88,  ...,  81,  81,  79],
         [ 87,  87,  86,  ...,  83,  81,  81],
         [ 88,  88,  86,  ...,  81,  82,  81]]], dtype=torch.uint8), 'sem_seg': tensor([[5, 5, 8,  ..., 8, 8, 8],
        [5, 5, 8,  ..., 8, 8, 8],
        [5, 5, 8,  ..., 8, 8, 8],
        ...,
        [0, 0, 0,  ..., 0, 0, 0],
        [0, 0, 0,  ..., 0, 0, 0],
        [0, 0, 0,  ..., 0, 0, 0]]), 'instances': Instances(num_instances=31, image_height=768, image_width=768, fields=[gt_classes: tensor([ 0,  1,  2,  5,  6,  7,  8,  9, 11, 13,  0,  1,  8,  0,  8, 13,  0, 13,
         0,  8,  0,  8,  0,  8,  8,  0,  8,  0,  8, 13, 13]), gt_masks: tensor([[[False, False, False,  ..., False, False, False],
         [False, False, False,  ..., False, False, False],
         [False, False, False,  ..., False, False, False],
         ...,
         [False, False, False,  ..., False, False, False],
         [False, False, False,  ..., False, False, False],
         [False, False, False,  ..., False, False, False]],

        [[False, False, False,  ..., False, False, False],
         [False, False, False,  ..., False, False, False],
         [False, False, False,  ..., False, False, False],
         ...,
         [False, False, False,  ..., False, False, False],
         [False, False, False,  ..., False, False, False],
         [False, False, False,  ..., False, False, False]],

        [[False, False, False,  ..., False, False, False],
         [False, False, False,  ..., False, False, False],
         [False, False, False,  ..., False, False, False],
         ...,
         [False, False, False,  ..., False, False, False],
         [False, False, False,  ..., False, False, False],
         [False, False, False,  ..., False, False, False]],

        ...,

        [[False, False, False,  ..., False, False, False],
         [False, False, False,  ..., False, False, False],
         [False, False, False,  ..., False, False, False],
         ...,
         [False, False, False,  ..., False, False, False],
         [False, False, False,  ..., False, False, False],
         [False, False, False,  ..., False, False, False]],

        [[False, False, False,  ..., False, False, False],
         [False, False, False,  ..., False, False, False],
         [False, False, False,  ..., False, False, False],
         ...,
         [False, False, False,  ..., False, False, False],
         [False, False, False,  ..., False, False, False],
         [False, False, False,  ..., False, False, False]],

        [[False, False, False,  ..., False, False, False],
         [False, False, False,  ..., False, False, False],
         [False, False, False,  ..., False, False, False],
         ...,
         [False, False, False,  ..., False, False, False],
         [False, False, False,  ..., False, False, False],
         [False, False, False,  ..., False, False, False]]])])}
[02/28 06:22:01 mask2former.data.dataset_mappers.mask_former_semantic_dataset_mapper]: None
[02/28 06:22:01 mask2former.data.dataset_mappers.mask_former_semantic_dataset_mapper]: output dataset_dict: {'file_name': '/cpfs01/projects-HDD/pujianxiangmuzu_HDD/public/mr/./leftImg8bit_trainvaltest/leftImg8bit/train/hanover/hanover_000000_023881_leftImg8bit.png', 'width': 2048, 'height': 1024, 'image': tensor([[[ 33,  34,  35,  ...,  47,  46,  45],
         [ 34,  32,  33,  ...,  60,  58,  54],
         [ 34,  31,  32,  ...,  79,  75,  69],
         ...,
         [ 94,  93,  93,  ...,  91,  90,  90],
         [ 93,  93,  93,  ...,  92,  90,  90],
         [ 92,  93,  93,  ...,  92,  90,  90]],

        [[ 42,  44,  45,  ...,  53,  53,  53],
         [ 42,  42,  44,  ...,  64,  63,  61],
         [ 43,  41,  42,  ...,  83,  80,  76],
         ...,
         [102, 101, 101,  ..., 103, 101, 100],
         [101, 100, 101,  ..., 103, 101, 101],
         [100, 100, 101,  ..., 103, 101, 101]],

        [[ 32,  33,  34,  ...,  36,  38,  39],
         [ 33,  32,  33,  ...,  48,  49,  47],
         [ 35,  33,  33,  ...,  65,  64,  58],
         ...,
         [ 91,  89,  89,  ...,  93,  92,  91],
         [ 90,  90,  90,  ...,  94,  92,  91],
         [ 90,  90,  91,  ...,  94,  92,  91]]], dtype=torch.uint8), 'sem_seg': tensor([[8, 8, 8,  ..., 8, 8, 8],
        [8, 8, 8,  ..., 8, 8, 8],
        [8, 8, 8,  ..., 8, 8, 8],
        ...,
        [0, 0, 0,  ..., 0, 0, 0],
        [0, 0, 0,  ..., 0, 0, 0],
        [0, 0, 0,  ..., 0, 0, 0]]), 'instances': Instances(num_instances=38, image_height=768, image_width=768, fields=[gt_classes: tensor([ 0,  1,  2,  5,  6,  8,  9, 11, 17, 18,  0,  1,  2,  6,  8, 11,  1,  2,
         8, 11,  1,  8,  8, 11, 11,  8, 11,  8,  2,  8, 11,  2, 11,  2,  2,  2,
         2,  2]), gt_masks: tensor([[[False, False, False,  ..., False, False, False],
         [False, False, False,  ..., False, False, False],
         [False, False, False,  ..., False, False, False],
         ...,
         [ True,  True,  True,  ...,  True,  True,  True],
         [ True,  True,  True,  ...,  True,  True,  True],
         [ True,  True,  True,  ...,  True,  True,  True]],

        [[False, False, False,  ..., False, False, False],
         [False, False, False,  ..., False, False, False],
         [False, False, False,  ..., False, False, False],
         ...,
         [False, False, False,  ..., False, False, False],
         [False, False, False,  ..., False, False, False],
         [False, False, False,  ..., False, False, False]],

        [[False, False, False,  ..., False, False, False],
         [False, False, False,  ..., False, False, False],
         [False, False, False,  ..., False, False, False],
         ...,
         [False, False, False,  ..., False, False, False],
         [False, False, False,  ..., False, False, False],
         [False, False, False,  ..., False, False, False]],

        ...,

        [[False, False, False,  ..., False, False, False],
         [False, False, False,  ..., False, False, False],
         [False, False, False,  ..., False, False, False],
         ...,
         [False, False, False,  ..., False, False, False],
         [False, False, False,  ..., False, False, False],
         [False, False, False,  ..., False, False, False]],

        [[False, False, False,  ..., False, False, False],
         [False, False, False,  ..., False, False, False],
         [False, False, False,  ..., False, False, False],
         ...,
         [False, False, False,  ..., False, False, False],
         [False, False, False,  ..., False, False, False],
         [False, False, False,  ..., False, False, False]],

        [[False, False, False,  ..., False, False, False],
         [False, False, False,  ..., False, False, False],
         [False, False, False,  ..., False, False, False],
         ...,
         [False, False, False,  ..., False, False, False],
         [False, False, False,  ..., False, False, False],
         [False, False, False,  ..., False, False, False]]])])}
[02/28 06:22:01 mask2former.data.dataset_mappers.mask_former_semantic_dataset_mapper]: None
[02/28 06:22:01 mask2former.data.dataset_mappers.mask_former_semantic_dataset_mapper]: output dataset_dict: {'file_name': '/cpfs01/projects-HDD/pujianxiangmuzu_HDD/public/mr/./leftImg8bit_trainvaltest/leftImg8bit/train/hamburg/hamburg_000000_052904_leftImg8bit.png', 'width': 2048, 'height': 1024, 'image': tensor([[[ 24,  22,  22,  ..., 255, 255, 255],
         [ 25,  23,  23,  ..., 255, 255, 255],
         [ 26,  25,  25,  ..., 255, 255, 255],
         ...,
         [ 85,  83,  82,  ...,  71,  73,  74],
         [ 85,  83,  81,  ...,  72,  73,  75],
         [ 85,  83,  82,  ...,  72,  74,  76]],

        [[ 31,  29,  28,  ..., 255, 255, 255],
         [ 32,  30,  30,  ..., 255, 255, 255],
         [ 33,  32,  32,  ..., 255, 255, 255],
         ...,
         [ 93,  91,  90,  ...,  82,  84,  85],
         [ 93,  91,  90,  ...,  80,  82,  85],
         [ 93,  91,  90,  ...,  80,  83,  85]],

        [[ 24,  24,  24,  ..., 255, 255, 255],
         [ 24,  24,  24,  ..., 255, 255, 255],
         [ 24,  24,  24,  ..., 255, 255, 255],
         ...,
         [ 85,  83,  82,  ...,  74,  76,  77],
         [ 84,  82,  80,  ...,  72,  74,  75],
         [ 84,  82,  80,  ...,  72,  74,  75]]], dtype=torch.uint8), 'sem_seg': tensor([[ 8,  8,  8,  ..., 10, 10, 10],
        [ 8,  8,  8,  ..., 10, 10, 10],
        [ 8,  8,  8,  ..., 10, 10, 10],
        ...,
        [ 0, 11, 11,  ..., 18, 18, 18],
        [ 0, 11, 11,  ..., 18, 18, 18],
        [ 0, 11, 11,  ..., 18, 18, 18]]), 'instances': Instances(num_instances=37, image_height=768, image_width=768, fields=[gt_classes: tensor([ 0,  1,  2,  4,  5,  6,  7,  8,  9, 10, 11, 12, 15, 18,  0,  1, 10, 12,
        18,  1, 10, 12, 18,  8, 11, 12, 12, 18, 12,  1,  8, 11,  8, 11,  8, 11,
         8]), gt_masks: tensor([[[False, False, False,  ..., False, False, False],
         [False, False, False,  ..., False, False, False],
         [False, False, False,  ..., False, False, False],
         ...,
         [False, False, False,  ..., False, False, False],
         [False, False, False,  ..., False, False, False],
         [False, False, False,  ..., False, False, False]],

        [[False, False, False,  ..., False, False, False],
         [False, False, False,  ..., False, False, False],
         [False, False, False,  ..., False, False, False],
         ...,
         [False, False, False,  ..., False, False, False],
         [False, False, False,  ..., False, False, False],
         [False, False, False,  ..., False, False, False]],

        [[False, False, False,  ..., False, False, False],
         [False, False, False,  ..., False, False, False],
         [False, False, False,  ..., False, False, False],
         ...,
         [False, False, False,  ..., False, False, False],
         [False, False, False,  ..., False, False, False],
         [False, False, False,  ..., False, False, False]],

        ...,

        [[ True,  True,  True,  ..., False, False, False],
         [ True,  True,  True,  ..., False, False, False],
         [ True,  True,  True,  ..., False, False, False],
         ...,
         [False, False, False,  ..., False, False, False],
         [False, False, False,  ..., False, False, False],
         [False, False, False,  ..., False, False, False]],

        [[False, False, False,  ..., False, False, False],
         [False, False, False,  ..., False, False, False],
         [False, False, False,  ..., False, False, False],
         ...,
         [False, False, False,  ..., False, False, False],
         [False, False, False,  ..., False, False, False],
         [False, False, False,  ..., False, False, False]],

        [[False, False, False,  ..., False, False, False],
         [False, False, False,  ..., False, False, False],
         [False, False, False,  ..., False, False, False],
         ...,
         [False, False, False,  ..., False, False, False],
         [False, False, False,  ..., False, False, False],
         [False, False, False,  ..., False, False, False]]])])}
[02/28 06:22:01 mask2former.data.dataset_mappers.mask_former_semantic_dataset_mapper]: None
[02/28 06:22:02 mask2former.data.dataset_mappers.mask_former_semantic_dataset_mapper]: output dataset_dict: {'file_name': '/cpfs01/projects-HDD/pujianxiangmuzu_HDD/public/mr/./leftImg8bit_trainvaltest/leftImg8bit/train/weimar/weimar_000141_000019_leftImg8bit.png', 'width': 2048, 'height': 1024, 'image': tensor([[[ 85,  81,  86,  ...,  98, 111, 104],
         [ 84,  76,  81,  ..., 118, 120, 127],
         [ 86,  74,  85,  ..., 141, 142, 148],
         ...,
         [ 73,  73,  73,  ...,  78,  80,  79],
         [ 73,  73,  73,  ...,  80,  78,  81],
         [ 73,  73,  73,  ...,  81,  81,  81]],

        [[109, 105, 106,  ..., 106, 121, 122],
         [109,  98, 101,  ..., 113, 126, 145],
         [107,  97, 101,  ..., 126, 140, 163],
         ...,
         [ 91,  91,  91,  ..., 102, 102, 103],
         [ 91,  91,  91,  ..., 102, 102, 103],
         [ 91,  91,  91,  ..., 103, 103, 103]],

        [[104,  96,  96,  ...,  34,  74,  75],
         [104,  91,  93,  ...,  53,  87, 114],
         [105,  89,  92,  ...,  91, 124, 143],
         ...,
         [ 73,  73,  75,  ...,  80,  80,  81],
         [ 73,  73,  77,  ...,  80,  80,  81],
         [ 77,  77,  77,  ...,  81,  81,  81]]], dtype=torch.uint8), 'sem_seg': tensor([[2, 2, 2,  ..., 8, 8, 8],
        [2, 2, 2,  ..., 8, 8, 8],
        [2, 2, 2,  ..., 8, 8, 8],
        ...,
        [0, 0, 0,  ..., 0, 0, 0],
        [0, 0, 0,  ..., 0, 0, 0],
        [0, 0, 0,  ..., 0, 0, 0]]), 'instances': Instances(num_instances=40, image_height=768, image_width=768, fields=[gt_classes: tensor([ 0,  1,  2,  3,  5,  6,  7,  8, 10, 13,  0,  1,  2,  3,  8, 10,  0,  1,
         2,  3,  0,  1,  2,  3,  8,  2,  8, 13, 13,  3,  3,  8,  8,  2,  2,  8,
        13,  2,  2, 13]), gt_masks: tensor([[[False, False, False,  ..., False, False, False],
         [False, False, False,  ..., False, False, False],
         [False, False, False,  ..., False, False, False],
         ...,
         [False, False, False,  ..., False, False, False],
         [False, False, False,  ..., False, False, False],
         [False, False, False,  ..., False, False, False]],

        [[False, False, False,  ..., False, False, False],
         [False, False, False,  ..., False, False, False],
         [False, False, False,  ..., False, False, False],
         ...,
         [False, False, False,  ..., False, False, False],
         [False, False, False,  ..., False, False, False],
         [False, False, False,  ..., False, False, False]],

        [[False, False, False,  ..., False, False, False],
         [False, False, False,  ..., False, False, False],
         [False, False, False,  ..., False, False, False],
         ...,
         [False, False, False,  ..., False, False, False],
         [False, False, False,  ..., False, False, False],
         [False, False, False,  ..., False, False, False]],

        ...,

        [[False, False, False,  ..., False, False, False],
         [False, False, False,  ..., False, False, False],
         [False, False, False,  ..., False, False, False],
         ...,
         [False, False, False,  ..., False, False, False],
         [False, False, False,  ..., False, False, False],
         [False, False, False,  ..., False, False, False]],

        [[False, False, False,  ..., False, False, False],
         [False, False, False,  ..., False, False, False],
         [False, False, False,  ..., False, False, False],
         ...,
         [False, False, False,  ..., False, False, False],
         [False, False, False,  ..., False, False, False],
         [False, False, False,  ..., False, False, False]],

        [[False, False, False,  ..., False, False, False],
         [False, False, False,  ..., False, False, False],
         [False, False, False,  ..., False, False, False],
         ...,
         [False, False, False,  ..., False, False, False],
         [False, False, False,  ..., False, False, False],
         [False, False, False,  ..., False, False, False]]])])}
[02/28 06:22:02 mask2former.data.dataset_mappers.mask_former_semantic_dataset_mapper]: None
[02/28 06:22:02 mask2former.data.dataset_mappers.mask_former_semantic_dataset_mapper]: output dataset_dict: {'file_name': '/cpfs01/projects-HDD/pujianxiangmuzu_HDD/public/mr/./leftImg8bit_trainvaltest/leftImg8bit/train/krefeld/krefeld_000000_002083_leftImg8bit.png', 'width': 2048, 'height': 1024, 'image': tensor([[[ 11,  12,  12,  ..., 126, 125, 125],
         [ 10,  11,  12,  ..., 124, 122, 121],
         [ 12,  12,  12,  ..., 124, 121, 120],
         ...,
         [ 64,  64,  63,  ...,  38,  38,  38],
         [ 64,  64,  63,  ...,  38,  38,  38],
         [ 63,  63,  63,  ...,  38,  38,  38]],

        [[ 16,  16,  16,  ..., 117, 116, 115],
         [ 15,  16,  16,  ..., 116, 114, 112],
         [ 16,  16,  16,  ..., 114, 111, 109],
         ...,
         [ 68,  68,  67,  ...,  41,  41,  41],
         [ 68,  68,  67,  ...,  41,  41,  41],
         [ 67,  67,  67,  ...,  41,  41,  41]],

        [[ 13,  13,  13,  ..., 109, 107, 106],
         [ 13,  13,  13,  ..., 108, 107, 104],
         [ 13,  13,  13,  ..., 105, 103, 102],
         ...,
         [ 57,  58,  58,  ...,  35,  35,  35],
         [ 57,  58,  58,  ...,  35,  35,  35],
         [ 57,  58,  58,  ...,  35,  35,  35]]], dtype=torch.uint8), 'sem_seg': tensor([[2, 2, 2,  ..., 2, 2, 2],
        [2, 2, 2,  ..., 2, 2, 2],
        [2, 2, 2,  ..., 2, 2, 2],
        ...,
        [0, 0, 0,  ..., 0, 0, 0],
        [0, 0, 0,  ..., 0, 0, 0],
        [0, 0, 0,  ..., 0, 0, 0]]), 'instances': Instances(num_instances=25, image_height=768, image_width=768, fields=[gt_classes: tensor([ 2,  8, 13,  8,  0,  2,  8,  0,  8, 13, 13,  2,  8,  2,  0,  8,  0, 13,
         0, 13,  0,  8, 13, 13, 13]), gt_masks: tensor([[[False, False, False,  ..., False, False, False],
         [False, False, False,  ..., False, False, False],
         [False, False, False,  ..., False, False, False],
         ...,
         [False, False, False,  ..., False, False, False],
         [False, False, False,  ..., False, False, False],
         [False, False, False,  ..., False, False, False]],

        [[False, False, False,  ..., False, False, False],
         [False, False, False,  ..., False, False, False],
         [False, False, False,  ..., False, False, False],
         ...,
         [False, False, False,  ..., False, False, False],
         [False, False, False,  ..., False, False, False],
         [False, False, False,  ..., False, False, False]],

        [[False, False, False,  ..., False, False, False],
         [False, False, False,  ..., False, False, False],
         [False, False, False,  ..., False, False, False],
         ...,
         [False, False, False,  ..., False, False, False],
         [False, False, False,  ..., False, False, False],
         [False, False, False,  ..., False, False, False]],

        ...,

        [[False, False, False,  ..., False, False, False],
         [False, False, False,  ..., False, False, False],
         [False, False, False,  ..., False, False, False],
         ...,
         [False, False, False,  ..., False, False, False],
         [False, False, False,  ..., False, False, False],
         [False, False, False,  ..., False, False, False]],

        [[False, False, False,  ..., False, False, False],
         [False, False, False,  ..., False, False, False],
         [False, False, False,  ..., False, False, False],
         ...,
         [False, False, False,  ..., False, False, False],
         [False, False, False,  ..., False, False, False],
         [False, False, False,  ..., False, False, False]],

        [[False, False, False,  ..., False, False, False],
         [False, False, False,  ..., False, False, False],
         [False, False, False,  ..., False, False, False],
         ...,
         [False, False, False,  ..., False, False, False],
         [False, False, False,  ..., False, False, False],
         [False, False, False,  ..., False, False, False]]])])}
[02/28 06:22:02 mask2former.data.dataset_mappers.mask_former_semantic_dataset_mapper]: None
[02/28 06:22:02 mask2former.data.dataset_mappers.mask_former_semantic_dataset_mapper]: output dataset_dict: {'file_name': '/cpfs01/projects-HDD/pujianxiangmuzu_HDD/public/mr/./leftImg8bit_trainvaltest/leftImg8bit/train/cologne/cologne_000115_000019_leftImg8bit.png', 'width': 2048, 'height': 1024, 'image': tensor([[[ 71,  74,  71,  ...,  72,  67,  68],
         [ 71,  72,  74,  ...,  66,  66,  66],
         [ 73,  74,  76,  ...,  68,  67,  66],
         ...,
         [ 54,  51,  51,  ...,  60,  62,  62],
         [ 58,  57,  56,  ...,  58,  61,  62],
         [ 58,  60,  58,  ...,  52,  52,  53]],

        [[ 94,  98,  98,  ...,  90,  90,  89],
         [ 95,  99, 100,  ...,  88,  89,  89],
         [ 96,  99, 100,  ...,  89,  90,  89],
         ...,
         [ 68,  66,  66,  ...,  73,  72,  72],
         [ 70,  69,  68,  ...,  70,  71,  70],
         [ 70,  71,  70,  ...,  66,  67,  67]],

        [[ 73,  79,  77,  ...,  66,  63,  64],
         [ 74,  77,  78,  ...,  63,  63,  63],
         [ 76,  77,  77,  ...,  64,  63,  63],
         ...,
         [ 52,  49,  49,  ...,  54,  55,  55],
         [ 54,  51,  52,  ...,  52,  55,  56],
         [ 52,  54,  52,  ...,  47,  48,  48]]], dtype=torch.uint8), 'sem_seg': tensor([[  2,   2,   2,  ...,   2,   2,   2],
        [  2,   2,   2,  ...,   2,   2,   2],
        [  2,   2,   2,  ...,   2,   2,   2],
        ...,
        [255, 255, 255,  ..., 255, 255, 255],
        [255, 255, 255,  ..., 255, 255, 255],
        [255, 255, 255,  ..., 255, 255, 255]]), 'instances': Instances(num_instances=40, image_height=768, image_width=768, fields=[gt_classes: tensor([ 0,  1,  2,  5,  6,  7,  8,  9, 13,  0,  8,  9,  0,  2,  8,  9,  0,  8,
         8, 13,  8,  8, 13,  8,  8,  2,  8, 13,  2,  8, 13,  2,  8, 13,  2,  8,
         2,  2,  2,  2]), gt_masks: tensor([[[False, False, False,  ..., False, False, False],
         [False, False, False,  ..., False, False, False],
         [False, False, False,  ..., False, False, False],
         ...,
         [False, False, False,  ..., False, False, False],
         [False, False, False,  ..., False, False, False],
         [False, False, False,  ..., False, False, False]],

        [[False, False, False,  ..., False, False, False],
         [False, False, False,  ..., False, False, False],
         [False, False, False,  ..., False, False, False],
         ...,
         [False, False, False,  ..., False, False, False],
         [False, False, False,  ..., False, False, False],
         [False, False, False,  ..., False, False, False]],

        [[False, False, False,  ..., False, False, False],
         [False, False, False,  ..., False, False, False],
         [False, False, False,  ..., False, False, False],
         ...,
         [False, False, False,  ..., False, False, False],
         [False, False, False,  ..., False, False, False],
         [False, False, False,  ..., False, False, False]],

        ...,

        [[False, False, False,  ..., False, False, False],
         [False, False, False,  ..., False, False, False],
         [False, False, False,  ..., False, False, False],
         ...,
         [False, False, False,  ..., False, False, False],
         [False, False, False,  ..., False, False, False],
         [False, False, False,  ..., False, False, False]],

        [[False, False, False,  ..., False, False, False],
         [False, False, False,  ..., False, False, False],
         [False, False, False,  ..., False, False, False],
         ...,
         [False, False, False,  ..., False, False, False],
         [False, False, False,  ..., False, False, False],
         [False, False, False,  ..., False, False, False]],

        [[False, False, False,  ..., False, False, False],
         [False, False, False,  ..., False, False, False],
         [False, False, False,  ..., False, False, False],
         ...,
         [False, False, False,  ..., False, False, False],
         [False, False, False,  ..., False, False, False],
         [False, False, False,  ..., False, False, False]]])])}
[02/28 06:22:02 mask2former.data.dataset_mappers.mask_former_semantic_dataset_mapper]: None
[02/28 06:22:02 mask2former.data.dataset_mappers.mask_former_semantic_dataset_mapper]: output dataset_dict: {'file_name': '/cpfs01/projects-HDD/pujianxiangmuzu_HDD/public/mr/./leftImg8bit_trainvaltest/leftImg8bit/train/stuttgart/stuttgart_000143_000019_leftImg8bit.png', 'width': 2048, 'height': 1024, 'image': tensor([[[ 73,  59,  60,  ...,  94,  96,  97],
         [ 78,  67,  68,  ...,  95,  94,  96],
         [ 80,  69,  73,  ...,  95,  96,  96],
         ...,
         [ 53,  54,  53,  ...,  53,  53,  53],
         [ 53,  53,  51,  ...,  52,  50,  52],
         [ 53,  56,  57,  ...,  50,  49,  49]],

        [[ 80,  72,  75,  ..., 101, 104, 105],
         [ 83,  73,  80,  ..., 102, 103, 105],
         [ 84,  74,  82,  ..., 104, 105, 105],
         ...,
         [ 62,  63,  63,  ...,  68,  67,  67],
         [ 63,  63,  63,  ...,  66,  66,  66],
         [ 63,  65,  65,  ...,  65,  65,  65]],

        [[ 70,  60,  65,  ...,  80,  83,  84],
         [ 70,  62,  68,  ...,  82,  82,  84],
         [ 70,  62,  72,  ...,  84,  84,  84],
         ...,
         [ 54,  55,  55,  ...,  55,  56,  56],
         [ 54,  53,  51,  ...,  54,  54,  54],
         [ 54,  55,  55,  ...,  55,  54,  53]]], dtype=torch.uint8), 'sem_seg': tensor([[  2,   2,   2,  ...,   2,   2,   2],
        [  2,   2,   2,  ...,   2,   2,   2],
        [  2,   2,   2,  ...,   2,   2,   2],
        ...,
        [255, 255, 255,  ...,   0,   0,   0],
        [255, 255, 255,  ...,   0,   0,   0],
        [255, 255, 255,  ...,   0,   0,   0]]), 'instances': Instances(num_instances=38, image_height=768, image_width=768, fields=[gt_classes: tensor([ 0,  2, 13,  0,  2, 13,  0, 13,  0,  2, 13, 13,  2, 13,  0, 13,  2, 13,
         2,  2,  2, 13,  2, 13, 13, 13, 13,  2, 13, 13,  2, 13, 13, 13, 13, 13,
        13, 13]), gt_masks: tensor([[[False, False, False,  ..., False, False, False],
         [False, False, False,  ..., False, False, False],
         [False, False, False,  ..., False, False, False],
         ...,
         [False, False, False,  ..., False, False, False],
         [False, False, False,  ..., False, False, False],
         [False, False, False,  ..., False, False, False]],

        [[False, False, False,  ..., False, False, False],
         [False, False, False,  ..., False, False, False],
         [False, False, False,  ..., False, False, False],
         ...,
         [False, False, False,  ..., False, False, False],
         [False, False, False,  ..., False, False, False],
         [False, False, False,  ..., False, False, False]],

        [[False, False, False,  ..., False, False, False],
         [False, False, False,  ..., False, False, False],
         [False, False, False,  ..., False, False, False],
         ...,
         [False, False, False,  ..., False, False, False],
         [False, False, False,  ..., False, False, False],
         [False, False, False,  ..., False, False, False]],

        ...,

        [[False, False, False,  ..., False, False, False],
         [False, False, False,  ..., False, False, False],
         [False, False, False,  ..., False, False, False],
         ...,
         [False, False, False,  ..., False, False, False],
         [False, False, False,  ..., False, False, False],
         [False, False, False,  ..., False, False, False]],

        [[False, False, False,  ..., False, False, False],
         [False, False, False,  ..., False, False, False],
         [False, False, False,  ..., False, False, False],
         ...,
         [False, False, False,  ..., False, False, False],
         [False, False, False,  ..., False, False, False],
         [False, False, False,  ..., False, False, False]],

        [[False, False, False,  ..., False, False, False],
         [False, False, False,  ..., False, False, False],
         [False, False, False,  ..., False, False, False],
         ...,
         [False, False, False,  ..., False, False, False],
         [False, False, False,  ..., False, False, False],
         [False, False, False,  ..., False, False, False]]])])}
[02/28 06:22:02 mask2former.data.dataset_mappers.mask_former_semantic_dataset_mapper]: None
[02/28 06:22:03 mask2former.data.dataset_mappers.mask_former_semantic_dataset_mapper]: output dataset_dict: {'file_name': '/cpfs01/projects-HDD/pujianxiangmuzu_HDD/public/mr/./leftImg8bit_trainvaltest/leftImg8bit/train/dusseldorf/dusseldorf_000016_000019_leftImg8bit.png', 'width': 2048, 'height': 1024, 'image': tensor([[[117, 117, 116,  ..., 117, 116, 117],
         [119, 119, 117,  ..., 118, 118, 118],
         [119, 120, 117,  ..., 117, 118, 119],
         ...,
         [ 33,  34,  34,  ...,  45,  44,  43],
         [ 33,  35,  34,  ...,  45,  46,  45],
         [ 33,  35,  34,  ...,  46,  48,  47]],

        [[146, 146, 145,  ..., 121, 121, 122],
         [145, 146, 145,  ..., 122, 123, 123],
         [145, 146, 145,  ..., 122, 123, 122],
         ...,
         [ 48,  48,  48,  ...,  55,  55,  56],
         [ 48,  49,  48,  ...,  58,  58,  57],
         [ 48,  49,  48,  ...,  59,  60,  59]],

        [[130, 130, 129,  ...,  83,  81,  83],
         [128, 129, 128,  ...,  84,  84,  84],
         [126, 128, 127,  ...,  86,  83,  82],
         ...,
         [ 36,  35,  35,  ...,  46,  45,  45],
         [ 37,  37,  37,  ...,  47,  47,  46],
         [ 37,  37,  37,  ...,  47,  48,  49]]], dtype=torch.uint8), 'sem_seg': tensor([[255, 255, 255,  ..., 255, 255, 255],
        [255, 255, 255,  ..., 255, 255, 255],
        [255, 255, 255,  ..., 255, 255, 255],
        ...,
        [255,   0,   0,  ..., 255, 255, 255],
        [255, 255, 255,  ..., 255, 255, 255],
        [255, 255, 255,  ..., 255, 255, 255]]), 'instances': Instances(num_instances=58, image_height=614, image_width=768, fields=[gt_classes: tensor([ 0,  1,  2,  5,  7,  8, 13, 18,  0,  1,  2,  5, 13, 18,  1,  2, 18,  1,
         2,  8, 18,  1,  2, 13, 18,  2,  8, 13,  2,  8, 13,  2,  2,  2,  2,  2,
         2,  2,  2,  2,  2,  2,  2,  2,  2,  2,  2,  2,  2,  2,  2,  2,  2,  2,
         2,  2,  2,  2]), gt_masks: tensor([[[False, False, False,  ..., False, False, False],
         [False, False, False,  ..., False, False, False],
         [False, False, False,  ..., False, False, False],
         ...,
         [False, False, False,  ..., False, False, False],
         [False, False, False,  ..., False, False, False],
         [False, False, False,  ..., False, False, False]],

        [[False, False, False,  ..., False, False, False],
         [False, False, False,  ..., False, False, False],
         [False, False, False,  ..., False, False, False],
         ...,
         [False, False, False,  ..., False, False, False],
         [False, False, False,  ..., False, False, False],
         [False, False, False,  ..., False, False, False]],

        [[False, False, False,  ..., False, False, False],
         [False, False, False,  ..., False, False, False],
         [False, False, False,  ..., False, False, False],
         ...,
         [False, False, False,  ..., False, False, False],
         [False, False, False,  ..., False, False, False],
         [False, False, False,  ..., False, False, False]],

        ...,

        [[False, False, False,  ..., False, False, False],
         [False, False, False,  ..., False, False, False],
         [False, False, False,  ..., False, False, False],
         ...,
         [False, False, False,  ..., False, False, False],
         [False, False, False,  ..., False, False, False],
         [False, False, False,  ..., False, False, False]],

        [[False, False, False,  ..., False, False, False],
         [False, False, False,  ..., False, False, False],
         [False, False, False,  ..., False, False, False],
         ...,
         [False, False, False,  ..., False, False, False],
         [False, False, False,  ..., False, False, False],
         [False, False, False,  ..., False, False, False]],

        [[False, False, False,  ..., False, False, False],
         [False, False, False,  ..., False, False, False],
         [False, False, False,  ..., False, False, False],
         ...,
         [False, False, False,  ..., False, False, False],
         [False, False, False,  ..., False, False, False],
         [False, False, False,  ..., False, False, False]]])])}
[02/28 06:22:03 mask2former.data.dataset_mappers.mask_former_semantic_dataset_mapper]: None
[02/28 06:22:03 mask2former.data.dataset_mappers.mask_former_semantic_dataset_mapper]: output dataset_dict: {'file_name': '/cpfs01/projects-HDD/pujianxiangmuzu_HDD/public/mr/./leftImg8bit_trainvaltest/leftImg8bit/train/weimar/weimar_000006_000019_leftImg8bit.png', 'width': 2048, 'height': 1024, 'image': tensor([[[101,  72,  41,  ...,  36,  35,  36],
         [103,  75,  42,  ...,  33,  33,  32],
         [106,  78,  42,  ...,  31,  30,  29],
         ...,
         [ 56,  61,  63,  ...,  57,  55,  56],
         [ 58,  61,  62,  ...,  58,  54,  55],
         [ 62,  64,  66,  ...,  58,  56,  55]],

        [[103,  85,  57,  ...,  42,  41,  42],
         [106,  91,  61,  ...,  41,  40,  39],
         [109,  95,  64,  ...,  38,  37,  36],
         ...,
         [ 72,  75,  77,  ...,  67,  67,  70],
         [ 74,  75,  77,  ...,  68,  69,  71],
         [ 78,  78,  79,  ...,  71,  70,  72]],

        [[ 62,  51,  40,  ...,  29,  31,  32],
         [ 64,  56,  44,  ...,  29,  31,  30],
         [ 65,  59,  47,  ...,  28,  28,  29],
         ...,
         [ 55,  59,  61,  ...,  55,  54,  56],
         [ 54,  56,  60,  ...,  58,  56,  58],
         [ 56,  58,  60,  ...,  52,  51,  53]]], dtype=torch.uint8), 'sem_seg': tensor([[ 15,  15,  15,  ...,   2,   2,   2],
        [ 15,  15,  15,  ...,   2,   2,   2],
        [ 15,  15,  15,  ...,   2,   2,   2],
        ...,
        [  0,   0,   0,  ..., 255, 255, 255],
        [  0,   0,   0,  ..., 255, 255, 255],
        [  0,   0,   0,  ..., 255, 255, 255]]), 'instances': Instances(num_instances=43, image_height=768, image_width=768, fields=[gt_classes: tensor([ 0,  1,  2,  5,  7,  8, 10, 13, 15,  0,  1,  2, 10, 15,  0,  1,  2, 15,
         0,  1,  2,  8, 15,  0,  2,  0,  8,  0,  8,  0,  8,  2,  8,  0,  2,  0,
         0,  8,  0,  0,  0,  8,  8]), gt_masks: tensor([[[False, False, False,  ..., False, False, False],
         [False, False, False,  ..., False, False, False],
         [False, False, False,  ..., False, False, False],
         ...,
         [False, False, False,  ..., False, False, False],
         [False, False, False,  ..., False, False, False],
         [False, False, False,  ..., False, False, False]],

        [[False, False, False,  ..., False, False, False],
         [False, False, False,  ..., False, False, False],
         [False, False, False,  ..., False, False, False],
         ...,
         [False, False, False,  ..., False, False, False],
         [False, False, False,  ..., False, False, False],
         [False, False, False,  ..., False, False, False]],

        [[False, False, False,  ..., False, False, False],
         [False, False, False,  ..., False, False, False],
         [False, False, False,  ..., False, False, False],
         ...,
         [False, False, False,  ..., False, False, False],
         [False, False, False,  ..., False, False, False],
         [False, False, False,  ..., False, False, False]],

        ...,

        [[False, False, False,  ..., False, False, False],
         [False, False, False,  ..., False, False, False],
         [False, False, False,  ..., False, False, False],
         ...,
         [False, False, False,  ..., False, False, False],
         [False, False, False,  ..., False, False, False],
         [False, False, False,  ..., False, False, False]],

        [[False, False, False,  ..., False, False, False],
         [False, False, False,  ..., False, False, False],
         [False, False, False,  ..., False, False, False],
         ...,
         [False, False, False,  ..., False, False, False],
         [False, False, False,  ..., False, False, False],
         [False, False, False,  ..., False, False, False]],

        [[False, False, False,  ..., False, False, False],
         [False, False, False,  ..., False, False, False],
         [False, False, False,  ..., False, False, False],
         ...,
         [False, False, False,  ..., False, False, False],
         [False, False, False,  ..., False, False, False],
         [False, False, False,  ..., False, False, False]]])])}
[02/28 06:22:03 mask2former.data.dataset_mappers.mask_former_semantic_dataset_mapper]: None
[02/28 06:22:03 mask2former.data.dataset_mappers.mask_former_semantic_dataset_mapper]: output dataset_dict: {'file_name': '/cpfs01/projects-HDD/pujianxiangmuzu_HDD/public/mr/./leftImg8bit_trainvaltest/leftImg8bit/train/bremen/bremen_000071_000019_leftImg8bit.png', 'width': 2048, 'height': 1024, 'image': tensor([[[62, 62, 63,  ..., 55, 53, 52],
         [63, 62, 62,  ..., 61, 61, 59],
         [61, 62, 63,  ..., 59, 62, 65],
         ...,
         [79, 79, 79,  ..., 73, 73, 73],
         [79, 79, 79,  ..., 73, 74, 75],
         [82, 82, 82,  ..., 73, 74, 75]],

        [[73, 73, 74,  ..., 70, 66, 65],
         [74, 73, 74,  ..., 74, 74, 73],
         [74, 74, 74,  ..., 75, 77, 81],
         ...,
         [96, 96, 96,  ..., 88, 88, 88],
         [95, 96, 96,  ..., 88, 88, 89],
         [98, 97, 98,  ..., 88, 88, 89]],

        [[51, 49, 50,  ..., 66, 63, 62],
         [49, 51, 50,  ..., 70, 67, 67],
         [49, 50, 52,  ..., 72, 72, 74],
         ...,
         [81, 83, 82,  ..., 74, 77, 77],
         [82, 83, 83,  ..., 76, 78, 78],
         [85, 85, 86,  ..., 76, 78, 78]]], dtype=torch.uint8), 'sem_seg': tensor([[255, 255, 255,  ..., 255, 255, 255],
        [255, 255, 255,  ..., 255, 255, 255],
        [255, 255, 255,  ..., 255, 255, 255],
        ...,
        [255, 255, 255,  ..., 255, 255, 255],
        [255, 255, 255,  ..., 255, 255, 255],
        [255, 255, 255,  ..., 255, 255, 255]]), 'instances': Instances(num_instances=51, image_height=614, image_width=768, fields=[gt_classes: tensor([ 0,  1,  2,  5,  6,  7,  8, 10, 11, 12, 13, 16, 18,  0,  1,  2,  8, 10,
        11, 12, 13, 16,  0,  1,  2, 12,  0,  1,  2,  0,  1,  2,  0,  2,  0,  2,
         0,  2,  0,  2,  0,  0,  2,  0,  0,  2,  0,  0,  0,  0,  2]), gt_masks: tensor([[[False, False, False,  ..., False, False, False],
         [False, False, False,  ..., False, False, False],
         [False, False, False,  ..., False, False, False],
         ...,
         [False, False, False,  ..., False, False, False],
         [False, False, False,  ..., False, False, False],
         [False, False, False,  ..., False, False, False]],

        [[False, False, False,  ..., False, False, False],
         [False, False, False,  ..., False, False, False],
         [False, False, False,  ..., False, False, False],
         ...,
         [False, False, False,  ..., False, False, False],
         [False, False, False,  ..., False, False, False],
         [False, False, False,  ..., False, False, False]],

        [[False, False, False,  ..., False, False, False],
         [False, False, False,  ..., False, False, False],
         [False, False, False,  ..., False, False, False],
         ...,
         [False, False, False,  ..., False, False, False],
         [False, False, False,  ..., False, False, False],
         [False, False, False,  ..., False, False, False]],

        ...,

        [[False, False, False,  ..., False, False, False],
         [False, False, False,  ..., False, False, False],
         [False, False, False,  ..., False, False, False],
         ...,
         [False, False, False,  ..., False, False, False],
         [False, False, False,  ..., False, False, False],
         [False, False, False,  ..., False, False, False]],

        [[False, False, False,  ..., False, False, False],
         [False, False, False,  ..., False, False, False],
         [False, False, False,  ..., False, False, False],
         ...,
         [False, False, False,  ..., False, False, False],
         [False, False, False,  ..., False, False, False],
         [False, False, False,  ..., False, False, False]],

        [[False, False, False,  ..., False, False, False],
         [False, False, False,  ..., False, False, False],
         [False, False, False,  ..., False, False, False],
         ...,
         [False, False, False,  ..., False, False, False],
         [False, False, False,  ..., False, False, False],
         [False, False, False,  ..., False, False, False]]])])}
[02/28 06:22:03 mask2former.data.dataset_mappers.mask_former_semantic_dataset_mapper]: None
[02/28 06:22:03 mask2former.data.dataset_mappers.mask_former_semantic_dataset_mapper]: output dataset_dict: {'file_name': '/cpfs01/projects-HDD/pujianxiangmuzu_HDD/public/mr/./leftImg8bit_trainvaltest/leftImg8bit/train/ulm/ulm_000024_000019_leftImg8bit.png', 'width': 2048, 'height': 1024, 'image': tensor([[[141, 141, 141,  ...,  29,  27,  26],
         [143, 144, 143,  ...,  28,  27,  26],
         [147, 146, 145,  ...,  27,  26,  25],
         ...,
         [ 83,  82,  82,  ...,  53,  54,  55],
         [ 83,  82,  82,  ...,  54,  55,  55],
         [ 83,  83,  83,  ...,  53,  54,  54]],

        [[143, 144, 144,  ...,  34,  32,  31],
         [145, 146, 145,  ...,  33,  31,  31],
         [149, 148, 148,  ...,  32,  30,  29],
         ...,
         [ 69,  69,  69,  ...,  56,  57,  57],
         [ 69,  69,  69,  ...,  56,  57,  57],
         [ 70,  68,  68,  ...,  55,  56,  56]],

        [[139, 139, 139,  ...,  29,  27,  26],
         [141, 141, 140,  ...,  29,  27,  27],
         [144, 143, 143,  ...,  27,  26,  26],
         ...,
         [ 63,  63,  63,  ...,  52,  52,  52],
         [ 63,  63,  63,  ...,  52,  52,  52],
         [ 63,  63,  63,  ...,  51,  52,  52]]], dtype=torch.uint8), 'sem_seg': tensor([[  2,   2,   2,  ...,   8,   8,   8],
        [  2,   2,   2,  ...,   8,   8,   8],
        [  2,   2,   2,  ...,   8,   8,   8],
        ...,
        [255, 255, 255,  ...,   0,   0,   0],
        [255, 255, 255,  ...,   0,   0,   0],
        [255, 255, 255,  ...,   0,   0,   0]]), 'instances': Instances(num_instances=23, image_height=768, image_width=768, fields=[gt_classes: tensor([ 0,  1,  2,  5,  8, 11, 12, 18,  0,  2, 12, 18,  0,  5, 12, 18, 18, 18,
         8,  8,  0,  0,  0]), gt_masks: tensor([[[False, False, False,  ..., False, False, False],
         [False, False, False,  ..., False, False, False],
         [False, False, False,  ..., False, False, False],
         ...,
         [False, False, False,  ..., False, False, False],
         [False, False, False,  ..., False, False, False],
         [False, False, False,  ..., False, False, False]],

        [[False, False, False,  ..., False, False, False],
         [False, False, False,  ..., False, False, False],
         [False, False, False,  ..., False, False, False],
         ...,
         [False, False, False,  ..., False, False, False],
         [False, False, False,  ..., False, False, False],
         [False, False, False,  ..., False, False, False]],

        [[ True,  True,  True,  ..., False, False, False],
         [ True,  True,  True,  ..., False, False, False],
         [ True,  True,  True,  ..., False, False, False],
         ...,
         [False, False, False,  ..., False, False, False],
         [False, False, False,  ..., False, False, False],
         [False, False, False,  ..., False, False, False]],

        ...,

        [[False, False, False,  ..., False, False, False],
         [False, False, False,  ..., False, False, False],
         [False, False, False,  ..., False, False, False],
         ...,
         [False, False, False,  ..., False, False, False],
         [False, False, False,  ..., False, False, False],
         [False, False, False,  ..., False, False, False]],

        [[False, False, False,  ..., False, False, False],
         [False, False, False,  ..., False, False, False],
         [False, False, False,  ..., False, False, False],
         ...,
         [False, False, False,  ..., False, False, False],
         [False, False, False,  ..., False, False, False],
         [False, False, False,  ..., False, False, False]],

        [[False, False, False,  ..., False, False, False],
         [False, False, False,  ..., False, False, False],
         [False, False, False,  ..., False, False, False],
         ...,
         [False, False, False,  ..., False, False, False],
         [False, False, False,  ..., False, False, False],
         [False, False, False,  ..., False, False, False]]])])}
[02/28 06:22:03 mask2former.data.dataset_mappers.mask_former_semantic_dataset_mapper]: None
[02/28 06:22:04 mask2former.data.dataset_mappers.mask_former_semantic_dataset_mapper]: output dataset_dict: {'file_name': '/cpfs01/projects-HDD/pujianxiangmuzu_HDD/public/mr/./leftImg8bit_trainvaltest/leftImg8bit/train/krefeld/krefeld_000000_015494_leftImg8bit.png', 'width': 2048, 'height': 1024, 'image': tensor([[[255, 255, 255,  ..., 137, 137, 139],
         [255, 255, 255,  ..., 137, 137, 139],
         [255, 255, 255,  ..., 137, 137, 139],
         ...,
         [ 75,  75,  75,  ...,  72,  72,  71],
         [ 75,  75,  75,  ...,  71,  71,  71],
         [ 75,  75,  75,  ...,  71,  71,  71]],

        [[255, 255, 255,  ..., 147, 147, 148],
         [255, 255, 255,  ..., 147, 147, 148],
         [255, 255, 255,  ..., 147, 147, 148],
         ...,
         [ 79,  79,  79,  ...,  77,  77,  76],
         [ 79,  79,  79,  ...,  76,  76,  76],
         [ 79,  81,  81,  ...,  76,  76,  76]],

        [[255, 255, 255,  ..., 142, 142, 143],
         [255, 255, 255,  ..., 143, 143, 144],
         [255, 255, 255,  ..., 143, 142, 143],
         ...,
         [ 74,  74,  74,  ...,  70,  70,  68],
         [ 74,  74,  74,  ...,  68,  68,  68],
         [ 74,  74,  74,  ...,  68,  68,  68]]], dtype=torch.uint8), 'sem_seg': tensor([[10, 10, 10,  ...,  2,  2,  2],
        [10, 10, 10,  ...,  2,  2,  2],
        [10, 10, 10,  ...,  2,  2,  2],
        ...,
        [ 0,  0,  0,  ...,  0,  0,  0],
        [ 0,  0,  0,  ...,  0,  0,  0],
        [ 0,  0,  0,  ...,  0,  0,  0]]), 'instances': Instances(num_instances=27, image_height=768, image_width=768, fields=[gt_classes: tensor([ 0,  1,  2,  4,  7,  8, 10, 13,  0,  1,  8, 10,  2,  8, 13,  0,  2,  8,
        13,  0,  8, 13,  0,  8,  8,  2,  2]), gt_masks: tensor([[[False, False, False,  ..., False, False, False],
         [False, False, False,  ..., False, False, False],
         [False, False, False,  ..., False, False, False],
         ...,
         [ True,  True,  True,  ..., False, False, False],
         [ True,  True,  True,  ..., False, False, False],
         [ True,  True,  True,  ..., False, False, False]],

        [[False, False, False,  ..., False, False, False],
         [False, False, False,  ..., False, False, False],
         [False, False, False,  ..., False, False, False],
         ...,
         [False, False, False,  ..., False, False, False],
         [False, False, False,  ..., False, False, False],
         [False, False, False,  ..., False, False, False]],

        [[False, False, False,  ..., False, False, False],
         [False, False, False,  ..., False, False, False],
         [False, False, False,  ..., False, False, False],
         ...,
         [False, False, False,  ..., False, False, False],
         [False, False, False,  ..., False, False, False],
         [False, False, False,  ..., False, False, False]],

        ...,

        [[False, False, False,  ..., False, False, False],
         [False, False, False,  ..., False, False, False],
         [False, False, False,  ..., False, False, False],
         ...,
         [False, False, False,  ..., False, False, False],
         [False, False, False,  ..., False, False, False],
         [False, False, False,  ..., False, False, False]],

        [[False, False, False,  ..., False, False, False],
         [False, False, False,  ..., False, False, False],
         [False, False, False,  ..., False, False, False],
         ...,
         [False, False, False,  ..., False, False, False],
         [False, False, False,  ..., False, False, False],
         [False, False, False,  ..., False, False, False]],

        [[False, False, False,  ..., False, False, False],
         [False, False, False,  ..., False, False, False],
         [False, False, False,  ..., False, False, False],
         ...,
         [False, False, False,  ..., False, False, False],
         [False, False, False,  ..., False, False, False],
         [False, False, False,  ..., False, False, False]]])])}
[02/28 06:22:04 mask2former.data.dataset_mappers.mask_former_semantic_dataset_mapper]: None
[02/28 06:22:04 mask2former.data.dataset_mappers.mask_former_semantic_dataset_mapper]: output dataset_dict: {'file_name': '/cpfs01/projects-HDD/pujianxiangmuzu_HDD/public/mr/./leftImg8bit_trainvaltest/leftImg8bit/train/tubingen/tubingen_000068_000019_leftImg8bit.png', 'width': 2048, 'height': 1024, 'image': tensor([[[ 97,  97,  97,  ...,  25,  25,  25],
         [ 97,  97,  97,  ...,  25,  25,  25],
         [ 90,  91,  91,  ...,  26,  26,  26],
         ...,
         [123, 124, 123,  ...,  56,  56,  57],
         [123, 124, 123,  ...,  56,  56,  57],
         [123, 121, 123,  ...,  56,  57,  57]],

        [[109, 109, 109,  ...,  34,  34,  34],
         [110, 110, 110,  ...,  34,  34,  34],
         [104, 106, 106,  ...,  34,  34,  36],
         ...,
         [131, 131, 131,  ...,  65,  65,  66],
         [131, 131, 131,  ...,  65,  65,  66],
         [131, 132, 132,  ...,  65,  66,  66]],

        [[ 97,  97,  97,  ...,  27,  27,  28],
         [ 97,  97,  97,  ...,  27,  27,  28],
         [ 90,  89,  89,  ...,  27,  27,  30],
         ...,
         [120, 120, 119,  ...,  56,  56,  57],
         [120, 120, 119,  ...,  56,  56,  57],
         [120, 120, 120,  ...,  56,  56,  57]]], dtype=torch.uint8), 'sem_seg': tensor([[ 2,  2,  2,  ...,  8,  8,  8],
        [ 2,  2,  2,  ...,  8,  8,  8],
        [ 2,  2,  2,  ...,  8,  8,  8],
        ...,
        [ 0,  0,  0,  ..., 13, 13, 13],
        [ 0,  0,  0,  ..., 13, 13, 13],
        [ 0,  0,  0,  ..., 13, 13, 13]]), 'instances': Instances(num_instances=25, image_height=768, image_width=768, fields=[gt_classes: tensor([ 0,  1,  2,  5,  7,  8, 13,  0,  7,  8, 13,  2, 13,  2,  7,  8,  1,  2,
        13,  2, 13,  2,  2,  2, 13]), gt_masks: tensor([[[False, False, False,  ..., False, False, False],
         [False, False, False,  ..., False, False, False],
         [False, False, False,  ..., False, False, False],
         ...,
         [False, False, False,  ..., False, False, False],
         [False, False, False,  ..., False, False, False],
         [False, False, False,  ..., False, False, False]],

        [[False, False, False,  ..., False, False, False],
         [False, False, False,  ..., False, False, False],
         [False, False, False,  ..., False, False, False],
         ...,
         [False, False, False,  ..., False, False, False],
         [False, False, False,  ..., False, False, False],
         [False, False, False,  ..., False, False, False]],

        [[False, False, False,  ..., False, False, False],
         [False, False, False,  ..., False, False, False],
         [False, False, False,  ..., False, False, False],
         ...,
         [False, False, False,  ..., False, False, False],
         [False, False, False,  ..., False, False, False],
         [False, False, False,  ..., False, False, False]],

        ...,

        [[False, False, False,  ..., False, False, False],
         [False, False, False,  ..., False, False, False],
         [False, False, False,  ..., False, False, False],
         ...,
         [False, False, False,  ..., False, False, False],
         [False, False, False,  ..., False, False, False],
         [False, False, False,  ..., False, False, False]],

        [[ True,  True,  True,  ..., False, False, False],
         [ True,  True,  True,  ..., False, False, False],
         [ True,  True,  True,  ..., False, False, False],
         ...,
         [False, False, False,  ..., False, False, False],
         [False, False, False,  ..., False, False, False],
         [False, False, False,  ..., False, False, False]],

        [[False, False, False,  ..., False, False, False],
         [False, False, False,  ..., False, False, False],
         [False, False, False,  ..., False, False, False],
         ...,
         [False, False, False,  ..., False, False, False],
         [False, False, False,  ..., False, False, False],
         [False, False, False,  ..., False, False, False]]])])}
[02/28 06:22:04 mask2former.data.dataset_mappers.mask_former_semantic_dataset_mapper]: None
[02/28 06:22:04 mask2former.data.dataset_mappers.mask_former_semantic_dataset_mapper]: output dataset_dict: {'file_name': '/cpfs01/projects-HDD/pujianxiangmuzu_HDD/public/mr/./leftImg8bit_trainvaltest/leftImg8bit/train/strasbourg/strasbourg_000000_025268_leftImg8bit.png', 'width': 2048, 'height': 1024, 'image': tensor([[[218, 194, 180,  ...,  66,  70,  83],
         [217, 195, 184,  ...,  68,  71,  80],
         [216, 196, 185,  ...,  62,  70,  70],
         ...,
         [ 47,  38,  37,  ...,  95,  88,  82],
         [ 47,  37,  37,  ...,  95,  88,  82],
         [ 47,  37,  37,  ...,  95,  88,  82]],

        [[239, 236, 227,  ...,  90,  98, 110],
         [239, 237, 229,  ...,  79,  87, 101],
         [239, 237, 231,  ...,  73,  81,  88],
         ...,
         [ 57,  50,  47,  ..., 110, 104,  96],
         [ 56,  48,  47,  ..., 111, 104,  96],
         [ 56,  48,  47,  ..., 111, 104,  96]],

        [[235, 231, 223,  ...,  65,  69,  82],
         [236, 232, 225,  ...,  49,  57,  72],
         [235, 231, 227,  ...,  46,  51,  61],
         ...,
         [ 47,  42,  40,  ..., 100,  95,  88],
         [ 47,  40,  40,  ..., 100,  95,  89],
         [ 47,  40,  40,  ..., 100,  95,  89]]], dtype=torch.uint8), 'sem_seg': tensor([[255, 255, 255,  ..., 255, 255, 255],
        [255, 255, 255,  ..., 255, 255, 255],
        [255, 255, 255,  ..., 255, 255, 255],
        ...,
        [255, 255, 255,  ..., 255, 255, 255],
        [255, 255, 255,  ..., 255, 255, 255],
        [255, 255, 255,  ..., 255, 255, 255]]), 'instances': Instances(num_instances=45, image_height=512, image_width=768, fields=[gt_classes: tensor([ 0,  1,  2,  4,  5,  7,  8, 10, 11, 12, 13, 17, 18,  0,  2,  8, 10, 13,
         0,  1,  2,  8, 13,  0,  1,  2,  8, 13,  0,  2,  8,  0,  2,  8, 13,  2,
         8, 13,  2,  8, 13,  2,  8,  2,  2]), gt_masks: tensor([[[False, False, False,  ..., False, False, False],
         [False, False, False,  ..., False, False, False],
         [False, False, False,  ..., False, False, False],
         ...,
         [False, False, False,  ..., False, False, False],
         [False, False, False,  ..., False, False, False],
         [False, False, False,  ..., False, False, False]],

        [[False, False, False,  ..., False, False, False],
         [False, False, False,  ..., False, False, False],
         [False, False, False,  ..., False, False, False],
         ...,
         [False, False, False,  ..., False, False, False],
         [False, False, False,  ..., False, False, False],
         [False, False, False,  ..., False, False, False]],

        [[False, False, False,  ..., False, False, False],
         [False, False, False,  ..., False, False, False],
         [False, False, False,  ..., False, False, False],
         ...,
         [False, False, False,  ..., False, False, False],
         [False, False, False,  ..., False, False, False],
         [False, False, False,  ..., False, False, False]],

        ...,

        [[False, False, False,  ..., False, False, False],
         [False, False, False,  ..., False, False, False],
         [False, False, False,  ..., False, False, False],
         ...,
         [False, False, False,  ..., False, False, False],
         [False, False, False,  ..., False, False, False],
         [False, False, False,  ..., False, False, False]],

        [[False, False, False,  ..., False, False, False],
         [False, False, False,  ..., False, False, False],
         [False, False, False,  ..., False, False, False],
         ...,
         [False, False, False,  ..., False, False, False],
         [False, False, False,  ..., False, False, False],
         [False, False, False,  ..., False, False, False]],

        [[False, False, False,  ..., False, False, False],
         [False, False, False,  ..., False, False, False],
         [False, False, False,  ..., False, False, False],
         ...,
         [False, False, False,  ..., False, False, False],
         [False, False, False,  ..., False, False, False],
         [False, False, False,  ..., False, False, False]]])])}
[02/28 06:22:04 mask2former.data.dataset_mappers.mask_former_semantic_dataset_mapper]: None
[02/28 06:22:04 mask2former.data.dataset_mappers.mask_former_semantic_dataset_mapper]: output dataset_dict: {'file_name': '/cpfs01/projects-HDD/pujianxiangmuzu_HDD/public/mr/./leftImg8bit_trainvaltest/leftImg8bit/train/ulm/ulm_000070_000019_leftImg8bit.png', 'width': 2048, 'height': 1024, 'image': tensor([[[ 72,  75,  75,  ...,  81,  83,  85],
         [ 76,  76,  75,  ...,  85,  86,  86],
         [ 77,  75,  75,  ...,  90,  91,  92],
         ...,
         [166, 160, 155,  ...,  74,  74,  75],
         [151, 146, 145,  ...,  74,  74,  75],
         [134, 131, 132,  ...,  75,  75,  74]],

        [[ 82,  83,  84,  ...,  97,  99, 101],
         [ 84,  84,  85,  ..., 101, 102, 103],
         [ 85,  85,  85,  ..., 105, 106, 107],
         ...,
         [169, 165, 161,  ...,  86,  86,  85],
         [156, 152, 150,  ...,  86,  86,  85],
         [140, 139, 138,  ...,  85,  85,  85]],

        [[ 70,  71,  73,  ...,  83,  84,  86],
         [ 72,  73,  73,  ...,  87,  87,  87],
         [ 73,  73,  73,  ...,  90,  91,  91],
         ...,
         [147, 146, 145,  ...,  72,  72,  73],
         [138, 140, 138,  ...,  72,  72,  73],
         [129, 130, 130,  ...,  73,  73,  72]]], dtype=torch.uint8), 'sem_seg': tensor([[ 8,  2,  2,  ...,  2,  2,  2],
        [ 8,  2,  2,  ...,  2,  2,  2],
        [ 8,  2,  2,  ...,  2,  2,  2],
        ...,
        [13, 13, 13,  ..., 13, 13, 13],
        [13, 13, 13,  ..., 13, 13, 13],
        [13, 13, 13,  ..., 13, 13, 13]]), 'instances': Instances(num_instances=24, image_height=768, image_width=768, fields=[gt_classes: tensor([ 2,  3,  5,  6,  8, 13,  2,  6,  8, 13,  2,  8, 13,  2, 13, 13,  2,  2,
         2,  2,  2,  2,  2,  2]), gt_masks: tensor([[[False,  True,  True,  ..., False, False, False],
         [False,  True,  True,  ..., False, False, False],
         [False,  True,  True,  ..., False, False, False],
         ...,
         [False, False, False,  ..., False, False, False],
         [False, False, False,  ..., False, False, False],
         [False, False, False,  ..., False, False, False]],

        [[False, False, False,  ..., False, False, False],
         [False, False, False,  ..., False, False, False],
         [False, False, False,  ..., False, False, False],
         ...,
         [False, False, False,  ..., False, False, False],
         [False, False, False,  ..., False, False, False],
         [False, False, False,  ..., False, False, False]],

        [[False, False, False,  ..., False, False, False],
         [False, False, False,  ..., False, False, False],
         [False, False, False,  ..., False, False, False],
         ...,
         [False, False, False,  ..., False, False, False],
         [False, False, False,  ..., False, False, False],
         [False, False, False,  ..., False, False, False]],

        ...,

        [[False, False, False,  ..., False, False, False],
         [False, False, False,  ..., False, False, False],
         [False, False, False,  ..., False, False, False],
         ...,
         [False, False, False,  ..., False, False, False],
         [False, False, False,  ..., False, False, False],
         [False, False, False,  ..., False, False, False]],

        [[False, False, False,  ..., False, False, False],
         [False, False, False,  ..., False, False, False],
         [False, False, False,  ..., False, False, False],
         ...,
         [False, False, False,  ..., False, False, False],
         [False, False, False,  ..., False, False, False],
         [False, False, False,  ..., False, False, False]],

        [[False, False, False,  ..., False, False, False],
         [False, False, False,  ..., False, False, False],
         [False, False, False,  ..., False, False, False],
         ...,
         [False, False, False,  ..., False, False, False],
         [False, False, False,  ..., False, False, False],
         [False, False, False,  ..., False, False, False]]])])}
[02/28 06:22:04 mask2former.data.dataset_mappers.mask_former_semantic_dataset_mapper]: None
[02/28 06:22:05 mask2former.data.dataset_mappers.mask_former_semantic_dataset_mapper]: output dataset_dict: {'file_name': '/cpfs01/projects-HDD/pujianxiangmuzu_HDD/public/mr/./leftImg8bit_trainvaltest/leftImg8bit/train/jena/jena_000022_000019_leftImg8bit.png', 'width': 2048, 'height': 1024, 'image': tensor([[[205, 206, 205,  ..., 102, 118, 137],
         [203, 203, 205,  ..., 106, 128, 147],
         [194, 198, 203,  ..., 121, 138, 154],
         ...,
         [ 75,  75,  74,  ...,  67,  66,  67],
         [ 74,  75,  74,  ...,  68,  67,  67],
         [ 74,  75,  74,  ...,  69,  68,  67]],

        [[210, 210, 209,  ..., 108, 128, 145],
         [209, 209, 209,  ..., 112, 136, 157],
         [203, 206, 209,  ..., 129, 147, 164],
         ...,
         [ 82,  82,  81,  ...,  75,  75,  75],
         [ 82,  83,  82,  ...,  76,  76,  75],
         [ 83,  83,  82,  ...,  77,  76,  76]],

        [[193, 193, 192,  ..., 101, 121, 136],
         [190, 190, 192,  ..., 103, 129, 150],
         [182, 186, 191,  ..., 118, 139, 157],
         ...,
         [ 78,  78,  78,  ...,  72,  73,  73],
         [ 78,  79,  79,  ...,  72,  73,  73],
         [ 78,  79,  79,  ...,  73,  72,  73]]], dtype=torch.uint8), 'sem_seg': tensor([[  2,   2,   2,  ...,   8,   8,   8],
        [  2,   2,   2,  ...,   8,   8,   8],
        [  2,   2,   2,  ...,   8,   8,   8],
        ...,
        [255, 255, 255,  ..., 255, 255, 255],
        [255, 255, 255,  ..., 255, 255, 255],
        [255, 255, 255,  ..., 255, 255, 255]]), 'instances': Instances(num_instances=42, image_height=768, image_width=768, fields=[gt_classes: tensor([ 0,  1,  2,  3,  5,  7,  8,  9, 10, 11, 13, 15,  0,  1,  2,  3, 10, 15,
         0,  2,  3,  8, 10, 15, 10,  0,  2,  8, 13,  3, 13,  0,  2, 13,  2,  2,
         8,  8,  8,  2,  8,  8]), gt_masks: tensor([[[False, False, False,  ..., False, False, False],
         [False, False, False,  ..., False, False, False],
         [False, False, False,  ..., False, False, False],
         ...,
         [False, False, False,  ..., False, False, False],
         [False, False, False,  ..., False, False, False],
         [False, False, False,  ..., False, False, False]],

        [[False, False, False,  ..., False, False, False],
         [False, False, False,  ..., False, False, False],
         [False, False, False,  ..., False, False, False],
         ...,
         [False, False, False,  ..., False, False, False],
         [False, False, False,  ..., False, False, False],
         [False, False, False,  ..., False, False, False]],

        [[False, False, False,  ..., False, False, False],
         [False, False, False,  ..., False, False, False],
         [False, False, False,  ..., False, False, False],
         ...,
         [False, False, False,  ..., False, False, False],
         [False, False, False,  ..., False, False, False],
         [False, False, False,  ..., False, False, False]],

        ...,

        [[False, False, False,  ..., False, False, False],
         [False, False, False,  ..., False, False, False],
         [False, False, False,  ..., False, False, False],
         ...,
         [False, False, False,  ..., False, False, False],
         [False, False, False,  ..., False, False, False],
         [False, False, False,  ..., False, False, False]],

        [[False, False, False,  ..., False, False, False],
         [False, False, False,  ..., False, False, False],
         [False, False, False,  ..., False, False, False],
         ...,
         [False, False, False,  ..., False, False, False],
         [False, False, False,  ..., False, False, False],
         [False, False, False,  ..., False, False, False]],

        [[False, False, False,  ..., False, False, False],
         [False, False, False,  ..., False, False, False],
         [False, False, False,  ..., False, False, False],
         ...,
         [False, False, False,  ..., False, False, False],
         [False, False, False,  ..., False, False, False],
         [False, False, False,  ..., False, False, False]]])])}
[02/28 06:22:05 mask2former.data.dataset_mappers.mask_former_semantic_dataset_mapper]: None
[02/28 06:22:05 mask2former.data.dataset_mappers.mask_former_semantic_dataset_mapper]: output dataset_dict: {'file_name': '/cpfs01/projects-HDD/pujianxiangmuzu_HDD/public/mr/./leftImg8bit_trainvaltest/leftImg8bit/train/tubingen/tubingen_000072_000019_leftImg8bit.png', 'width': 2048, 'height': 1024, 'image': tensor([[[ 67,  67,  67,  ...,  52,  52,  53],
         [ 67,  67,  67,  ...,  54,  53,  54],
         [ 67,  67,  67,  ...,  54,  53,  54],
         ...,
         [ 77,  77,  77,  ..., 151, 148, 150],
         [ 79,  79,  78,  ..., 150, 147, 148],
         [ 85,  85,  82,  ..., 150, 148, 148]],

        [[ 81,  81,  81,  ...,  66,  64,  67],
         [ 81,  81,  81,  ...,  68,  67,  68],
         [ 81,  81,  81,  ...,  68,  67,  68],
         ...,
         [101,  99,  98,  ..., 172, 173, 173],
         [105, 103, 100,  ..., 170, 172, 173],
         [112, 109, 107,  ..., 170, 173, 174]],

        [[ 73,  73,  73,  ...,  59,  59,  61],
         [ 75,  75,  75,  ...,  60,  60,  61],
         [ 75,  75,  75,  ...,  60,  59,  61],
         ...,
         [ 96,  95,  91,  ..., 156, 154, 156],
         [ 98,  97,  94,  ..., 155, 153, 156],
         [105, 101,  99,  ..., 153, 153, 154]]], dtype=torch.uint8), 'sem_seg': tensor([[ 2,  2,  2,  ...,  2,  2,  2],
        [ 2,  2,  2,  ...,  2,  2,  2],
        [ 2,  2,  2,  ...,  2,  2,  2],
        ...,
        [11, 11, 11,  ...,  0,  0,  0],
        [11, 11, 11,  ...,  0,  0,  0],
        [11, 11, 11,  ...,  0,  0,  0]]), 'instances': Instances(num_instances=34, image_height=768, image_width=768, fields=[gt_classes: tensor([ 0,  1,  2,  5,  7,  8, 11, 18,  0,  7,  0,  1,  1,  5,  7, 11,  2,  2,
         8,  2, 11,  2,  2,  2, 11,  2, 11, 11, 11,  2,  2, 11,  2,  2]), gt_masks: tensor([[[False, False, False,  ..., False, False, False],
         [False, False, False,  ..., False, False, False],
         [False, False, False,  ..., False, False, False],
         ...,
         [False, False, False,  ..., False, False, False],
         [False, False, False,  ..., False, False, False],
         [False, False, False,  ..., False, False, False]],

        [[False, False, False,  ..., False, False, False],
         [False, False, False,  ..., False, False, False],
         [False, False, False,  ..., False, False, False],
         ...,
         [False, False, False,  ..., False, False, False],
         [False, False, False,  ..., False, False, False],
         [False, False, False,  ..., False, False, False]],

        [[False, False, False,  ..., False, False, False],
         [False, False, False,  ..., False, False, False],
         [False, False, False,  ..., False, False, False],
         ...,
         [False, False, False,  ..., False, False, False],
         [False, False, False,  ..., False, False, False],
         [False, False, False,  ..., False, False, False]],

        ...,

        [[False, False, False,  ..., False, False, False],
         [False, False, False,  ..., False, False, False],
         [False, False, False,  ..., False, False, False],
         ...,
         [False, False, False,  ..., False, False, False],
         [False, False, False,  ..., False, False, False],
         [False, False, False,  ..., False, False, False]],

        [[False, False, False,  ..., False, False, False],
         [False, False, False,  ..., False, False, False],
         [False, False, False,  ..., False, False, False],
         ...,
         [False, False, False,  ..., False, False, False],
         [False, False, False,  ..., False, False, False],
         [False, False, False,  ..., False, False, False]],

        [[False, False, False,  ..., False, False, False],
         [False, False, False,  ..., False, False, False],
         [False, False, False,  ..., False, False, False],
         ...,
         [False, False, False,  ..., False, False, False],
         [False, False, False,  ..., False, False, False],
         [False, False, False,  ..., False, False, False]]])])}
[02/28 06:22:05 mask2former.data.dataset_mappers.mask_former_semantic_dataset_mapper]: None
[02/28 06:22:06 mask2former.data.dataset_mappers.mask_former_semantic_dataset_mapper]: output dataset_dict: {'file_name': '/cpfs01/projects-HDD/pujianxiangmuzu_HDD/public/mr/./leftImg8bit_trainvaltest/leftImg8bit/train/jena/jena_000007_000019_leftImg8bit.png', 'width': 2048, 'height': 1024, 'image': tensor([[[ 82,  82,  84,  ..., 176, 177, 178],
         [ 83,  83,  84,  ..., 161, 161, 162],
         [ 83,  83,  83,  ..., 152, 152, 152],
         ...,
         [ 36,  36,  37,  ...,  22,  22,  21],
         [ 37,  37,  38,  ...,  26,  26,  26],
         [ 39,  39,  39,  ...,  25,  25,  26]],

        [[ 95,  96,  99,  ..., 208, 208, 207],
         [ 95,  95,  97,  ..., 192, 192, 191],
         [ 95,  95,  96,  ..., 182, 181, 181],
         ...,
         [ 53,  53,  52,  ...,  38,  38,  38],
         [ 54,  54,  54,  ...,  41,  41,  42],
         [ 55,  55,  54,  ...,  38,  38,  39]],

        [[ 85,  85,  87,  ..., 205, 205, 205],
         [ 85,  86,  88,  ..., 189, 189, 189],
         [ 85,  86,  87,  ..., 180, 180, 179],
         ...,
         [ 45,  45,  44,  ...,  36,  36,  37],
         [ 46,  46,  46,  ...,  39,  39,  40],
         [ 47,  47,  46,  ...,  36,  36,  37]]], dtype=torch.uint8), 'sem_seg': tensor([[ 13,  13,  13,  ...,  13,  13,  13],
        [ 13,  13,  13,  ...,  13,  13,  13],
        [ 13,  13,  13,  ...,  13,  13,  13],
        ...,
        [255, 255, 255,  ..., 255, 255, 255],
        [255, 255, 255,  ..., 255, 255, 255],
        [255, 255, 255,  ..., 255, 255, 255]]), 'instances': Instances(num_instances=16, image_height=768, image_width=768, fields=[gt_classes: tensor([ 0, 13,  0, 13,  0, 13, 13, 13, 13, 13, 13, 13, 13, 13, 13, 13]), gt_masks: tensor([[[False, False, False,  ..., False, False, False],
         [False, False, False,  ..., False, False, False],
         [False, False, False,  ..., False, False, False],
         ...,
         [False, False, False,  ..., False, False, False],
         [False, False, False,  ..., False, False, False],
         [False, False, False,  ..., False, False, False]],

        [[False, False, False,  ..., False, False, False],
         [False, False, False,  ..., False, False, False],
         [False, False, False,  ..., False, False, False],
         ...,
         [False, False, False,  ..., False, False, False],
         [False, False, False,  ..., False, False, False],
         [False, False, False,  ..., False, False, False]],

        [[False, False, False,  ..., False, False, False],
         [False, False, False,  ..., False, False, False],
         [False, False, False,  ..., False, False, False],
         ...,
         [False, False, False,  ..., False, False, False],
         [False, False, False,  ..., False, False, False],
         [False, False, False,  ..., False, False, False]],

        ...,

        [[False, False, False,  ...,  True,  True,  True],
         [False, False, False,  ...,  True,  True,  True],
         [False, False, False,  ...,  True,  True,  True],
         ...,
         [False, False, False,  ..., False, False, False],
         [False, False, False,  ..., False, False, False],
         [False, False, False,  ..., False, False, False]],

        [[False, False, False,  ..., False, False, False],
         [False, False, False,  ..., False, False, False],
         [False, False, False,  ..., False, False, False],
         ...,
         [False, False, False,  ..., False, False, False],
         [False, False, False,  ..., False, False, False],
         [False, False, False,  ..., False, False, False]],

        [[False, False, False,  ..., False, False, False],
         [False, False, False,  ..., False, False, False],
         [False, False, False,  ..., False, False, False],
         ...,
         [False, False, False,  ..., False, False, False],
         [False, False, False,  ..., False, False, False],
         [False, False, False,  ..., False, False, False]]])])}
[02/28 06:22:06 mask2former.data.dataset_mappers.mask_former_semantic_dataset_mapper]: None
[02/28 06:22:06 mask2former.data.dataset_mappers.mask_former_semantic_dataset_mapper]: output dataset_dict: {'file_name': '/cpfs01/projects-HDD/pujianxiangmuzu_HDD/public/mr/./leftImg8bit_trainvaltest/leftImg8bit/train/cologne/cologne_000083_000019_leftImg8bit.png', 'width': 2048, 'height': 1024, 'image': tensor([[[ 59,  59,  60,  ...,  52,  54,  56],
         [ 59,  56,  55,  ...,  36,  36,  37],
         [ 56,  54,  55,  ...,  29,  30,  30],
         ...,
         [110, 108, 108,  ..., 102, 102, 104],
         [108, 106, 106,  ..., 101, 101, 101],
         [108, 106, 108,  ..., 101, 102, 102]],

        [[ 92,  90,  88,  ...,  72,  79,  83],
         [ 90,  87,  86,  ...,  54,  57,  61],
         [ 87,  87,  86,  ...,  42,  46,  50],
         ...,
         [126, 124, 124,  ..., 122, 122, 122],
         [124, 123, 123,  ..., 119, 119, 119],
         [124, 123, 124,  ..., 118, 118, 118]],

        [[ 68,  68,  66,  ...,  63,  70,  70],
         [ 69,  66,  63,  ...,  46,  48,  48],
         [ 66,  63,  61,  ...,  36,  38,  39],
         ...,
         [113, 111, 113,  ..., 114, 113, 113],
         [111, 110, 111,  ..., 110, 109, 109],
         [111, 110, 113,  ..., 110, 110, 110]]], dtype=torch.uint8), 'sem_seg': tensor([[8, 8, 8,  ..., 8, 8, 8],
        [8, 8, 8,  ..., 8, 8, 8],
        [8, 8, 8,  ..., 8, 8, 8],
        ...,
        [0, 0, 0,  ..., 0, 0, 0],
        [0, 0, 0,  ..., 0, 0, 0],
        [0, 0, 0,  ..., 0, 0, 0]]), 'instances': Instances(num_instances=21, image_height=768, image_width=768, fields=[gt_classes: tensor([ 0,  1,  2,  5,  6,  7,  8, 11, 12, 13, 18,  0,  8, 13,  0,  1,  8,  0,
         8,  0,  0]), gt_masks: tensor([[[False, False, False,  ..., False, False, False],
         [False, False, False,  ..., False, False, False],
         [False, False, False,  ..., False, False, False],
         ...,
         [False, False, False,  ..., False, False, False],
         [False, False, False,  ..., False, False, False],
         [False, False, False,  ..., False, False, False]],

        [[False, False, False,  ..., False, False, False],
         [False, False, False,  ..., False, False, False],
         [False, False, False,  ..., False, False, False],
         ...,
         [False, False, False,  ..., False, False, False],
         [False, False, False,  ..., False, False, False],
         [False, False, False,  ..., False, False, False]],

        [[False, False, False,  ..., False, False, False],
         [False, False, False,  ..., False, False, False],
         [False, False, False,  ..., False, False, False],
         ...,
         [False, False, False,  ..., False, False, False],
         [False, False, False,  ..., False, False, False],
         [False, False, False,  ..., False, False, False]],

        ...,

        [[ True,  True,  True,  ..., False, False, False],
         [ True,  True,  True,  ..., False, False, False],
         [ True,  True,  True,  ..., False, False, False],
         ...,
         [False, False, False,  ..., False, False, False],
         [False, False, False,  ..., False, False, False],
         [False, False, False,  ..., False, False, False]],

        [[False, False, False,  ..., False, False, False],
         [False, False, False,  ..., False, False, False],
         [False, False, False,  ..., False, False, False],
         ...,
         [False, False, False,  ..., False, False, False],
         [False, False, False,  ..., False, False, False],
         [False, False, False,  ..., False, False, False]],

        [[False, False, False,  ..., False, False, False],
         [False, False, False,  ..., False, False, False],
         [False, False, False,  ..., False, False, False],
         ...,
         [False, False, False,  ..., False, False, False],
         [False, False, False,  ..., False, False, False],
         [False, False, False,  ..., False, False, False]]])])}
[02/28 06:22:06 mask2former.data.dataset_mappers.mask_former_semantic_dataset_mapper]: None
[02/28 06:22:06 mask2former.data.dataset_mappers.mask_former_semantic_dataset_mapper]: output dataset_dict: {'file_name': '/cpfs01/projects-HDD/pujianxiangmuzu_HDD/public/mr/./leftImg8bit_trainvaltest/leftImg8bit/train/strasbourg/strasbourg_000001_022836_leftImg8bit.png', 'width': 2048, 'height': 1024, 'image': tensor([[[123, 133, 139,  ...,  78,  77,  76],
         [118, 128, 134,  ...,  79,  80,  79],
         [112, 121, 128,  ...,  73,  75,  73],
         ...,
         [ 83,  86,  85,  ..., 100, 103, 103],
         [ 83,  86,  85,  ..., 100, 103, 103],
         [ 83,  86,  85,  ..., 100, 103, 103]],

        [[104, 111, 112,  ...,  84,  82,  81],
         [ 99, 107, 106,  ...,  87,  87,  86],
         [ 94, 101, 102,  ...,  82,  83,  83],
         ...,
         [ 85,  87,  87,  ..., 106, 110, 110],
         [ 85,  87,  87,  ..., 106, 110, 110],
         [ 85,  87,  87,  ..., 106, 110, 110]],

        [[104, 111, 113,  ...,  71,  70,  68],
         [ 99, 106, 107,  ...,  73,  73,  72],
         [ 92, 101, 102,  ...,  69,  69,  69],
         ...,
         [ 71,  72,  72,  ...,  93,  94,  92],
         [ 71,  72,  72,  ...,  93,  94,  92],
         [ 71,  72,  72,  ...,  93,  94,  92]]], dtype=torch.uint8), 'sem_seg': tensor([[255, 255, 255,  ..., 255, 255, 255],
        [255, 255, 255,  ..., 255, 255, 255],
        [255, 255, 255,  ..., 255, 255, 255],
        ...,
        [255, 255, 255,  ..., 255, 255, 255],
        [255, 255, 255,  ..., 255, 255, 255],
        [255, 255, 255,  ..., 255, 255, 255]]), 'instances': Instances(num_instances=38, image_height=716, image_width=768, fields=[gt_classes: tensor([ 0,  1,  2,  4,  5,  7,  8, 13,  0,  2,  8,  8, 13,  2,  8, 13,  2,  8,
        13,  2,  2, 13,  2,  2,  2, 13,  2,  2,  2, 13, 13,  2, 13,  2, 13, 13,
        13, 13]), gt_masks: tensor([[[False, False, False,  ..., False, False, False],
         [False, False, False,  ..., False, False, False],
         [False, False, False,  ..., False, False, False],
         ...,
         [False, False, False,  ..., False, False, False],
         [False, False, False,  ..., False, False, False],
         [False, False, False,  ..., False, False, False]],

        [[False, False, False,  ..., False, False, False],
         [False, False, False,  ..., False, False, False],
         [False, False, False,  ..., False, False, False],
         ...,
         [False, False, False,  ..., False, False, False],
         [False, False, False,  ..., False, False, False],
         [False, False, False,  ..., False, False, False]],

        [[False, False, False,  ..., False, False, False],
         [False, False, False,  ..., False, False, False],
         [False, False, False,  ..., False, False, False],
         ...,
         [False, False, False,  ..., False, False, False],
         [False, False, False,  ..., False, False, False],
         [False, False, False,  ..., False, False, False]],

        ...,

        [[False, False, False,  ..., False, False, False],
         [False, False, False,  ..., False, False, False],
         [False, False, False,  ..., False, False, False],
         ...,
         [False, False, False,  ..., False, False, False],
         [False, False, False,  ..., False, False, False],
         [False, False, False,  ..., False, False, False]],

        [[False, False, False,  ..., False, False, False],
         [False, False, False,  ..., False, False, False],
         [False, False, False,  ..., False, False, False],
         ...,
         [False, False, False,  ..., False, False, False],
         [False, False, False,  ..., False, False, False],
         [False, False, False,  ..., False, False, False]],

        [[False, False, False,  ..., False, False, False],
         [False, False, False,  ..., False, False, False],
         [False, False, False,  ..., False, False, False],
         ...,
         [False, False, False,  ..., False, False, False],
         [False, False, False,  ..., False, False, False],
         [False, False, False,  ..., False, False, False]]])])}
[02/28 06:22:06 mask2former.data.dataset_mappers.mask_former_semantic_dataset_mapper]: None
[02/28 06:22:06 mask2former.data.dataset_mappers.mask_former_semantic_dataset_mapper]: output dataset_dict: {'file_name': '/cpfs01/projects-HDD/pujianxiangmuzu_HDD/public/mr/./leftImg8bit_trainvaltest/leftImg8bit/train/bremen/bremen_000179_000019_leftImg8bit.png', 'width': 2048, 'height': 1024, 'image': tensor([[[189, 189, 189,  ...,  65,  76,  91],
         [188, 188, 188,  ...,  74,  86,  94],
         [183, 181, 181,  ...,  91,  94,  96],
         ...,
         [ 54,  54,  54,  ...,  54,  55,  55],
         [ 54,  55,  55,  ...,  56,  54,  54],
         [ 53,  53,  53,  ...,  57,  56,  56]],

        [[206, 206, 206,  ...,  86,  97, 107],
         [204, 204, 204,  ...,  98, 105, 111],
         [198, 198, 198,  ..., 110, 112, 113],
         ...,
         [ 64,  64,  64,  ...,  67,  66,  66],
         [ 64,  65,  65,  ...,  68,  67,  67],
         [ 64,  64,  63,  ...,  69,  68,  68]],

        [[204, 202, 202,  ...,  62,  80,  96],
         [200, 199, 200,  ...,  75,  89,  97],
         [194, 195, 196,  ...,  94,  98,  98],
         ...,
         [ 57,  57,  57,  ...,  62,  61,  61],
         [ 57,  58,  58,  ...,  63,  62,  62],
         [ 58,  59,  57,  ...,  64,  63,  63]]], dtype=torch.uint8), 'sem_seg': tensor([[10, 10, 10,  ...,  8,  8,  8],
        [10, 10, 10,  ...,  8,  8,  8],
        [10, 10, 10,  ...,  8,  8,  2],
        ...,
        [ 0,  0,  0,  ...,  0,  0,  0],
        [ 0,  0,  0,  ...,  0,  0,  0],
        [ 0,  0,  0,  ...,  0,  0,  0]]), 'instances': Instances(num_instances=23, image_height=768, image_width=768, fields=[gt_classes: tensor([ 0,  2,  5,  6,  7,  8,  9, 10, 11, 13,  0, 10, 13,  8,  2,  8,  9,  2,
         8, 13,  8, 13,  8]), gt_masks: tensor([[[False, False, False,  ..., False, False, False],
         [False, False, False,  ..., False, False, False],
         [False, False, False,  ..., False, False, False],
         ...,
         [False, False, False,  ..., False, False, False],
         [False, False, False,  ..., False, False, False],
         [False, False, False,  ..., False, False, False]],

        [[False, False, False,  ..., False, False, False],
         [False, False, False,  ..., False, False, False],
         [False, False, False,  ..., False, False,  True],
         ...,
         [False, False, False,  ..., False, False, False],
         [False, False, False,  ..., False, False, False],
         [False, False, False,  ..., False, False, False]],

        [[False, False, False,  ..., False, False, False],
         [False, False, False,  ..., False, False, False],
         [False, False, False,  ..., False, False, False],
         ...,
         [False, False, False,  ..., False, False, False],
         [False, False, False,  ..., False, False, False],
         [False, False, False,  ..., False, False, False]],

        ...,

        [[False, False, False,  ...,  True,  True,  True],
         [False, False, False,  ...,  True,  True,  True],
         [False, False, False,  ...,  True,  True, False],
         ...,
         [False, False, False,  ..., False, False, False],
         [False, False, False,  ..., False, False, False],
         [False, False, False,  ..., False, False, False]],

        [[False, False, False,  ..., False, False, False],
         [False, False, False,  ..., False, False, False],
         [False, False, False,  ..., False, False, False],
         ...,
         [False, False, False,  ..., False, False, False],
         [False, False, False,  ..., False, False, False],
         [False, False, False,  ..., False, False, False]],

        [[False, False, False,  ..., False, False, False],
         [False, False, False,  ..., False, False, False],
         [False, False, False,  ..., False, False, False],
         ...,
         [False, False, False,  ..., False, False, False],
         [False, False, False,  ..., False, False, False],
         [False, False, False,  ..., False, False, False]]])])}
[02/28 06:22:06 mask2former.data.dataset_mappers.mask_former_semantic_dataset_mapper]: None
[02/28 06:22:07 mask2former.data.dataset_mappers.mask_former_semantic_dataset_mapper]: output dataset_dict: {'file_name': '/cpfs01/projects-HDD/pujianxiangmuzu_HDD/public/mr/./leftImg8bit_trainvaltest/leftImg8bit/train/strasbourg/strasbourg_000000_006621_leftImg8bit.png', 'width': 2048, 'height': 1024, 'image': tensor([[[121, 121, 121,  ...,  63,  63,  63],
         [119, 119, 121,  ...,  63,  63,  63],
         [118, 120, 120,  ...,  64,  64,  65],
         ...,
         [ 35,  36,  37,  ...,  27,  26,  26],
         [ 41,  41,  42,  ...,  27,  27,  26],
         [ 44,  45,  45,  ...,  26,  26,  26]],

        [[128, 128, 127,  ...,  72,  72,  72],
         [125, 126, 128,  ...,  71,  72,  72],
         [124, 127, 127,  ...,  73,  73,  73],
         ...,
         [ 45,  46,  46,  ...,  34,  34,  33],
         [ 51,  51,  52,  ...,  33,  34,  34],
         [ 54,  54,  54,  ...,  33,  33,  33]],

        [[149, 150, 150,  ...,  60,  60,  60],
         [150, 150, 150,  ...,  59,  58,  60],
         [150, 150, 150,  ...,  60,  60,  62],
         ...,
         [ 37,  37,  39,  ...,  26,  25,  25],
         [ 41,  41,  42,  ...,  27,  26,  25],
         [ 42,  43,  43,  ...,  25,  25,  25]]], dtype=torch.uint8), 'sem_seg': tensor([[ 10,  10,  10,  ...,   2,   2,   2],
        [ 10,  10,  10,  ...,   2,   2,   2],
        [ 10,  10,  10,  ...,   2,   2,   2],
        ...,
        [255, 255, 255,  ..., 255, 255, 255],
        [255, 255, 255,  ..., 255, 255, 255],
        [255, 255, 255,  ..., 255, 255, 255]]), 'instances': Instances(num_instances=32, image_height=768, image_width=768, fields=[gt_classes: tensor([ 0,  1,  2,  3,  4,  5,  7,  8, 10, 11, 12, 18,  0,  1,  2,  8, 10, 12,
         0,  1,  2,  8,  0,  1,  8,  1,  2,  2,  2,  2,  2,  2]), gt_masks: tensor([[[False, False, False,  ..., False, False, False],
         [False, False, False,  ..., False, False, False],
         [False, False, False,  ..., False, False, False],
         ...,
         [False, False, False,  ..., False, False, False],
         [False, False, False,  ..., False, False, False],
         [False, False, False,  ..., False, False, False]],

        [[False, False, False,  ..., False, False, False],
         [False, False, False,  ..., False, False, False],
         [False, False, False,  ..., False, False, False],
         ...,
         [False, False, False,  ..., False, False, False],
         [False, False, False,  ..., False, False, False],
         [False, False, False,  ..., False, False, False]],

        [[False, False, False,  ..., False, False, False],
         [False, False, False,  ..., False, False, False],
         [False, False, False,  ..., False, False, False],
         ...,
         [False, False, False,  ..., False, False, False],
         [False, False, False,  ..., False, False, False],
         [False, False, False,  ..., False, False, False]],

        ...,

        [[False, False, False,  ..., False, False, False],
         [False, False, False,  ..., False, False, False],
         [False, False, False,  ..., False, False, False],
         ...,
         [False, False, False,  ..., False, False, False],
         [False, False, False,  ..., False, False, False],
         [False, False, False,  ..., False, False, False]],

        [[False, False, False,  ..., False, False, False],
         [False, False, False,  ..., False, False, False],
         [False, False, False,  ..., False, False, False],
         ...,
         [False, False, False,  ..., False, False, False],
         [False, False, False,  ..., False, False, False],
         [False, False, False,  ..., False, False, False]],

        [[False, False, False,  ..., False, False, False],
         [False, False, False,  ..., False, False, False],
         [False, False, False,  ..., False, False, False],
         ...,
         [False, False, False,  ..., False, False, False],
         [False, False, False,  ..., False, False, False],
         [False, False, False,  ..., False, False, False]]])])}
[02/28 06:22:07 mask2former.data.dataset_mappers.mask_former_semantic_dataset_mapper]: None
[02/28 06:22:07 mask2former.data.dataset_mappers.mask_former_semantic_dataset_mapper]: output dataset_dict: {'file_name': '/cpfs01/projects-HDD/pujianxiangmuzu_HDD/public/mr/./leftImg8bit_trainvaltest/leftImg8bit/train/strasbourg/strasbourg_000000_025351_leftImg8bit.png', 'width': 2048, 'height': 1024, 'image': tensor([[[ 74,  74,  73,  ...,  56,  56,  56],
         [ 74,  73,  73,  ...,  58,  57,  57],
         [ 75,  73,  71,  ...,  59,  61,  61],
         ...,
         [ 75,  75,  74,  ..., 117, 119, 120],
         [ 76,  76,  75,  ..., 116, 117, 119],
         [ 76,  76,  76,  ..., 117, 119, 119]],

        [[ 73,  72,  71,  ...,  74,  74,  74],
         [ 75,  72,  70,  ...,  74,  75,  75],
         [ 77,  74,  70,  ...,  76,  76,  76],
         ...,
         [ 84,  84,  83,  ..., 123, 124, 125],
         [ 84,  84,  84,  ..., 122, 123, 124],
         [ 86,  86,  85,  ..., 123, 124, 124]],

        [[ 62,  60,  60,  ...,  73,  73,  73],
         [ 62,  60,  58,  ...,  73,  73,  72],
         [ 64,  60,  57,  ...,  74,  74,  73],
         ...,
         [ 75,  75,  75,  ..., 110, 111, 113],
         [ 76,  76,  76,  ..., 110, 110, 111],
         [ 78,  78,  78,  ..., 109, 109, 109]]], dtype=torch.uint8), 'sem_seg': tensor([[2, 2, 2,  ..., 2, 2, 2],
        [2, 2, 2,  ..., 2, 2, 2],
        [2, 2, 2,  ..., 2, 2, 2],
        ...,
        [0, 0, 0,  ..., 0, 0, 0],
        [0, 0, 0,  ..., 0, 0, 0],
        [0, 0, 0,  ..., 0, 0, 0]]), 'instances': Instances(num_instances=20, image_height=768, image_width=768, fields=[gt_classes: tensor([ 0,  1,  2,  5,  7, 13,  0,  2,  0,  2, 13,  0,  2,  2, 13,  2, 13,  2,
        13, 13]), gt_masks: tensor([[[False, False, False,  ..., False, False, False],
         [False, False, False,  ..., False, False, False],
         [False, False, False,  ..., False, False, False],
         ...,
         [False, False, False,  ..., False, False, False],
         [False, False, False,  ..., False, False, False],
         [False, False, False,  ..., False, False, False]],

        [[False, False, False,  ..., False, False, False],
         [False, False, False,  ..., False, False, False],
         [False, False, False,  ..., False, False, False],
         ...,
         [False, False, False,  ..., False, False, False],
         [False, False, False,  ..., False, False, False],
         [False, False, False,  ..., False, False, False]],

        [[False, False, False,  ..., False, False, False],
         [False, False, False,  ..., False, False, False],
         [False, False, False,  ..., False, False, False],
         ...,
         [False, False, False,  ..., False, False, False],
         [False, False, False,  ..., False, False, False],
         [False, False, False,  ..., False, False, False]],

        ...,

        [[False, False, False,  ..., False, False, False],
         [False, False, False,  ..., False, False, False],
         [False, False, False,  ..., False, False, False],
         ...,
         [False, False, False,  ..., False, False, False],
         [False, False, False,  ..., False, False, False],
         [False, False, False,  ..., False, False, False]],

        [[False, False, False,  ..., False, False, False],
         [False, False, False,  ..., False, False, False],
         [False, False, False,  ..., False, False, False],
         ...,
         [False, False, False,  ..., False, False, False],
         [False, False, False,  ..., False, False, False],
         [False, False, False,  ..., False, False, False]],

        [[False, False, False,  ..., False, False, False],
         [False, False, False,  ..., False, False, False],
         [False, False, False,  ..., False, False, False],
         ...,
         [False, False, False,  ..., False, False, False],
         [False, False, False,  ..., False, False, False],
         [False, False, False,  ..., False, False, False]]])])}
[02/28 06:22:07 mask2former.data.dataset_mappers.mask_former_semantic_dataset_mapper]: None
[02/28 06:22:07 mask2former.data.dataset_mappers.mask_former_semantic_dataset_mapper]: output dataset_dict: {'file_name': '/cpfs01/projects-HDD/pujianxiangmuzu_HDD/public/mr/./leftImg8bit_trainvaltest/leftImg8bit/train/weimar/weimar_000076_000019_leftImg8bit.png', 'width': 2048, 'height': 1024, 'image': tensor([[[104, 102, 103,  ...,  91, 106, 140],
         [104, 104, 104,  ...,  92, 110, 142],
         [103, 104, 104,  ...,  94, 112, 144],
         ...,
         [ 26,  26,  26,  ...,  28,  28,  29],
         [ 27,  27,  27,  ...,  31,  31,  30],
         [ 27,  27,  27,  ...,  32,  32,  29]],

        [[111, 111, 111,  ...,  98, 120, 158],
         [111, 112, 112,  ...,  99, 123, 158],
         [112, 113, 113,  ..., 100, 125, 159],
         ...,
         [ 36,  37,  37,  ...,  37,  38,  38],
         [ 37,  37,  37,  ...,  38,  39,  38],
         [ 37,  37,  37,  ...,  40,  40,  37]],

        [[ 89,  87,  87,  ...,  85, 110, 145],
         [ 90,  89,  89,  ...,  85, 113, 145],
         [ 89,  89,  89,  ...,  86, 116, 146],
         ...,
         [ 24,  24,  24,  ...,  26,  26,  25],
         [ 25,  25,  25,  ...,  26,  26,  27],
         [ 25,  26,  26,  ...,  27,  26,  26]]], dtype=torch.uint8), 'sem_seg': tensor([[2, 2, 2,  ..., 2, 2, 2],
        [2, 2, 2,  ..., 2, 2, 2],
        [2, 2, 2,  ..., 2, 2, 2],
        ...,
        [0, 0, 0,  ..., 0, 0, 0],
        [0, 0, 0,  ..., 0, 0, 0],
        [0, 0, 0,  ..., 0, 0, 0]]), 'instances': Instances(num_instances=18, image_height=768, image_width=768, fields=[gt_classes: tensor([ 0,  1,  2,  5,  9, 11,  0,  2, 11,  0,  2, 11,  2, 11,  0,  2,  2,  2]), gt_masks: tensor([[[False, False, False,  ..., False, False, False],
         [False, False, False,  ..., False, False, False],
         [False, False, False,  ..., False, False, False],
         ...,
         [False, False, False,  ..., False, False, False],
         [False, False, False,  ..., False, False, False],
         [False, False, False,  ..., False, False, False]],

        [[False, False, False,  ..., False, False, False],
         [False, False, False,  ..., False, False, False],
         [False, False, False,  ..., False, False, False],
         ...,
         [False, False, False,  ..., False, False, False],
         [False, False, False,  ..., False, False, False],
         [False, False, False,  ..., False, False, False]],

        [[False, False, False,  ..., False, False, False],
         [False, False, False,  ..., False, False, False],
         [False, False, False,  ..., False, False, False],
         ...,
         [False, False, False,  ..., False, False, False],
         [False, False, False,  ..., False, False, False],
         [False, False, False,  ..., False, False, False]],

        ...,

        [[False, False, False,  ..., False, False, False],
         [False, False, False,  ..., False, False, False],
         [False, False, False,  ..., False, False, False],
         ...,
         [False, False, False,  ..., False, False, False],
         [False, False, False,  ..., False, False, False],
         [False, False, False,  ..., False, False, False]],

        [[False, False, False,  ..., False, False, False],
         [False, False, False,  ..., False, False, False],
         [False, False, False,  ..., False, False, False],
         ...,
         [False, False, False,  ..., False, False, False],
         [False, False, False,  ..., False, False, False],
         [False, False, False,  ..., False, False, False]],

        [[False, False, False,  ...,  True,  True,  True],
         [False, False, False,  ...,  True,  True,  True],
         [False, False, False,  ...,  True,  True,  True],
         ...,
         [False, False, False,  ..., False, False, False],
         [False, False, False,  ..., False, False, False],
         [False, False, False,  ..., False, False, False]]])])}
[02/28 06:22:07 mask2former.data.dataset_mappers.mask_former_semantic_dataset_mapper]: None
[02/28 06:22:07 mask2former.data.dataset_mappers.mask_former_semantic_dataset_mapper]: output dataset_dict: {'file_name': '/cpfs01/projects-HDD/pujianxiangmuzu_HDD/public/mr/./leftImg8bit_trainvaltest/leftImg8bit/train/hanover/hanover_000000_016558_leftImg8bit.png', 'width': 2048, 'height': 1024, 'image': tensor([[[ 29,  29,  29,  ...,  96,  97,  99],
         [ 29,  29,  30,  ...,  95,  95,  96],
         [ 29,  29,  30,  ...,  94,  93,  93],
         ...,
         [ 75,  75,  74,  ..., 105, 102, 101],
         [ 75,  75,  74,  ..., 107, 104, 102],
         [ 76,  76,  75,  ..., 110, 107, 105]],

        [[ 34,  34,  34,  ..., 106, 109, 110],
         [ 35,  35,  35,  ..., 102, 104, 105],
         [ 35,  35,  36,  ...,  98,  99, 100],
         ...,
         [ 82,  82,  82,  ..., 115, 114, 114],
         [ 82,  82,  82,  ..., 116, 115, 115],
         [ 83,  83,  83,  ..., 118, 117, 117]],

        [[ 32,  32,  32,  ...,  94,  97,  99],
         [ 32,  32,  33,  ...,  91,  92,  94],
         [ 33,  33,  34,  ...,  87,  88,  89],
         ...,
         [ 75,  75,  75,  ..., 103, 103, 103],
         [ 75,  75,  75,  ..., 104, 103, 103],
         [ 76,  76,  76,  ..., 105, 104, 102]]], dtype=torch.uint8), 'sem_seg': tensor([[13, 13, 13,  ..., 13, 13, 13],
        [13, 13, 13,  ..., 13, 13, 13],
        [13, 13, 13,  ..., 13, 13, 13],
        ...,
        [ 0,  0,  0,  ...,  0,  0,  0],
        [ 0,  0,  0,  ...,  0,  0,  0],
        [ 0,  0,  0,  ...,  0,  0,  0]]), 'instances': Instances(num_instances=12, image_height=768, image_width=768, fields=[gt_classes: tensor([ 0, 13,  0,  0, 13,  0, 13,  0,  0, 13,  0, 13]), gt_masks: tensor([[[False, False, False,  ..., False, False, False],
         [False, False, False,  ..., False, False, False],
         [False, False, False,  ..., False, False, False],
         ...,
         [False, False, False,  ..., False, False, False],
         [False, False, False,  ..., False, False, False],
         [False, False, False,  ..., False, False, False]],

        [[False, False, False,  ..., False, False, False],
         [False, False, False,  ..., False, False, False],
         [False, False, False,  ..., False, False, False],
         ...,
         [False, False, False,  ..., False, False, False],
         [False, False, False,  ..., False, False, False],
         [False, False, False,  ..., False, False, False]],

        [[False, False, False,  ..., False, False, False],
         [False, False, False,  ..., False, False, False],
         [False, False, False,  ..., False, False, False],
         ...,
         [False, False, False,  ..., False, False, False],
         [False, False, False,  ..., False, False, False],
         [False, False, False,  ..., False, False, False]],

        ...,

        [[False, False, False,  ..., False, False, False],
         [False, False, False,  ..., False, False, False],
         [False, False, False,  ..., False, False, False],
         ...,
         [False, False, False,  ..., False, False, False],
         [False, False, False,  ..., False, False, False],
         [False, False, False,  ..., False, False, False]],

        [[False, False, False,  ..., False, False, False],
         [False, False, False,  ..., False, False, False],
         [False, False, False,  ..., False, False, False],
         ...,
         [False, False, False,  ..., False, False, False],
         [False, False, False,  ..., False, False, False],
         [False, False, False,  ..., False, False, False]],

        [[ True,  True,  True,  ..., False, False, False],
         [ True,  True,  True,  ..., False, False, False],
         [ True,  True,  True,  ..., False, False, False],
         ...,
         [False, False, False,  ..., False, False, False],
         [False, False, False,  ..., False, False, False],
         [False, False, False,  ..., False, False, False]]])])}
[02/28 06:22:07 mask2former.data.dataset_mappers.mask_former_semantic_dataset_mapper]: None
[02/28 06:22:07 d2.utils.events]:  eta: 1:29:45  iter: 39  total_loss: 100.4  loss_ce: 4.859  loss_mask: 0.6981  loss_dice: 4.893  loss_ce_0: 4.976  loss_mask_0: 0.6502  loss_dice_0: 4.725  loss_ce_1: 3.67  loss_mask_1: 0.6161  loss_dice_1: 4.752  loss_ce_2: 3.749  loss_mask_2: 0.5858  loss_dice_2: 4.754  loss_ce_3: 4.186  loss_mask_3: 0.5883  loss_dice_3: 4.754  loss_ce_4: 4.506  loss_mask_4: 0.6122  loss_dice_4: 4.803  loss_ce_5: 4.69  loss_mask_5: 0.6875  loss_dice_5: 4.856  loss_ce_6: 4.784  loss_mask_6: 0.7303  loss_dice_6: 4.876  loss_ce_7: 4.861  loss_mask_7: 0.7166  loss_dice_7: 4.886  loss_ce_8: 4.885  loss_mask_8: 0.7507  loss_dice_8: 4.886    time: 0.5254  last_time: 0.4562  data_time: 0.0116  last_data_time: 0.0104   lr: 9.9649e-05  max_mem: 5809M
[02/28 06:22:08 mask2former.data.dataset_mappers.mask_former_semantic_dataset_mapper]: output dataset_dict: {'file_name': '/cpfs01/projects-HDD/pujianxiangmuzu_HDD/public/mr/./leftImg8bit_trainvaltest/leftImg8bit/train/bremen/bremen_000090_000019_leftImg8bit.png', 'width': 2048, 'height': 1024, 'image': tensor([[[ 26,  30,  36,  ..., 198, 197, 198],
         [ 30,  33,  35,  ..., 197, 196, 196],
         [ 33,  34,  33,  ..., 197, 194, 195],
         ...,
         [ 52,  52,  54,  ...,  43,  44,  44],
         [ 52,  53,  55,  ...,  43,  44,  44],
         [ 50,  52,  55,  ...,  45,  45,  44]],

        [[ 36,  40,  46,  ..., 209, 208, 209],
         [ 39,  41,  44,  ..., 208, 207, 207],
         [ 40,  41,  42,  ..., 208, 207, 206],
         ...,
         [ 61,  61,  63,  ...,  57,  58,  57],
         [ 61,  62,  64,  ...,  57,  58,  57],
         [ 61,  62,  64,  ...,  59,  59,  58]],

        [[ 22,  27,  33,  ..., 196, 196, 197],
         [ 25,  28,  30,  ..., 195, 194, 193],
         [ 26,  28,  27,  ..., 194, 192, 190],
         ...,
         [ 51,  52,  51,  ...,  43,  44,  45],
         [ 51,  53,  53,  ...,  44,  44,  45],
         [ 51,  52,  52,  ...,  46,  46,  46]]], dtype=torch.uint8), 'sem_seg': tensor([[ 8,  8,  8,  ..., 10, 10, 10],
        [ 8,  8,  8,  ..., 10, 10, 10],
        [ 8,  8,  8,  ..., 10, 10, 10],
        ...,
        [ 0,  0,  0,  ...,  0,  0,  0],
        [ 0,  0,  0,  ...,  0,  0,  0],
        [ 0,  0,  0,  ...,  0,  0,  0]]), 'instances': Instances(num_instances=26, image_height=768, image_width=768, fields=[gt_classes: tensor([ 0,  1,  5,  6,  8,  9, 10, 11, 12, 18,  0,  1,  5,  8, 10, 10, 10,  1,
         8,  8,  8,  8,  8,  8,  8,  8]), gt_masks: tensor([[[False, False, False,  ..., False, False, False],
         [False, False, False,  ..., False, False, False],
         [False, False, False,  ..., False, False, False],
         ...,
         [False, False, False,  ..., False, False, False],
         [False, False, False,  ..., False, False, False],
         [False, False, False,  ..., False, False, False]],

        [[False, False, False,  ..., False, False, False],
         [False, False, False,  ..., False, False, False],
         [False, False, False,  ..., False, False, False],
         ...,
         [False, False, False,  ..., False, False, False],
         [False, False, False,  ..., False, False, False],
         [False, False, False,  ..., False, False, False]],

        [[False, False, False,  ..., False, False, False],
         [False, False, False,  ..., False, False, False],
         [False, False, False,  ..., False, False, False],
         ...,
         [False, False, False,  ..., False, False, False],
         [False, False, False,  ..., False, False, False],
         [False, False, False,  ..., False, False, False]],

        ...,

        [[False, False, False,  ..., False, False, False],
         [False, False, False,  ..., False, False, False],
         [False, False, False,  ..., False, False, False],
         ...,
         [False, False, False,  ..., False, False, False],
         [False, False, False,  ..., False, False, False],
         [False, False, False,  ..., False, False, False]],

        [[False, False, False,  ..., False, False, False],
         [False, False, False,  ..., False, False, False],
         [False, False, False,  ..., False, False, False],
         ...,
         [False, False, False,  ..., False, False, False],
         [False, False, False,  ..., False, False, False],
         [False, False, False,  ..., False, False, False]],

        [[False, False, False,  ..., False, False, False],
         [False, False, False,  ..., False, False, False],
         [False, False, False,  ..., False, False, False],
         ...,
         [False, False, False,  ..., False, False, False],
         [False, False, False,  ..., False, False, False],
         [False, False, False,  ..., False, False, False]]])])}
[02/28 06:22:08 mask2former.data.dataset_mappers.mask_former_semantic_dataset_mapper]: None
[02/28 06:22:08 mask2former.data.dataset_mappers.mask_former_semantic_dataset_mapper]: output dataset_dict: {'file_name': '/cpfs01/projects-HDD/pujianxiangmuzu_HDD/public/mr/./leftImg8bit_trainvaltest/leftImg8bit/train/hanover/hanover_000000_034347_leftImg8bit.png', 'width': 2048, 'height': 1024, 'image': tensor([[[ 18,  36,  49,  ..., 255, 255, 255],
         [ 17,  34,  52,  ..., 255, 255, 255],
         [ 20,  37,  50,  ..., 255, 255, 255],
         ...,
         [ 78,  78,  76,  ...,  89,  89,  89],
         [ 81,  78,  76,  ...,  86,  89,  89],
         [ 78,  78,  76,  ...,  89,  92,  92]],

        [[ 26,  44,  59,  ..., 255, 255, 255],
         [ 24,  43,  60,  ..., 255, 255, 255],
         [ 27,  44,  62,  ..., 255, 255, 255],
         ...,
         [ 97,  97,  95,  ..., 104, 107, 105],
         [ 98,  97,  94,  ..., 104, 105, 108],
         [ 95,  92,  92,  ..., 105, 107, 108]],

        [[ 28,  43,  60,  ..., 255, 255, 255],
         [ 27,  43,  59,  ..., 255, 255, 255],
         [ 30,  44,  60,  ..., 255, 255, 255],
         ...,
         [ 95,  98,  98,  ..., 101, 104, 107],
         [ 97,  98,  98,  ..., 101, 101, 107],
         [ 94,  95,  97,  ..., 101, 104, 105]]], dtype=torch.uint8), 'sem_seg': tensor([[ 5,  5,  5,  ..., 10, 10, 10],
        [ 5,  5,  5,  ..., 10, 10, 10],
        [ 5,  5,  5,  ..., 10, 10, 10],
        ...,
        [ 0,  0,  0,  ...,  0,  0,  0],
        [ 0,  0,  0,  ...,  0,  0,  0],
        [ 0,  0,  0,  ...,  0,  0,  0]]), 'instances': Instances(num_instances=26, image_height=768, image_width=768, fields=[gt_classes: tensor([ 0,  1,  2,  5,  6,  7,  8,  9, 10, 13, 18,  0,  2,  8, 10,  0,  2,  8,
        10, 13,  8, 13, 13, 13,  2, 13]), gt_masks: tensor([[[False, False, False,  ..., False, False, False],
         [False, False, False,  ..., False, False, False],
         [False, False, False,  ..., False, False, False],
         ...,
         [False, False, False,  ..., False, False, False],
         [False, False, False,  ..., False, False, False],
         [False, False, False,  ..., False, False, False]],

        [[False, False, False,  ..., False, False, False],
         [False, False, False,  ..., False, False, False],
         [False, False, False,  ..., False, False, False],
         ...,
         [False, False, False,  ..., False, False, False],
         [False, False, False,  ..., False, False, False],
         [False, False, False,  ..., False, False, False]],

        [[False, False, False,  ..., False, False, False],
         [False, False, False,  ..., False, False, False],
         [False, False, False,  ..., False, False, False],
         ...,
         [False, False, False,  ..., False, False, False],
         [False, False, False,  ..., False, False, False],
         [False, False, False,  ..., False, False, False]],

        ...,

        [[False, False, False,  ..., False, False, False],
         [False, False, False,  ..., False, False, False],
         [False, False, False,  ..., False, False, False],
         ...,
         [False, False, False,  ..., False, False, False],
         [False, False, False,  ..., False, False, False],
         [False, False, False,  ..., False, False, False]],

        [[False, False, False,  ..., False, False, False],
         [False, False, False,  ..., False, False, False],
         [False, False, False,  ..., False, False, False],
         ...,
         [False, False, False,  ..., False, False, False],
         [False, False, False,  ..., False, False, False],
         [False, False, False,  ..., False, False, False]],

        [[False, False, False,  ..., False, False, False],
         [False, False, False,  ..., False, False, False],
         [False, False, False,  ..., False, False, False],
         ...,
         [False, False, False,  ..., False, False, False],
         [False, False, False,  ..., False, False, False],
         [False, False, False,  ..., False, False, False]]])])}
[02/28 06:22:08 mask2former.data.dataset_mappers.mask_former_semantic_dataset_mapper]: None
[02/28 06:22:08 mask2former.data.dataset_mappers.mask_former_semantic_dataset_mapper]: output dataset_dict: {'file_name': '/cpfs01/projects-HDD/pujianxiangmuzu_HDD/public/mr/./leftImg8bit_trainvaltest/leftImg8bit/train/bremen/bremen_000196_000019_leftImg8bit.png', 'width': 2048, 'height': 1024, 'image': tensor([[[123, 123, 125,  ...,  27,  24,  25],
         [125, 125, 125,  ...,  27,  24,  24],
         [127, 127, 126,  ...,  28,  24,  24],
         ...,
         [ 22,  24,  23,  ...,  24,  24,  24],
         [ 23,  24,  28,  ...,  25,  25,  24],
         [ 23,  26,  28,  ...,  25,  25,  24]],

        [[133, 135, 136,  ...,  39,  34,  37],
         [135, 135, 136,  ...,  39,  34,  38],
         [138, 138, 137,  ...,  38,  36,  38],
         ...,
         [ 30,  30,  31,  ...,  34,  34,  34],
         [ 31,  32,  34,  ...,  35,  35,  34],
         [ 31,  33,  34,  ...,  35,  35,  34]],

        [[136, 136, 135,  ...,  38,  36,  38],
         [137, 136, 135,  ...,  38,  36,  39],
         [137, 137, 136,  ...,  37,  37,  39],
         ...,
         [ 27,  27,  28,  ...,  32,  32,  32],
         [ 28,  29,  30,  ...,  33,  33,  32],
         [ 28,  30,  30,  ...,  33,  33,  32]]], dtype=torch.uint8), 'sem_seg': tensor([[255, 255, 255,  ..., 255, 255, 255],
        [255, 255, 255,  ..., 255, 255, 255],
        [255, 255, 255,  ..., 255, 255, 255],
        ...,
        [255, 255, 255,  ...,   0,   0,   0],
        [255, 255, 255,  ..., 255, 255, 255],
        [255, 255, 255,  ..., 255, 255, 255]]), 'instances': Instances(num_instances=51, image_height=614, image_width=768, fields=[gt_classes: tensor([ 0,  1,  2,  4,  5,  6,  7,  8, 10, 11, 13,  0,  1,  8, 10, 13,  2,  8,
        10, 13,  1,  2,  8, 10, 13,  8,  2,  8,  2,  8, 13,  2,  8,  8, 13,  2,
         8, 13,  2,  8,  2,  8,  2,  2,  2,  8,  2,  2,  2,  8,  2]), gt_masks: tensor([[[False, False, False,  ..., False, False, False],
         [False, False, False,  ..., False, False, False],
         [False, False, False,  ..., False, False, False],
         ...,
         [False, False, False,  ..., False, False, False],
         [False, False, False,  ..., False, False, False],
         [False, False, False,  ..., False, False, False]],

        [[False, False, False,  ..., False, False, False],
         [False, False, False,  ..., False, False, False],
         [False, False, False,  ..., False, False, False],
         ...,
         [False, False, False,  ..., False, False, False],
         [False, False, False,  ..., False, False, False],
         [False, False, False,  ..., False, False, False]],

        [[False, False, False,  ..., False, False, False],
         [False, False, False,  ..., False, False, False],
         [False, False, False,  ..., False, False, False],
         ...,
         [False, False, False,  ..., False, False, False],
         [False, False, False,  ..., False, False, False],
         [False, False, False,  ..., False, False, False]],

        ...,

        [[False, False, False,  ..., False, False, False],
         [False, False, False,  ..., False, False, False],
         [False, False, False,  ..., False, False, False],
         ...,
         [False, False, False,  ..., False, False, False],
         [False, False, False,  ..., False, False, False],
         [False, False, False,  ..., False, False, False]],

        [[False, False, False,  ..., False, False, False],
         [False, False, False,  ..., False, False, False],
         [False, False, False,  ..., False, False, False],
         ...,
         [False, False, False,  ..., False, False, False],
         [False, False, False,  ..., False, False, False],
         [False, False, False,  ..., False, False, False]],

        [[False, False, False,  ..., False, False, False],
         [False, False, False,  ..., False, False, False],
         [False, False, False,  ..., False, False, False],
         ...,
         [False, False, False,  ..., False, False, False],
         [False, False, False,  ..., False, False, False],
         [False, False, False,  ..., False, False, False]]])])}
[02/28 06:22:08 mask2former.data.dataset_mappers.mask_former_semantic_dataset_mapper]: None
[02/28 06:22:09 mask2former.data.dataset_mappers.mask_former_semantic_dataset_mapper]: output dataset_dict: {'file_name': '/cpfs01/projects-HDD/pujianxiangmuzu_HDD/public/mr/./leftImg8bit_trainvaltest/leftImg8bit/train/bremen/bremen_000216_000019_leftImg8bit.png', 'width': 2048, 'height': 1024, 'image': tensor([[[ 94,  94,  94,  ...,  36,  36,  37],
         [ 95,  95,  95,  ...,  34,  34,  36],
         [ 95,  95,  95,  ...,  33,  33,  34],
         ...,
         [ 57,  56,  56,  ...,  47,  47,  48],
         [ 57,  56,  56,  ...,  47,  47,  48],
         [ 57,  57,  57,  ...,  47,  47,  48]],

        [[108, 108, 108,  ...,  41,  41,  41],
         [110, 110, 110,  ...,  40,  40,  40],
         [110, 110, 110,  ...,  37,  37,  37],
         ...,
         [ 71,  69,  69,  ...,  60,  60,  60],
         [ 71,  69,  69,  ...,  59,  59,  60],
         [ 71,  71,  71,  ...,  59,  59,  60]],

        [[ 94,  95,  95,  ...,  32,  33,  33],
         [ 95,  96,  96,  ...,  30,  32,  30],
         [ 95,  96,  96,  ...,  30,  30,  29],
         ...,
         [ 60,  59,  59,  ...,  48,  48,  49],
         [ 60,  59,  59,  ...,  47,  48,  49],
         [ 60,  59,  59,  ...,  48,  48,  49]]], dtype=torch.uint8), 'sem_seg': tensor([[  0,   0,   0,  ...,   8,   8,   8],
        [  0,   0,   0,  ...,   8,   8,   8],
        [  0,   0,   0,  ...,   8,   8,   8],
        ...,
        [255, 255, 255,  ..., 255, 255, 255],
        [255, 255, 255,  ..., 255, 255, 255],
        [255, 255, 255,  ..., 255, 255, 255]]), 'instances': Instances(num_instances=8, image_height=768, image_width=768, fields=[gt_classes: tensor([0, 1, 8, 9, 0, 9, 9, 8]), gt_masks: tensor([[[False, False, False,  ..., False, False, False],
         [False, False, False,  ..., False, False, False],
         [False, False, False,  ..., False, False, False],
         ...,
         [False, False, False,  ..., False, False, False],
         [False, False, False,  ..., False, False, False],
         [False, False, False,  ..., False, False, False]],

        [[False, False, False,  ..., False, False, False],
         [False, False, False,  ..., False, False, False],
         [False, False, False,  ..., False, False, False],
         ...,
         [False, False, False,  ..., False, False, False],
         [False, False, False,  ..., False, False, False],
         [False, False, False,  ..., False, False, False]],

        [[False, False, False,  ..., False, False, False],
         [False, False, False,  ..., False, False, False],
         [False, False, False,  ..., False, False, False],
         ...,
         [False, False, False,  ..., False, False, False],
         [False, False, False,  ..., False, False, False],
         [False, False, False,  ..., False, False, False]],

        ...,

        [[False, False, False,  ..., False, False, False],
         [False, False, False,  ..., False, False, False],
         [False, False, False,  ..., False, False, False],
         ...,
         [False, False, False,  ..., False, False, False],
         [False, False, False,  ..., False, False, False],
         [False, False, False,  ..., False, False, False]],

        [[False, False, False,  ..., False, False, False],
         [False, False, False,  ..., False, False, False],
         [False, False, False,  ..., False, False, False],
         ...,
         [False, False, False,  ..., False, False, False],
         [False, False, False,  ..., False, False, False],
         [False, False, False,  ..., False, False, False]],

        [[False, False, False,  ...,  True,  True,  True],
         [False, False, False,  ...,  True,  True,  True],
         [False, False, False,  ...,  True,  True,  True],
         ...,
         [False, False, False,  ..., False, False, False],
         [False, False, False,  ..., False, False, False],
         [False, False, False,  ..., False, False, False]]])])}
[02/28 06:22:09 mask2former.data.dataset_mappers.mask_former_semantic_dataset_mapper]: None
[02/28 06:22:09 mask2former.data.dataset_mappers.mask_former_semantic_dataset_mapper]: output dataset_dict: {'file_name': '/cpfs01/projects-HDD/pujianxiangmuzu_HDD/public/mr/./leftImg8bit_trainvaltest/leftImg8bit/train/bremen/bremen_000034_000019_leftImg8bit.png', 'width': 2048, 'height': 1024, 'image': tensor([[[ 58,  55,  54,  ..., 104, 106, 105],
         [ 59,  56,  54,  ..., 103, 104, 104],
         [ 59,  56,  54,  ..., 100, 102, 103],
         ...,
         [ 84,  84,  83,  ...,  89,  91,  90],
         [ 83,  83,  82,  ...,  91,  91,  91],
         [ 83,  83,  82,  ...,  91,  91,  92]],

        [[ 74,  70,  68,  ..., 113, 116, 116],
         [ 75,  71,  68,  ..., 111, 113, 114],
         [ 75,  71,  68,  ..., 109, 111, 112],
         ...,
         [ 98,  98,  98,  ..., 102, 103, 103],
         [ 97,  97,  97,  ..., 103, 103, 104],
         [ 97,  97,  97,  ..., 103, 103, 104]],

        [[ 65,  62,  59,  ...,  87,  87,  85],
         [ 67,  63,  61,  ...,  85,  85,  85],
         [ 67,  63,  61,  ...,  83,  83,  83],
         ...,
         [ 87,  87,  87,  ...,  91,  92,  92],
         [ 87,  87,  87,  ...,  92,  92,  94],
         [ 87,  87,  87,  ...,  92,  92,  94]]], dtype=torch.uint8), 'sem_seg': tensor([[2, 2, 2,  ..., 8, 8, 8],
        [2, 2, 2,  ..., 8, 8, 8],
        [2, 2, 2,  ..., 8, 8, 8],
        ...,
        [0, 0, 0,  ..., 0, 0, 0],
        [0, 0, 0,  ..., 0, 0, 0],
        [0, 0, 0,  ..., 0, 0, 0]]), 'instances': Instances(num_instances=20, image_height=768, image_width=768, fields=[gt_classes: tensor([ 0,  1,  2,  5,  6,  8,  9, 13, 18,  0,  2,  0,  2,  2, 13,  2,  2, 13,
        13, 13]), gt_masks: tensor([[[False, False, False,  ..., False, False, False],
         [False, False, False,  ..., False, False, False],
         [False, False, False,  ..., False, False, False],
         ...,
         [False, False, False,  ..., False, False, False],
         [False, False, False,  ..., False, False, False],
         [False, False, False,  ..., False, False, False]],

        [[False, False, False,  ..., False, False, False],
         [False, False, False,  ..., False, False, False],
         [False, False, False,  ..., False, False, False],
         ...,
         [False, False, False,  ..., False, False, False],
         [False, False, False,  ..., False, False, False],
         [False, False, False,  ..., False, False, False]],

        [[False, False, False,  ..., False, False, False],
         [False, False, False,  ..., False, False, False],
         [False, False, False,  ..., False, False, False],
         ...,
         [False, False, False,  ..., False, False, False],
         [False, False, False,  ..., False, False, False],
         [False, False, False,  ..., False, False, False]],

        ...,

        [[False, False, False,  ..., False, False, False],
         [False, False, False,  ..., False, False, False],
         [False, False, False,  ..., False, False, False],
         ...,
         [False, False, False,  ..., False, False, False],
         [False, False, False,  ..., False, False, False],
         [False, False, False,  ..., False, False, False]],

        [[False, False, False,  ..., False, False, False],
         [False, False, False,  ..., False, False, False],
         [False, False, False,  ..., False, False, False],
         ...,
         [False, False, False,  ..., False, False, False],
         [False, False, False,  ..., False, False, False],
         [False, False, False,  ..., False, False, False]],

        [[False, False, False,  ..., False, False, False],
         [False, False, False,  ..., False, False, False],
         [False, False, False,  ..., False, False, False],
         ...,
         [False, False, False,  ..., False, False, False],
         [False, False, False,  ..., False, False, False],
         [False, False, False,  ..., False, False, False]]])])}
[02/28 06:22:09 mask2former.data.dataset_mappers.mask_former_semantic_dataset_mapper]: None
[02/28 06:22:09 mask2former.data.dataset_mappers.mask_former_semantic_dataset_mapper]: output dataset_dict: {'file_name': '/cpfs01/projects-HDD/pujianxiangmuzu_HDD/public/mr/./leftImg8bit_trainvaltest/leftImg8bit/train/bremen/bremen_000258_000019_leftImg8bit.png', 'width': 2048, 'height': 1024, 'image': tensor([[[68, 68, 69,  ..., 74, 74, 74],
         [69, 69, 69,  ..., 74, 74, 74],
         [69, 69, 69,  ..., 73, 73, 73],
         ...,
         [57, 57, 57,  ..., 59, 60, 60],
         [56, 56, 57,  ..., 58, 59, 60],
         [56, 56, 57,  ..., 58, 59, 60]],

        [[76, 76, 76,  ..., 83, 83, 83],
         [76, 76, 77,  ..., 83, 83, 83],
         [77, 77, 77,  ..., 83, 83, 83],
         ...,
         [65, 65, 65,  ..., 66, 67, 67],
         [64, 64, 65,  ..., 66, 66, 66],
         [64, 64, 65,  ..., 66, 66, 66]],

        [[68, 68, 69,  ..., 75, 76, 76],
         [69, 69, 69,  ..., 75, 76, 76],
         [69, 69, 69,  ..., 75, 75, 75],
         ...,
         [58, 58, 58,  ..., 60, 61, 61],
         [57, 57, 57,  ..., 60, 61, 61],
         [57, 57, 57,  ..., 60, 61, 61]]], dtype=torch.uint8), 'sem_seg': tensor([[0, 0, 0,  ..., 0, 0, 0],
        [0, 0, 0,  ..., 0, 0, 0],
        [0, 0, 0,  ..., 0, 0, 0],
        ...,
        [0, 0, 0,  ..., 0, 0, 0],
        [0, 0, 0,  ..., 0, 0, 0],
        [0, 0, 0,  ..., 0, 0, 0]]), 'instances': Instances(num_instances=5, image_height=768, image_width=768, fields=[gt_classes: tensor([0, 0, 0, 0, 0]), gt_masks: tensor([[[False, False, False,  ..., False, False, False],
         [False, False, False,  ..., False, False, False],
         [False, False, False,  ..., False, False, False],
         ...,
         [False, False, False,  ..., False, False, False],
         [False, False, False,  ..., False, False, False],
         [False, False, False,  ..., False, False, False]],

        [[False, False, False,  ..., False, False, False],
         [False, False, False,  ..., False, False, False],
         [False, False, False,  ..., False, False, False],
         ...,
         [False, False, False,  ..., False, False, False],
         [False, False, False,  ..., False, False, False],
         [False, False, False,  ..., False, False, False]],

        [[ True,  True,  True,  ...,  True,  True,  True],
         [ True,  True,  True,  ...,  True,  True,  True],
         [ True,  True,  True,  ...,  True,  True,  True],
         ...,
         [ True,  True,  True,  ...,  True,  True,  True],
         [ True,  True,  True,  ...,  True,  True,  True],
         [ True,  True,  True,  ...,  True,  True,  True]],

        [[False, False, False,  ..., False, False, False],
         [False, False, False,  ..., False, False, False],
         [False, False, False,  ..., False, False, False],
         ...,
         [False, False, False,  ..., False, False, False],
         [False, False, False,  ..., False, False, False],
         [False, False, False,  ..., False, False, False]],

        [[False, False, False,  ..., False, False, False],
         [False, False, False,  ..., False, False, False],
         [False, False, False,  ..., False, False, False],
         ...,
         [False, False, False,  ..., False, False, False],
         [False, False, False,  ..., False, False, False],
         [False, False, False,  ..., False, False, False]]])])}
[02/28 06:22:09 mask2former.data.dataset_mappers.mask_former_semantic_dataset_mapper]: None
[02/28 06:22:09 mask2former.data.dataset_mappers.mask_former_semantic_dataset_mapper]: output dataset_dict: {'file_name': '/cpfs01/projects-HDD/pujianxiangmuzu_HDD/public/mr/./leftImg8bit_trainvaltest/leftImg8bit/train/strasbourg/strasbourg_000001_008576_leftImg8bit.png', 'width': 2048, 'height': 1024, 'image': tensor([[[71, 68, 59,  ..., 86, 88, 88],
         [72, 67, 59,  ..., 86, 87, 86],
         [73, 68, 57,  ..., 86, 87, 88],
         ...,
         [51, 51, 50,  ..., 64, 65, 65],
         [51, 51, 50,  ..., 65, 65, 64],
         [51, 51, 50,  ..., 63, 64, 65]],

        [[77, 71, 62,  ..., 88, 90, 93],
         [76, 72, 62,  ..., 88, 89, 91],
         [76, 73, 62,  ..., 88, 90, 91],
         ...,
         [60, 60, 59,  ..., 73, 74, 75],
         [60, 60, 59,  ..., 74, 74, 74],
         [60, 60, 59,  ..., 73, 74, 74]],

        [[55, 53, 44,  ..., 62, 62, 62],
         [56, 53, 44,  ..., 62, 61, 63],
         [56, 54, 43,  ..., 62, 64, 69],
         ...,
         [48, 48, 50,  ..., 57, 58, 59],
         [48, 48, 50,  ..., 59, 59, 59],
         [48, 48, 50,  ..., 60, 59, 59]]], dtype=torch.uint8), 'sem_seg': tensor([[  2,   2,   2,  ...,   2,   2,   2],
        [  2,   2,   2,  ...,   2,   2,   2],
        [  2,   2,   2,  ...,   2,   2,   2],
        ...,
        [255, 255, 255,  ..., 255, 255, 255],
        [255, 255, 255,  ..., 255, 255, 255],
        [255, 255, 255,  ..., 255, 255, 255]]), 'instances': Instances(num_instances=23, image_height=768, image_width=768, fields=[gt_classes: tensor([ 0,  2,  5,  7,  8,  9, 11, 13, 18,  0,  2,  0,  2,  2,  2,  2, 13,  2,
         8,  2,  8, 13,  8]), gt_masks: tensor([[[False, False, False,  ..., False, False, False],
         [False, False, False,  ..., False, False, False],
         [False, False, False,  ..., False, False, False],
         ...,
         [False, False, False,  ..., False, False, False],
         [False, False, False,  ..., False, False, False],
         [False, False, False,  ..., False, False, False]],

        [[False, False, False,  ..., False, False, False],
         [False, False, False,  ..., False, False, False],
         [False, False, False,  ..., False, False, False],
         ...,
         [False, False, False,  ..., False, False, False],
         [False, False, False,  ..., False, False, False],
         [False, False, False,  ..., False, False, False]],

        [[False, False, False,  ..., False, False, False],
         [False, False, False,  ..., False, False, False],
         [False, False, False,  ..., False, False, False],
         ...,
         [False, False, False,  ..., False, False, False],
         [False, False, False,  ..., False, False, False],
         [False, False, False,  ..., False, False, False]],

        ...,

        [[False, False, False,  ..., False, False, False],
         [False, False, False,  ..., False, False, False],
         [False, False, False,  ..., False, False, False],
         ...,
         [False, False, False,  ..., False, False, False],
         [False, False, False,  ..., False, False, False],
         [False, False, False,  ..., False, False, False]],

        [[False, False, False,  ..., False, False, False],
         [False, False, False,  ..., False, False, False],
         [False, False, False,  ..., False, False, False],
         ...,
         [False, False, False,  ..., False, False, False],
         [False, False, False,  ..., False, False, False],
         [False, False, False,  ..., False, False, False]],

        [[False, False, False,  ..., False, False, False],
         [False, False, False,  ..., False, False, False],
         [False, False, False,  ..., False, False, False],
         ...,
         [False, False, False,  ..., False, False, False],
         [False, False, False,  ..., False, False, False],
         [False, False, False,  ..., False, False, False]]])])}
[02/28 06:22:09 mask2former.data.dataset_mappers.mask_former_semantic_dataset_mapper]: output dataset_dict: {'file_name': '/cpfs01/projects-HDD/pujianxiangmuzu_HDD/public/mr/./leftImg8bit_trainvaltest/leftImg8bit/train/erfurt/erfurt_000064_000019_leftImg8bit.png', 'width': 2048, 'height': 1024, 'image': tensor([[[124, 124, 124,  ..., 230, 231, 233],
         [125, 125, 125,  ..., 231, 232, 234],
         [125, 125, 125,  ..., 231, 232, 234],
         ...,
         [ 77,  77,  77,  ...,  84,  79,  78],
         [ 78,  79,  80,  ...,  78,  77,  74],
         [ 77,  78,  80,  ...,  77,  76,  76]],

        [[134, 134, 134,  ..., 255, 255, 255],
         [134, 134, 134,  ..., 255, 255, 255],
         [133, 133, 133,  ..., 255, 255, 255],
         ...,
         [ 84,  84,  84,  ...,  92,  91,  91],
         [ 86,  87,  87,  ...,  86,  86,  86],
         [ 84,  85,  87,  ...,  84,  85,  86]],

        [[111, 111, 111,  ..., 237, 239, 240],
         [111, 111, 111,  ..., 238, 238, 241],
         [112, 112, 112,  ..., 239, 238, 238],
         ...,
         [ 71,  71,  70,  ...,  81,  78,  78],
         [ 72,  73,  73,  ...,  73,  73,  72],
         [ 71,  72,  75,  ...,  71,  71,  71]]], dtype=torch.uint8), 'sem_seg': tensor([[255, 255, 255,  ..., 255, 255, 255],
        [255, 255, 255,  ..., 255, 255, 255],
        [255, 255, 255,  ..., 255, 255, 255],
        ...,
        [  1,   1,   1,  ...,   0,   0,   0],
        [  1,   1,   1,  ...,   0,   0,   0],
        [  1,   1,   1,  ...,   0,   0,   0]]), 'instances': Instances(num_instances=35, image_height=768, image_width=768, fields=[gt_classes: tensor([ 0,  1,  2,  5, 10, 11, 13,  0,  1,  2, 10, 11,  1,  2, 11,  2, 11, 11,
         2,  2,  2,  2,  2,  2,  2,  2,  2,  2,  2,  2,  2,  2,  2,  2,  2]), gt_masks: tensor([[[False, False, False,  ..., False, False, False],
         [False, False, False,  ..., False, False, False],
         [False, False, False,  ..., False, False, False],
         ...,
         [False, False, False,  ..., False, False, False],
         [False, False, False,  ..., False, False, False],
         [False, False, False,  ..., False, False, False]],

        [[False, False, False,  ..., False, False, False],
         [False, False, False,  ..., False, False, False],
         [False, False, False,  ..., False, False, False],
         ...,
         [False, False, False,  ..., False, False, False],
         [False, False, False,  ..., False, False, False],
         [False, False, False,  ..., False, False, False]],

        [[False, False, False,  ..., False, False, False],
         [False, False, False,  ..., False, False, False],
         [False, False, False,  ..., False, False, False],
         ...,
         [False, False, False,  ..., False, False, False],
         [False, False, False,  ..., False, False, False],
         [False, False, False,  ..., False, False, False]],

        ...,

        [[False, False, False,  ..., False, False, False],
         [False, False, False,  ..., False, False, False],
         [False, False, False,  ..., False, False, False],
         ...,
         [False, False, False,  ..., False, False, False],
         [False, False, False,  ..., False, False, False],
         [False, False, False,  ..., False, False, False]],

        [[False, False, False,  ..., False, False, False],
         [False, False, False,  ..., False, False, False],
         [False, False, False,  ..., False, False, False],
         ...,
         [False, False, False,  ..., False, False, False],
         [False, False, False,  ..., False, False, False],
         [False, False, False,  ..., False, False, False]],

        [[False, False, False,  ..., False, False, False],
         [False, False, False,  ..., False, False, False],
         [False, False, False,  ..., False, False, False],
         ...,
         [False, False, False,  ..., False, False, False],
         [False, False, False,  ..., False, False, False],
         [False, False, False,  ..., False, False, False]]])])}
[02/28 06:22:09 mask2former.data.dataset_mappers.mask_former_semantic_dataset_mapper]: None
[02/28 06:22:09 mask2former.data.dataset_mappers.mask_former_semantic_dataset_mapper]: None
[02/28 06:22:10 mask2former.data.dataset_mappers.mask_former_semantic_dataset_mapper]: output dataset_dict: {'file_name': '/cpfs01/projects-HDD/pujianxiangmuzu_HDD/public/mr/./leftImg8bit_trainvaltest/leftImg8bit/train/hamburg/hamburg_000000_082301_leftImg8bit.png', 'width': 2048, 'height': 1024, 'image': tensor([[[114, 114, 114,  ...,  52,  42,  37],
         [114, 113, 113,  ...,  53,  42,  36],
         [114, 114, 113,  ...,  51,  41,  35],
         ...,
         [ 48,  48,  49,  ..., 134, 134, 134],
         [ 48,  48,  49,  ..., 133, 133, 133],
         [ 48,  48,  49,  ..., 133, 132, 132]],

        [[124, 123, 123,  ...,  64,  55,  48],
         [125, 123, 122,  ...,  71,  59,  49],
         [126, 124, 123,  ...,  72,  59,  48],
         ...,
         [ 55,  56,  56,  ..., 137, 136, 136],
         [ 56,  57,  57,  ..., 137, 136, 136],
         [ 56,  57,  57,  ..., 137, 136, 136]],

        [[122, 122, 121,  ...,  55,  45,  37],
         [123, 121, 120,  ...,  58,  48,  38],
         [122, 120, 119,  ...,  55,  46,  37],
         ...,
         [ 50,  50,  50,  ..., 126, 125, 124],
         [ 50,  50,  50,  ..., 126, 124, 123],
         [ 50,  50,  50,  ..., 126, 124, 123]]], dtype=torch.uint8), 'sem_seg': tensor([[255, 255, 255,  ...,   8,   8,   8],
        [255, 255, 255,  ...,   8,   8,   8],
        [255, 255, 255,  ...,   8,   8,   8],
        ...,
        [255, 255, 255,  ...,   0,   0,   0],
        [255, 255, 255,  ...,   0,   0,   0],
        [255, 255, 255,  ...,   0,   0,   0]]), 'instances': Instances(num_instances=23, image_height=768, image_width=768, fields=[gt_classes: tensor([ 0,  1,  2,  5,  7,  8,  9, 13,  0,  8,  9,  8,  8,  8, 13,  8, 13,  8,
         8,  8,  8, 13, 13]), gt_masks: tensor([[[False, False, False,  ..., False, False, False],
         [False, False, False,  ..., False, False, False],
         [False, False, False,  ..., False, False, False],
         ...,
         [False, False, False,  ..., False, False, False],
         [False, False, False,  ..., False, False, False],
         [False, False, False,  ..., False, False, False]],

        [[False, False, False,  ..., False, False, False],
         [False, False, False,  ..., False, False, False],
         [False, False, False,  ..., False, False, False],
         ...,
         [False, False, False,  ..., False, False, False],
         [False, False, False,  ..., False, False, False],
         [False, False, False,  ..., False, False, False]],

        [[False, False, False,  ..., False, False, False],
         [False, False, False,  ..., False, False, False],
         [False, False, False,  ..., False, False, False],
         ...,
         [False, False, False,  ..., False, False, False],
         [False, False, False,  ..., False, False, False],
         [False, False, False,  ..., False, False, False]],

        ...,

        [[False, False, False,  ..., False, False, False],
         [False, False, False,  ..., False, False, False],
         [False, False, False,  ..., False, False, False],
         ...,
         [False, False, False,  ..., False, False, False],
         [False, False, False,  ..., False, False, False],
         [False, False, False,  ..., False, False, False]],

        [[False, False, False,  ..., False, False, False],
         [False, False, False,  ..., False, False, False],
         [False, False, False,  ..., False, False, False],
         ...,
         [False, False, False,  ..., False, False, False],
         [False, False, False,  ..., False, False, False],
         [False, False, False,  ..., False, False, False]],

        [[False, False, False,  ..., False, False, False],
         [False, False, False,  ..., False, False, False],
         [False, False, False,  ..., False, False, False],
         ...,
         [False, False, False,  ..., False, False, False],
         [False, False, False,  ..., False, False, False],
         [False, False, False,  ..., False, False, False]]])])}
[02/28 06:22:10 mask2former.data.dataset_mappers.mask_former_semantic_dataset_mapper]: None
[02/28 06:22:10 mask2former.data.dataset_mappers.mask_former_semantic_dataset_mapper]: output dataset_dict: {'file_name': '/cpfs01/projects-HDD/pujianxiangmuzu_HDD/public/mr/./leftImg8bit_trainvaltest/leftImg8bit/train/stuttgart/stuttgart_000067_000019_leftImg8bit.png', 'width': 2048, 'height': 1024, 'image': tensor([[[29, 29, 29,  ..., 22, 22, 22],
         [31, 31, 31,  ..., 21, 22, 20],
         [31, 31, 31,  ..., 21, 22, 20],
         ...,
         [64, 64, 64,  ..., 29, 29, 29],
         [64, 64, 64,  ..., 29, 29, 29],
         [65, 64, 64,  ..., 29, 29, 28]],

        [[40, 39, 39,  ..., 34, 34, 34],
         [40, 39, 39,  ..., 35, 34, 33],
         [40, 39, 39,  ..., 35, 34, 33],
         ...,
         [73, 73, 73,  ..., 39, 38, 37],
         [73, 73, 73,  ..., 39, 38, 37],
         [74, 74, 74,  ..., 38, 36, 35]],

        [[30, 30, 30,  ..., 24, 24, 24],
         [31, 32, 32,  ..., 25, 24, 23],
         [31, 32, 32,  ..., 25, 24, 23],
         ...,
         [66, 66, 66,  ..., 38, 37, 36],
         [66, 66, 66,  ..., 38, 37, 36],
         [66, 65, 65,  ..., 37, 37, 36]]], dtype=torch.uint8), 'sem_seg': tensor([[ 8,  8,  8,  ...,  8,  8,  8],
        [ 8,  8,  8,  ...,  8,  8,  8],
        [ 8,  8,  8,  ...,  8,  8,  8],
        ...,
        [ 0,  0,  0,  ..., 13, 13, 13],
        [ 0,  0,  0,  ..., 13, 13, 13],
        [ 0,  0,  0,  ..., 13, 13, 13]]), 'instances': Instances(num_instances=28, image_height=768, image_width=768, fields=[gt_classes: tensor([ 0,  1,  2,  5,  7,  8, 11, 13, 18,  0,  8, 13,  8, 13,  8, 13,  8,  0,
         8, 13,  8, 13,  8, 13,  8, 13,  2, 13]), gt_masks: tensor([[[False, False, False,  ..., False, False, False],
         [False, False, False,  ..., False, False, False],
         [False, False, False,  ..., False, False, False],
         ...,
         [False, False, False,  ..., False, False, False],
         [False, False, False,  ..., False, False, False],
         [False, False, False,  ..., False, False, False]],

        [[False, False, False,  ..., False, False, False],
         [False, False, False,  ..., False, False, False],
         [False, False, False,  ..., False, False, False],
         ...,
         [False, False, False,  ..., False, False, False],
         [False, False, False,  ..., False, False, False],
         [False, False, False,  ..., False, False, False]],

        [[False, False, False,  ..., False, False, False],
         [False, False, False,  ..., False, False, False],
         [False, False, False,  ..., False, False, False],
         ...,
         [False, False, False,  ..., False, False, False],
         [False, False, False,  ..., False, False, False],
         [False, False, False,  ..., False, False, False]],

        ...,

        [[False, False, False,  ..., False, False, False],
         [False, False, False,  ..., False, False, False],
         [False, False, False,  ..., False, False, False],
         ...,
         [False, False, False,  ..., False, False, False],
         [False, False, False,  ..., False, False, False],
         [False, False, False,  ..., False, False, False]],

        [[False, False, False,  ..., False, False, False],
         [False, False, False,  ..., False, False, False],
         [False, False, False,  ..., False, False, False],
         ...,
         [False, False, False,  ..., False, False, False],
         [False, False, False,  ..., False, False, False],
         [False, False, False,  ..., False, False, False]],

        [[False, False, False,  ..., False, False, False],
         [False, False, False,  ..., False, False, False],
         [False, False, False,  ..., False, False, False],
         ...,
         [False, False, False,  ..., False, False, False],
         [False, False, False,  ..., False, False, False],
         [False, False, False,  ..., False, False, False]]])])}
[02/28 06:22:10 mask2former.data.dataset_mappers.mask_former_semantic_dataset_mapper]: None
[02/28 06:22:10 mask2former.data.dataset_mappers.mask_former_semantic_dataset_mapper]: output dataset_dict: {'file_name': '/cpfs01/projects-HDD/pujianxiangmuzu_HDD/public/mr/./leftImg8bit_trainvaltest/leftImg8bit/train/cologne/cologne_000007_000019_leftImg8bit.png', 'width': 2048, 'height': 1024, 'image': tensor([[[242, 242, 241,  ..., 155, 157, 157],
         [242, 241, 241,  ..., 153, 156, 159],
         [240, 240, 239,  ..., 151, 151, 150],
         ...,
         [ 95,  95,  95,  ..., 229, 231, 231],
         [ 94,  94,  92,  ..., 215, 224, 227],
         [ 93,  92,  91,  ..., 189, 204, 212]],

        [[255, 255, 255,  ..., 164, 166, 167],
         [255, 255, 255,  ..., 164, 165, 166],
         [255, 255, 255,  ..., 163, 160, 157],
         ...,
         [103, 103, 103,  ..., 236, 237, 236],
         [102, 102, 102,  ..., 224, 230, 233],
         [102, 102, 102,  ..., 202, 213, 222]],

        [[250, 250, 249,  ..., 142, 145, 144],
         [250, 249, 249,  ..., 144, 146, 143],
         [249, 249, 249,  ..., 145, 141, 137],
         ...,
         [ 92,  92,  92,  ..., 213, 215, 218],
         [ 92,  92,  90,  ..., 196, 204, 211],
         [ 90,  90,  90,  ..., 170, 183, 199]]], dtype=torch.uint8), 'sem_seg': tensor([[10, 10, 10,  ...,  2,  2,  2],
        [10, 10, 10,  ...,  2,  2,  2],
        [10, 10, 10,  ...,  2,  2,  2],
        ...,
        [ 0,  0,  0,  ...,  0,  0,  0],
        [ 0,  0,  0,  ...,  0,  0,  0],
        [ 0,  0,  0,  ...,  0,  0,  0]]), 'instances': Instances(num_instances=31, image_height=768, image_width=768, fields=[gt_classes: tensor([ 0,  1,  2,  5,  7,  8, 10, 11, 13, 18,  0, 10, 11, 18,  0,  1,  2,  8,
        11, 18,  2, 11, 13, 18,  2,  8, 18,  8, 18, 13,  8]), gt_masks: tensor([[[False, False, False,  ..., False, False, False],
         [False, False, False,  ..., False, False, False],
         [False, False, False,  ..., False, False, False],
         ...,
         [False, False, False,  ..., False, False, False],
         [False, False, False,  ..., False, False, False],
         [False, False, False,  ..., False, False, False]],

        [[False, False, False,  ..., False, False, False],
         [False, False, False,  ..., False, False, False],
         [False, False, False,  ..., False, False, False],
         ...,
         [False, False, False,  ..., False, False, False],
         [False, False, False,  ..., False, False, False],
         [False, False, False,  ..., False, False, False]],

        [[False, False, False,  ...,  True,  True,  True],
         [False, False, False,  ...,  True,  True,  True],
         [False, False, False,  ...,  True,  True,  True],
         ...,
         [False, False, False,  ..., False, False, False],
         [False, False, False,  ..., False, False, False],
         [False, False, False,  ..., False, False, False]],

        ...,

        [[False, False, False,  ..., False, False, False],
         [False, False, False,  ..., False, False, False],
         [False, False, False,  ..., False, False, False],
         ...,
         [False, False, False,  ..., False, False, False],
         [False, False, False,  ..., False, False, False],
         [False, False, False,  ..., False, False, False]],

        [[False, False, False,  ..., False, False, False],
         [False, False, False,  ..., False, False, False],
         [False, False, False,  ..., False, False, False],
         ...,
         [False, False, False,  ..., False, False, False],
         [False, False, False,  ..., False, False, False],
         [False, False, False,  ..., False, False, False]],

        [[False, False, False,  ..., False, False, False],
         [False, False, False,  ..., False, False, False],
         [False, False, False,  ..., False, False, False],
         ...,
         [False, False, False,  ..., False, False, False],
         [False, False, False,  ..., False, False, False],
         [False, False, False,  ..., False, False, False]]])])}
[02/28 06:22:10 mask2former.data.dataset_mappers.mask_former_semantic_dataset_mapper]: None
[02/28 06:22:10 mask2former.data.dataset_mappers.mask_former_semantic_dataset_mapper]: output dataset_dict: {'file_name': '/cpfs01/projects-HDD/pujianxiangmuzu_HDD/public/mr/./leftImg8bit_trainvaltest/leftImg8bit/train/bremen/bremen_000315_000019_leftImg8bit.png', 'width': 2048, 'height': 1024, 'image': tensor([[[104, 121, 134,  ..., 194, 194, 188],
         [124, 140, 156,  ..., 195, 195, 190],
         [135, 149, 161,  ..., 195, 195, 190],
         ...,
         [ 93,  94,  94,  ...,  81,  81,  81],
         [ 93,  94,  94,  ...,  81,  81,  81],
         [ 94,  94,  94,  ...,  81,  81,  81]],

        [[164, 168, 170,  ..., 207, 203, 196],
         [182, 187, 188,  ..., 207, 206, 198],
         [186, 190, 191,  ..., 207, 206, 198],
         ...,
         [101, 101, 101,  ..., 103, 103, 103],
         [101, 101, 101,  ..., 103, 103, 103],
         [101, 101, 101,  ..., 104, 104, 104]],

        [[138, 146, 152,  ..., 186, 183, 178],
         [145, 156, 164,  ..., 185, 185, 180],
         [145, 155, 162,  ..., 184, 185, 180],
         ...,
         [ 87,  85,  85,  ...,  93,  93,  93],
         [ 87,  85,  85,  ...,  93,  93,  93],
         [ 85,  85,  85,  ...,  94,  94,  94]]], dtype=torch.uint8), 'sem_seg': tensor([[ 8,  8,  8,  ...,  2,  2,  2],
        [ 8,  8,  8,  ...,  2,  2,  2],
        [ 8,  8,  8,  ...,  2,  2,  2],
        ...,
        [ 0,  0,  0,  ..., 13, 13, 13],
        [ 0,  0,  0,  ..., 13, 13, 13],
        [ 0,  0,  0,  ..., 13, 13, 13]]), 'instances': Instances(num_instances=30, image_height=768, image_width=768, fields=[gt_classes: tensor([ 0,  1,  2,  4,  5,  7,  8, 13,  0,  8, 13, 13,  2, 13,  2,  2, 13, 13,
        13, 13, 13,  2, 13, 13, 13, 13, 13,  2, 13, 13]), gt_masks: tensor([[[False, False, False,  ..., False, False, False],
         [False, False, False,  ..., False, False, False],
         [False, False, False,  ..., False, False, False],
         ...,
         [False, False, False,  ..., False, False, False],
         [False, False, False,  ..., False, False, False],
         [False, False, False,  ..., False, False, False]],

        [[False, False, False,  ..., False, False, False],
         [False, False, False,  ..., False, False, False],
         [False, False, False,  ..., False, False, False],
         ...,
         [False, False, False,  ..., False, False, False],
         [False, False, False,  ..., False, False, False],
         [False, False, False,  ..., False, False, False]],

        [[False, False, False,  ..., False, False, False],
         [False, False, False,  ..., False, False, False],
         [False, False, False,  ..., False, False, False],
         ...,
         [False, False, False,  ..., False, False, False],
         [False, False, False,  ..., False, False, False],
         [False, False, False,  ..., False, False, False]],

        ...,

        [[False, False, False,  ..., False, False, False],
         [False, False, False,  ..., False, False, False],
         [False, False, False,  ..., False, False, False],
         ...,
         [False, False, False,  ..., False, False, False],
         [False, False, False,  ..., False, False, False],
         [False, False, False,  ..., False, False, False]],

        [[False, False, False,  ..., False, False, False],
         [False, False, False,  ..., False, False, False],
         [False, False, False,  ..., False, False, False],
         ...,
         [False, False, False,  ..., False, False, False],
         [False, False, False,  ..., False, False, False],
         [False, False, False,  ..., False, False, False]],

        [[False, False, False,  ..., False, False, False],
         [False, False, False,  ..., False, False, False],
         [False, False, False,  ..., False, False, False],
         ...,
         [False, False, False,  ..., False, False, False],
         [False, False, False,  ..., False, False, False],
         [False, False, False,  ..., False, False, False]]])])}
[02/28 06:22:10 mask2former.data.dataset_mappers.mask_former_semantic_dataset_mapper]: None
[02/28 06:22:11 mask2former.data.dataset_mappers.mask_former_semantic_dataset_mapper]: output dataset_dict: {'file_name': '/cpfs01/projects-HDD/pujianxiangmuzu_HDD/public/mr/./leftImg8bit_trainvaltest/leftImg8bit/train/bremen/bremen_000273_000019_leftImg8bit.png', 'width': 2048, 'height': 1024, 'image': tensor([[[217, 216, 215,  ..., 205, 206, 206],
         [217, 216, 217,  ..., 206, 208, 206],
         [217, 216, 217,  ..., 207, 208, 207],
         ...,
         [ 54,  54,  54,  ...,  43,  44,  44],
         [ 58,  56,  56,  ...,  44,  43,  43],
         [ 46,  45,  46,  ...,  44,  44,  43]],

        [[253, 252, 249,  ..., 247, 247, 247],
         [253, 252, 249,  ..., 247, 247, 247],
         [253, 252, 249,  ..., 246, 247, 248],
         ...,
         [ 72,  72,  71,  ...,  64,  65,  65],
         [ 73,  72,  71,  ...,  65,  65,  64],
         [ 63,  62,  61,  ...,  65,  65,  64]],

        [[244, 245, 244,  ..., 238, 238, 239],
         [244, 245, 245,  ..., 239, 241, 243],
         [246, 245, 245,  ..., 241, 241, 239],
         ...,
         [ 53,  53,  52,  ...,  53,  53,  53],
         [ 55,  54,  54,  ...,  53,  51,  53],
         [ 50,  49,  50,  ...,  53,  51,  53]]], dtype=torch.uint8), 'sem_seg': tensor([[255, 255, 255,  ..., 255, 255, 255],
        [255, 255, 255,  ..., 255, 255, 255],
        [255, 255, 255,  ..., 255, 255, 255],
        ...,
        [255, 255, 255,  ...,   0,   0,   0],
        [255, 255, 255,  ..., 255, 255, 255],
        [255, 255, 255,  ..., 255, 255, 255]]), 'instances': Instances(num_instances=46, image_height=512, image_width=768, fields=[gt_classes: tensor([ 0,  1,  2,  4,  5,  7,  8,  9, 10, 12, 13, 18,  0,  1,  2,  4,  5,  8,
        10, 13,  0,  1,  2,  8, 10, 13,  1,  2,  4,  8, 10, 13,  0,  2,  4,  8,
        10,  8, 10,  2,  2,  8,  2,  8,  2,  2]), gt_masks: tensor([[[False, False, False,  ..., False, False, False],
         [False, False, False,  ..., False, False, False],
         [False, False, False,  ..., False, False, False],
         ...,
         [False, False, False,  ..., False, False, False],
         [False, False, False,  ..., False, False, False],
         [False, False, False,  ..., False, False, False]],

        [[False, False, False,  ..., False, False, False],
         [False, False, False,  ..., False, False, False],
         [False, False, False,  ..., False, False, False],
         ...,
         [False, False, False,  ..., False, False, False],
         [False, False, False,  ..., False, False, False],
         [False, False, False,  ..., False, False, False]],

        [[False, False, False,  ..., False, False, False],
         [False, False, False,  ..., False, False, False],
         [False, False, False,  ..., False, False, False],
         ...,
         [False, False, False,  ..., False, False, False],
         [False, False, False,  ..., False, False, False],
         [False, False, False,  ..., False, False, False]],

        ...,

        [[False, False, False,  ..., False, False, False],
         [False, False, False,  ..., False, False, False],
         [False, False, False,  ..., False, False, False],
         ...,
         [False, False, False,  ..., False, False, False],
         [False, False, False,  ..., False, False, False],
         [False, False, False,  ..., False, False, False]],

        [[False, False, False,  ..., False, False, False],
         [False, False, False,  ..., False, False, False],
         [False, False, False,  ..., False, False, False],
         ...,
         [False, False, False,  ..., False, False, False],
         [False, False, False,  ..., False, False, False],
         [False, False, False,  ..., False, False, False]],

        [[False, False, False,  ..., False, False, False],
         [False, False, False,  ..., False, False, False],
         [False, False, False,  ..., False, False, False],
         ...,
         [False, False, False,  ..., False, False, False],
         [False, False, False,  ..., False, False, False],
         [False, False, False,  ..., False, False, False]]])])}
[02/28 06:22:11 mask2former.data.dataset_mappers.mask_former_semantic_dataset_mapper]: None
[02/28 06:22:11 mask2former.data.dataset_mappers.mask_former_semantic_dataset_mapper]: output dataset_dict: {'file_name': '/cpfs01/projects-HDD/pujianxiangmuzu_HDD/public/mr/./leftImg8bit_trainvaltest/leftImg8bit/train/dusseldorf/dusseldorf_000194_000019_leftImg8bit.png', 'width': 2048, 'height': 1024, 'image': tensor([[[ 86,  79,  68,  ...,  69,  60,  55],
         [ 84,  88,  84,  ...,  40,  25,  20],
         [ 73,  87,  93,  ...,  17,   6,   6],
         ...,
         [ 16,  16,  16,  ...,   6,   6,   6],
         [ 16,  16,  15,  ...,   5,   6,   6],
         [ 17,  17,  16,  ...,   6,   6,   5]],

        [[ 97,  94,  91,  ...,  80,  75,  71],
         [102, 108, 105,  ...,  63,  51,  43],
         [ 95, 111, 114,  ...,  45,  33,  27],
         ...,
         [ 28,  28,  28,  ...,  18,  17,  17],
         [ 28,  28,  27,  ...,  18,  17,  17],
         [ 28,  28,  28,  ...,  18,  17,  17]],

        [[ 99,  90,  81,  ...,  79,  70,  65],
         [ 99,  97,  86,  ...,  52,  38,  35],
         [ 89, 101, 103,  ...,  27,  18,  21],
         ...,
         [ 19,  19,  19,  ...,  10,   9,  10],
         [ 19,  19,  19,  ...,  10,  10,  10],
         [ 19,  20,  19,  ...,  12,  11,  10]]], dtype=torch.uint8), 'sem_seg': tensor([[  8,   8,   8,  ...,   8,   8,   8],
        [  8,   8,   8,  ...,   8,   8,   8],
        [  8,   8,   8,  ...,   8,   8,   8],
        ...,
        [255, 255, 255,  ...,   0,   0,   0],
        [255, 255, 255,  ...,   0,   0,   0],
        [255, 255, 255,  ...,   0,   0,   0]]), 'instances': Instances(num_instances=41, image_height=768, image_width=768, fields=[gt_classes: tensor([ 0,  1,  2,  3,  5,  7,  8, 10, 13,  0,  1,  3,  5,  7,  8,  0,  1,  3,
         7,  8, 13,  1,  3,  7,  8, 13,  3, 10, 13,  3,  8, 13,  3,  8, 13,  3,
        13,  2,  3, 13, 13]), gt_masks: tensor([[[False, False, False,  ..., False, False, False],
         [False, False, False,  ..., False, False, False],
         [False, False, False,  ..., False, False, False],
         ...,
         [False, False, False,  ..., False, False, False],
         [False, False, False,  ..., False, False, False],
         [False, False, False,  ..., False, False, False]],

        [[False, False, False,  ..., False, False, False],
         [False, False, False,  ..., False, False, False],
         [False, False, False,  ..., False, False, False],
         ...,
         [False, False, False,  ..., False, False, False],
         [False, False, False,  ..., False, False, False],
         [False, False, False,  ..., False, False, False]],

        [[False, False, False,  ..., False, False, False],
         [False, False, False,  ..., False, False, False],
         [False, False, False,  ..., False, False, False],
         ...,
         [False, False, False,  ..., False, False, False],
         [False, False, False,  ..., False, False, False],
         [False, False, False,  ..., False, False, False]],

        ...,

        [[False, False, False,  ..., False, False, False],
         [False, False, False,  ..., False, False, False],
         [False, False, False,  ..., False, False, False],
         ...,
         [False, False, False,  ..., False, False, False],
         [False, False, False,  ..., False, False, False],
         [False, False, False,  ..., False, False, False]],

        [[False, False, False,  ..., False, False, False],
         [False, False, False,  ..., False, False, False],
         [False, False, False,  ..., False, False, False],
         ...,
         [False, False, False,  ..., False, False, False],
         [False, False, False,  ..., False, False, False],
         [False, False, False,  ..., False, False, False]],

        [[False, False, False,  ..., False, False, False],
         [False, False, False,  ..., False, False, False],
         [False, False, False,  ..., False, False, False],
         ...,
         [False, False, False,  ..., False, False, False],
         [False, False, False,  ..., False, False, False],
         [False, False, False,  ..., False, False, False]]])])}
[02/28 06:22:11 mask2former.data.dataset_mappers.mask_former_semantic_dataset_mapper]: None
[02/28 06:22:11 mask2former.data.dataset_mappers.mask_former_semantic_dataset_mapper]: output dataset_dict: {'file_name': '/cpfs01/projects-HDD/pujianxiangmuzu_HDD/public/mr/./leftImg8bit_trainvaltest/leftImg8bit/train/strasbourg/strasbourg_000001_004260_leftImg8bit.png', 'width': 2048, 'height': 1024, 'image': tensor([[[ 72,  71,  72,  ...,   0,   0,   0],
         [ 74,  75,  75,  ...,   0,   0,   0],
         [ 76,  77,  77,  ...,   0,   0,   0],
         ...,
         [ 91,  92,  92,  ...,  51,  49,  49],
         [ 91,  92,  92,  ...,  52,  51,  49],
         [ 91,  92,  92,  ...,  52,  51,  49]],

        [[ 83,  83,  83,  ...,   0,   0,   0],
         [ 85,  86,  86,  ...,   0,   0,   0],
         [ 87,  87,  87,  ...,   0,   0,   0],
         ...,
         [101, 102, 103,  ...,  63,  63,  63],
         [101, 102, 103,  ...,  62,  62,  63],
         [101, 102, 103,  ...,  62,  62,  63]],

        [[ 69,  69,  69,  ...,   0,   0,   0],
         [ 73,  72,  74,  ...,   0,   0,   0],
         [ 75,  76,  76,  ...,   0,   0,   0],
         ...,
         [ 95,  95,  96,  ...,  60,  60,  60],
         [ 95,  95,  96,  ...,  58,  60,  60],
         [ 95,  95,  96,  ...,  58,  60,  60]]], dtype=torch.uint8), 'sem_seg': tensor([[255, 255, 255,  ..., 255, 255, 255],
        [255, 255, 255,  ..., 255, 255, 255],
        [255, 255, 255,  ..., 255, 255, 255],
        ...,
        [255, 255, 255,  ..., 255, 255, 255],
        [255, 255, 255,  ..., 255, 255, 255],
        [255, 255, 255,  ..., 255, 255, 255]]), 'instances': Instances(num_instances=60, image_height=512, image_width=768, fields=[gt_classes: tensor([ 0,  1,  2,  4,  5,  7,  8, 11, 12, 13, 18,  0,  1,  2,  4,  8, 11,  0,
         1,  2,  4,  8, 11, 13,  1,  2,  4,  8, 11, 13,  1,  2,  8, 11,  1,  2,
         8, 11,  1,  2,  8, 11,  1,  2, 11,  1,  2, 11,  1, 11,  1, 11,  1, 11,
         1, 11, 11,  2,  2,  2]), gt_masks: tensor([[[False, False, False,  ..., False, False, False],
         [False, False, False,  ..., False, False, False],
         [False, False, False,  ..., False, False, False],
         ...,
         [False, False, False,  ..., False, False, False],
         [False, False, False,  ..., False, False, False],
         [False, False, False,  ..., False, False, False]],

        [[False, False, False,  ..., False, False, False],
         [False, False, False,  ..., False, False, False],
         [False, False, False,  ..., False, False, False],
         ...,
         [False, False, False,  ..., False, False, False],
         [False, False, False,  ..., False, False, False],
         [False, False, False,  ..., False, False, False]],

        [[False, False, False,  ..., False, False, False],
         [False, False, False,  ..., False, False, False],
         [False, False, False,  ..., False, False, False],
         ...,
         [False, False, False,  ..., False, False, False],
         [False, False, False,  ..., False, False, False],
         [False, False, False,  ..., False, False, False]],

        ...,

        [[False, False, False,  ..., False, False, False],
         [False, False, False,  ..., False, False, False],
         [False, False, False,  ..., False, False, False],
         ...,
         [False, False, False,  ..., False, False, False],
         [False, False, False,  ..., False, False, False],
         [False, False, False,  ..., False, False, False]],

        [[False, False, False,  ..., False, False, False],
         [False, False, False,  ..., False, False, False],
         [False, False, False,  ..., False, False, False],
         ...,
         [False, False, False,  ..., False, False, False],
         [False, False, False,  ..., False, False, False],
         [False, False, False,  ..., False, False, False]],

        [[False, False, False,  ..., False, False, False],
         [False, False, False,  ..., False, False, False],
         [False, False, False,  ..., False, False, False],
         ...,
         [False, False, False,  ..., False, False, False],
         [False, False, False,  ..., False, False, False],
         [False, False, False,  ..., False, False, False]]])])}
[02/28 06:22:11 mask2former.data.dataset_mappers.mask_former_semantic_dataset_mapper]: None
[02/28 06:22:11 mask2former.data.dataset_mappers.mask_former_semantic_dataset_mapper]: output dataset_dict: {'file_name': '/cpfs01/projects-HDD/pujianxiangmuzu_HDD/public/mr/./leftImg8bit_trainvaltest/leftImg8bit/train/hamburg/hamburg_000000_077927_leftImg8bit.png', 'width': 2048, 'height': 1024, 'image': tensor([[[131, 130, 130,  ...,  37,  37,  36],
         [130, 129, 129,  ...,  38,  37,  36],
         [130, 128, 128,  ...,  38,  37,  36],
         ...,
         [ 88,  89,  89,  ...,  77,  77,  78],
         [ 88,  89,  89,  ...,  78,  78,  78],
         [ 88,  88,  88,  ...,  77,  77,  77]],

        [[136, 137, 137,  ...,  42,  42,  41],
         [135, 136, 136,  ...,  42,  42,  41],
         [134, 135, 135,  ...,  42,  42,  41],
         ...,
         [ 96,  96,  96,  ...,  83,  83,  83],
         [ 96,  96,  96,  ...,  83,  83,  83],
         [ 96,  95,  95,  ...,  83,  83,  83]],

        [[124, 124, 124,  ...,  35,  35,  34],
         [123, 122, 122,  ...,  35,  35,  34],
         [122, 121, 121,  ...,  35,  35,  34],
         ...,
         [ 78,  78,  78,  ...,  63,  63,  64],
         [ 78,  78,  78,  ...,  64,  64,  64],
         [ 79,  78,  78,  ...,  65,  65,  65]]], dtype=torch.uint8), 'sem_seg': tensor([[  0,   0,   0,  ...,  11,  11,  11],
        [  0,   0,   0,  ...,  11,  11,  11],
        [  0,   0,   0,  ...,  11,  11,  11],
        ...,
        [255, 255, 255,  ..., 255, 255, 255],
        [255, 255, 255,  ..., 255, 255, 255],
        [255, 255, 255,  ..., 255, 255, 255]]), 'instances': Instances(num_instances=5, image_height=768, image_width=768, fields=[gt_classes: tensor([ 0, 11,  0, 11, 11]), gt_masks: tensor([[[False, False, False,  ..., False, False, False],
         [False, False, False,  ..., False, False, False],
         [False, False, False,  ..., False, False, False],
         ...,
         [False, False, False,  ..., False, False, False],
         [False, False, False,  ..., False, False, False],
         [False, False, False,  ..., False, False, False]],

        [[False, False, False,  ..., False, False, False],
         [False, False, False,  ..., False, False, False],
         [False, False, False,  ..., False, False, False],
         ...,
         [False, False, False,  ..., False, False, False],
         [False, False, False,  ..., False, False, False],
         [False, False, False,  ..., False, False, False]],

        [[ True,  True,  True,  ..., False, False, False],
         [ True,  True,  True,  ..., False, False, False],
         [ True,  True,  True,  ..., False, False, False],
         ...,
         [False, False, False,  ..., False, False, False],
         [False, False, False,  ..., False, False, False],
         [False, False, False,  ..., False, False, False]],

        [[False, False, False,  ..., False, False, False],
         [False, False, False,  ..., False, False, False],
         [False, False, False,  ..., False, False, False],
         ...,
         [False, False, False,  ..., False, False, False],
         [False, False, False,  ..., False, False, False],
         [False, False, False,  ..., False, False, False]],

        [[False, False, False,  ...,  True,  True,  True],
         [False, False, False,  ...,  True,  True,  True],
         [False, False, False,  ...,  True,  True,  True],
         ...,
         [False, False, False,  ..., False, False, False],
         [False, False, False,  ..., False, False, False],
         [False, False, False,  ..., False, False, False]]])])}
[02/28 06:22:11 mask2former.data.dataset_mappers.mask_former_semantic_dataset_mapper]: None
[02/28 06:22:12 mask2former.data.dataset_mappers.mask_former_semantic_dataset_mapper]: output dataset_dict: {'file_name': '/cpfs01/projects-HDD/pujianxiangmuzu_HDD/public/mr/./leftImg8bit_trainvaltest/leftImg8bit/train/bremen/bremen_000163_000019_leftImg8bit.png', 'width': 2048, 'height': 1024, 'image': tensor([[[52, 51, 53,  ..., 23, 21, 21],
         [52, 53, 53,  ..., 20, 19, 20],
         [52, 54, 53,  ..., 17, 17, 19],
         ...,
         [28, 27, 26,  ..., 24, 24, 23],
         [27, 28, 28,  ..., 31, 30, 29],
         [26, 26, 26,  ..., 31, 31, 30]],

        [[65, 64, 66,  ..., 28, 27, 26],
         [64, 65, 66,  ..., 25, 25, 25],
         [64, 66, 66,  ..., 23, 23, 25],
         ...,
         [37, 36, 34,  ..., 31, 31, 31],
         [36, 38, 37,  ..., 39, 39, 39],
         [35, 35, 35,  ..., 40, 39, 39]],

        [[55, 54, 56,  ..., 12, 12, 10],
         [55, 55, 57,  ..., 10,  9, 10],
         [55, 56, 56,  ...,  7,  6,  9],
         ...,
         [28, 26, 24,  ..., 24, 23, 23],
         [28, 28, 26,  ..., 33, 31, 30],
         [26, 27, 26,  ..., 33, 31, 31]]], dtype=torch.uint8), 'sem_seg': tensor([[  2,   2,   2,  ...,   8,   8,   8],
        [  2,   2,   2,  ...,   8,   8,   8],
        [  2,   2,   2,  ...,   8,   8,   8],
        ...,
        [  0,   0,   0,  ..., 255, 255, 255],
        [  0,   0,   0,  ..., 255, 255, 255],
        [  0,   0,   0,  ..., 255, 255, 255]]), 'instances': Instances(num_instances=35, image_height=768, image_width=768, fields=[gt_classes: tensor([ 0,  1,  2,  3,  4,  5,  7,  8, 13, 18,  0,  1,  3,  8,  3,  8, 13,  2,
         3,  4,  8,  1,  2,  3,  8,  2,  8, 13,  1,  8,  8,  8,  8,  8,  8]), gt_masks: tensor([[[False, False, False,  ..., False, False, False],
         [False, False, False,  ..., False, False, False],
         [False, False, False,  ..., False, False, False],
         ...,
         [False, False, False,  ..., False, False, False],
         [False, False, False,  ..., False, False, False],
         [False, False, False,  ..., False, False, False]],

        [[False, False, False,  ..., False, False, False],
         [False, False, False,  ..., False, False, False],
         [False, False, False,  ..., False, False, False],
         ...,
         [False, False, False,  ..., False, False, False],
         [False, False, False,  ..., False, False, False],
         [False, False, False,  ..., False, False, False]],

        [[ True,  True,  True,  ..., False, False, False],
         [ True,  True,  True,  ..., False, False, False],
         [ True,  True,  True,  ..., False, False, False],
         ...,
         [False, False, False,  ..., False, False, False],
         [False, False, False,  ..., False, False, False],
         [False, False, False,  ..., False, False, False]],

        ...,

        [[False, False, False,  ..., False, False, False],
         [False, False, False,  ..., False, False, False],
         [False, False, False,  ..., False, False, False],
         ...,
         [False, False, False,  ..., False, False, False],
         [False, False, False,  ..., False, False, False],
         [False, False, False,  ..., False, False, False]],

        [[False, False, False,  ..., False, False, False],
         [False, False, False,  ..., False, False, False],
         [False, False, False,  ..., False, False, False],
         ...,
         [False, False, False,  ..., False, False, False],
         [False, False, False,  ..., False, False, False],
         [False, False, False,  ..., False, False, False]],

        [[False, False, False,  ..., False, False, False],
         [False, False, False,  ..., False, False, False],
         [False, False, False,  ..., False, False, False],
         ...,
         [False, False, False,  ..., False, False, False],
         [False, False, False,  ..., False, False, False],
         [False, False, False,  ..., False, False, False]]])])}
[02/28 06:22:12 mask2former.data.dataset_mappers.mask_former_semantic_dataset_mapper]: None
[02/28 06:22:12 mask2former.data.dataset_mappers.mask_former_semantic_dataset_mapper]: output dataset_dict: {'file_name': '/cpfs01/projects-HDD/pujianxiangmuzu_HDD/public/mr/./leftImg8bit_trainvaltest/leftImg8bit/train/bremen/bremen_000297_000019_leftImg8bit.png', 'width': 2048, 'height': 1024, 'image': tensor([[[51, 41, 30,  ..., 49, 48, 50],
         [65, 48, 37,  ..., 49, 47, 48],
         [69, 55, 46,  ..., 51, 48, 50],
         ...,
         [63, 63, 62,  ..., 55, 50, 52],
         [56, 56, 56,  ..., 53, 51, 52],
         [52, 52, 54,  ..., 51, 51, 52]],

        [[57, 48, 39,  ..., 64, 63, 64],
         [68, 53, 45,  ..., 64, 64, 63],
         [69, 59, 53,  ..., 64, 64, 63],
         ...,
         [70, 70, 69,  ..., 66, 64, 65],
         [64, 64, 64,  ..., 64, 64, 65],
         [63, 63, 63,  ..., 64, 65, 65]],

        [[40, 32, 27,  ..., 46, 45, 46],
         [45, 32, 29,  ..., 46, 45, 45],
         [44, 37, 34,  ..., 48, 46, 47],
         ...,
         [54, 54, 53,  ..., 52, 49, 49],
         [51, 51, 50,  ..., 49, 48, 49],
         [50, 50, 50,  ..., 48, 48, 49]]], dtype=torch.uint8), 'sem_seg': tensor([[  8,   8,   8,  ...,   2,   2,   2],
        [  8,   8,   8,  ...,   2,   2,   2],
        [  8,   8,   8,  ...,   2,   2,   2],
        ...,
        [255, 255, 255,  ..., 255, 255, 255],
        [255, 255, 255,  ..., 255, 255, 255],
        [255, 255, 255,  ..., 255, 255, 255]]), 'instances': Instances(num_instances=28, image_height=768, image_width=768, fields=[gt_classes: tensor([ 0,  1,  2,  5,  7,  8, 12, 13, 18,  0,  2,  8, 13,  0,  1,  2,  8,  0,
         2,  8,  8,  8,  8,  8,  8,  8,  8,  8]), gt_masks: tensor([[[False, False, False,  ..., False, False, False],
         [False, False, False,  ..., False, False, False],
         [False, False, False,  ..., False, False, False],
         ...,
         [False, False, False,  ..., False, False, False],
         [False, False, False,  ..., False, False, False],
         [False, False, False,  ..., False, False, False]],

        [[False, False, False,  ..., False, False, False],
         [False, False, False,  ..., False, False, False],
         [False, False, False,  ..., False, False, False],
         ...,
         [False, False, False,  ..., False, False, False],
         [False, False, False,  ..., False, False, False],
         [False, False, False,  ..., False, False, False]],

        [[False, False, False,  ..., False, False, False],
         [False, False, False,  ..., False, False, False],
         [False, False, False,  ..., False, False, False],
         ...,
         [False, False, False,  ..., False, False, False],
         [False, False, False,  ..., False, False, False],
         [False, False, False,  ..., False, False, False]],

        ...,

        [[False, False, False,  ..., False, False, False],
         [False, False, False,  ..., False, False, False],
         [False, False, False,  ..., False, False, False],
         ...,
         [False, False, False,  ..., False, False, False],
         [False, False, False,  ..., False, False, False],
         [False, False, False,  ..., False, False, False]],

        [[False, False, False,  ..., False, False, False],
         [False, False, False,  ..., False, False, False],
         [False, False, False,  ..., False, False, False],
         ...,
         [False, False, False,  ..., False, False, False],
         [False, False, False,  ..., False, False, False],
         [False, False, False,  ..., False, False, False]],

        [[False, False, False,  ..., False, False, False],
         [False, False, False,  ..., False, False, False],
         [False, False, False,  ..., False, False, False],
         ...,
         [False, False, False,  ..., False, False, False],
         [False, False, False,  ..., False, False, False],
         [False, False, False,  ..., False, False, False]]])])}
[02/28 06:22:12 mask2former.data.dataset_mappers.mask_former_semantic_dataset_mapper]: None
[02/28 06:22:12 mask2former.data.dataset_mappers.mask_former_semantic_dataset_mapper]: output dataset_dict: {'file_name': '/cpfs01/projects-HDD/pujianxiangmuzu_HDD/public/mr/./leftImg8bit_trainvaltest/leftImg8bit/train/bremen/bremen_000082_000019_leftImg8bit.png', 'width': 2048, 'height': 1024, 'image': tensor([[[174, 176, 174,  ..., 195, 196, 198],
         [173, 174, 174,  ..., 195, 198, 199],
         [174, 176, 174,  ..., 195, 198, 198],
         ...,
         [ 60,  60,  60,  ...,  91,  90,  91],
         [ 60,  58,  60,  ..., 100, 100, 100],
         [ 58,  59,  59,  ..., 103, 103, 103]],

        [[190, 189, 190,  ..., 207, 208, 210],
         [188, 187, 189,  ..., 207, 209, 211],
         [188, 189, 188,  ..., 207, 209, 208],
         ...,
         [ 73,  73,  74,  ..., 108, 108, 108],
         [ 73,  73,  73,  ..., 116, 116, 116],
         [ 73,  72,  72,  ..., 117, 118, 118]],

        [[198, 198, 199,  ..., 217, 217, 217],
         [198, 198, 199,  ..., 217, 218, 218],
         [199, 199, 199,  ..., 217, 218, 217],
         ...,
         [ 68,  67,  67,  ...,  91,  90,  91],
         [ 68,  67,  67,  ..., 101, 101, 100],
         [ 69,  67,  67,  ..., 100, 101, 101]]], dtype=torch.uint8), 'sem_seg': tensor([[10, 10, 10,  ..., 10, 10, 10],
        [10, 10, 10,  ..., 10, 10, 10],
        [10, 10, 10,  ..., 10, 10, 10],
        ...,
        [ 0,  0,  0,  ..., 13, 13, 13],
        [ 0,  0,  0,  ..., 13, 13, 13],
        [ 0,  0,  0,  ..., 13, 13, 13]]), 'instances': Instances(num_instances=31, image_height=768, image_width=768, fields=[gt_classes: tensor([ 0,  1,  4,  5,  7,  8, 10, 13,  0,  8, 10, 13,  0,  8, 10, 13,  0,  8,
        13,  8, 13, 13, 13, 13, 13,  8, 13,  8,  8, 13,  8]), gt_masks: tensor([[[False, False, False,  ..., False, False, False],
         [False, False, False,  ..., False, False, False],
         [False, False, False,  ..., False, False, False],
         ...,
         [False, False, False,  ..., False, False, False],
         [False, False, False,  ..., False, False, False],
         [False, False, False,  ..., False, False, False]],

        [[False, False, False,  ..., False, False, False],
         [False, False, False,  ..., False, False, False],
         [False, False, False,  ..., False, False, False],
         ...,
         [False, False, False,  ..., False, False, False],
         [False, False, False,  ..., False, False, False],
         [False, False, False,  ..., False, False, False]],

        [[False, False, False,  ..., False, False, False],
         [False, False, False,  ..., False, False, False],
         [False, False, False,  ..., False, False, False],
         ...,
         [False, False, False,  ..., False, False, False],
         [False, False, False,  ..., False, False, False],
         [False, False, False,  ..., False, False, False]],

        ...,

        [[False, False, False,  ..., False, False, False],
         [False, False, False,  ..., False, False, False],
         [False, False, False,  ..., False, False, False],
         ...,
         [False, False, False,  ..., False, False, False],
         [False, False, False,  ..., False, False, False],
         [False, False, False,  ..., False, False, False]],

        [[False, False, False,  ..., False, False, False],
         [False, False, False,  ..., False, False, False],
         [False, False, False,  ..., False, False, False],
         ...,
         [False, False, False,  ..., False, False, False],
         [False, False, False,  ..., False, False, False],
         [False, False, False,  ..., False, False, False]],

        [[False, False, False,  ..., False, False, False],
         [False, False, False,  ..., False, False, False],
         [False, False, False,  ..., False, False, False],
         ...,
         [False, False, False,  ..., False, False, False],
         [False, False, False,  ..., False, False, False],
         [False, False, False,  ..., False, False, False]]])])}
[02/28 06:22:12 mask2former.data.dataset_mappers.mask_former_semantic_dataset_mapper]: None
[02/28 06:22:12 mask2former.data.dataset_mappers.mask_former_semantic_dataset_mapper]: output dataset_dict: {'file_name': '/cpfs01/projects-HDD/pujianxiangmuzu_HDD/public/mr/./leftImg8bit_trainvaltest/leftImg8bit/train/strasbourg/strasbourg_000000_035942_leftImg8bit.png', 'width': 2048, 'height': 1024, 'image': tensor([[[ 19,  21,  26,  ...,  15,  15,  16],
         [ 18,  20,  25,  ...,  14,  17,  20],
         [ 20,  22,  25,  ...,  18,  21,  24],
         ...,
         [110, 109, 107,  ...,  32,  31,  30],
         [103, 101,  98,  ...,  33,  32,  31],
         [ 90,  89,  88,  ...,  36,  36,  35]],

        [[ 19,  21,  25,  ...,  20,  20,  19],
         [ 18,  20,  24,  ...,  23,  24,  24],
         [ 19,  20,  23,  ...,  29,  29,  29],
         ...,
         [111, 110, 107,  ...,  38,  38,  39],
         [104, 102,  98,  ...,  40,  40,  40],
         [ 91,  90,  88,  ...,  43,  43,  42]],

        [[ 10,  12,  15,  ...,  12,  13,  12],
         [  8,  10,  13,  ...,  15,  17,  18],
         [  7,   8,  10,  ...,  18,  20,  21],
         ...,
         [ 86,  85,  83,  ...,  25,  25,  25],
         [ 80,  78,  75,  ...,  25,  25,  25],
         [ 72,  69,  70,  ...,  26,  26,  26]]], dtype=torch.uint8), 'sem_seg': tensor([[  8,   8,   8,  ...,   4,   4,   4],
        [  8,   8,   8,  ...,   4,   4,   4],
        [  8,   8,   8,  ...,   4,   4,   4],
        ...,
        [  0,   0,   0,  ..., 255, 255, 255],
        [  0,   0,   0,  ..., 255, 255, 255],
        [  0,   0,   0,  ..., 255, 255, 255]]), 'instances': Instances(num_instances=11, image_height=768, image_width=768, fields=[gt_classes: tensor([ 0,  1,  4,  8, 11,  1,  1,  8,  8,  8,  8]), gt_masks: tensor([[[False, False, False,  ..., False, False, False],
         [False, False, False,  ..., False, False, False],
         [False, False, False,  ..., False, False, False],
         ...,
         [ True,  True,  True,  ..., False, False, False],
         [ True,  True,  True,  ..., False, False, False],
         [ True,  True,  True,  ..., False, False, False]],

        [[False, False, False,  ..., False, False, False],
         [False, False, False,  ..., False, False, False],
         [False, False, False,  ..., False, False, False],
         ...,
         [False, False, False,  ..., False, False, False],
         [False, False, False,  ..., False, False, False],
         [False, False, False,  ..., False, False, False]],

        [[False, False, False,  ...,  True,  True,  True],
         [False, False, False,  ...,  True,  True,  True],
         [False, False, False,  ...,  True,  True,  True],
         ...,
         [False, False, False,  ..., False, False, False],
         [False, False, False,  ..., False, False, False],
         [False, False, False,  ..., False, False, False]],

        ...,

        [[False, False, False,  ..., False, False, False],
         [False, False, False,  ..., False, False, False],
         [False, False, False,  ..., False, False, False],
         ...,
         [False, False, False,  ..., False, False, False],
         [False, False, False,  ..., False, False, False],
         [False, False, False,  ..., False, False, False]],

        [[ True,  True,  True,  ..., False, False, False],
         [ True,  True,  True,  ..., False, False, False],
         [ True,  True,  True,  ..., False, False, False],
         ...,
         [False, False, False,  ..., False, False, False],
         [False, False, False,  ..., False, False, False],
         [False, False, False,  ..., False, False, False]],

        [[False, False, False,  ..., False, False, False],
         [False, False, False,  ..., False, False, False],
         [False, False, False,  ..., False, False, False],
         ...,
         [False, False, False,  ..., False, False, False],
         [False, False, False,  ..., False, False, False],
         [False, False, False,  ..., False, False, False]]])])}
[02/28 06:22:12 mask2former.data.dataset_mappers.mask_former_semantic_dataset_mapper]: None
[02/28 06:22:12 mask2former.data.dataset_mappers.mask_former_semantic_dataset_mapper]: output dataset_dict: {'file_name': '/cpfs01/projects-HDD/pujianxiangmuzu_HDD/public/mr/./leftImg8bit_trainvaltest/leftImg8bit/train/strasbourg/strasbourg_000000_029400_leftImg8bit.png', 'width': 2048, 'height': 1024, 'image': tensor([[[138, 102,  77,  ..., 106, 105, 106],
         [134, 102,  76,  ..., 105, 106, 104],
         [136, 105,  77,  ..., 104, 106, 104],
         ...,
         [ 55,  55,  52,  ...,  86,  84,  86],
         [ 52,  52,  49,  ...,  86,  84,  85],
         [ 50,  51,  50,  ...,  87,  85,  84]],

        [[145, 108,  84,  ..., 116, 116, 117],
         [140, 108,  84,  ..., 116, 117, 116],
         [143, 109,  84,  ..., 116, 117, 116],
         ...,
         [ 60,  59,  57,  ..., 103, 101, 102],
         [ 57,  56,  54,  ..., 103, 100, 101],
         [ 55,  55,  53,  ..., 103,  99, 100]],

        [[143, 104,  76,  ...,  89,  90,  89],
         [142, 106,  76,  ...,  90,  90,  90],
         [146, 108,  77,  ...,  90,  90,  90],
         ...,
         [ 45,  46,  44,  ...,  84,  83,  84],
         [ 44,  45,  42,  ...,  86,  83,  83],
         [ 45,  45,  45,  ...,  86,  83,  81]]], dtype=torch.uint8), 'sem_seg': tensor([[  2,   2,   2,  ...,   2,   2,   2],
        [  2,   2,   2,  ...,   2,   2,   2],
        [  2,   2,   2,  ...,   2,   2,   2],
        ...,
        [255, 255, 255,  ...,   1,   1,   1],
        [255, 255, 255,  ...,   1,   1,   1],
        [255, 255, 255,  ...,   1,   1,   1]]), 'instances': Instances(num_instances=38, image_height=768, image_width=768, fields=[gt_classes: tensor([ 0,  1,  2,  5,  7, 11, 13, 18,  2,  7, 18,  2, 11,  2, 11,  2,  2,  2,
         2, 11,  2,  2, 11, 11, 11, 11,  2, 11,  2,  2,  2,  2,  2, 11, 11, 11,
        11, 11]), gt_masks: tensor([[[False, False, False,  ..., False, False, False],
         [False, False, False,  ..., False, False, False],
         [False, False, False,  ..., False, False, False],
         ...,
         [False, False, False,  ..., False, False, False],
         [False, False, False,  ..., False, False, False],
         [False, False, False,  ..., False, False, False]],

        [[False, False, False,  ..., False, False, False],
         [False, False, False,  ..., False, False, False],
         [False, False, False,  ..., False, False, False],
         ...,
         [False, False, False,  ...,  True,  True,  True],
         [False, False, False,  ...,  True,  True,  True],
         [False, False, False,  ...,  True,  True,  True]],

        [[False, False, False,  ..., False, False, False],
         [False, False, False,  ..., False, False, False],
         [False, False, False,  ..., False, False, False],
         ...,
         [False, False, False,  ..., False, False, False],
         [False, False, False,  ..., False, False, False],
         [False, False, False,  ..., False, False, False]],

        ...,

        [[False, False, False,  ..., False, False, False],
         [False, False, False,  ..., False, False, False],
         [False, False, False,  ..., False, False, False],
         ...,
         [False, False, False,  ..., False, False, False],
         [False, False, False,  ..., False, False, False],
         [False, False, False,  ..., False, False, False]],

        [[False, False, False,  ..., False, False, False],
         [False, False, False,  ..., False, False, False],
         [False, False, False,  ..., False, False, False],
         ...,
         [False, False, False,  ..., False, False, False],
         [False, False, False,  ..., False, False, False],
         [False, False, False,  ..., False, False, False]],

        [[False, False, False,  ..., False, False, False],
         [False, False, False,  ..., False, False, False],
         [False, False, False,  ..., False, False, False],
         ...,
         [False, False, False,  ..., False, False, False],
         [False, False, False,  ..., False, False, False],
         [False, False, False,  ..., False, False, False]]])])}
[02/28 06:22:12 mask2former.data.dataset_mappers.mask_former_semantic_dataset_mapper]: None
[02/28 06:22:13 mask2former.data.dataset_mappers.mask_former_semantic_dataset_mapper]: output dataset_dict: {'file_name': '/cpfs01/projects-HDD/pujianxiangmuzu_HDD/public/mr/./leftImg8bit_trainvaltest/leftImg8bit/train/strasbourg/strasbourg_000001_042309_leftImg8bit.png', 'width': 2048, 'height': 1024, 'image': tensor([[[42, 41, 44,  ..., 54, 53, 53],
         [41, 42, 43,  ..., 54, 54, 54],
         [41, 43, 43,  ..., 54, 53, 53],
         ...,
         [57, 57, 56,  ..., 58, 59, 59],
         [57, 58, 57,  ..., 59, 59, 59],
         [57, 56, 56,  ..., 59, 59, 59]],

        [[51, 50, 51,  ..., 62, 62, 62],
         [50, 49, 50,  ..., 62, 62, 62],
         [50, 49, 50,  ..., 61, 62, 62],
         ...,
         [65, 65, 64,  ..., 64, 64, 64],
         [65, 65, 65,  ..., 64, 64, 64],
         [65, 64, 64,  ..., 65, 65, 65]],

        [[46, 45, 46,  ..., 56, 54, 54],
         [45, 44, 45,  ..., 55, 55, 55],
         [45, 44, 45,  ..., 54, 54, 54],
         ...,
         [57, 57, 57,  ..., 54, 55, 55],
         [57, 59, 57,  ..., 55, 55, 55],
         [57, 57, 57,  ..., 56, 57, 57]]], dtype=torch.uint8), 'sem_seg': tensor([[2, 2, 2,  ..., 2, 2, 2],
        [2, 2, 2,  ..., 2, 2, 2],
        [2, 2, 2,  ..., 2, 2, 2],
        ...,
        [0, 0, 0,  ..., 0, 0, 0],
        [0, 0, 0,  ..., 0, 0, 0],
        [0, 0, 0,  ..., 0, 0, 0]]), 'instances': Instances(num_instances=23, image_height=768, image_width=768, fields=[gt_classes: tensor([ 0,  1,  2,  4,  5,  6,  7,  8, 11, 13,  1,  2, 11, 13,  1,  1,  1,  1,
         2, 13,  8,  8,  2]), gt_masks: tensor([[[False, False, False,  ..., False, False, False],
         [False, False, False,  ..., False, False, False],
         [False, False, False,  ..., False, False, False],
         ...,
         [ True,  True,  True,  ...,  True,  True,  True],
         [ True,  True,  True,  ...,  True,  True,  True],
         [ True,  True,  True,  ...,  True,  True,  True]],

        [[False, False, False,  ..., False, False, False],
         [False, False, False,  ..., False, False, False],
         [False, False, False,  ..., False, False, False],
         ...,
         [False, False, False,  ..., False, False, False],
         [False, False, False,  ..., False, False, False],
         [False, False, False,  ..., False, False, False]],

        [[False, False, False,  ..., False, False, False],
         [False, False, False,  ..., False, False, False],
         [False, False, False,  ..., False, False, False],
         ...,
         [False, False, False,  ..., False, False, False],
         [False, False, False,  ..., False, False, False],
         [False, False, False,  ..., False, False, False]],

        ...,

        [[False, False, False,  ..., False, False, False],
         [False, False, False,  ..., False, False, False],
         [False, False, False,  ..., False, False, False],
         ...,
         [False, False, False,  ..., False, False, False],
         [False, False, False,  ..., False, False, False],
         [False, False, False,  ..., False, False, False]],

        [[False, False, False,  ..., False, False, False],
         [False, False, False,  ..., False, False, False],
         [False, False, False,  ..., False, False, False],
         ...,
         [False, False, False,  ..., False, False, False],
         [False, False, False,  ..., False, False, False],
         [False, False, False,  ..., False, False, False]],

        [[False, False, False,  ..., False, False, False],
         [False, False, False,  ..., False, False, False],
         [False, False, False,  ..., False, False, False],
         ...,
         [False, False, False,  ..., False, False, False],
         [False, False, False,  ..., False, False, False],
         [False, False, False,  ..., False, False, False]]])])}
[02/28 06:22:13 mask2former.data.dataset_mappers.mask_former_semantic_dataset_mapper]: None
[02/28 06:22:13 mask2former.data.dataset_mappers.mask_former_semantic_dataset_mapper]: output dataset_dict: {'file_name': '/cpfs01/projects-HDD/pujianxiangmuzu_HDD/public/mr/./leftImg8bit_trainvaltest/leftImg8bit/train/dusseldorf/dusseldorf_000179_000019_leftImg8bit.png', 'width': 2048, 'height': 1024, 'image': tensor([[[ 93,  93,  93,  ...,   0,   0,   0],
         [ 93,  91,  94,  ...,   0,   0,   0],
         [ 93,  91,  94,  ...,   0,   0,   0],
         ...,
         [ 15,  17,  18,  ...,   0,   1,   3],
         [ 17,  16,  18,  ...,   0,   1,   3],
         [ 20,  18,  20,  ...,   3,   3,   2]],

        [[110, 110, 110,  ...,   0,   0,   0],
         [111, 110, 111,  ...,   0,   0,   0],
         [111, 110, 111,  ...,   0,   0,   0],
         ...,
         [ 27,  27,  27,  ...,  10,  10,  12],
         [ 27,  27,  27,  ...,  11,  11,  12],
         [ 29,  28,  29,  ...,  13,  12,  12]],

        [[ 94,  95,  95,  ...,   0,   0,   0],
         [ 94,  94,  95,  ...,   0,   0,   0],
         [ 94,  94,  95,  ...,   0,   0,   0],
         ...,
         [ 17,  17,  17,  ...,   3,   3,   3],
         [ 17,  15,  17,  ...,   1,   1,   3],
         [ 18,  18,  18,  ...,   3,   3,   1]]], dtype=torch.uint8), 'sem_seg': tensor([[ 10,  10,  10,  ...,   2,   2,   2],
        [ 10,  10,  10,  ...,   2,   2,   2],
        [ 10,  10,  10,  ...,   2,   2,   2],
        ...,
        [255, 255, 255,  ...,   0,   0,   0],
        [255, 255, 255,  ...,   0,   0,   0],
        [255, 255, 255,  ...,   0,   0,   0]]), 'instances': Instances(num_instances=39, image_height=768, image_width=768, fields=[gt_classes: tensor([ 0,  1,  2,  5,  7,  8,  9, 10, 11, 13, 18,  0,  2,  8, 10, 13,  0,  2,
        13,  0,  2, 13,  0,  2,  0, 13, 13, 13, 13,  2, 13, 13,  2, 13, 13,  2,
         2,  2,  2]), gt_masks: tensor([[[False, False, False,  ..., False, False, False],
         [False, False, False,  ..., False, False, False],
         [False, False, False,  ..., False, False, False],
         ...,
         [False, False, False,  ..., False, False, False],
         [False, False, False,  ..., False, False, False],
         [False, False, False,  ..., False, False, False]],

        [[False, False, False,  ..., False, False, False],
         [False, False, False,  ..., False, False, False],
         [False, False, False,  ..., False, False, False],
         ...,
         [False, False, False,  ..., False, False, False],
         [False, False, False,  ..., False, False, False],
         [False, False, False,  ..., False, False, False]],

        [[False, False, False,  ..., False, False, False],
         [False, False, False,  ..., False, False, False],
         [False, False, False,  ..., False, False, False],
         ...,
         [False, False, False,  ..., False, False, False],
         [False, False, False,  ..., False, False, False],
         [False, False, False,  ..., False, False, False]],

        ...,

        [[False, False, False,  ..., False, False, False],
         [False, False, False,  ..., False, False, False],
         [False, False, False,  ..., False, False, False],
         ...,
         [False, False, False,  ..., False, False, False],
         [False, False, False,  ..., False, False, False],
         [False, False, False,  ..., False, False, False]],

        [[False, False, False,  ..., False, False, False],
         [False, False, False,  ..., False, False, False],
         [False, False, False,  ..., False, False, False],
         ...,
         [False, False, False,  ..., False, False, False],
         [False, False, False,  ..., False, False, False],
         [False, False, False,  ..., False, False, False]],

        [[False, False, False,  ..., False, False, False],
         [False, False, False,  ..., False, False, False],
         [False, False, False,  ..., False, False, False],
         ...,
         [False, False, False,  ..., False, False, False],
         [False, False, False,  ..., False, False, False],
         [False, False, False,  ..., False, False, False]]])])}
[02/28 06:22:13 mask2former.data.dataset_mappers.mask_former_semantic_dataset_mapper]: None
[02/28 06:22:13 mask2former.data.dataset_mappers.mask_former_semantic_dataset_mapper]: output dataset_dict: {'file_name': '/cpfs01/projects-HDD/pujianxiangmuzu_HDD/public/mr/./leftImg8bit_trainvaltest/leftImg8bit/train/weimar/weimar_000054_000019_leftImg8bit.png', 'width': 2048, 'height': 1024, 'image': tensor([[[55, 54, 52,  ..., 68, 68, 69],
         [56, 54, 50,  ..., 71, 69, 73],
         [53, 48, 44,  ..., 71, 71, 74],
         ...,
         [55, 55, 57,  ..., 77, 77, 74],
         [54, 54, 56,  ..., 76, 76, 74],
         [55, 55, 55,  ..., 76, 75, 73]],

        [[71, 70, 66,  ..., 80, 80, 81],
         [70, 67, 63,  ..., 82, 81, 84],
         [65, 60, 57,  ..., 82, 83, 86],
         ...,
         [62, 62, 64,  ..., 83, 83, 81],
         [61, 61, 63,  ..., 82, 82, 80],
         [62, 62, 62,  ..., 82, 81, 80]],

        [[56, 55, 54,  ..., 70, 70, 71],
         [59, 57, 54,  ..., 73, 72, 75],
         [56, 52, 49,  ..., 72, 74, 77],
         ...,
         [54, 53, 55,  ..., 74, 74, 74],
         [54, 53, 55,  ..., 73, 73, 71],
         [54, 53, 54,  ..., 72, 73, 70]]], dtype=torch.uint8), 'sem_seg': tensor([[8, 8, 8,  ..., 8, 8, 8],
        [8, 8, 8,  ..., 8, 8, 8],
        [8, 8, 8,  ..., 8, 8, 8],
        ...,
        [0, 0, 0,  ..., 0, 0, 0],
        [0, 0, 0,  ..., 0, 0, 0],
        [0, 0, 0,  ..., 0, 0, 0]]), 'instances': Instances(num_instances=24, image_height=768, image_width=768, fields=[gt_classes: tensor([ 0,  1,  2,  5,  6,  7,  8, 11, 13,  0, 13,  2, 13, 10, 13,  0,  8,  2,
         8,  8,  8,  8,  8,  8]), gt_masks: tensor([[[False, False, False,  ..., False, False, False],
         [False, False, False,  ..., False, False, False],
         [False, False, False,  ..., False, False, False],
         ...,
         [False, False, False,  ..., False, False, False],
         [False, False, False,  ..., False, False, False],
         [False, False, False,  ..., False, False, False]],

        [[False, False, False,  ..., False, False, False],
         [False, False, False,  ..., False, False, False],
         [False, False, False,  ..., False, False, False],
         ...,
         [False, False, False,  ..., False, False, False],
         [False, False, False,  ..., False, False, False],
         [False, False, False,  ..., False, False, False]],

        [[False, False, False,  ..., False, False, False],
         [False, False, False,  ..., False, False, False],
         [False, False, False,  ..., False, False, False],
         ...,
         [False, False, False,  ..., False, False, False],
         [False, False, False,  ..., False, False, False],
         [False, False, False,  ..., False, False, False]],

        ...,

        [[False, False, False,  ..., False, False, False],
         [False, False, False,  ..., False, False, False],
         [False, False, False,  ..., False, False, False],
         ...,
         [False, False, False,  ..., False, False, False],
         [False, False, False,  ..., False, False, False],
         [False, False, False,  ..., False, False, False]],

        [[False, False, False,  ..., False, False, False],
         [False, False, False,  ..., False, False, False],
         [False, False, False,  ..., False, False, False],
         ...,
         [False, False, False,  ..., False, False, False],
         [False, False, False,  ..., False, False, False],
         [False, False, False,  ..., False, False, False]],

        [[False, False, False,  ..., False, False, False],
         [False, False, False,  ..., False, False, False],
         [False, False, False,  ..., False, False, False],
         ...,
         [False, False, False,  ..., False, False, False],
         [False, False, False,  ..., False, False, False],
         [False, False, False,  ..., False, False, False]]])])}
[02/28 06:22:13 mask2former.data.dataset_mappers.mask_former_semantic_dataset_mapper]: None
[02/28 06:22:14 mask2former.data.dataset_mappers.mask_former_semantic_dataset_mapper]: output dataset_dict: {'file_name': '/cpfs01/projects-HDD/pujianxiangmuzu_HDD/public/mr/./leftImg8bit_trainvaltest/leftImg8bit/train/monchengladbach/monchengladbach_000000_000076_leftImg8bit.png', 'width': 2048, 'height': 1024, 'image': tensor([[[ 97,  97, 100,  ..., 117, 112, 106],
         [101, 101, 101,  ..., 116, 112, 107],
         [ 98,  98,  98,  ..., 116, 112, 107],
         ...,
         [ 58,  58,  58,  ...,  52,  52,  52],
         [ 58,  58,  57,  ...,  52,  53,  53],
         [ 56,  56,  57,  ...,  52,  52,  52]],

        [[111, 111, 111,  ..., 122, 118, 112],
         [114, 114, 114,  ..., 122, 118, 113],
         [112, 112, 112,  ..., 122, 119, 114],
         ...,
         [ 68,  68,  67,  ...,  62,  62,  62],
         [ 67,  67,  66,  ...,  62,  62,  62],
         [ 66,  66,  66,  ...,  61,  61,  61]],

        [[ 97,  96,  97,  ..., 109, 105, 100],
         [102, 102, 101,  ..., 108, 104,  98],
         [101, 101, 100,  ..., 107, 103,  98],
         ...,
         [ 60,  60,  58,  ...,  52,  52,  52],
         [ 59,  59,  56,  ...,  52,  53,  53],
         [ 57,  57,  56,  ...,  51,  51,  51]]], dtype=torch.uint8), 'sem_seg': tensor([[  1,   1,   1,  ...,   5,   5,   5],
        [  1,   1,   1,  ...,   5,   5,   5],
        [  0,   0,   0,  ...,   5,   5,   5],
        ...,
        [255, 255, 255,  ..., 255, 255, 255],
        [255, 255, 255,  ..., 255, 255, 255],
        [255, 255, 255,  ..., 255, 255, 255]]), 'instances': Instances(num_instances=8, image_height=768, image_width=768, fields=[gt_classes: tensor([ 0,  1,  5,  7, 13,  0,  0,  0]), gt_masks: tensor([[[False, False, False,  ..., False, False, False],
         [False, False, False,  ..., False, False, False],
         [False, False, False,  ..., False, False, False],
         ...,
         [False, False, False,  ..., False, False, False],
         [False, False, False,  ..., False, False, False],
         [False, False, False,  ..., False, False, False]],

        [[ True,  True,  True,  ..., False, False, False],
         [ True,  True,  True,  ..., False, False, False],
         [False, False, False,  ..., False, False, False],
         ...,
         [False, False, False,  ..., False, False, False],
         [False, False, False,  ..., False, False, False],
         [False, False, False,  ..., False, False, False]],

        [[False, False, False,  ...,  True,  True,  True],
         [False, False, False,  ...,  True,  True,  True],
         [False, False, False,  ...,  True,  True,  True],
         ...,
         [False, False, False,  ..., False, False, False],
         [False, False, False,  ..., False, False, False],
         [False, False, False,  ..., False, False, False]],

        ...,

        [[False, False, False,  ..., False, False, False],
         [False, False, False,  ..., False, False, False],
         [False, False, False,  ..., False, False, False],
         ...,
         [False, False, False,  ..., False, False, False],
         [False, False, False,  ..., False, False, False],
         [False, False, False,  ..., False, False, False]],

        [[False, False, False,  ..., False, False, False],
         [False, False, False,  ..., False, False, False],
         [ True,  True,  True,  ..., False, False, False],
         ...,
         [False, False, False,  ..., False, False, False],
         [False, False, False,  ..., False, False, False],
         [False, False, False,  ..., False, False, False]],

        [[False, False, False,  ..., False, False, False],
         [False, False, False,  ..., False, False, False],
         [False, False, False,  ..., False, False, False],
         ...,
         [False, False, False,  ..., False, False, False],
         [False, False, False,  ..., False, False, False],
         [False, False, False,  ..., False, False, False]]])])}
[02/28 06:22:14 mask2former.data.dataset_mappers.mask_former_semantic_dataset_mapper]: None
[02/28 06:22:14 mask2former.data.dataset_mappers.mask_former_semantic_dataset_mapper]: output dataset_dict: {'file_name': '/cpfs01/projects-HDD/pujianxiangmuzu_HDD/public/mr/./leftImg8bit_trainvaltest/leftImg8bit/train/aachen/aachen_000070_000019_leftImg8bit.png', 'width': 2048, 'height': 1024, 'image': tensor([[[255, 255, 255,  ...,  20,  21,  22],
         [255, 255, 255,  ...,  20,  21,  22],
         [255, 255, 255,  ...,  20,  21,  20],
         ...,
         [ 60,  60,  59,  ...,  36,  36,  36],
         [ 59,  59,  59,  ...,  39,  39,  37],
         [ 59,  61,  59,  ...,  37,  39,  40]],

        [[255, 255, 255,  ...,  34,  36,  34],
         [255, 255, 255,  ...,  34,  36,  34],
         [255, 255, 255,  ...,  34,  36,  34],
         ...,
         [ 77,  79,  79,  ...,  60,  60,  60],
         [ 76,  76,  76,  ...,  60,  60,  58],
         [ 76,  76,  76,  ...,  58,  60,  58]],

        [[255, 255, 255,  ...,  27,  29,  27],
         [255, 255, 255,  ...,  27,  29,  27],
         [255, 255, 255,  ...,  25,  26,  27],
         ...,
         [ 58,  60,  57,  ...,  43,  46,  43],
         [ 58,  59,  58,  ...,  44,  44,  43],
         [ 59,  61,  59,  ...,  43,  44,  45]]], dtype=torch.uint8), 'sem_seg': tensor([[10, 10, 10,  ...,  2,  2,  2],
        [10, 10, 10,  ...,  2,  2,  2],
        [10, 10, 10,  ...,  2,  2,  2],
        ...,
        [ 0,  0,  0,  ...,  0,  0,  0],
        [ 0,  0,  0,  ...,  0,  0,  0],
        [ 0,  0,  0,  ...,  0,  0,  0]]), 'instances': Instances(num_instances=32, image_height=768, image_width=768, fields=[gt_classes: tensor([ 0,  1,  2,  5,  6,  7,  8, 10, 11, 18,  0,  1,  8, 10, 18,  0,  8,  8,
         2,  8,  8,  2,  8,  2,  8,  2,  8,  2,  2,  2,  2,  2]), gt_masks: tensor([[[False, False, False,  ..., False, False, False],
         [False, False, False,  ..., False, False, False],
         [False, False, False,  ..., False, False, False],
         ...,
         [False, False, False,  ..., False, False, False],
         [False, False, False,  ..., False, False, False],
         [False, False, False,  ..., False, False, False]],

        [[False, False, False,  ..., False, False, False],
         [False, False, False,  ..., False, False, False],
         [False, False, False,  ..., False, False, False],
         ...,
         [False, False, False,  ..., False, False, False],
         [False, False, False,  ..., False, False, False],
         [False, False, False,  ..., False, False, False]],

        [[False, False, False,  ..., False, False, False],
         [False, False, False,  ..., False, False, False],
         [False, False, False,  ..., False, False, False],
         ...,
         [False, False, False,  ..., False, False, False],
         [False, False, False,  ..., False, False, False],
         [False, False, False,  ..., False, False, False]],

        ...,

        [[False, False, False,  ..., False, False, False],
         [False, False, False,  ..., False, False, False],
         [False, False, False,  ..., False, False, False],
         ...,
         [False, False, False,  ..., False, False, False],
         [False, False, False,  ..., False, False, False],
         [False, False, False,  ..., False, False, False]],

        [[False, False, False,  ...,  True,  True,  True],
         [False, False, False,  ...,  True,  True,  True],
         [False, False, False,  ...,  True,  True,  True],
         ...,
         [False, False, False,  ..., False, False, False],
         [False, False, False,  ..., False, False, False],
         [False, False, False,  ..., False, False, False]],

        [[False, False, False,  ..., False, False, False],
         [False, False, False,  ..., False, False, False],
         [False, False, False,  ..., False, False, False],
         ...,
         [False, False, False,  ..., False, False, False],
         [False, False, False,  ..., False, False, False],
         [False, False, False,  ..., False, False, False]]])])}
[02/28 06:22:14 mask2former.data.dataset_mappers.mask_former_semantic_dataset_mapper]: None
[02/28 06:22:14 mask2former.data.dataset_mappers.mask_former_semantic_dataset_mapper]: output dataset_dict: {'file_name': '/cpfs01/projects-HDD/pujianxiangmuzu_HDD/public/mr/./leftImg8bit_trainvaltest/leftImg8bit/train/aachen/aachen_000023_000019_leftImg8bit.png', 'width': 2048, 'height': 1024, 'image': tensor([[[80, 80, 80,  ..., 27, 26, 26],
         [79, 79, 79,  ..., 27, 27, 27],
         [79, 79, 79,  ..., 27, 27, 27],
         ...,
         [55, 53, 50,  ..., 59, 58, 58],
         [55, 54, 51,  ..., 60, 59, 59],
         [55, 54, 52,  ..., 60, 59, 59]],

        [[91, 91, 91,  ..., 33, 32, 32],
         [90, 90, 90,  ..., 33, 32, 32],
         [90, 90, 90,  ..., 33, 32, 32],
         ...,
         [65, 63, 60,  ..., 69, 69, 69],
         [66, 64, 61,  ..., 70, 70, 69],
         [66, 65, 62,  ..., 71, 70, 69]],

        [[78, 78, 78,  ..., 29, 29, 29],
         [78, 78, 78,  ..., 29, 30, 30],
         [78, 78, 78,  ..., 29, 30, 30],
         ...,
         [54, 52, 50,  ..., 59, 58, 58],
         [55, 54, 52,  ..., 60, 59, 58],
         [56, 55, 53,  ..., 60, 59, 58]]], dtype=torch.uint8), 'sem_seg': tensor([[  1,   1,   1,  ...,   2,   2,   2],
        [  1,   1,   1,  ...,   2,   2,   2],
        [  1,   1,   1,  ...,   2,   2,   2],
        ...,
        [255, 255, 255,  ..., 255, 255, 255],
        [255, 255, 255,  ..., 255, 255, 255],
        [255, 255, 255,  ..., 255, 255, 255]]), 'instances': Instances(num_instances=12, image_height=768, image_width=768, fields=[gt_classes: tensor([0, 1, 2, 0, 1, 2, 1, 1, 2, 2, 2, 2]), gt_masks: tensor([[[False, False, False,  ..., False, False, False],
         [False, False, False,  ..., False, False, False],
         [False, False, False,  ..., False, False, False],
         ...,
         [False, False, False,  ..., False, False, False],
         [False, False, False,  ..., False, False, False],
         [False, False, False,  ..., False, False, False]],

        [[False, False, False,  ..., False, False, False],
         [False, False, False,  ..., False, False, False],
         [False, False, False,  ..., False, False, False],
         ...,
         [False, False, False,  ..., False, False, False],
         [False, False, False,  ..., False, False, False],
         [False, False, False,  ..., False, False, False]],

        [[False, False, False,  ..., False, False, False],
         [False, False, False,  ..., False, False, False],
         [False, False, False,  ..., False, False, False],
         ...,
         [False, False, False,  ..., False, False, False],
         [False, False, False,  ..., False, False, False],
         [False, False, False,  ..., False, False, False]],

        ...,

        [[False, False, False,  ..., False, False, False],
         [False, False, False,  ..., False, False, False],
         [False, False, False,  ..., False, False, False],
         ...,
         [False, False, False,  ..., False, False, False],
         [False, False, False,  ..., False, False, False],
         [False, False, False,  ..., False, False, False]],

        [[False, False, False,  ...,  True,  True,  True],
         [False, False, False,  ...,  True,  True,  True],
         [False, False, False,  ...,  True,  True,  True],
         ...,
         [False, False, False,  ..., False, False, False],
         [False, False, False,  ..., False, False, False],
         [False, False, False,  ..., False, False, False]],

        [[False, False, False,  ..., False, False, False],
         [False, False, False,  ..., False, False, False],
         [False, False, False,  ..., False, False, False],
         ...,
         [False, False, False,  ..., False, False, False],
         [False, False, False,  ..., False, False, False],
         [False, False, False,  ..., False, False, False]]])])}
[02/28 06:22:14 mask2former.data.dataset_mappers.mask_former_semantic_dataset_mapper]: None
[02/28 06:22:14 mask2former.data.dataset_mappers.mask_former_semantic_dataset_mapper]: output dataset_dict: {'file_name': '/cpfs01/projects-HDD/pujianxiangmuzu_HDD/public/mr/./leftImg8bit_trainvaltest/leftImg8bit/train/bremen/bremen_000050_000019_leftImg8bit.png', 'width': 2048, 'height': 1024, 'image': tensor([[[ 67,  67,  65,  ...,  92,  90,  90],
         [ 67,  67,  65,  ...,  92,  90,  90],
         [ 68,  68,  65,  ...,  90,  90,  90],
         ...,
         [ 53,  53,  53,  ...,  60,  60,  60],
         [ 53,  53,  54,  ...,  57,  57,  57],
         [ 53,  53,  54,  ...,  53,  54,  56]],

        [[ 79,  79,  80,  ..., 104, 104, 104],
         [ 79,  79,  80,  ..., 104, 104, 104],
         [ 80,  80,  79,  ..., 104, 104, 104],
         ...,
         [ 68,  68,  68,  ...,  74,  75,  75],
         [ 68,  68,  69,  ...,  70,  71,  71],
         [ 68,  68,  69,  ...,  68,  69,  69]],

        [[ 73,  73,  73,  ...,  96,  95,  95],
         [ 73,  73,  73,  ...,  96,  95,  95],
         [ 74,  74,  74,  ...,  94,  93,  93],
         ...,
         [ 62,  62,  64,  ...,  63,  63,  63],
         [ 62,  62,  64,  ...,  59,  58,  58],
         [ 62,  62,  64,  ...,  55,  55,  58]]], dtype=torch.uint8), 'sem_seg': tensor([[  0,   0,   0,  ...,   0,   0,   0],
        [  0,   0,   0,  ...,   0,   0,   0],
        [  0,   0,   0,  ...,   0,   0,   0],
        ...,
        [255, 255, 255,  ..., 255, 255, 255],
        [255, 255, 255,  ..., 255, 255, 255],
        [255, 255, 255,  ..., 255, 255, 255]]), 'instances': Instances(num_instances=4, image_height=768, image_width=768, fields=[gt_classes: tensor([0, 0, 0, 0]), gt_masks: tensor([[[False, False, False,  ..., False, False, False],
         [False, False, False,  ..., False, False, False],
         [False, False, False,  ..., False, False, False],
         ...,
         [False, False, False,  ..., False, False, False],
         [False, False, False,  ..., False, False, False],
         [False, False, False,  ..., False, False, False]],

        [[ True,  True,  True,  ...,  True,  True,  True],
         [ True,  True,  True,  ...,  True,  True,  True],
         [ True,  True,  True,  ...,  True,  True,  True],
         ...,
         [False, False, False,  ..., False, False, False],
         [False, False, False,  ..., False, False, False],
         [False, False, False,  ..., False, False, False]],

        [[False, False, False,  ..., False, False, False],
         [False, False, False,  ..., False, False, False],
         [False, False, False,  ..., False, False, False],
         ...,
         [False, False, False,  ..., False, False, False],
         [False, False, False,  ..., False, False, False],
         [False, False, False,  ..., False, False, False]],

        [[False, False, False,  ..., False, False, False],
         [False, False, False,  ..., False, False, False],
         [False, False, False,  ..., False, False, False],
         ...,
         [False, False, False,  ..., False, False, False],
         [False, False, False,  ..., False, False, False],
         [False, False, False,  ..., False, False, False]]])])}
[02/28 06:22:14 mask2former.data.dataset_mappers.mask_former_semantic_dataset_mapper]: None
[02/28 06:22:15 mask2former.data.dataset_mappers.mask_former_semantic_dataset_mapper]: output dataset_dict: {'file_name': '/cpfs01/projects-HDD/pujianxiangmuzu_HDD/public/mr/./leftImg8bit_trainvaltest/leftImg8bit/train/jena/jena_000011_000019_leftImg8bit.png', 'width': 2048, 'height': 1024, 'image': tensor([[[ 74,  70,  60,  ...,  41,  43,  43],
         [ 77,  70,  59,  ...,  44,  44,  42],
         [ 74,  70,  59,  ...,  41,  44,  42],
         ...,
         [ 60,  62,  64,  ...,  87,  89,  88],
         [ 64,  64,  66,  ...,  87,  87,  87],
         [ 65,  64,  64,  ...,  87,  88,  88]],

        [[ 93,  90,  81,  ...,  59,  60,  61],
         [ 95,  89,  80,  ...,  60,  61,  60],
         [ 94,  89,  80,  ...,  58,  59,  58],
         ...,
         [ 74,  74,  76,  ..., 101, 101, 102],
         [ 77,  77,  78,  ..., 100, 100, 101],
         [ 79,  78,  77,  ...,  99, 100,  99]],

        [[ 80,  79,  70,  ...,  40,  41,  42],
         [ 84,  78,  67,  ...,  40,  43,  40],
         [ 83,  78,  69,  ...,  40,  42,  40],
         ...,
         [ 63,  64,  66,  ...,  88,  90,  89],
         [ 66,  66,  67,  ...,  87,  87,  87],
         [ 68,  65,  64,  ...,  86,  85,  86]]], dtype=torch.uint8), 'sem_seg': tensor([[255, 255, 255,  ..., 255, 255, 255],
        [255, 255, 255,  ..., 255, 255, 255],
        [255, 255, 255,  ..., 255, 255, 255],
        ...,
        [  0,   0,   0,  ...,   0,   0,   0],
        [  0,   0,   0,  ...,   0,   0,   0],
        [  0,   0,   0,  ...,   0,   0,   0]]), 'instances': Instances(num_instances=36, image_height=768, image_width=768, fields=[gt_classes: tensor([ 0,  1,  2,  5,  7,  8, 10, 13,  0,  8, 13,  0,  2,  8, 13,  0,  8, 13,
         2,  2, 13,  2,  2, 13, 13,  2, 13, 13, 13, 13, 13, 13, 13, 13, 13, 13]), gt_masks: tensor([[[False, False, False,  ..., False, False, False],
         [False, False, False,  ..., False, False, False],
         [False, False, False,  ..., False, False, False],
         ...,
         [False, False, False,  ..., False, False, False],
         [False, False, False,  ..., False, False, False],
         [False, False, False,  ..., False, False, False]],

        [[False, False, False,  ..., False, False, False],
         [False, False, False,  ..., False, False, False],
         [False, False, False,  ..., False, False, False],
         ...,
         [False, False, False,  ..., False, False, False],
         [False, False, False,  ..., False, False, False],
         [False, False, False,  ..., False, False, False]],

        [[False, False, False,  ..., False, False, False],
         [False, False, False,  ..., False, False, False],
         [False, False, False,  ..., False, False, False],
         ...,
         [False, False, False,  ..., False, False, False],
         [False, False, False,  ..., False, False, False],
         [False, False, False,  ..., False, False, False]],

        ...,

        [[False, False, False,  ..., False, False, False],
         [False, False, False,  ..., False, False, False],
         [False, False, False,  ..., False, False, False],
         ...,
         [False, False, False,  ..., False, False, False],
         [False, False, False,  ..., False, False, False],
         [False, False, False,  ..., False, False, False]],

        [[False, False, False,  ..., False, False, False],
         [False, False, False,  ..., False, False, False],
         [False, False, False,  ..., False, False, False],
         ...,
         [False, False, False,  ..., False, False, False],
         [False, False, False,  ..., False, False, False],
         [False, False, False,  ..., False, False, False]],

        [[False, False, False,  ..., False, False, False],
         [False, False, False,  ..., False, False, False],
         [False, False, False,  ..., False, False, False],
         ...,
         [False, False, False,  ..., False, False, False],
         [False, False, False,  ..., False, False, False],
         [False, False, False,  ..., False, False, False]]])])}
[02/28 06:22:15 mask2former.data.dataset_mappers.mask_former_semantic_dataset_mapper]: None
[02/28 06:22:15 mask2former.data.dataset_mappers.mask_former_semantic_dataset_mapper]: output dataset_dict: {'file_name': '/cpfs01/projects-HDD/pujianxiangmuzu_HDD/public/mr/./leftImg8bit_trainvaltest/leftImg8bit/train/hamburg/hamburg_000000_014940_leftImg8bit.png', 'width': 2048, 'height': 1024, 'image': tensor([[[112, 115, 118,  ...,  46,  31,  42],
         [110, 113, 114,  ...,  45,  31,  40],
         [ 96, 100, 104,  ...,  44,  30,  40],
         ...,
         [111, 113, 113,  ...,  92,  92,  89],
         [112, 113, 113,  ...,  92,  92,  89],
         [112, 113, 113,  ...,  92,  92,  89]],

        [[124, 128, 133,  ...,  40,  35,  61],
         [122, 126, 129,  ...,  39,  37,  62],
         [111, 116, 118,  ...,  38,  38,  62],
         ...,
         [124, 125, 125,  ..., 104, 103, 107],
         [124, 125, 125,  ..., 104, 104, 107],
         [124, 125, 125,  ..., 104, 104, 107]],

        [[123, 125, 131,  ...,  31,  33,  72],
         [121, 123, 127,  ...,  31,  34,  73],
         [111, 112, 115,  ...,  31,  37,  73],
         ...,
         [117, 118, 119,  ...,  95,  94,  94],
         [118, 119, 118,  ...,  95,  95,  96],
         [118, 119, 118,  ...,  95,  95,  96]]], dtype=torch.uint8), 'sem_seg': tensor([[255, 255, 255,  ..., 255, 255, 255],
        [255, 255, 255,  ..., 255, 255, 255],
        [255, 255, 255,  ..., 255, 255, 255],
        ...,
        [255, 255, 255,  ..., 255, 255, 255],
        [255, 255, 255,  ..., 255, 255, 255],
        [255, 255, 255,  ..., 255, 255, 255]]), 'instances': Instances(num_instances=38, image_height=614, image_width=768, fields=[gt_classes: tensor([ 0,  1,  2,  4,  5,  7,  8,  9, 10, 11, 13,  0,  8,  9, 11,  0,  1,  8,
         9,  0,  1,  8,  9, 13,  0,  8,  9, 13,  8,  9, 13,  8,  9, 13,  8,  9,
         8,  8]), gt_masks: tensor([[[False, False, False,  ..., False, False, False],
         [False, False, False,  ..., False, False, False],
         [False, False, False,  ..., False, False, False],
         ...,
         [False, False, False,  ..., False, False, False],
         [False, False, False,  ..., False, False, False],
         [False, False, False,  ..., False, False, False]],

        [[False, False, False,  ..., False, False, False],
         [False, False, False,  ..., False, False, False],
         [False, False, False,  ..., False, False, False],
         ...,
         [False, False, False,  ..., False, False, False],
         [False, False, False,  ..., False, False, False],
         [False, False, False,  ..., False, False, False]],

        [[False, False, False,  ..., False, False, False],
         [False, False, False,  ..., False, False, False],
         [False, False, False,  ..., False, False, False],
         ...,
         [False, False, False,  ..., False, False, False],
         [False, False, False,  ..., False, False, False],
         [False, False, False,  ..., False, False, False]],

        ...,

        [[False, False, False,  ..., False, False, False],
         [False, False, False,  ..., False, False, False],
         [False, False, False,  ..., False, False, False],
         ...,
         [False, False, False,  ..., False, False, False],
         [False, False, False,  ..., False, False, False],
         [False, False, False,  ..., False, False, False]],

        [[False, False, False,  ..., False, False, False],
         [False, False, False,  ..., False, False, False],
         [False, False, False,  ..., False, False, False],
         ...,
         [False, False, False,  ..., False, False, False],
         [False, False, False,  ..., False, False, False],
         [False, False, False,  ..., False, False, False]],

        [[False, False, False,  ..., False, False, False],
         [False, False, False,  ..., False, False, False],
         [False, False, False,  ..., False, False, False],
         ...,
         [False, False, False,  ..., False, False, False],
         [False, False, False,  ..., False, False, False],
         [False, False, False,  ..., False, False, False]]])])}
[02/28 06:22:15 mask2former.data.dataset_mappers.mask_former_semantic_dataset_mapper]: None
[02/28 06:22:15 mask2former.data.dataset_mappers.mask_former_semantic_dataset_mapper]: output dataset_dict: {'file_name': '/cpfs01/projects-HDD/pujianxiangmuzu_HDD/public/mr/./leftImg8bit_trainvaltest/leftImg8bit/train/weimar/weimar_000058_000019_leftImg8bit.png', 'width': 2048, 'height': 1024, 'image': tensor([[[ 18,  19,  21,  ..., 108, 120, 122],
         [ 21,  23,  23,  ..., 110, 120, 123],
         [ 28,  31,  31,  ..., 110, 120, 123],
         ...,
         [ 65,  63,  66,  ...,  60,  60,  58],
         [ 63,  62,  65,  ...,  58,  58,  60],
         [ 61,  61,  66,  ...,  57,  58,  58]],

        [[ 25,  26,  28,  ..., 121, 126, 124],
         [ 28,  30,  31,  ..., 122, 126, 125],
         [ 36,  38,  39,  ..., 122, 128, 125],
         ...,
         [ 76,  72,  76,  ...,  71,  71,  70],
         [ 73,  71,  75,  ...,  70,  71,  71],
         [ 73,  72,  76,  ...,  70,  71,  71]],

        [[ 21,  23,  26,  ..., 101, 102, 101],
         [ 26,  27,  28,  ..., 102, 103, 102],
         [ 32,  33,  34,  ..., 102, 103, 105],
         ...,
         [ 70,  66,  69,  ...,  63,  63,  63],
         [ 68,  65,  69,  ...,  62,  63,  64],
         [ 66,  66,  70,  ...,  61,  62,  62]]], dtype=torch.uint8), 'sem_seg': tensor([[8, 8, 8,  ..., 2, 2, 2],
        [8, 8, 8,  ..., 2, 2, 2],
        [8, 8, 8,  ..., 2, 2, 2],
        ...,
        [0, 0, 0,  ..., 0, 0, 0],
        [0, 0, 0,  ..., 0, 0, 0],
        [0, 0, 0,  ..., 0, 0, 0]]), 'instances': Instances(num_instances=33, image_height=768, image_width=768, fields=[gt_classes: tensor([ 0,  1,  2,  5,  8, 10, 11, 13,  0,  1,  2, 10,  8,  0,  1,  2,  8, 13,
         0,  8, 13,  0,  2,  8, 13,  8, 13,  8, 13,  8,  8, 13,  2]), gt_masks: tensor([[[False, False, False,  ..., False, False, False],
         [False, False, False,  ..., False, False, False],
         [False, False, False,  ..., False, False, False],
         ...,
         [False, False, False,  ..., False, False, False],
         [False, False, False,  ..., False, False, False],
         [False, False, False,  ..., False, False, False]],

        [[False, False, False,  ..., False, False, False],
         [False, False, False,  ..., False, False, False],
         [False, False, False,  ..., False, False, False],
         ...,
         [False, False, False,  ..., False, False, False],
         [False, False, False,  ..., False, False, False],
         [False, False, False,  ..., False, False, False]],

        [[False, False, False,  ..., False, False, False],
         [False, False, False,  ..., False, False, False],
         [False, False, False,  ..., False, False, False],
         ...,
         [False, False, False,  ..., False, False, False],
         [False, False, False,  ..., False, False, False],
         [False, False, False,  ..., False, False, False]],

        ...,

        [[False, False, False,  ..., False, False, False],
         [False, False, False,  ..., False, False, False],
         [False, False, False,  ..., False, False, False],
         ...,
         [False, False, False,  ..., False, False, False],
         [False, False, False,  ..., False, False, False],
         [False, False, False,  ..., False, False, False]],

        [[False, False, False,  ..., False, False, False],
         [False, False, False,  ..., False, False, False],
         [False, False, False,  ..., False, False, False],
         ...,
         [False, False, False,  ..., False, False, False],
         [False, False, False,  ..., False, False, False],
         [False, False, False,  ..., False, False, False]],

        [[False, False, False,  ..., False, False, False],
         [False, False, False,  ..., False, False, False],
         [False, False, False,  ..., False, False, False],
         ...,
         [False, False, False,  ..., False, False, False],
         [False, False, False,  ..., False, False, False],
         [False, False, False,  ..., False, False, False]]])])}
[02/28 06:22:15 mask2former.data.dataset_mappers.mask_former_semantic_dataset_mapper]: None
[02/28 06:22:15 mask2former.data.dataset_mappers.mask_former_semantic_dataset_mapper]: output dataset_dict: {'file_name': '/cpfs01/projects-HDD/pujianxiangmuzu_HDD/public/mr/./leftImg8bit_trainvaltest/leftImg8bit/train/zurich/zurich_000002_000019_leftImg8bit.png', 'width': 2048, 'height': 1024, 'image': tensor([[[255, 255, 255,  ...,  95,  93,  81],
         [255, 255, 255,  ...,  99,  94,  85],
         [255, 255, 255,  ..., 102,  97,  87],
         ...,
         [ 77,  78,  78,  ..., 121, 119, 119],
         [ 77,  79,  78,  ..., 119, 119, 119],
         [ 78,  78,  78,  ..., 118, 119, 119]],

        [[255, 255, 255,  ..., 110, 107,  97],
         [255, 255, 255,  ..., 113, 109,  99],
         [255, 255, 255,  ..., 114, 110, 103],
         ...,
         [ 90,  91,  91,  ..., 136, 138, 138],
         [ 90,  91,  91,  ..., 138, 138, 138],
         [ 90,  90,  91,  ..., 136, 138, 138]],

        [[255, 255, 255,  ..., 102, 101,  91],
         [255, 255, 255,  ..., 103, 101,  94],
         [255, 255, 255,  ..., 105, 102,  97],
         ...,
         [ 86,  90,  90,  ..., 107, 109, 110],
         [ 86,  89,  90,  ..., 107, 109, 110],
         [ 87,  87,  90,  ..., 107, 109, 109]]], dtype=torch.uint8), 'sem_seg': tensor([[ 10,  10,  10,  ...,   2,   2,   2],
        [ 10,  10,  10,  ...,   2,   2,   2],
        [ 10,  10,  10,  ...,   2,   2,   2],
        ...,
        [255, 255, 255,  ...,   0,   0,   0],
        [255, 255, 255,  ...,   0,   0,   0],
        [255, 255, 255,  ...,   0,   0,   0]]), 'instances': Instances(num_instances=47, image_height=768, image_width=768, fields=[gt_classes: tensor([ 0,  1,  2,  4,  5,  6,  7,  8, 10, 11, 13, 18,  0,  1,  2,  4, 10, 11,
        18,  0,  1,  2, 10, 11, 18,  0,  1,  2,  4, 11,  0,  2, 11, 11,  5, 11,
         0,  0, 11,  0, 11,  0,  0, 11,  0, 11,  0]), gt_masks: tensor([[[False, False, False,  ..., False, False, False],
         [False, False, False,  ..., False, False, False],
         [False, False, False,  ..., False, False, False],
         ...,
         [False, False, False,  ..., False, False, False],
         [False, False, False,  ..., False, False, False],
         [False, False, False,  ..., False, False, False]],

        [[False, False, False,  ..., False, False, False],
         [False, False, False,  ..., False, False, False],
         [False, False, False,  ..., False, False, False],
         ...,
         [False, False, False,  ..., False, False, False],
         [False, False, False,  ..., False, False, False],
         [False, False, False,  ..., False, False, False]],

        [[False, False, False,  ..., False, False, False],
         [False, False, False,  ..., False, False, False],
         [False, False, False,  ..., False, False, False],
         ...,
         [False, False, False,  ..., False, False, False],
         [False, False, False,  ..., False, False, False],
         [False, False, False,  ..., False, False, False]],

        ...,

        [[False, False, False,  ..., False, False, False],
         [False, False, False,  ..., False, False, False],
         [False, False, False,  ..., False, False, False],
         ...,
         [False, False, False,  ..., False, False, False],
         [False, False, False,  ..., False, False, False],
         [False, False, False,  ..., False, False, False]],

        [[False, False, False,  ..., False, False, False],
         [False, False, False,  ..., False, False, False],
         [False, False, False,  ..., False, False, False],
         ...,
         [False, False, False,  ..., False, False, False],
         [False, False, False,  ..., False, False, False],
         [False, False, False,  ..., False, False, False]],

        [[False, False, False,  ..., False, False, False],
         [False, False, False,  ..., False, False, False],
         [False, False, False,  ..., False, False, False],
         ...,
         [False, False, False,  ..., False, False, False],
         [False, False, False,  ..., False, False, False],
         [False, False, False,  ..., False, False, False]]])])}
[02/28 06:22:15 mask2former.data.dataset_mappers.mask_former_semantic_dataset_mapper]: None
[02/28 06:22:15 mask2former.data.dataset_mappers.mask_former_semantic_dataset_mapper]: output dataset_dict: {'file_name': '/cpfs01/projects-HDD/pujianxiangmuzu_HDD/public/mr/./leftImg8bit_trainvaltest/leftImg8bit/train/aachen/aachen_000122_000019_leftImg8bit.png', 'width': 2048, 'height': 1024, 'image': tensor([[[ 85,  86,  86,  ..., 233, 232, 231],
         [ 86,  85,  85,  ..., 234, 235, 234],
         [ 86,  86,  85,  ..., 230, 232, 232],
         ...,
         [104, 103, 102,  ...,  61,  60,  60],
         [ 91,  84,  80,  ...,  60,  61,  61],
         [ 76,  69,  64,  ...,  61,  61,  61]],

        [[ 77,  78,  79,  ..., 254, 253, 252],
         [ 77,  77,  78,  ..., 254, 254, 252],
         [ 77,  77,  77,  ..., 250, 250, 250],
         ...,
         [123, 121, 119,  ...,  72,  71,  70],
         [112, 106, 103,  ...,  71,  71,  70],
         [ 96,  90,  87,  ...,  70,  71,  70]],

        [[ 58,  59,  60,  ..., 240, 241, 240],
         [ 59,  59,  59,  ..., 240, 242, 241],
         [ 58,  58,  58,  ..., 239, 238, 238],
         ...,
         [105, 102,  99,  ...,  64,  62,  62],
         [ 97,  90,  87,  ...,  63,  63,  62],
         [ 82,  76,  74,  ...,  62,  62,  61]]], dtype=torch.uint8), 'sem_seg': tensor([[ 2,  2,  2,  ..., 10, 10, 10],
        [ 2,  2,  2,  ..., 10, 10, 10],
        [ 2,  2,  2,  ..., 10, 10, 10],
        ...,
        [ 0,  0,  0,  ...,  0,  0,  0],
        [ 0,  0,  0,  ...,  0,  0,  0],
        [ 0,  0,  0,  ...,  0,  0,  0]]), 'instances': Instances(num_instances=32, image_height=768, image_width=768, fields=[gt_classes: tensor([ 0,  1,  2,  5,  6,  7,  8, 10, 13,  0,  1,  2, 10,  1,  8, 10,  8, 10,
         8,  0,  2,  8,  2,  2, 13,  2,  2,  2, 13,  2, 13, 13]), gt_masks: tensor([[[False, False, False,  ..., False, False, False],
         [False, False, False,  ..., False, False, False],
         [False, False, False,  ..., False, False, False],
         ...,
         [False, False, False,  ..., False, False, False],
         [False, False, False,  ..., False, False, False],
         [False, False, False,  ..., False, False, False]],

        [[False, False, False,  ..., False, False, False],
         [False, False, False,  ..., False, False, False],
         [False, False, False,  ..., False, False, False],
         ...,
         [False, False, False,  ..., False, False, False],
         [False, False, False,  ..., False, False, False],
         [False, False, False,  ..., False, False, False]],

        [[False, False, False,  ..., False, False, False],
         [False, False, False,  ..., False, False, False],
         [False, False, False,  ..., False, False, False],
         ...,
         [False, False, False,  ..., False, False, False],
         [False, False, False,  ..., False, False, False],
         [False, False, False,  ..., False, False, False]],

        ...,

        [[ True,  True,  True,  ..., False, False, False],
         [ True,  True,  True,  ..., False, False, False],
         [ True,  True,  True,  ..., False, False, False],
         ...,
         [False, False, False,  ..., False, False, False],
         [False, False, False,  ..., False, False, False],
         [False, False, False,  ..., False, False, False]],

        [[False, False, False,  ..., False, False, False],
         [False, False, False,  ..., False, False, False],
         [False, False, False,  ..., False, False, False],
         ...,
         [False, False, False,  ..., False, False, False],
         [False, False, False,  ..., False, False, False],
         [False, False, False,  ..., False, False, False]],

        [[False, False, False,  ..., False, False, False],
         [False, False, False,  ..., False, False, False],
         [False, False, False,  ..., False, False, False],
         ...,
         [False, False, False,  ..., False, False, False],
         [False, False, False,  ..., False, False, False],
         [False, False, False,  ..., False, False, False]]])])}
[02/28 06:22:15 mask2former.data.dataset_mappers.mask_former_semantic_dataset_mapper]: None
[02/28 06:22:15 mask2former.data.dataset_mappers.mask_former_semantic_dataset_mapper]: output dataset_dict: {'file_name': '/cpfs01/projects-HDD/pujianxiangmuzu_HDD/public/mr/./leftImg8bit_trainvaltest/leftImg8bit/train/strasbourg/strasbourg_000001_053222_leftImg8bit.png', 'width': 2048, 'height': 1024, 'image': tensor([[[56, 54, 52,  ..., 71, 70, 68],
         [54, 53, 52,  ..., 71, 70, 68],
         [53, 53, 53,  ..., 71, 70, 69],
         ...,
         [35, 35, 35,  ..., 37, 35, 36],
         [35, 35, 34,  ..., 37, 35, 36],
         [36, 34, 34,  ..., 37, 35, 36]],

        [[57, 54, 52,  ..., 66, 66, 65],
         [55, 53, 52,  ..., 66, 66, 64],
         [54, 53, 52,  ..., 66, 65, 65],
         ...,
         [40, 41, 41,  ..., 41, 40, 41],
         [40, 40, 40,  ..., 41, 40, 41],
         [40, 39, 40,  ..., 41, 40, 41]],

        [[42, 39, 39,  ..., 52, 53, 53],
         [40, 38, 38,  ..., 53, 54, 52],
         [40, 40, 40,  ..., 53, 52, 51],
         ...,
         [34, 34, 34,  ..., 35, 35, 36],
         [34, 34, 34,  ..., 35, 35, 36],
         [35, 34, 34,  ..., 35, 35, 36]]], dtype=torch.uint8), 'sem_seg': tensor([[  2,   2,   2,  ...,   2,   2,   2],
        [  2,   2,   2,  ...,   2,   2,   2],
        [  2,   2,   2,  ...,   2,   2,   2],
        ...,
        [255, 255, 255,  ..., 255, 255, 255],
        [255, 255, 255,  ..., 255, 255, 255],
        [255, 255, 255,  ..., 255, 255, 255]]), 'instances': Instances(num_instances=55, image_height=768, image_width=768, fields=[gt_classes: tensor([ 0,  1,  2,  5,  7,  8, 11, 12, 16, 18,  1,  2,  7,  8, 16, 18,  0,  1,
         2,  7,  8, 16,  0,  1,  2,  5,  0,  1,  2,  5, 16,  0,  2, 16,  0,  1,
         2, 16,  0,  2,  1,  2,  2, 16,  1,  2, 16,  2,  1,  2, 16,  2,  2,  2,
         2]), gt_masks: tensor([[[False, False, False,  ..., False, False, False],
         [False, False, False,  ..., False, False, False],
         [False, False, False,  ..., False, False, False],
         ...,
         [False, False, False,  ..., False, False, False],
         [False, False, False,  ..., False, False, False],
         [False, False, False,  ..., False, False, False]],

        [[False, False, False,  ..., False, False, False],
         [False, False, False,  ..., False, False, False],
         [False, False, False,  ..., False, False, False],
         ...,
         [False, False, False,  ..., False, False, False],
         [False, False, False,  ..., False, False, False],
         [False, False, False,  ..., False, False, False]],

        [[False, False, False,  ..., False, False, False],
         [False, False, False,  ..., False, False, False],
         [False, False, False,  ..., False, False, False],
         ...,
         [False, False, False,  ..., False, False, False],
         [False, False, False,  ..., False, False, False],
         [False, False, False,  ..., False, False, False]],

        ...,

        [[False, False, False,  ..., False, False, False],
         [False, False, False,  ..., False, False, False],
         [False, False, False,  ..., False, False, False],
         ...,
         [False, False, False,  ..., False, False, False],
         [False, False, False,  ..., False, False, False],
         [False, False, False,  ..., False, False, False]],

        [[False, False, False,  ..., False, False, False],
         [False, False, False,  ..., False, False, False],
         [False, False, False,  ..., False, False, False],
         ...,
         [False, False, False,  ..., False, False, False],
         [False, False, False,  ..., False, False, False],
         [False, False, False,  ..., False, False, False]],

        [[False, False, False,  ..., False, False, False],
         [False, False, False,  ..., False, False, False],
         [False, False, False,  ..., False, False, False],
         ...,
         [False, False, False,  ..., False, False, False],
         [False, False, False,  ..., False, False, False],
         [False, False, False,  ..., False, False, False]]])])}
[02/28 06:22:15 mask2former.data.dataset_mappers.mask_former_semantic_dataset_mapper]: None
[02/28 06:22:16 mask2former.data.dataset_mappers.mask_former_semantic_dataset_mapper]: output dataset_dict: {'file_name': '/cpfs01/projects-HDD/pujianxiangmuzu_HDD/public/mr/./leftImg8bit_trainvaltest/leftImg8bit/train/bochum/bochum_000000_022210_leftImg8bit.png', 'width': 2048, 'height': 1024, 'image': tensor([[[ 66,  72,  73,  ...,  45,  43,  42],
         [ 63,  69,  69,  ...,  56,  48,  43],
         [ 58,  64,  66,  ...,  71,  58,  47],
         ...,
         [ 72,  68,  66,  ...,  75,  76,  76],
         [ 79,  71,  69,  ...,  74,  75,  77],
         [ 83,  78,  77,  ...,  72,  73,  76]],

        [[ 85,  88,  89,  ...,  51,  47,  46],
         [ 81,  86,  87,  ...,  59,  50,  46],
         [ 76,  82,  84,  ...,  71,  56,  49],
         ...,
         [ 94,  91,  91,  ...,  90,  91,  92],
         [ 98,  94,  92,  ...,  89,  90,  93],
         [100,  97,  94,  ...,  90,  91,  94]],

        [[ 63,  66,  67,  ...,  40,  36,  35],
         [ 57,  64,  63,  ...,  48,  39,  35],
         [ 50,  57,  58,  ...,  58,  44,  36],
         ...,
         [ 50,  46,  47,  ...,  51,  52,  53],
         [ 51,  46,  47,  ...,  50,  54,  56],
         [ 53,  50,  49,  ...,  51,  55,  58]]], dtype=torch.uint8), 'sem_seg': tensor([[8, 8, 8,  ..., 8, 8, 8],
        [8, 8, 8,  ..., 8, 8, 8],
        [8, 8, 8,  ..., 8, 8, 8],
        ...,
        [9, 9, 9,  ..., 9, 9, 9],
        [9, 9, 9,  ..., 9, 9, 9],
        [9, 9, 9,  ..., 9, 9, 9]]), 'instances': Instances(num_instances=23, image_height=768, image_width=768, fields=[gt_classes: tensor([ 0,  1,  2,  5,  6,  7,  8,  9, 13,  2,  8,  9,  2,  5,  8,  9,  8, 13,
         0, 13,  2,  2,  2]), gt_masks: tensor([[[False, False, False,  ..., False, False, False],
         [False, False, False,  ..., False, False, False],
         [False, False, False,  ..., False, False, False],
         ...,
         [False, False, False,  ..., False, False, False],
         [False, False, False,  ..., False, False, False],
         [False, False, False,  ..., False, False, False]],

        [[False, False, False,  ..., False, False, False],
         [False, False, False,  ..., False, False, False],
         [False, False, False,  ..., False, False, False],
         ...,
         [False, False, False,  ..., False, False, False],
         [False, False, False,  ..., False, False, False],
         [False, False, False,  ..., False, False, False]],

        [[False, False, False,  ..., False, False, False],
         [False, False, False,  ..., False, False, False],
         [False, False, False,  ..., False, False, False],
         ...,
         [False, False, False,  ..., False, False, False],
         [False, False, False,  ..., False, False, False],
         [False, False, False,  ..., False, False, False]],

        ...,

        [[False, False, False,  ..., False, False, False],
         [False, False, False,  ..., False, False, False],
         [False, False, False,  ..., False, False, False],
         ...,
         [False, False, False,  ..., False, False, False],
         [False, False, False,  ..., False, False, False],
         [False, False, False,  ..., False, False, False]],

        [[False, False, False,  ..., False, False, False],
         [False, False, False,  ..., False, False, False],
         [False, False, False,  ..., False, False, False],
         ...,
         [False, False, False,  ..., False, False, False],
         [False, False, False,  ..., False, False, False],
         [False, False, False,  ..., False, False, False]],

        [[False, False, False,  ..., False, False, False],
         [False, False, False,  ..., False, False, False],
         [False, False, False,  ..., False, False, False],
         ...,
         [False, False, False,  ..., False, False, False],
         [False, False, False,  ..., False, False, False],
         [False, False, False,  ..., False, False, False]]])])}
[02/28 06:22:16 mask2former.data.dataset_mappers.mask_former_semantic_dataset_mapper]: None
[02/28 06:22:16 mask2former.data.dataset_mappers.mask_former_semantic_dataset_mapper]: output dataset_dict: {'file_name': '/cpfs01/projects-HDD/pujianxiangmuzu_HDD/public/mr/./leftImg8bit_trainvaltest/leftImg8bit/train/hanover/hanover_000000_051059_leftImg8bit.png', 'width': 2048, 'height': 1024, 'image': tensor([[[159, 158, 156,  ..., 176, 178, 179],
         [159, 158, 156,  ..., 176, 178, 181],
         [159, 159, 158,  ..., 176, 177, 179],
         ...,
         [149, 156, 168,  ..., 130, 128, 127],
         [146, 155, 167,  ..., 130, 128, 127],
         [142, 151, 164,  ..., 128, 127, 127]],

        [[178, 177, 174,  ..., 182, 183, 183],
         [178, 177, 176,  ..., 182, 183, 183],
         [177, 177, 177,  ..., 186, 187, 187],
         ...,
         [174, 183, 193,  ..., 142, 141, 141],
         [170, 181, 191,  ..., 141, 140, 140],
         [168, 177, 188,  ..., 137, 137, 137]],

        [[160, 160, 158,  ..., 165, 165, 165],
         [160, 160, 160,  ..., 168, 169, 169],
         [159, 159, 160,  ..., 172, 174, 174],
         ...,
         [144, 150, 159,  ..., 119, 119, 118],
         [142, 149, 158,  ..., 121, 119, 118],
         [139, 146, 156,  ..., 119, 118, 118]]], dtype=torch.uint8), 'sem_seg': tensor([[  0,   0,   0,  ...,   0,   0,   0],
        [  0,   0,   0,  ...,   0,   0,   0],
        [  0,   0,   0,  ...,   0,   0,   0],
        ...,
        [  9,   9,   9,  ..., 255, 255, 255],
        [  9,   9,   9,  ..., 255, 255, 255],
        [255, 255, 255,  ..., 255, 255, 255]]), 'instances': Instances(num_instances=9, image_height=768, image_width=768, fields=[gt_classes: tensor([0, 1, 9, 0, 9, 0, 9, 0, 9]), gt_masks: tensor([[[False, False, False,  ..., False, False, False],
         [False, False, False,  ..., False, False, False],
         [False, False, False,  ..., False, False, False],
         ...,
         [False, False, False,  ..., False, False, False],
         [False, False, False,  ..., False, False, False],
         [False, False, False,  ..., False, False, False]],

        [[False, False, False,  ..., False, False, False],
         [False, False, False,  ..., False, False, False],
         [False, False, False,  ..., False, False, False],
         ...,
         [False, False, False,  ..., False, False, False],
         [False, False, False,  ..., False, False, False],
         [False, False, False,  ..., False, False, False]],

        [[False, False, False,  ..., False, False, False],
         [False, False, False,  ..., False, False, False],
         [False, False, False,  ..., False, False, False],
         ...,
         [False, False, False,  ..., False, False, False],
         [False, False, False,  ..., False, False, False],
         [False, False, False,  ..., False, False, False]],

        ...,

        [[False, False, False,  ..., False, False, False],
         [False, False, False,  ..., False, False, False],
         [False, False, False,  ..., False, False, False],
         ...,
         [False, False, False,  ..., False, False, False],
         [False, False, False,  ..., False, False, False],
         [False, False, False,  ..., False, False, False]],

        [[ True,  True,  True,  ...,  True,  True,  True],
         [ True,  True,  True,  ...,  True,  True,  True],
         [ True,  True,  True,  ...,  True,  True,  True],
         ...,
         [False, False, False,  ..., False, False, False],
         [False, False, False,  ..., False, False, False],
         [False, False, False,  ..., False, False, False]],

        [[False, False, False,  ..., False, False, False],
         [False, False, False,  ..., False, False, False],
         [False, False, False,  ..., False, False, False],
         ...,
         [False, False, False,  ..., False, False, False],
         [False, False, False,  ..., False, False, False],
         [False, False, False,  ..., False, False, False]]])])}
[02/28 06:22:16 mask2former.data.dataset_mappers.mask_former_semantic_dataset_mapper]: None
[02/28 06:22:17 mask2former.data.dataset_mappers.mask_former_semantic_dataset_mapper]: output dataset_dict: {'file_name': '/cpfs01/projects-HDD/pujianxiangmuzu_HDD/public/mr/./leftImg8bit_trainvaltest/leftImg8bit/train/tubingen/tubingen_000033_000019_leftImg8bit.png', 'width': 2048, 'height': 1024, 'image': tensor([[[ 4,  4,  3,  ...,  9, 10,  8],
         [ 4,  4,  4,  ...,  9, 10, 10],
         [ 4,  6,  5,  ..., 10,  9,  9],
         ...,
         [84, 83, 82,  ..., 60, 60, 60],
         [84, 83, 85,  ..., 57, 57, 57],
         [84, 83, 85,  ..., 52, 52, 52]],

        [[12, 12, 11,  ..., 21, 18, 16],
         [12, 12, 11,  ..., 20, 21, 18],
         [12, 13, 14,  ..., 18, 21, 20],
         ...,
         [97, 95, 93,  ..., 72, 73, 73],
         [97, 94, 94,  ..., 70, 70, 70],
         [97, 94, 94,  ..., 65, 64, 64]],

        [[ 9, 10,  9,  ..., 15, 13, 11],
         [ 9,  9,  8,  ..., 15, 14, 12],
         [11, 10, 11,  ..., 13, 12, 12],
         ...,
         [90, 89, 86,  ..., 66, 68, 67],
         [90, 89, 89,  ..., 63, 64, 63],
         [90, 89, 89,  ..., 56, 56, 56]]], dtype=torch.uint8), 'sem_seg': tensor([[255, 255, 255,  ..., 255, 255, 255],
        [255, 255, 255,  ..., 255, 255, 255],
        [255, 255, 255,  ..., 255, 255, 255],
        ...,
        [  0,   0,   0,  ..., 255, 255, 255],
        [255, 255, 255,  ..., 255, 255, 255],
        [255, 255, 255,  ..., 255, 255, 255]]), 'instances': Instances(num_instances=46, image_height=614, image_width=768, fields=[gt_classes: tensor([ 0,  1,  2,  3,  4,  5,  7,  8,  9, 10, 11, 13, 15, 17,  1,  3,  4,  8,
        13, 15,  4,  8, 13, 15,  8, 13, 13, 13,  8, 13,  2,  8,  2,  8,  8,  2,
         8,  8,  2,  2,  8,  8,  8,  8,  8,  8]), gt_masks: tensor([[[False, False, False,  ..., False, False, False],
         [False, False, False,  ..., False, False, False],
         [False, False, False,  ..., False, False, False],
         ...,
         [ True,  True,  True,  ..., False, False, False],
         [False, False, False,  ..., False, False, False],
         [False, False, False,  ..., False, False, False]],

        [[False, False, False,  ..., False, False, False],
         [False, False, False,  ..., False, False, False],
         [False, False, False,  ..., False, False, False],
         ...,
         [False, False, False,  ..., False, False, False],
         [False, False, False,  ..., False, False, False],
         [False, False, False,  ..., False, False, False]],

        [[False, False, False,  ..., False, False, False],
         [False, False, False,  ..., False, False, False],
         [False, False, False,  ..., False, False, False],
         ...,
         [False, False, False,  ..., False, False, False],
         [False, False, False,  ..., False, False, False],
         [False, False, False,  ..., False, False, False]],

        ...,

        [[False, False, False,  ..., False, False, False],
         [False, False, False,  ..., False, False, False],
         [False, False, False,  ..., False, False, False],
         ...,
         [False, False, False,  ..., False, False, False],
         [False, False, False,  ..., False, False, False],
         [False, False, False,  ..., False, False, False]],

        [[False, False, False,  ..., False, False, False],
         [False, False, False,  ..., False, False, False],
         [False, False, False,  ..., False, False, False],
         ...,
         [False, False, False,  ..., False, False, False],
         [False, False, False,  ..., False, False, False],
         [False, False, False,  ..., False, False, False]],

        [[False, False, False,  ..., False, False, False],
         [False, False, False,  ..., False, False, False],
         [False, False, False,  ..., False, False, False],
         ...,
         [False, False, False,  ..., False, False, False],
         [False, False, False,  ..., False, False, False],
         [False, False, False,  ..., False, False, False]]])])}
[02/28 06:22:17 mask2former.data.dataset_mappers.mask_former_semantic_dataset_mapper]: None
[02/28 06:22:17 mask2former.data.dataset_mappers.mask_former_semantic_dataset_mapper]: output dataset_dict: {'file_name': '/cpfs01/projects-HDD/pujianxiangmuzu_HDD/public/mr/./leftImg8bit_trainvaltest/leftImg8bit/train/strasbourg/strasbourg_000001_019698_leftImg8bit.png', 'width': 2048, 'height': 1024, 'image': tensor([[[72, 72, 72,  ..., 80, 80, 78],
         [73, 73, 73,  ..., 77, 77, 77],
         [73, 73, 73,  ..., 76, 76, 76],
         ...,
         [ 6,  6,  6,  ..., 11, 12, 12],
         [ 6,  6,  5,  ..., 11, 12, 12],
         [ 6,  6,  5,  ..., 11, 12, 12]],

        [[74, 74, 74,  ..., 80, 81, 80],
         [75, 75, 75,  ..., 78, 79, 79],
         [76, 76, 75,  ..., 78, 78, 78],
         ...,
         [12, 12, 12,  ..., 17, 17, 17],
         [13, 13, 12,  ..., 17, 17, 17],
         [13, 13, 12,  ..., 17, 17, 17]],

        [[58, 58, 60,  ..., 63, 64, 64],
         [60, 60, 61,  ..., 60, 61, 62],
         [61, 61, 61,  ..., 60, 60, 60],
         ...,
         [ 7,  7,  7,  ..., 12, 12, 12],
         [ 8,  8,  7,  ..., 12, 12, 12],
         [ 8,  8,  7,  ..., 12, 12, 12]]], dtype=torch.uint8), 'sem_seg': tensor([[  1,   1,   1,  ...,   1,   1,   1],
        [  1,   1,   1,  ...,   1,   1,   1],
        [  1,   1,   1,  ...,   1,   1,   1],
        ...,
        [255, 255, 255,  ..., 255, 255, 255],
        [255, 255, 255,  ..., 255, 255, 255],
        [255, 255, 255,  ..., 255, 255, 255]]), 'instances': Instances(num_instances=5, image_height=768, image_width=768, fields=[gt_classes: tensor([0, 1, 1, 0, 1]), gt_masks: tensor([[[False, False, False,  ..., False, False, False],
         [False, False, False,  ..., False, False, False],
         [False, False, False,  ..., False, False, False],
         ...,
         [False, False, False,  ..., False, False, False],
         [False, False, False,  ..., False, False, False],
         [False, False, False,  ..., False, False, False]],

        [[False, False, False,  ..., False, False, False],
         [False, False, False,  ..., False, False, False],
         [False, False, False,  ..., False, False, False],
         ...,
         [False, False, False,  ..., False, False, False],
         [False, False, False,  ..., False, False, False],
         [False, False, False,  ..., False, False, False]],

        [[False, False, False,  ..., False, False, False],
         [False, False, False,  ..., False, False, False],
         [False, False, False,  ..., False, False, False],
         ...,
         [False, False, False,  ..., False, False, False],
         [False, False, False,  ..., False, False, False],
         [False, False, False,  ..., False, False, False]],

        [[False, False, False,  ..., False, False, False],
         [False, False, False,  ..., False, False, False],
         [False, False, False,  ..., False, False, False],
         ...,
         [False, False, False,  ..., False, False, False],
         [False, False, False,  ..., False, False, False],
         [False, False, False,  ..., False, False, False]],

        [[ True,  True,  True,  ...,  True,  True,  True],
         [ True,  True,  True,  ...,  True,  True,  True],
         [ True,  True,  True,  ...,  True,  True,  True],
         ...,
         [False, False, False,  ..., False, False, False],
         [False, False, False,  ..., False, False, False],
         [False, False, False,  ..., False, False, False]]])])}
[02/28 06:22:17 mask2former.data.dataset_mappers.mask_former_semantic_dataset_mapper]: None
[02/28 06:22:17 mask2former.data.dataset_mappers.mask_former_semantic_dataset_mapper]: output dataset_dict: {'file_name': '/cpfs01/projects-HDD/pujianxiangmuzu_HDD/public/mr/./leftImg8bit_trainvaltest/leftImg8bit/train/cologne/cologne_000048_000019_leftImg8bit.png', 'width': 2048, 'height': 1024, 'image': tensor([[[214, 215, 217,  ..., 218, 226, 229],
         [211, 214, 217,  ..., 217, 225, 229],
         [214, 217, 220,  ..., 217, 225, 228],
         ...,
         [125, 125, 126,  ..., 116, 116, 116],
         [126, 126, 127,  ..., 113, 113, 114],
         [127, 127, 127,  ..., 110, 110, 111]],

        [[219, 222, 223,  ..., 248, 251, 252],
         [218, 221, 224,  ..., 247, 250, 251],
         [219, 223, 226,  ..., 246, 250, 251],
         ...,
         [139, 139, 140,  ..., 134, 133, 133],
         [140, 140, 141,  ..., 131, 130, 130],
         [140, 140, 141,  ..., 128, 127, 127]],

        [[200, 202, 204,  ..., 224, 226, 229],
         [198, 201, 204,  ..., 222, 224, 228],
         [200, 202, 205,  ..., 221, 224, 228],
         ...,
         [125, 125, 126,  ..., 122, 121, 120],
         [126, 126, 127,  ..., 119, 119, 119],
         [128, 127, 127,  ..., 116, 116, 116]]], dtype=torch.uint8), 'sem_seg': tensor([[ 2,  2,  2,  ...,  2,  2,  2],
        [ 2,  2,  2,  ...,  2,  2,  2],
        [ 2,  2,  2,  ...,  2,  2,  2],
        ...,
        [ 0,  0,  0,  ..., 13, 13, 13],
        [ 0,  0,  0,  ..., 13, 13, 13],
        [ 0,  0,  0,  ..., 13, 13, 13]]), 'instances': Instances(num_instances=26, image_height=768, image_width=768, fields=[gt_classes: tensor([ 0,  2, 13,  0,  2, 13,  2, 13,  2, 13,  2, 13,  2,  2,  2, 13, 13,  2,
        13, 13, 13,  2, 13, 13, 13, 13]), gt_masks: tensor([[[False, False, False,  ..., False, False, False],
         [False, False, False,  ..., False, False, False],
         [False, False, False,  ..., False, False, False],
         ...,
         [False, False, False,  ..., False, False, False],
         [False, False, False,  ..., False, False, False],
         [False, False, False,  ..., False, False, False]],

        [[False, False, False,  ..., False, False, False],
         [False, False, False,  ..., False, False, False],
         [False, False, False,  ..., False, False, False],
         ...,
         [False, False, False,  ..., False, False, False],
         [False, False, False,  ..., False, False, False],
         [False, False, False,  ..., False, False, False]],

        [[False, False, False,  ..., False, False, False],
         [False, False, False,  ..., False, False, False],
         [False, False, False,  ..., False, False, False],
         ...,
         [False, False, False,  ..., False, False, False],
         [False, False, False,  ..., False, False, False],
         [False, False, False,  ..., False, False, False]],

        ...,

        [[False, False, False,  ..., False, False, False],
         [False, False, False,  ..., False, False, False],
         [False, False, False,  ..., False, False, False],
         ...,
         [False, False, False,  ..., False, False, False],
         [False, False, False,  ..., False, False, False],
         [False, False, False,  ..., False, False, False]],

        [[False, False, False,  ..., False, False, False],
         [False, False, False,  ..., False, False, False],
         [False, False, False,  ..., False, False, False],
         ...,
         [False, False, False,  ..., False, False, False],
         [False, False, False,  ..., False, False, False],
         [False, False, False,  ..., False, False, False]],

        [[False, False, False,  ..., False, False, False],
         [False, False, False,  ..., False, False, False],
         [False, False, False,  ..., False, False, False],
         ...,
         [False, False, False,  ..., False, False, False],
         [False, False, False,  ..., False, False, False],
         [False, False, False,  ..., False, False, False]]])])}
[02/28 06:22:17 mask2former.data.dataset_mappers.mask_former_semantic_dataset_mapper]: None
[02/28 06:22:17 mask2former.data.dataset_mappers.mask_former_semantic_dataset_mapper]: output dataset_dict: {'file_name': '/cpfs01/projects-HDD/pujianxiangmuzu_HDD/public/mr/./leftImg8bit_trainvaltest/leftImg8bit/train/monchengladbach/monchengladbach_000001_002229_leftImg8bit.png', 'width': 2048, 'height': 1024, 'image': tensor([[[255, 255, 255,  ...,  76,  76,  76],
         [255, 255, 255,  ...,  72,  72,  73],
         [255, 255, 255,  ...,  70,  70,  70],
         ...,
         [130, 130, 130,  ..., 130, 130, 130],
         [129, 129, 129,  ..., 130, 130, 130],
         [128, 128, 128,  ..., 130, 130, 130]],

        [[255, 255, 255,  ...,  88,  88,  89],
         [255, 255, 255,  ...,  84,  84,  85],
         [255, 255, 255,  ...,  83,  82,  82],
         ...,
         [127, 127, 128,  ..., 131, 131, 131],
         [126, 126, 127,  ..., 132, 132, 131],
         [126, 126, 126,  ..., 132, 132, 131]],

        [[255, 255, 255,  ...,  64,  63,  61],
         [255, 255, 255,  ...,  60,  59,  57],
         [255, 255, 255,  ...,  59,  57,  56],
         ...,
         [106, 106, 107,  ..., 115, 115, 115],
         [105, 105, 106,  ..., 116, 116, 115],
         [105, 105, 106,  ..., 115, 115, 114]]], dtype=torch.uint8), 'sem_seg': tensor([[2, 2, 2,  ..., 8, 8, 8],
        [2, 2, 2,  ..., 8, 8, 8],
        [2, 2, 2,  ..., 8, 8, 8],
        ...,
        [1, 1, 1,  ..., 1, 1, 1],
        [1, 1, 1,  ..., 1, 1, 1],
        [1, 1, 1,  ..., 1, 1, 1]]), 'instances': Instances(num_instances=17, image_height=768, image_width=768, fields=[gt_classes: tensor([2, 4, 5, 8, 1, 2, 4, 1, 2, 1, 2, 1, 2, 4, 1, 2, 2]), gt_masks: tensor([[[False, False, False,  ..., False, False, False],
         [False, False, False,  ..., False, False, False],
         [False, False, False,  ..., False, False, False],
         ...,
         [False, False, False,  ..., False, False, False],
         [False, False, False,  ..., False, False, False],
         [False, False, False,  ..., False, False, False]],

        [[False, False, False,  ..., False, False, False],
         [False, False, False,  ..., False, False, False],
         [False, False, False,  ..., False, False, False],
         ...,
         [False, False, False,  ..., False, False, False],
         [False, False, False,  ..., False, False, False],
         [False, False, False,  ..., False, False, False]],

        [[False, False, False,  ..., False, False, False],
         [False, False, False,  ..., False, False, False],
         [False, False, False,  ..., False, False, False],
         ...,
         [False, False, False,  ..., False, False, False],
         [False, False, False,  ..., False, False, False],
         [False, False, False,  ..., False, False, False]],

        ...,

        [[False, False, False,  ..., False, False, False],
         [False, False, False,  ..., False, False, False],
         [False, False, False,  ..., False, False, False],
         ...,
         [False, False, False,  ..., False, False, False],
         [False, False, False,  ..., False, False, False],
         [False, False, False,  ..., False, False, False]],

        [[False, False, False,  ..., False, False, False],
         [False, False, False,  ..., False, False, False],
         [False, False, False,  ..., False, False, False],
         ...,
         [False, False, False,  ..., False, False, False],
         [False, False, False,  ..., False, False, False],
         [False, False, False,  ..., False, False, False]],

        [[False, False, False,  ..., False, False, False],
         [False, False, False,  ..., False, False, False],
         [False, False, False,  ..., False, False, False],
         ...,
         [False, False, False,  ..., False, False, False],
         [False, False, False,  ..., False, False, False],
         [False, False, False,  ..., False, False, False]]])])}
[02/28 06:22:17 mask2former.data.dataset_mappers.mask_former_semantic_dataset_mapper]: None
[02/28 06:22:17 d2.utils.events]:  eta: 1:22:52  iter: 59  total_loss: 89.35  loss_ce: 4.661  loss_mask: 0.7869  loss_dice: 4.868  loss_ce_0: 5.118  loss_mask_0: 0.6715  loss_dice_0: 4.61  loss_ce_1: 2.81  loss_mask_1: 0.6774  loss_dice_1: 4.573  loss_ce_2: 2.57  loss_mask_2: 0.6954  loss_dice_2: 4.521  loss_ce_3: 2.63  loss_mask_3: 0.7178  loss_dice_3: 4.545  loss_ce_4: 2.669  loss_mask_4: 0.6847  loss_dice_4: 4.512  loss_ce_5: 3.022  loss_mask_5: 0.6666  loss_dice_5: 4.606  loss_ce_6: 3.46  loss_mask_6: 0.6384  loss_dice_6: 4.646  loss_ce_7: 4.113  loss_mask_7: 0.6687  loss_dice_7: 4.779  loss_ce_8: 4.489  loss_mask_8: 0.6858  loss_dice_8: 4.828    time: 0.5151  last_time: 0.7148  data_time: 0.0106  last_data_time: 0.0169   lr: 9.9469e-05  max_mem: 5809M
[02/28 06:22:18 mask2former.data.dataset_mappers.mask_former_semantic_dataset_mapper]: output dataset_dict: {'file_name': '/cpfs01/projects-HDD/pujianxiangmuzu_HDD/public/mr/./leftImg8bit_trainvaltest/leftImg8bit/train/cologne/cologne_000101_000019_leftImg8bit.png', 'width': 2048, 'height': 1024, 'image': tensor([[[255, 255, 255,  ..., 230, 225, 214],
         [255, 255, 255,  ..., 227, 222, 212],
         [255, 255, 255,  ..., 224, 216, 208],
         ...,
         [ 89,  89,  89,  ...,  91,  91,  88],
         [ 91,  89,  88,  ...,  89,  91,  89],
         [ 91,  89,  88,  ...,  89,  91,  91]],

        [[255, 255, 255,  ..., 250, 238, 219],
         [255, 255, 255,  ..., 249, 237, 221],
         [255, 255, 255,  ..., 245, 232, 221],
         ...,
         [103, 103, 103,  ..., 104, 104, 103],
         [104, 101, 101,  ..., 103, 104, 104],
         [104, 101, 100,  ..., 103, 104, 105]],

        [[218, 237, 255,  ..., 236, 224, 208],
         [255, 255, 255,  ..., 238, 224, 209],
         [255, 255, 255,  ..., 237, 221, 207],
         ...,
         [ 98,  97,  95,  ...,  95,  95,  94],
         [ 98,  95,  94,  ...,  94,  95,  95],
         [ 98,  95,  94,  ...,  94,  95,  95]]], dtype=torch.uint8), 'sem_seg': tensor([[8, 8, 8,  ..., 2, 2, 2],
        [8, 8, 8,  ..., 2, 2, 2],
        [8, 8, 8,  ..., 2, 2, 2],
        ...,
        [0, 0, 0,  ..., 0, 0, 0],
        [0, 0, 0,  ..., 0, 0, 0],
        [0, 0, 0,  ..., 0, 0, 0]]), 'instances': Instances(num_instances=22, image_height=768, image_width=768, fields=[gt_classes: tensor([ 0,  1,  2,  5,  6,  7,  8, 10, 11, 13,  0,  1,  2,  0,  0,  0,  8,  2,
         2,  8,  8,  8]), gt_masks: tensor([[[False, False, False,  ..., False, False, False],
         [False, False, False,  ..., False, False, False],
         [False, False, False,  ..., False, False, False],
         ...,
         [False, False, False,  ..., False, False, False],
         [False, False, False,  ..., False, False, False],
         [False, False, False,  ..., False, False, False]],

        [[False, False, False,  ..., False, False, False],
         [False, False, False,  ..., False, False, False],
         [False, False, False,  ..., False, False, False],
         ...,
         [False, False, False,  ..., False, False, False],
         [False, False, False,  ..., False, False, False],
         [False, False, False,  ..., False, False, False]],

        [[False, False, False,  ...,  True,  True,  True],
         [False, False, False,  ...,  True,  True,  True],
         [False, False, False,  ...,  True,  True,  True],
         ...,
         [False, False, False,  ..., False, False, False],
         [False, False, False,  ..., False, False, False],
         [False, False, False,  ..., False, False, False]],

        ...,

        [[False, False, False,  ..., False, False, False],
         [False, False, False,  ..., False, False, False],
         [False, False, False,  ..., False, False, False],
         ...,
         [False, False, False,  ..., False, False, False],
         [False, False, False,  ..., False, False, False],
         [False, False, False,  ..., False, False, False]],

        [[False, False, False,  ..., False, False, False],
         [False, False, False,  ..., False, False, False],
         [False, False, False,  ..., False, False, False],
         ...,
         [False, False, False,  ..., False, False, False],
         [False, False, False,  ..., False, False, False],
         [False, False, False,  ..., False, False, False]],

        [[ True,  True,  True,  ..., False, False, False],
         [ True,  True, False,  ..., False, False, False],
         [ True, False, False,  ..., False, False, False],
         ...,
         [False, False, False,  ..., False, False, False],
         [False, False, False,  ..., False, False, False],
         [False, False, False,  ..., False, False, False]]])])}
[02/28 06:22:18 mask2former.data.dataset_mappers.mask_former_semantic_dataset_mapper]: None
[02/28 06:22:18 mask2former.data.dataset_mappers.mask_former_semantic_dataset_mapper]: output dataset_dict: {'file_name': '/cpfs01/projects-HDD/pujianxiangmuzu_HDD/public/mr/./leftImg8bit_trainvaltest/leftImg8bit/train/hamburg/hamburg_000000_025802_leftImg8bit.png', 'width': 2048, 'height': 1024, 'image': tensor([[[ 28,  27,  27,  ...,  27,  27,  27],
         [ 27,  27,  27,  ...,  28,  28,  27],
         [ 27,  27,  27,  ...,  28,  28,  28],
         ...,
         [100, 100,  99,  ...,  84,  82,  81],
         [100, 100, 100,  ...,  85,  85,  84],
         [100, 100, 100,  ...,  85,  84,  84]],

        [[ 32,  31,  31,  ...,  32,  32,  32],
         [ 32,  31,  31,  ...,  33,  32,  33],
         [ 32,  31,  31,  ...,  34,  33,  34],
         ...,
         [105, 105, 103,  ...,  91,  88,  87],
         [106, 106, 104,  ...,  91,  91,  89],
         [106, 106, 104,  ...,  91,  90,  89]],

        [[ 30,  29,  29,  ...,  26,  27,  26],
         [ 30,  29,  29,  ...,  26,  26,  26],
         [ 30,  29,  29,  ...,  27,  26,  27],
         ...,
         [ 99,  99,  97,  ...,  78,  75,  75],
         [ 99, 100,  98,  ...,  79,  78,  77],
         [ 99, 100,  98,  ...,  79,  78,  77]]], dtype=torch.uint8), 'sem_seg': tensor([[2, 2, 2,  ..., 8, 8, 8],
        [2, 2, 2,  ..., 8, 8, 8],
        [2, 2, 2,  ..., 8, 8, 8],
        ...,
        [0, 0, 0,  ..., 0, 0, 0],
        [0, 0, 0,  ..., 0, 0, 0],
        [0, 0, 0,  ..., 0, 0, 0]]), 'instances': Instances(num_instances=21, image_height=768, image_width=768, fields=[gt_classes: tensor([ 0,  2,  5,  8,  9, 10, 11, 13, 15,  0,  8,  0,  8, 13,  0,  2,  8,  2,
         8,  8,  8]), gt_masks: tensor([[[False, False, False,  ..., False, False, False],
         [False, False, False,  ..., False, False, False],
         [False, False, False,  ..., False, False, False],
         ...,
         [False, False, False,  ..., False, False, False],
         [False, False, False,  ..., False, False, False],
         [False, False, False,  ..., False, False, False]],

        [[False, False, False,  ..., False, False, False],
         [False, False, False,  ..., False, False, False],
         [False, False, False,  ..., False, False, False],
         ...,
         [False, False, False,  ..., False, False, False],
         [False, False, False,  ..., False, False, False],
         [False, False, False,  ..., False, False, False]],

        [[False, False, False,  ..., False, False, False],
         [False, False, False,  ..., False, False, False],
         [False, False, False,  ..., False, False, False],
         ...,
         [False, False, False,  ..., False, False, False],
         [False, False, False,  ..., False, False, False],
         [False, False, False,  ..., False, False, False]],

        ...,

        [[False, False, False,  ..., False, False, False],
         [False, False, False,  ..., False, False, False],
         [False, False, False,  ..., False, False, False],
         ...,
         [False, False, False,  ..., False, False, False],
         [False, False, False,  ..., False, False, False],
         [False, False, False,  ..., False, False, False]],

        [[False, False, False,  ..., False, False, False],
         [False, False, False,  ..., False, False, False],
         [False, False, False,  ..., False, False, False],
         ...,
         [False, False, False,  ..., False, False, False],
         [False, False, False,  ..., False, False, False],
         [False, False, False,  ..., False, False, False]],

        [[False, False, False,  ..., False, False, False],
         [False, False, False,  ..., False, False, False],
         [False, False, False,  ..., False, False, False],
         ...,
         [False, False, False,  ..., False, False, False],
         [False, False, False,  ..., False, False, False],
         [False, False, False,  ..., False, False, False]]])])}
[02/28 06:22:18 mask2former.data.dataset_mappers.mask_former_semantic_dataset_mapper]: None
[02/28 06:22:18 mask2former.data.dataset_mappers.mask_former_semantic_dataset_mapper]: output dataset_dict: {'file_name': '/cpfs01/projects-HDD/pujianxiangmuzu_HDD/public/mr/./leftImg8bit_trainvaltest/leftImg8bit/train/hamburg/hamburg_000000_071675_leftImg8bit.png', 'width': 2048, 'height': 1024, 'image': tensor([[[44, 31, 22,  ..., 57, 54, 52],
         [45, 33, 21,  ..., 53, 52, 48],
         [44, 34, 24,  ..., 46, 44, 39],
         ...,
         [64, 64, 64,  ..., 82, 82, 83],
         [64, 64, 64,  ..., 82, 82, 82],
         [64, 64, 64,  ..., 82, 82, 81]],

        [[66, 53, 34,  ..., 65, 64, 60],
         [66, 54, 35,  ..., 62, 60, 57],
         [64, 54, 37,  ..., 56, 53, 48],
         ...,
         [73, 72, 73,  ..., 92, 92, 91],
         [73, 72, 73,  ..., 92, 92, 92],
         [73, 72, 73,  ..., 92, 92, 92]],

        [[67, 54, 32,  ..., 62, 61, 56],
         [65, 53, 32,  ..., 59, 58, 54],
         [62, 52, 33,  ..., 54, 51, 46],
         ...,
         [69, 67, 66,  ..., 84, 84, 85],
         [69, 67, 66,  ..., 84, 84, 85],
         [69, 67, 66,  ..., 84, 84, 83]]], dtype=torch.uint8), 'sem_seg': tensor([[255, 255, 255,  ..., 255, 255, 255],
        [255, 255, 255,  ..., 255, 255, 255],
        [255, 255, 255,  ..., 255, 255, 255],
        ...,
        [255, 255, 255,  ..., 255, 255, 255],
        [255, 255, 255,  ..., 255, 255, 255],
        [255, 255, 255,  ..., 255, 255, 255]]), 'instances': Instances(num_instances=38, image_height=614, image_width=768, fields=[gt_classes: tensor([ 0,  1,  2,  4,  5,  6,  7,  8,  9, 10, 11, 13, 17, 18,  0,  1,  7,  8,
        10, 11,  0,  1,  7,  8, 10, 13,  0,  1,  7,  8, 10,  0,  1,  7, 10, 13,
         1,  1]), gt_masks: tensor([[[False, False, False,  ..., False, False, False],
         [False, False, False,  ..., False, False, False],
         [False, False, False,  ..., False, False, False],
         ...,
         [False, False, False,  ..., False, False, False],
         [False, False, False,  ..., False, False, False],
         [False, False, False,  ..., False, False, False]],

        [[False, False, False,  ..., False, False, False],
         [False, False, False,  ..., False, False, False],
         [False, False, False,  ..., False, False, False],
         ...,
         [False, False, False,  ..., False, False, False],
         [False, False, False,  ..., False, False, False],
         [False, False, False,  ..., False, False, False]],

        [[False, False, False,  ..., False, False, False],
         [False, False, False,  ..., False, False, False],
         [False, False, False,  ..., False, False, False],
         ...,
         [False, False, False,  ..., False, False, False],
         [False, False, False,  ..., False, False, False],
         [False, False, False,  ..., False, False, False]],

        ...,

        [[False, False, False,  ..., False, False, False],
         [False, False, False,  ..., False, False, False],
         [False, False, False,  ..., False, False, False],
         ...,
         [False, False, False,  ..., False, False, False],
         [False, False, False,  ..., False, False, False],
         [False, False, False,  ..., False, False, False]],

        [[False, False, False,  ..., False, False, False],
         [False, False, False,  ..., False, False, False],
         [False, False, False,  ..., False, False, False],
         ...,
         [False, False, False,  ..., False, False, False],
         [False, False, False,  ..., False, False, False],
         [False, False, False,  ..., False, False, False]],

        [[False, False, False,  ..., False, False, False],
         [False, False, False,  ..., False, False, False],
         [False, False, False,  ..., False, False, False],
         ...,
         [False, False, False,  ..., False, False, False],
         [False, False, False,  ..., False, False, False],
         [False, False, False,  ..., False, False, False]]])])}
[02/28 06:22:18 mask2former.data.dataset_mappers.mask_former_semantic_dataset_mapper]: None
[02/28 06:22:18 mask2former.data.dataset_mappers.mask_former_semantic_dataset_mapper]: output dataset_dict: {'file_name': '/cpfs01/projects-HDD/pujianxiangmuzu_HDD/public/mr/./leftImg8bit_trainvaltest/leftImg8bit/train/jena/jena_000097_000019_leftImg8bit.png', 'width': 2048, 'height': 1024, 'image': tensor([[[255, 255, 255,  ...,  96, 107, 117],
         [255, 255, 255,  ...,  90,  88,  95],
         [255, 255, 255,  ...,  96,  90,  94],
         ...,
         [136, 136, 139,  ...,  92,  92,  92],
         [136, 137, 140,  ...,  88,  90,  88],
         [133, 135, 137,  ...,  90,  92,  92]],

        [[255, 255, 255,  ..., 122, 136, 137],
         [255, 255, 255,  ..., 113, 114, 113],
         [255, 255, 255,  ..., 116, 113, 110],
         ...,
         [155, 156, 158,  ..., 107, 106, 106],
         [155, 156, 159,  ..., 103, 105, 103],
         [154, 155, 158,  ..., 103, 105, 105]],

        [[255, 255, 255,  ...,  90, 103, 103],
         [255, 255, 255,  ...,  83,  84,  83],
         [255, 255, 255,  ...,  85,  80,  80],
         ...,
         [126, 126, 129,  ...,  87,  85,  85],
         [126, 129, 131,  ...,  84,  87,  84],
         [125, 126, 129,  ...,  84,  90,  90]]], dtype=torch.uint8), 'sem_seg': tensor([[  5,   5,   5,  ...,   8,   8,   8],
        [  5,   5,   5,  ...,   8,   8,   8],
        [  5,   5,   5,  ...,   8,   8,   8],
        ...,
        [  1,   1,   1,  ..., 255, 255, 255],
        [  1,   1,   1,  ..., 255, 255, 255],
        [  1,   1,   1,  ..., 255, 255, 255]]), 'instances': Instances(num_instances=35, image_height=768, image_width=768, fields=[gt_classes: tensor([ 0,  1,  2,  4,  5,  6,  7,  8, 10, 11, 13,  0,  1,  2,  4,  5,  8, 10,
         1,  4,  5, 10,  1, 10,  1,  2, 10,  2, 10,  2,  2,  2,  2,  2,  2]), gt_masks: tensor([[[False, False, False,  ..., False, False, False],
         [False, False, False,  ..., False, False, False],
         [False, False, False,  ..., False, False, False],
         ...,
         [False, False, False,  ..., False, False, False],
         [False, False, False,  ..., False, False, False],
         [False, False, False,  ..., False, False, False]],

        [[False, False, False,  ..., False, False, False],
         [False, False, False,  ..., False, False, False],
         [False, False, False,  ..., False, False, False],
         ...,
         [False, False, False,  ..., False, False, False],
         [False, False, False,  ..., False, False, False],
         [False, False, False,  ..., False, False, False]],

        [[False, False, False,  ..., False, False, False],
         [False, False, False,  ..., False, False, False],
         [False, False, False,  ..., False, False, False],
         ...,
         [False, False, False,  ..., False, False, False],
         [False, False, False,  ..., False, False, False],
         [False, False, False,  ..., False, False, False]],

        ...,

        [[False, False, False,  ..., False, False, False],
         [False, False, False,  ..., False, False, False],
         [False, False, False,  ..., False, False, False],
         ...,
         [False, False, False,  ..., False, False, False],
         [False, False, False,  ..., False, False, False],
         [False, False, False,  ..., False, False, False]],

        [[False, False, False,  ..., False, False, False],
         [False, False, False,  ..., False, False, False],
         [False, False, False,  ..., False, False, False],
         ...,
         [False, False, False,  ..., False, False, False],
         [False, False, False,  ..., False, False, False],
         [False, False, False,  ..., False, False, False]],

        [[False, False, False,  ..., False, False, False],
         [False, False, False,  ..., False, False, False],
         [False, False, False,  ..., False, False, False],
         ...,
         [False, False, False,  ..., False, False, False],
         [False, False, False,  ..., False, False, False],
         [False, False, False,  ..., False, False, False]]])])}
[02/28 06:22:18 mask2former.data.dataset_mappers.mask_former_semantic_dataset_mapper]: None
[02/28 06:22:18 mask2former.data.dataset_mappers.mask_former_semantic_dataset_mapper]: output dataset_dict: {'file_name': '/cpfs01/projects-HDD/pujianxiangmuzu_HDD/public/mr/./leftImg8bit_trainvaltest/leftImg8bit/train/bremen/bremen_000123_000019_leftImg8bit.png', 'width': 2048, 'height': 1024, 'image': tensor([[[ 9,  9,  8,  ..., 18, 17, 17],
         [ 3,  6,  8,  ..., 20, 18, 18],
         [ 4,  1,  4,  ..., 25, 25, 25],
         ...,
         [34, 35, 36,  ..., 31, 31, 31],
         [36, 34, 36,  ..., 31, 31, 31],
         [36, 34, 36,  ..., 31, 31, 31]],

        [[28, 31, 29,  ..., 27, 26, 27],
         [22, 27, 27,  ..., 30, 29, 29],
         [18, 18, 18,  ..., 37, 36, 37],
         ...,
         [52, 51, 52,  ..., 46, 46, 45],
         [52, 52, 52,  ..., 46, 46, 46],
         [52, 52, 52,  ..., 45, 46, 46]],

        [[17, 17, 16,  ..., 28, 27, 25],
         [12, 17, 17,  ..., 29, 28, 27],
         [ 9,  9,  9,  ..., 32, 34, 31],
         ...,
         [44, 41, 41,  ..., 38, 38, 36],
         [42, 42, 41,  ..., 38, 38, 38],
         [42, 42, 41,  ..., 38, 39, 40]]], dtype=torch.uint8), 'sem_seg': tensor([[255, 255, 255,  ..., 255, 255, 255],
        [255, 255, 255,  ..., 255, 255, 255],
        [255, 255, 255,  ..., 255, 255, 255],
        ...,
        [255, 255, 255,  ..., 255, 255, 255],
        [255, 255, 255,  ..., 255, 255, 255],
        [255, 255, 255,  ..., 255, 255, 255]]), 'instances': Instances(num_instances=33, image_height=716, image_width=768, fields=[gt_classes: tensor([ 0,  1,  2,  4,  5,  7,  8, 10, 13,  0,  1,  2,  8, 10, 13,  2,  8, 10,
        13,  8, 13,  8, 13,  2,  8, 13,  8, 13, 13,  8,  8,  8,  2]), gt_masks: tensor([[[False, False, False,  ..., False, False, False],
         [False, False, False,  ..., False, False, False],
         [False, False, False,  ..., False, False, False],
         ...,
         [False, False, False,  ..., False, False, False],
         [False, False, False,  ..., False, False, False],
         [False, False, False,  ..., False, False, False]],

        [[False, False, False,  ..., False, False, False],
         [False, False, False,  ..., False, False, False],
         [False, False, False,  ..., False, False, False],
         ...,
         [False, False, False,  ..., False, False, False],
         [False, False, False,  ..., False, False, False],
         [False, False, False,  ..., False, False, False]],

        [[False, False, False,  ..., False, False, False],
         [False, False, False,  ..., False, False, False],
         [False, False, False,  ..., False, False, False],
         ...,
         [False, False, False,  ..., False, False, False],
         [False, False, False,  ..., False, False, False],
         [False, False, False,  ..., False, False, False]],

        ...,

        [[False, False, False,  ..., False, False, False],
         [False, False, False,  ..., False, False, False],
         [False, False, False,  ..., False, False, False],
         ...,
         [False, False, False,  ..., False, False, False],
         [False, False, False,  ..., False, False, False],
         [False, False, False,  ..., False, False, False]],

        [[False, False, False,  ..., False, False, False],
         [False, False, False,  ..., False, False, False],
         [False, False, False,  ..., False, False, False],
         ...,
         [False, False, False,  ..., False, False, False],
         [False, False, False,  ..., False, False, False],
         [False, False, False,  ..., False, False, False]],

        [[False, False, False,  ..., False, False, False],
         [False, False, False,  ..., False, False, False],
         [False, False, False,  ..., False, False, False],
         ...,
         [False, False, False,  ..., False, False, False],
         [False, False, False,  ..., False, False, False],
         [False, False, False,  ..., False, False, False]]])])}
[02/28 06:22:18 mask2former.data.dataset_mappers.mask_former_semantic_dataset_mapper]: None
[02/28 06:22:19 mask2former.data.dataset_mappers.mask_former_semantic_dataset_mapper]: output dataset_dict: {'file_name': '/cpfs01/projects-HDD/pujianxiangmuzu_HDD/public/mr/./leftImg8bit_trainvaltest/leftImg8bit/train/stuttgart/stuttgart_000135_000019_leftImg8bit.png', 'width': 2048, 'height': 1024, 'image': tensor([[[110, 110, 111,  ..., 119, 119, 119],
         [110, 110, 112,  ..., 119, 119, 119],
         [110, 111, 113,  ..., 120, 120, 120],
         ...,
         [ 52,  47,  39,  ...,  64,  63,  63],
         [ 32,  28,  23,  ...,  57,  56,  56],
         [ 26,  25,  23,  ...,  51,  51,  51]],

        [[122, 122, 122,  ..., 127, 127, 127],
         [122, 122, 122,  ..., 127, 127, 127],
         [122, 122, 122,  ..., 128, 128, 128],
         ...,
         [ 76,  74,  71,  ...,  26,  25,  25],
         [ 59,  57,  56,  ...,  19,  20,  18],
         [ 46,  46,  47,  ...,  16,  16,  16]],

        [[119, 119, 119,  ..., 123, 123, 123],
         [119, 119, 119,  ..., 123, 123, 123],
         [118, 119, 120,  ..., 123, 123, 123],
         ...,
         [ 66,  64,  61,  ...,  15,  14,  14],
         [ 55,  54,  53,  ...,   9,   9,   8],
         [ 51,  51,  51,  ...,   7,   7,   7]]], dtype=torch.uint8), 'sem_seg': tensor([[ 2,  2,  2,  ...,  2,  2,  2],
        [ 2,  2,  2,  ...,  2,  2,  2],
        [ 2,  2,  2,  ...,  2,  2,  2],
        ...,
        [13, 13, 13,  ..., 13, 13, 13],
        [13, 13, 13,  ..., 13, 13, 13],
        [13, 13, 13,  ..., 13, 13, 13]]), 'instances': Instances(num_instances=21, image_height=768, image_width=768, fields=[gt_classes: tensor([ 2,  5,  7, 13,  2,  7, 13, 13,  2,  2, 13, 13, 13, 13, 13, 13, 13, 13,
         2,  2,  2]), gt_masks: tensor([[[False, False, False,  ..., False, False, False],
         [False, False, False,  ..., False, False, False],
         [False, False, False,  ..., False, False, False],
         ...,
         [False, False, False,  ..., False, False, False],
         [False, False, False,  ..., False, False, False],
         [False, False, False,  ..., False, False, False]],

        [[False, False, False,  ..., False, False, False],
         [False, False, False,  ..., False, False, False],
         [False, False, False,  ..., False, False, False],
         ...,
         [False, False, False,  ..., False, False, False],
         [False, False, False,  ..., False, False, False],
         [False, False, False,  ..., False, False, False]],

        [[False, False, False,  ..., False, False, False],
         [False, False, False,  ..., False, False, False],
         [False, False, False,  ..., False, False, False],
         ...,
         [False, False, False,  ..., False, False, False],
         [False, False, False,  ..., False, False, False],
         [False, False, False,  ..., False, False, False]],

        ...,

        [[False, False, False,  ..., False, False, False],
         [False, False, False,  ..., False, False, False],
         [False, False, False,  ..., False, False, False],
         ...,
         [False, False, False,  ..., False, False, False],
         [False, False, False,  ..., False, False, False],
         [False, False, False,  ..., False, False, False]],

        [[False, False, False,  ..., False, False, False],
         [False, False, False,  ..., False, False, False],
         [False, False, False,  ..., False, False, False],
         ...,
         [False, False, False,  ..., False, False, False],
         [False, False, False,  ..., False, False, False],
         [False, False, False,  ..., False, False, False]],

        [[False, False, False,  ..., False, False, False],
         [False, False, False,  ..., False, False, False],
         [False, False, False,  ..., False, False, False],
         ...,
         [False, False, False,  ..., False, False, False],
         [False, False, False,  ..., False, False, False],
         [False, False, False,  ..., False, False, False]]])])}
[02/28 06:22:19 mask2former.data.dataset_mappers.mask_former_semantic_dataset_mapper]: None
[02/28 06:22:19 mask2former.data.dataset_mappers.mask_former_semantic_dataset_mapper]: output dataset_dict: {'file_name': '/cpfs01/projects-HDD/pujianxiangmuzu_HDD/public/mr/./leftImg8bit_trainvaltest/leftImg8bit/train/jena/jena_000043_000019_leftImg8bit.png', 'width': 2048, 'height': 1024, 'image': tensor([[[162, 163, 163,  ...,  43,  44,  45],
         [162, 163, 163,  ...,  44,  44,  45],
         [161, 162, 162,  ...,  45,  44,  44],
         ...,
         [ 71,  71,  71,  ...,  62,  62,  62],
         [ 71,  71,  71,  ...,  62,  62,  62],
         [ 70,  71,  70,  ...,  62,  60,  62]],

        [[179, 179, 179,  ...,  40,  41,  41],
         [178, 179, 179,  ...,  41,  41,  40],
         [177, 178, 178,  ...,  40,  41,  41],
         ...,
         [ 78,  78,  77,  ...,  74,  75,  75],
         [ 78,  77,  77,  ...,  74,  75,  74],
         [ 77,  77,  77,  ...,  75,  74,  76]],

        [[171, 170, 170,  ...,  29,  29,  28],
         [170, 170, 170,  ...,  30,  29,  28],
         [169, 169, 169,  ...,  30,  30,  29],
         ...,
         [ 62,  62,  61,  ...,  60,  60,  60],
         [ 62,  62,  61,  ...,  59,  60,  59],
         [ 61,  61,  61,  ...,  60,  59,  60]]], dtype=torch.uint8), 'sem_seg': tensor([[ 10,  10,  10,  ...,   2,   2,   2],
        [ 10,  10,  10,  ...,   2,   2,   2],
        [ 10,  10,  10,  ...,   2,   2,   2],
        ...,
        [255, 255, 255,  ...,   0,   0,   0],
        [255, 255, 255,  ...,   0,   0,   0],
        [255, 255, 255,  ...,   0,   0,   0]]), 'instances': Instances(num_instances=37, image_height=768, image_width=768, fields=[gt_classes: tensor([ 0,  1,  2,  4,  5,  6,  8, 10, 11,  0,  1,  2,  4,  8, 11,  0,  4,  8,
         0,  2,  4,  8,  2,  8,  0,  2,  8, 10,  0,  2,  0,  2,  2,  2,  2,  2,
         2]), gt_masks: tensor([[[False, False, False,  ..., False, False, False],
         [False, False, False,  ..., False, False, False],
         [False, False, False,  ..., False, False, False],
         ...,
         [False, False, False,  ..., False, False, False],
         [False, False, False,  ..., False, False, False],
         [False, False, False,  ..., False, False, False]],

        [[False, False, False,  ..., False, False, False],
         [False, False, False,  ..., False, False, False],
         [False, False, False,  ..., False, False, False],
         ...,
         [False, False, False,  ..., False, False, False],
         [False, False, False,  ..., False, False, False],
         [False, False, False,  ..., False, False, False]],

        [[False, False, False,  ..., False, False, False],
         [False, False, False,  ..., False, False, False],
         [False, False, False,  ..., False, False, False],
         ...,
         [False, False, False,  ..., False, False, False],
         [False, False, False,  ..., False, False, False],
         [False, False, False,  ..., False, False, False]],

        ...,

        [[False, False, False,  ..., False, False, False],
         [False, False, False,  ..., False, False, False],
         [False, False, False,  ..., False, False, False],
         ...,
         [False, False, False,  ..., False, False, False],
         [False, False, False,  ..., False, False, False],
         [False, False, False,  ..., False, False, False]],

        [[False, False, False,  ..., False, False, False],
         [False, False, False,  ..., False, False, False],
         [False, False, False,  ..., False, False, False],
         ...,
         [False, False, False,  ..., False, False, False],
         [False, False, False,  ..., False, False, False],
         [False, False, False,  ..., False, False, False]],

        [[False, False, False,  ..., False, False, False],
         [False, False, False,  ..., False, False, False],
         [False, False, False,  ..., False, False, False],
         ...,
         [False, False, False,  ..., False, False, False],
         [False, False, False,  ..., False, False, False],
         [False, False, False,  ..., False, False, False]]])])}
[02/28 06:22:19 mask2former.data.dataset_mappers.mask_former_semantic_dataset_mapper]: None
[02/28 06:22:19 mask2former.data.dataset_mappers.mask_former_semantic_dataset_mapper]: output dataset_dict: {'file_name': '/cpfs01/projects-HDD/pujianxiangmuzu_HDD/public/mr/./leftImg8bit_trainvaltest/leftImg8bit/train/cologne/cologne_000042_000019_leftImg8bit.png', 'width': 2048, 'height': 1024, 'image': tensor([[[ 62,  61,  61,  ..., 108, 103, 102],
         [ 62,  59,  59,  ..., 133, 130, 126],
         [ 61,  59,  59,  ..., 143, 143, 140],
         ...,
         [ 34,  35,  34,  ...,  41,  41,  42],
         [ 32,  35,  34,  ...,  39,  41,  42],
         [ 34,  35,  35,  ...,  41,  42,  42]],

        [[ 68,  66,  66,  ..., 137, 135, 133],
         [ 68,  66,  66,  ..., 155, 153, 149],
         [ 68,  65,  65,  ..., 162, 160, 159],
         ...,
         [ 51,  52,  51,  ...,  55,  55,  56],
         [ 49,  52,  51,  ...,  55,  55,  56],
         [ 51,  54,  52,  ...,  55,  56,  58]],

        [[ 42,  42,  42,  ..., 120, 120, 119],
         [ 44,  42,  42,  ..., 136, 135, 130],
         [ 42,  41,  42,  ..., 137, 137, 137],
         ...,
         [ 45,  48,  45,  ...,  49,  48,  49],
         [ 45,  46,  45,  ...,  48,  48,  49],
         [ 44,  45,  45,  ...,  49,  51,  51]]], dtype=torch.uint8), 'sem_seg': tensor([[ 2,  2,  2,  ..., 14, 14, 14],
        [ 2,  2,  2,  ..., 14, 14, 14],
        [ 2,  2,  2,  ..., 14, 14, 14],
        ...,
        [ 0,  0,  0,  ...,  0,  0,  0],
        [ 0,  0,  0,  ...,  0,  0,  0],
        [ 0,  0,  0,  ...,  0,  0,  0]]), 'instances': Instances(num_instances=21, image_height=768, image_width=768, fields=[gt_classes: tensor([ 0,  1,  2,  5,  6, 11, 13, 14,  0, 13, 14, 13, 14, 13, 14,  2,  2,  2,
        13, 13, 13]), gt_masks: tensor([[[False, False, False,  ..., False, False, False],
         [False, False, False,  ..., False, False, False],
         [False, False, False,  ..., False, False, False],
         ...,
         [False, False, False,  ..., False, False, False],
         [False, False, False,  ..., False, False, False],
         [False, False, False,  ..., False, False, False]],

        [[False, False, False,  ..., False, False, False],
         [False, False, False,  ..., False, False, False],
         [False, False, False,  ..., False, False, False],
         ...,
         [False, False, False,  ..., False, False, False],
         [False, False, False,  ..., False, False, False],
         [False, False, False,  ..., False, False, False]],

        [[False, False, False,  ..., False, False, False],
         [False, False, False,  ..., False, False, False],
         [False, False, False,  ..., False, False, False],
         ...,
         [False, False, False,  ..., False, False, False],
         [False, False, False,  ..., False, False, False],
         [False, False, False,  ..., False, False, False]],

        ...,

        [[False, False, False,  ..., False, False, False],
         [False, False, False,  ..., False, False, False],
         [False, False, False,  ..., False, False, False],
         ...,
         [False, False, False,  ..., False, False, False],
         [False, False, False,  ..., False, False, False],
         [False, False, False,  ..., False, False, False]],

        [[False, False, False,  ..., False, False, False],
         [False, False, False,  ..., False, False, False],
         [False, False, False,  ..., False, False, False],
         ...,
         [False, False, False,  ..., False, False, False],
         [False, False, False,  ..., False, False, False],
         [False, False, False,  ..., False, False, False]],

        [[False, False, False,  ..., False, False, False],
         [False, False, False,  ..., False, False, False],
         [False, False, False,  ..., False, False, False],
         ...,
         [False, False, False,  ..., False, False, False],
         [False, False, False,  ..., False, False, False],
         [False, False, False,  ..., False, False, False]]])])}
[02/28 06:22:19 mask2former.data.dataset_mappers.mask_former_semantic_dataset_mapper]: None
[02/28 06:22:20 mask2former.data.dataset_mappers.mask_former_semantic_dataset_mapper]: output dataset_dict: {'file_name': '/cpfs01/projects-HDD/pujianxiangmuzu_HDD/public/mr/./leftImg8bit_trainvaltest/leftImg8bit/train/stuttgart/stuttgart_000128_000019_leftImg8bit.png', 'width': 2048, 'height': 1024, 'image': tensor([[[37, 36, 37,  ..., 84, 85, 87],
         [39, 39, 39,  ..., 84, 85, 86],
         [39, 38, 39,  ..., 84, 86, 85],
         ...,
         [35, 34, 33,  ..., 37, 37, 35],
         [35, 34, 33,  ..., 37, 36, 35],
         [34, 33, 33,  ..., 37, 35, 35]],

        [[41, 41, 42,  ..., 94, 96, 97],
         [45, 45, 45,  ..., 95, 96, 96],
         [47, 46, 46,  ..., 96, 97, 96],
         ...,
         [45, 43, 43,  ..., 45, 46, 47],
         [44, 43, 42,  ..., 46, 45, 47],
         [43, 43, 42,  ..., 45, 45, 46]],

        [[30, 31, 29,  ..., 79, 80, 80],
         [31, 31, 32,  ..., 80, 82, 82],
         [33, 33, 34,  ..., 81, 83, 84],
         ...,
         [39, 39, 39,  ..., 40, 40, 41],
         [40, 39, 40,  ..., 41, 41, 40],
         [39, 39, 39,  ..., 40, 41, 40]]], dtype=torch.uint8), 'sem_seg': tensor([[  2,   2,   2,  ...,   2,   2,   2],
        [  2,   2,   2,  ...,   2,   2,   2],
        [  2,   2,   2,  ...,   2,   2,   2],
        ...,
        [255, 255, 255,  ...,   0,   0,   0],
        [255, 255, 255,  ...,   0,   0,   0],
        [255, 255, 255,  ...,   0,   0,   0]]), 'instances': Instances(num_instances=36, image_height=768, image_width=768, fields=[gt_classes: tensor([ 0,  1,  2,  5,  7,  8, 10, 13,  0,  2, 10, 13,  0,  2,  2,  2,  2,  2,
         2, 13,  2, 13,  2,  2,  2,  2,  2,  2, 13,  2, 13,  2, 13,  2, 13, 13]), gt_masks: tensor([[[False, False, False,  ..., False, False, False],
         [False, False, False,  ..., False, False, False],
         [False, False, False,  ..., False, False, False],
         ...,
         [False, False, False,  ..., False, False, False],
         [False, False, False,  ..., False, False, False],
         [False, False, False,  ..., False, False, False]],

        [[False, False, False,  ..., False, False, False],
         [False, False, False,  ..., False, False, False],
         [False, False, False,  ..., False, False, False],
         ...,
         [False, False, False,  ..., False, False, False],
         [False, False, False,  ..., False, False, False],
         [False, False, False,  ..., False, False, False]],

        [[False, False, False,  ..., False, False, False],
         [False, False, False,  ..., False, False, False],
         [False, False, False,  ..., False, False, False],
         ...,
         [False, False, False,  ..., False, False, False],
         [False, False, False,  ..., False, False, False],
         [False, False, False,  ..., False, False, False]],

        ...,

        [[False, False, False,  ..., False, False, False],
         [False, False, False,  ..., False, False, False],
         [False, False, False,  ..., False, False, False],
         ...,
         [False, False, False,  ..., False, False, False],
         [False, False, False,  ..., False, False, False],
         [False, False, False,  ..., False, False, False]],

        [[False, False, False,  ..., False, False, False],
         [False, False, False,  ..., False, False, False],
         [False, False, False,  ..., False, False, False],
         ...,
         [False, False, False,  ..., False, False, False],
         [False, False, False,  ..., False, False, False],
         [False, False, False,  ..., False, False, False]],

        [[False, False, False,  ..., False, False, False],
         [False, False, False,  ..., False, False, False],
         [False, False, False,  ..., False, False, False],
         ...,
         [False, False, False,  ..., False, False, False],
         [False, False, False,  ..., False, False, False],
         [False, False, False,  ..., False, False, False]]])])}
[02/28 06:22:20 mask2former.data.dataset_mappers.mask_former_semantic_dataset_mapper]: None
[02/28 06:22:20 mask2former.data.dataset_mappers.mask_former_semantic_dataset_mapper]: output dataset_dict: {'file_name': '/cpfs01/projects-HDD/pujianxiangmuzu_HDD/public/mr/./leftImg8bit_trainvaltest/leftImg8bit/train/hamburg/hamburg_000000_103075_leftImg8bit.png', 'width': 2048, 'height': 1024, 'image': tensor([[[ 27,  31,  34,  ...,  71,  95,  63],
         [ 45,  46,  49,  ...,  70,  94,  62],
         [ 60,  62,  62,  ...,  70,  91,  61],
         ...,
         [ 68,  67,  67,  ...,  74,  75,  74],
         [ 68,  67,  67,  ...,  74,  75,  74],
         [ 68,  67,  67,  ...,  74,  75,  73]],

        [[ 41,  43,  46,  ...,  79, 105,  82],
         [ 58,  59,  61,  ...,  79, 103,  80],
         [ 73,  74,  75,  ...,  79, 101,  79],
         ...,
         [ 74,  72,  72,  ...,  75,  76,  74],
         [ 74,  72,  72,  ...,  75,  76,  74],
         [ 74,  72,  72,  ...,  75,  76,  74]],

        [[ 40,  42,  45,  ...,  77, 103,  77],
         [ 57,  58,  60,  ...,  78, 101,  75],
         [ 71,  72,  74,  ...,  77,  99,  74],
         ...,
         [ 67,  66,  66,  ...,  67,  69,  67],
         [ 67,  66,  66,  ...,  67,  69,  67],
         [ 67,  66,  66,  ...,  67,  69,  67]]], dtype=torch.uint8), 'sem_seg': tensor([[255, 255, 255,  ..., 255, 255, 255],
        [255, 255, 255,  ..., 255, 255, 255],
        [255, 255, 255,  ..., 255, 255, 255],
        ...,
        [255, 255, 255,  ..., 255, 255, 255],
        [255, 255, 255,  ..., 255, 255, 255],
        [255, 255, 255,  ..., 255, 255, 255]]), 'instances': Instances(num_instances=47, image_height=716, image_width=768, fields=[gt_classes: tensor([ 0,  1,  2,  3,  4,  5,  7,  8,  9, 10, 11, 12, 13, 18,  0,  1,  2,  4,
         8, 10,  0,  1,  2,  4,  8, 10, 11,  0,  1,  2,  8, 11,  0,  1,  2,  8,
        11,  1,  2,  8,  1,  2,  8,  8,  2,  2,  2]), gt_masks: tensor([[[False, False, False,  ..., False, False, False],
         [False, False, False,  ..., False, False, False],
         [False, False, False,  ..., False, False, False],
         ...,
         [False, False, False,  ..., False, False, False],
         [False, False, False,  ..., False, False, False],
         [False, False, False,  ..., False, False, False]],

        [[False, False, False,  ..., False, False, False],
         [False, False, False,  ..., False, False, False],
         [False, False, False,  ..., False, False, False],
         ...,
         [False, False, False,  ..., False, False, False],
         [False, False, False,  ..., False, False, False],
         [False, False, False,  ..., False, False, False]],

        [[False, False, False,  ..., False, False, False],
         [False, False, False,  ..., False, False, False],
         [False, False, False,  ..., False, False, False],
         ...,
         [False, False, False,  ..., False, False, False],
         [False, False, False,  ..., False, False, False],
         [False, False, False,  ..., False, False, False]],

        ...,

        [[False, False, False,  ..., False, False, False],
         [False, False, False,  ..., False, False, False],
         [False, False, False,  ..., False, False, False],
         ...,
         [False, False, False,  ..., False, False, False],
         [False, False, False,  ..., False, False, False],
         [False, False, False,  ..., False, False, False]],

        [[False, False, False,  ..., False, False, False],
         [False, False, False,  ..., False, False, False],
         [False, False, False,  ..., False, False, False],
         ...,
         [False, False, False,  ..., False, False, False],
         [False, False, False,  ..., False, False, False],
         [False, False, False,  ..., False, False, False]],

        [[False, False, False,  ..., False, False, False],
         [False, False, False,  ..., False, False, False],
         [False, False, False,  ..., False, False, False],
         ...,
         [False, False, False,  ..., False, False, False],
         [False, False, False,  ..., False, False, False],
         [False, False, False,  ..., False, False, False]]])])}
[02/28 06:22:20 mask2former.data.dataset_mappers.mask_former_semantic_dataset_mapper]: None
[02/28 06:22:20 mask2former.data.dataset_mappers.mask_former_semantic_dataset_mapper]: output dataset_dict: {'file_name': '/cpfs01/projects-HDD/pujianxiangmuzu_HDD/public/mr/./leftImg8bit_trainvaltest/leftImg8bit/train/stuttgart/stuttgart_000113_000019_leftImg8bit.png', 'width': 2048, 'height': 1024, 'image': tensor([[[118, 140, 148,  ...,  53,  55,  53],
         [120, 144, 148,  ...,  54,  54,  54],
         [119, 144, 148,  ...,  54,  54,  55],
         ...,
         [ 55,  58,  57,  ...,  33,  34,  35],
         [ 54,  55,  54,  ...,  33,  33,  34],
         [ 54,  54,  53,  ...,  33,  33,  34]],

        [[114, 134, 144,  ...,  64,  65,  65],
         [115, 136, 144,  ...,  65,  65,  65],
         [114, 135, 143,  ...,  66,  66,  67],
         ...,
         [ 70,  72,  72,  ...,  46,  48,  49],
         [ 68,  70,  69,  ...,  45,  46,  48],
         [ 68,  69,  68,  ...,  46,  46,  48]],

        [[ 94, 114, 118,  ...,  54,  54,  56],
         [ 98, 118, 119,  ...,  55,  54,  58],
         [100, 118, 118,  ...,  56,  56,  59],
         ...,
         [ 69,  70,  71,  ...,  43,  44,  45],
         [ 67,  69,  68,  ...,  41,  42,  44],
         [ 66,  68,  67,  ...,  41,  42,  44]]], dtype=torch.uint8), 'sem_seg': tensor([[255, 255, 255,  ..., 255, 255, 255],
        [255, 255, 255,  ..., 255, 255, 255],
        [255, 255, 255,  ..., 255, 255, 255],
        ...,
        [255, 255, 255,  ...,   0,   0,   0],
        [255, 255, 255,  ..., 255, 255, 255],
        [255, 255, 255,  ..., 255, 255, 255]]), 'instances': Instances(num_instances=32, image_height=614, image_width=768, fields=[gt_classes: tensor([ 0,  1,  2,  4,  7,  8,  9, 10, 13,  0,  2,  4,  7,  8, 10,  0,  4,  8,
         0,  2,  8,  0,  8,  2,  8, 13, 13,  0,  0,  0,  0,  2]), gt_masks: tensor([[[False, False, False,  ..., False, False, False],
         [False, False, False,  ..., False, False, False],
         [False, False, False,  ..., False, False, False],
         ...,
         [False, False, False,  ..., False, False, False],
         [False, False, False,  ..., False, False, False],
         [False, False, False,  ..., False, False, False]],

        [[False, False, False,  ..., False, False, False],
         [False, False, False,  ..., False, False, False],
         [False, False, False,  ..., False, False, False],
         ...,
         [False, False, False,  ..., False, False, False],
         [False, False, False,  ..., False, False, False],
         [False, False, False,  ..., False, False, False]],

        [[False, False, False,  ..., False, False, False],
         [False, False, False,  ..., False, False, False],
         [False, False, False,  ..., False, False, False],
         ...,
         [False, False, False,  ..., False, False, False],
         [False, False, False,  ..., False, False, False],
         [False, False, False,  ..., False, False, False]],

        ...,

        [[False, False, False,  ..., False, False, False],
         [False, False, False,  ..., False, False, False],
         [False, False, False,  ..., False, False, False],
         ...,
         [False, False, False,  ..., False, False, False],
         [False, False, False,  ..., False, False, False],
         [False, False, False,  ..., False, False, False]],

        [[False, False, False,  ..., False, False, False],
         [False, False, False,  ..., False, False, False],
         [False, False, False,  ..., False, False, False],
         ...,
         [False, False, False,  ..., False, False, False],
         [False, False, False,  ..., False, False, False],
         [False, False, False,  ..., False, False, False]],

        [[False, False, False,  ..., False, False, False],
         [False, False, False,  ..., False, False, False],
         [False, False, False,  ..., False, False, False],
         ...,
         [False, False, False,  ..., False, False, False],
         [False, False, False,  ..., False, False, False],
         [False, False, False,  ..., False, False, False]]])])}
[02/28 06:22:20 mask2former.data.dataset_mappers.mask_former_semantic_dataset_mapper]: None
[02/28 06:22:20 mask2former.data.dataset_mappers.mask_former_semantic_dataset_mapper]: output dataset_dict: {'file_name': '/cpfs01/projects-HDD/pujianxiangmuzu_HDD/public/mr/./leftImg8bit_trainvaltest/leftImg8bit/train/tubingen/tubingen_000009_000019_leftImg8bit.png', 'width': 2048, 'height': 1024, 'image': tensor([[[ 69,  64,  61,  ...,  68,  68,  62],
         [105,  97,  97,  ...,  67,  69,  61],
         [132, 130, 127,  ...,  64,  65,  59],
         ...,
         [115, 117, 117,  ..., 120, 121, 121],
         [115, 117, 116,  ..., 121, 122, 123],
         [115, 116, 115,  ..., 122, 123, 125]],

        [[ 76,  74,  69,  ...,  80,  79,  76],
         [106,  99,  95,  ...,  75,  77,  74],
         [132, 128, 121,  ...,  72,  73,  71],
         ...,
         [128, 129, 128,  ..., 129, 129, 129],
         [128, 129, 128,  ..., 131, 131, 131],
         [128, 128, 127,  ..., 132, 132, 132]],

        [[ 39,  38,  35,  ...,  44,  48,  48],
         [ 72,  64,  61,  ...,  41,  46,  46],
         [100,  93,  85,  ...,  39,  43,  42],
         ...,
         [109, 110, 110,  ..., 114, 115, 115],
         [108, 109, 109,  ..., 115, 116, 116],
         [108, 109, 107,  ..., 116, 116, 117]]], dtype=torch.uint8), 'sem_seg': tensor([[2, 2, 2,  ..., 8, 8, 8],
        [2, 2, 2,  ..., 8, 8, 8],
        [2, 2, 2,  ..., 8, 8, 8],
        ...,
        [0, 0, 0,  ..., 0, 0, 0],
        [0, 0, 0,  ..., 0, 0, 0],
        [0, 0, 0,  ..., 0, 0, 0]]), 'instances': Instances(num_instances=28, image_height=768, image_width=768, fields=[gt_classes: tensor([ 0,  1,  2,  3,  5,  7,  8,  9, 11, 13,  0,  2, 13,  0,  9, 13,  2,  8,
         2,  2, 13,  8, 13,  8, 13,  8,  8,  8]), gt_masks: tensor([[[False, False, False,  ..., False, False, False],
         [False, False, False,  ..., False, False, False],
         [False, False, False,  ..., False, False, False],
         ...,
         [False, False, False,  ..., False, False, False],
         [False, False, False,  ..., False, False, False],
         [False, False, False,  ..., False, False, False]],

        [[False, False, False,  ..., False, False, False],
         [False, False, False,  ..., False, False, False],
         [False, False, False,  ..., False, False, False],
         ...,
         [False, False, False,  ..., False, False, False],
         [False, False, False,  ..., False, False, False],
         [False, False, False,  ..., False, False, False]],

        [[False, False, False,  ..., False, False, False],
         [False, False, False,  ..., False, False, False],
         [False, False, False,  ..., False, False, False],
         ...,
         [False, False, False,  ..., False, False, False],
         [False, False, False,  ..., False, False, False],
         [False, False, False,  ..., False, False, False]],

        ...,

        [[False, False, False,  ..., False, False, False],
         [False, False, False,  ..., False, False, False],
         [False, False, False,  ..., False, False, False],
         ...,
         [False, False, False,  ..., False, False, False],
         [False, False, False,  ..., False, False, False],
         [False, False, False,  ..., False, False, False]],

        [[False, False, False,  ..., False, False, False],
         [False, False, False,  ..., False, False, False],
         [False, False, False,  ..., False, False, False],
         ...,
         [False, False, False,  ..., False, False, False],
         [False, False, False,  ..., False, False, False],
         [False, False, False,  ..., False, False, False]],

        [[False, False, False,  ..., False, False, False],
         [False, False, False,  ..., False, False, False],
         [False, False, False,  ..., False, False, False],
         ...,
         [False, False, False,  ..., False, False, False],
         [False, False, False,  ..., False, False, False],
         [False, False, False,  ..., False, False, False]]])])}
[02/28 06:22:20 mask2former.data.dataset_mappers.mask_former_semantic_dataset_mapper]: None
[02/28 06:22:21 mask2former.data.dataset_mappers.mask_former_semantic_dataset_mapper]: output dataset_dict: {'file_name': '/cpfs01/projects-HDD/pujianxiangmuzu_HDD/public/mr/./leftImg8bit_trainvaltest/leftImg8bit/train/aachen/aachen_000130_000019_leftImg8bit.png', 'width': 2048, 'height': 1024, 'image': tensor([[[65, 69, 77,  ..., 55, 55, 56],
         [66, 62, 67,  ..., 55, 55, 56],
         [66, 62, 61,  ..., 55, 55, 55],
         ...,
         [81, 80, 80,  ..., 59, 60, 60],
         [83, 82, 80,  ..., 60, 59, 59],
         [83, 82, 80,  ..., 58, 57, 56]],

        [[62, 65, 78,  ..., 53, 53, 54],
         [67, 59, 66,  ..., 53, 53, 54],
         [69, 61, 59,  ..., 53, 54, 54],
         ...,
         [87, 86, 86,  ..., 69, 70, 70],
         [87, 87, 86,  ..., 67, 67, 67],
         [87, 87, 86,  ..., 67, 66, 66]],

        [[56, 57, 63,  ..., 50, 50, 50],
         [59, 53, 57,  ..., 50, 50, 50],
         [61, 54, 53,  ..., 48, 50, 50],
         ...,
         [75, 74, 74,  ..., 57, 59, 59],
         [75, 76, 74,  ..., 58, 58, 58],
         [75, 76, 74,  ..., 57, 56, 57]]], dtype=torch.uint8), 'sem_seg': tensor([[255, 255, 255,  ..., 255, 255, 255],
        [255, 255, 255,  ..., 255, 255, 255],
        [255, 255, 255,  ..., 255, 255, 255],
        ...,
        [255, 255, 255,  ..., 255, 255, 255],
        [255, 255, 255,  ..., 255, 255, 255],
        [255, 255, 255,  ..., 255, 255, 255]]), 'instances': Instances(num_instances=57, image_height=512, image_width=768, fields=[gt_classes: tensor([ 0,  1,  2,  3,  5,  7,  8,  9, 10, 13,  2,  3,  8, 10, 13,  2,  3,  8,
        10, 13,  2,  3,  8, 10, 13,  2,  3,  8,  2,  3,  8, 13,  2,  8, 13,  2,
         8, 13,  2,  8, 13,  2, 13,  2,  8, 13, 13,  2, 13, 13, 13, 13, 13, 13,
        13, 13, 13]), gt_masks: tensor([[[False, False, False,  ..., False, False, False],
         [False, False, False,  ..., False, False, False],
         [False, False, False,  ..., False, False, False],
         ...,
         [False, False, False,  ..., False, False, False],
         [False, False, False,  ..., False, False, False],
         [False, False, False,  ..., False, False, False]],

        [[False, False, False,  ..., False, False, False],
         [False, False, False,  ..., False, False, False],
         [False, False, False,  ..., False, False, False],
         ...,
         [False, False, False,  ..., False, False, False],
         [False, False, False,  ..., False, False, False],
         [False, False, False,  ..., False, False, False]],

        [[False, False, False,  ..., False, False, False],
         [False, False, False,  ..., False, False, False],
         [False, False, False,  ..., False, False, False],
         ...,
         [False, False, False,  ..., False, False, False],
         [False, False, False,  ..., False, False, False],
         [False, False, False,  ..., False, False, False]],

        ...,

        [[False, False, False,  ..., False, False, False],
         [False, False, False,  ..., False, False, False],
         [False, False, False,  ..., False, False, False],
         ...,
         [False, False, False,  ..., False, False, False],
         [False, False, False,  ..., False, False, False],
         [False, False, False,  ..., False, False, False]],

        [[False, False, False,  ..., False, False, False],
         [False, False, False,  ..., False, False, False],
         [False, False, False,  ..., False, False, False],
         ...,
         [False, False, False,  ..., False, False, False],
         [False, False, False,  ..., False, False, False],
         [False, False, False,  ..., False, False, False]],

        [[False, False, False,  ..., False, False, False],
         [False, False, False,  ..., False, False, False],
         [False, False, False,  ..., False, False, False],
         ...,
         [False, False, False,  ..., False, False, False],
         [False, False, False,  ..., False, False, False],
         [False, False, False,  ..., False, False, False]]])])}
[02/28 06:22:21 mask2former.data.dataset_mappers.mask_former_semantic_dataset_mapper]: None
[02/28 06:22:21 mask2former.data.dataset_mappers.mask_former_semantic_dataset_mapper]: output dataset_dict: {'file_name': '/cpfs01/projects-HDD/pujianxiangmuzu_HDD/public/mr/./leftImg8bit_trainvaltest/leftImg8bit/train/dusseldorf/dusseldorf_000158_000019_leftImg8bit.png', 'width': 2048, 'height': 1024, 'image': tensor([[[ 47,  46,  45,  ...,  81,  80,  76],
         [ 45,  46,  44,  ...,  81,  80,  80],
         [ 45,  45,  43,  ...,  82,  82,  82],
         ...,
         [ 42,  42,  43,  ...,  46,  46,  46],
         [ 43,  43,  42,  ...,  45,  46,  46],
         [ 43,  43,  42,  ...,  45,  46,  46]],

        [[ 60,  59,  58,  ..., 102, 100,  97],
         [ 58,  57,  57,  ..., 103, 102, 100],
         [ 56,  56,  56,  ..., 104, 104, 104],
         ...,
         [ 52,  52,  53,  ...,  60,  61,  61],
         [ 53,  53,  53,  ...,  60,  60,  60],
         [ 53,  53,  53,  ...,  60,  60,  60]],

        [[ 37,  37,  36,  ...,  94,  92,  89],
         [ 36,  36,  36,  ...,  94,  93,  90],
         [ 34,  35,  36,  ...,  95,  94,  91],
         ...,
         [ 45,  45,  44,  ...,  52,  53,  53],
         [ 43,  43,  44,  ...,  51,  52,  52],
         [ 43,  43,  44,  ...,  51,  51,  51]]], dtype=torch.uint8), 'sem_seg': tensor([[8, 8, 8,  ..., 2, 2, 8],
        [8, 8, 8,  ..., 2, 2, 8],
        [8, 8, 8,  ..., 2, 2, 8],
        ...,
        [0, 0, 0,  ..., 0, 0, 0],
        [0, 0, 0,  ..., 0, 0, 0],
        [0, 0, 0,  ..., 0, 0, 0]]), 'instances': Instances(num_instances=22, image_height=768, image_width=768, fields=[gt_classes: tensor([ 0,  1,  2,  3,  5,  6,  7,  8,  9, 10, 13,  0,  1,  3, 10, 10,  2, 13,
         8,  8, 13,  8]), gt_masks: tensor([[[False, False, False,  ..., False, False, False],
         [False, False, False,  ..., False, False, False],
         [False, False, False,  ..., False, False, False],
         ...,
         [False, False, False,  ..., False, False, False],
         [False, False, False,  ..., False, False, False],
         [False, False, False,  ..., False, False, False]],

        [[False, False, False,  ..., False, False, False],
         [False, False, False,  ..., False, False, False],
         [False, False, False,  ..., False, False, False],
         ...,
         [False, False, False,  ..., False, False, False],
         [False, False, False,  ..., False, False, False],
         [False, False, False,  ..., False, False, False]],

        [[False, False, False,  ...,  True,  True, False],
         [False, False, False,  ...,  True,  True, False],
         [False, False, False,  ...,  True,  True, False],
         ...,
         [False, False, False,  ..., False, False, False],
         [False, False, False,  ..., False, False, False],
         [False, False, False,  ..., False, False, False]],

        ...,

        [[False, False, False,  ..., False, False, False],
         [False, False, False,  ..., False, False, False],
         [False, False, False,  ..., False, False, False],
         ...,
         [False, False, False,  ..., False, False, False],
         [False, False, False,  ..., False, False, False],
         [False, False, False,  ..., False, False, False]],

        [[False, False, False,  ..., False, False, False],
         [False, False, False,  ..., False, False, False],
         [False, False, False,  ..., False, False, False],
         ...,
         [False, False, False,  ..., False, False, False],
         [False, False, False,  ..., False, False, False],
         [False, False, False,  ..., False, False, False]],

        [[False, False, False,  ..., False, False, False],
         [False, False, False,  ..., False, False, False],
         [False, False, False,  ..., False, False, False],
         ...,
         [False, False, False,  ..., False, False, False],
         [False, False, False,  ..., False, False, False],
         [False, False, False,  ..., False, False, False]]])])}
[02/28 06:22:21 mask2former.data.dataset_mappers.mask_former_semantic_dataset_mapper]: None
[02/28 06:22:21 mask2former.data.dataset_mappers.mask_former_semantic_dataset_mapper]: output dataset_dict: {'file_name': '/cpfs01/projects-HDD/pujianxiangmuzu_HDD/public/mr/./leftImg8bit_trainvaltest/leftImg8bit/train/hamburg/hamburg_000000_069289_leftImg8bit.png', 'width': 2048, 'height': 1024, 'image': tensor([[[ 35,  74, 255,  ..., 255, 255, 255],
         [ 35,  74, 255,  ..., 255, 255, 255],
         [ 35,  74, 255,  ..., 255, 255, 255],
         ...,
         [121, 120, 119,  ..., 123, 124, 125],
         [121, 120, 119,  ..., 123, 124, 125],
         [121, 120, 121,  ..., 123, 124, 125]],

        [[ 35,  74, 255,  ..., 255, 255, 255],
         [ 35,  74, 255,  ..., 255, 255, 255],
         [ 35,  74, 255,  ..., 255, 255, 255],
         ...,
         [127, 127, 128,  ..., 130, 130, 131],
         [127, 127, 128,  ..., 130, 130, 131],
         [127, 127, 128,  ..., 130, 130, 131]],

        [[ 35,  74, 255,  ..., 255, 255, 255],
         [ 35,  74, 255,  ..., 255, 255, 255],
         [ 35,  74, 255,  ..., 255, 255, 255],
         ...,
         [117, 116, 115,  ..., 117, 117, 117],
         [117, 116, 115,  ..., 117, 117, 117],
         [117, 116, 115,  ..., 117, 117, 117]]], dtype=torch.uint8), 'sem_seg': tensor([[255, 255, 255,  ..., 255, 255, 255],
        [255, 255, 255,  ..., 255, 255, 255],
        [255, 255, 255,  ..., 255, 255, 255],
        ...,
        [255, 255, 255,  ..., 255, 255, 255],
        [255, 255, 255,  ..., 255, 255, 255],
        [255, 255, 255,  ..., 255, 255, 255]]), 'instances': Instances(num_instances=44, image_height=512, image_width=768, fields=[gt_classes: tensor([ 0,  1,  2,  4,  5,  6,  7,  8,  9, 10, 11, 13, 15,  0,  2,  8,  9, 10,
        15,  0,  2,  7,  8, 10, 11, 15,  2, 15,  2, 15,  8,  8,  8,  8,  8,  8,
         8,  8,  8,  8,  8,  8,  8,  8]), gt_masks: tensor([[[False, False, False,  ..., False, False, False],
         [False, False, False,  ..., False, False, False],
         [False, False, False,  ..., False, False, False],
         ...,
         [False, False, False,  ..., False, False, False],
         [False, False, False,  ..., False, False, False],
         [False, False, False,  ..., False, False, False]],

        [[False, False, False,  ..., False, False, False],
         [False, False, False,  ..., False, False, False],
         [False, False, False,  ..., False, False, False],
         ...,
         [False, False, False,  ..., False, False, False],
         [False, False, False,  ..., False, False, False],
         [False, False, False,  ..., False, False, False]],

        [[False, False, False,  ..., False, False, False],
         [False, False, False,  ..., False, False, False],
         [False, False, False,  ..., False, False, False],
         ...,
         [False, False, False,  ..., False, False, False],
         [False, False, False,  ..., False, False, False],
         [False, False, False,  ..., False, False, False]],

        ...,

        [[False, False, False,  ..., False, False, False],
         [False, False, False,  ..., False, False, False],
         [False, False, False,  ..., False, False, False],
         ...,
         [False, False, False,  ..., False, False, False],
         [False, False, False,  ..., False, False, False],
         [False, False, False,  ..., False, False, False]],

        [[False, False, False,  ..., False, False, False],
         [False, False, False,  ..., False, False, False],
         [False, False, False,  ..., False, False, False],
         ...,
         [False, False, False,  ..., False, False, False],
         [False, False, False,  ..., False, False, False],
         [False, False, False,  ..., False, False, False]],

        [[False, False, False,  ..., False, False, False],
         [False, False, False,  ..., False, False, False],
         [False, False, False,  ..., False, False, False],
         ...,
         [False, False, False,  ..., False, False, False],
         [False, False, False,  ..., False, False, False],
         [False, False, False,  ..., False, False, False]]])])}
[02/28 06:22:21 mask2former.data.dataset_mappers.mask_former_semantic_dataset_mapper]: None
[02/28 06:22:21 mask2former.data.dataset_mappers.mask_former_semantic_dataset_mapper]: output dataset_dict: {'file_name': '/cpfs01/projects-HDD/pujianxiangmuzu_HDD/public/mr/./leftImg8bit_trainvaltest/leftImg8bit/train/tubingen/tubingen_000119_000019_leftImg8bit.png', 'width': 2048, 'height': 1024, 'image': tensor([[[106, 100,  97,  ...,  39,  40,  41],
         [106,  97,  92,  ...,  37,  40,  41],
         [ 99,  91,  83,  ...,  37,  40,  43],
         ...,
         [ 96,  97,  97,  ..., 104, 103, 103],
         [101, 102, 102,  ..., 105, 104, 103],
         [105, 105, 105,  ..., 105, 104, 103]],

        [[110, 106, 103,  ...,  55,  58,  59],
         [111, 107, 100,  ...,  54,  57,  60],
         [108, 101,  96,  ...,  54,  57,  60],
         ...,
         [112, 113, 113,  ..., 114, 113, 113],
         [116, 116, 116,  ..., 114, 114, 114],
         [117, 117, 117,  ..., 114, 114, 114]],

        [[116, 114, 114,  ...,  37,  40,  40],
         [113, 108, 103,  ...,  37,  41,  44],
         [105,  95,  91,  ...,  40,  43,  48],
         ...,
         [ 98,  99,  99,  ..., 104, 102, 101],
         [106, 106, 105,  ..., 105, 104, 102],
         [109, 110, 108,  ..., 105, 104, 102]]], dtype=torch.uint8), 'sem_seg': tensor([[8, 8, 8,  ..., 8, 8, 8],
        [8, 8, 8,  ..., 8, 8, 8],
        [8, 8, 8,  ..., 8, 8, 8],
        ...,
        [0, 0, 0,  ..., 0, 0, 0],
        [0, 0, 0,  ..., 0, 0, 0],
        [0, 0, 0,  ..., 0, 0, 0]]), 'instances': Instances(num_instances=15, image_height=768, image_width=768, fields=[gt_classes: tensor([ 0,  1,  2,  5,  6,  7,  8,  9, 13,  0,  8, 13,  0,  8,  8]), gt_masks: tensor([[[False, False, False,  ..., False, False, False],
         [False, False, False,  ..., False, False, False],
         [False, False, False,  ..., False, False, False],
         ...,
         [False, False, False,  ..., False, False, False],
         [False, False, False,  ..., False, False, False],
         [False, False, False,  ..., False, False, False]],

        [[False, False, False,  ..., False, False, False],
         [False, False, False,  ..., False, False, False],
         [False, False, False,  ..., False, False, False],
         ...,
         [False, False, False,  ..., False, False, False],
         [False, False, False,  ..., False, False, False],
         [False, False, False,  ..., False, False, False]],

        [[False, False, False,  ..., False, False, False],
         [False, False, False,  ..., False, False, False],
         [False, False, False,  ..., False, False, False],
         ...,
         [False, False, False,  ..., False, False, False],
         [False, False, False,  ..., False, False, False],
         [False, False, False,  ..., False, False, False]],

        ...,

        [[False, False, False,  ..., False, False, False],
         [False, False, False,  ..., False, False, False],
         [False, False, False,  ..., False, False, False],
         ...,
         [ True,  True,  True,  ...,  True,  True,  True],
         [ True,  True,  True,  ...,  True,  True,  True],
         [ True,  True,  True,  ...,  True,  True,  True]],

        [[ True,  True,  True,  ..., False, False, False],
         [ True,  True,  True,  ..., False, False, False],
         [ True,  True,  True,  ..., False, False, False],
         ...,
         [False, False, False,  ..., False, False, False],
         [False, False, False,  ..., False, False, False],
         [False, False, False,  ..., False, False, False]],

        [[False, False, False,  ...,  True,  True,  True],
         [False, False, False,  ...,  True,  True,  True],
         [False, False, False,  ...,  True,  True,  True],
         ...,
         [False, False, False,  ..., False, False, False],
         [False, False, False,  ..., False, False, False],
         [False, False, False,  ..., False, False, False]]])])}
[02/28 06:22:21 mask2former.data.dataset_mappers.mask_former_semantic_dataset_mapper]: None
[02/28 06:22:21 mask2former.data.dataset_mappers.mask_former_semantic_dataset_mapper]: output dataset_dict: {'file_name': '/cpfs01/projects-HDD/pujianxiangmuzu_HDD/public/mr/./leftImg8bit_trainvaltest/leftImg8bit/train/bremen/bremen_000276_000019_leftImg8bit.png', 'width': 2048, 'height': 1024, 'image': tensor([[[ 46,  42,  41,  ..., 120, 128, 133],
         [ 50,  46,  44,  ..., 106, 114, 120],
         [ 46,  45,  42,  ...,  82,  89,  85],
         ...,
         [ 44,  44,  45,  ...,  63,  69,  75],
         [ 45,  44,  45,  ...,  59,  63,  69],
         [ 45,  44,  45,  ...,  59,  63,  69]],

        [[ 60,  54,  53,  ..., 146, 151, 154],
         [ 64,  56,  55,  ..., 140, 144, 141],
         [ 59,  56,  53,  ..., 118, 121, 116],
         ...,
         [ 55,  55,  58,  ...,  83,  88,  93],
         [ 56,  55,  56,  ...,  79,  84,  88],
         [ 56,  55,  56,  ...,  79,  83,  88]],

        [[ 41,  35,  35,  ..., 118, 123, 126],
         [ 46,  40,  39,  ..., 111, 117, 114],
         [ 44,  41,  37,  ...,  90,  94,  87],
         ...,
         [ 48,  49,  49,  ...,  64,  68,  73],
         [ 49,  49,  49,  ...,  58,  60,  65],
         [ 49,  49,  50,  ...,  58,  60,  65]]], dtype=torch.uint8), 'sem_seg': tensor([[255, 255, 255,  ..., 255, 255, 255],
        [255, 255, 255,  ..., 255, 255, 255],
        [255, 255, 255,  ..., 255, 255, 255],
        ...,
        [255, 255, 255,  ..., 255, 255, 255],
        [255, 255, 255,  ..., 255, 255, 255],
        [255, 255, 255,  ..., 255, 255, 255]]), 'instances': Instances(num_instances=41, image_height=716, image_width=768, fields=[gt_classes: tensor([ 0,  2,  5,  7,  8, 10, 13,  0,  8, 10, 13,  8, 10,  8, 10,  8,  8, 13,
        13,  8,  8,  8, 13, 13,  8, 13,  8, 13,  8, 13,  8, 13, 13, 13, 13, 13,
        13, 13, 13, 13, 13]), gt_masks: tensor([[[False, False, False,  ..., False, False, False],
         [False, False, False,  ..., False, False, False],
         [False, False, False,  ..., False, False, False],
         ...,
         [False, False, False,  ..., False, False, False],
         [False, False, False,  ..., False, False, False],
         [False, False, False,  ..., False, False, False]],

        [[False, False, False,  ..., False, False, False],
         [False, False, False,  ..., False, False, False],
         [False, False, False,  ..., False, False, False],
         ...,
         [False, False, False,  ..., False, False, False],
         [False, False, False,  ..., False, False, False],
         [False, False, False,  ..., False, False, False]],

        [[False, False, False,  ..., False, False, False],
         [False, False, False,  ..., False, False, False],
         [False, False, False,  ..., False, False, False],
         ...,
         [False, False, False,  ..., False, False, False],
         [False, False, False,  ..., False, False, False],
         [False, False, False,  ..., False, False, False]],

        ...,

        [[False, False, False,  ..., False, False, False],
         [False, False, False,  ..., False, False, False],
         [False, False, False,  ..., False, False, False],
         ...,
         [False, False, False,  ..., False, False, False],
         [False, False, False,  ..., False, False, False],
         [False, False, False,  ..., False, False, False]],

        [[False, False, False,  ..., False, False, False],
         [False, False, False,  ..., False, False, False],
         [False, False, False,  ..., False, False, False],
         ...,
         [False, False, False,  ..., False, False, False],
         [False, False, False,  ..., False, False, False],
         [False, False, False,  ..., False, False, False]],

        [[False, False, False,  ..., False, False, False],
         [False, False, False,  ..., False, False, False],
         [False, False, False,  ..., False, False, False],
         ...,
         [False, False, False,  ..., False, False, False],
         [False, False, False,  ..., False, False, False],
         [False, False, False,  ..., False, False, False]]])])}
[02/28 06:22:21 mask2former.data.dataset_mappers.mask_former_semantic_dataset_mapper]: None
[02/28 06:22:22 mask2former.data.dataset_mappers.mask_former_semantic_dataset_mapper]: output dataset_dict: {'file_name': '/cpfs01/projects-HDD/pujianxiangmuzu_HDD/public/mr/./leftImg8bit_trainvaltest/leftImg8bit/train/hamburg/hamburg_000000_105464_leftImg8bit.png', 'width': 2048, 'height': 1024, 'image': tensor([[[63, 68, 70,  ..., 37, 36, 35],
         [64, 69, 71,  ..., 35, 35, 34],
         [67, 72, 74,  ..., 33, 33, 33],
         ...,
         [79, 79, 78,  ..., 53, 53, 53],
         [81, 81, 80,  ..., 53, 53, 53],
         [82, 82, 81,  ..., 53, 53, 53]],

        [[60, 65, 66,  ..., 41, 40, 40],
         [60, 65, 66,  ..., 39, 39, 38],
         [62, 67, 68,  ..., 38, 37, 37],
         ...,
         [83, 83, 83,  ..., 61, 61, 61],
         [85, 85, 84,  ..., 61, 61, 61],
         [86, 86, 85,  ..., 61, 61, 61]],

        [[48, 51, 50,  ..., 32, 32, 32],
         [47, 50, 49,  ..., 31, 31, 31],
         [49, 52, 51,  ..., 31, 30, 30],
         ...,
         [69, 69, 68,  ..., 49, 48, 48],
         [71, 71, 70,  ..., 48, 47, 47],
         [72, 72, 71,  ..., 48, 47, 47]]], dtype=torch.uint8), 'sem_seg': tensor([[2, 2, 2,  ..., 2, 2, 2],
        [2, 2, 2,  ..., 2, 2, 2],
        [2, 2, 2,  ..., 2, 2, 2],
        ...,
        [0, 0, 0,  ..., 0, 0, 0],
        [0, 0, 0,  ..., 0, 0, 0],
        [0, 0, 0,  ..., 0, 0, 0]]), 'instances': Instances(num_instances=26, image_height=768, image_width=768, fields=[gt_classes: tensor([ 0,  2,  5, 11, 13, 14,  0,  2, 11, 13,  0,  2, 11, 13,  2, 11, 11, 11,
        13, 11, 13,  0, 11, 13,  2, 13]), gt_masks: tensor([[[False, False, False,  ..., False, False, False],
         [False, False, False,  ..., False, False, False],
         [False, False, False,  ..., False, False, False],
         ...,
         [False, False, False,  ..., False, False, False],
         [False, False, False,  ..., False, False, False],
         [False, False, False,  ..., False, False, False]],

        [[False, False, False,  ..., False, False, False],
         [False, False, False,  ..., False, False, False],
         [False, False, False,  ..., False, False, False],
         ...,
         [False, False, False,  ..., False, False, False],
         [False, False, False,  ..., False, False, False],
         [False, False, False,  ..., False, False, False]],

        [[False, False, False,  ..., False, False, False],
         [False, False, False,  ..., False, False, False],
         [False, False, False,  ..., False, False, False],
         ...,
         [False, False, False,  ..., False, False, False],
         [False, False, False,  ..., False, False, False],
         [False, False, False,  ..., False, False, False]],

        ...,

        [[False, False, False,  ..., False, False, False],
         [False, False, False,  ..., False, False, False],
         [False, False, False,  ..., False, False, False],
         ...,
         [False, False, False,  ..., False, False, False],
         [False, False, False,  ..., False, False, False],
         [False, False, False,  ..., False, False, False]],

        [[False, False, False,  ..., False, False, False],
         [False, False, False,  ..., False, False, False],
         [False, False, False,  ..., False, False, False],
         ...,
         [False, False, False,  ..., False, False, False],
         [False, False, False,  ..., False, False, False],
         [False, False, False,  ..., False, False, False]],

        [[False, False, False,  ..., False, False, False],
         [False, False, False,  ..., False, False, False],
         [False, False, False,  ..., False, False, False],
         ...,
         [False, False, False,  ..., False, False, False],
         [False, False, False,  ..., False, False, False],
         [False, False, False,  ..., False, False, False]]])])}
[02/28 06:22:22 mask2former.data.dataset_mappers.mask_former_semantic_dataset_mapper]: None
[02/28 06:22:22 mask2former.data.dataset_mappers.mask_former_semantic_dataset_mapper]: output dataset_dict: {'file_name': '/cpfs01/projects-HDD/pujianxiangmuzu_HDD/public/mr/./leftImg8bit_trainvaltest/leftImg8bit/train/cologne/cologne_000020_000019_leftImg8bit.png', 'width': 2048, 'height': 1024, 'image': tensor([[[237, 193, 192,  ...,  36,  47,  49],
         [235, 175, 156,  ...,  37,  39,  37],
         [233, 161, 134,  ...,  42,  37,  31],
         ...,
         [ 42,  42,  42,  ...,  38,  38,  38],
         [ 42,  42,  41,  ...,  38,  38,  38],
         [ 42,  43,  43,  ...,  38,  38,  38]],

        [[255, 224, 204,  ...,  48,  57,  59],
         [253, 215, 180,  ...,  47,  50,  49],
         [252, 206, 162,  ...,  51,  47,  42],
         ...,
         [ 51,  52,  52,  ...,  46,  45,  45],
         [ 51,  52,  51,  ...,  47,  46,  46],
         [ 51,  52,  52,  ...,  47,  46,  46]],

        [[243, 198, 183,  ...,  30,  36,  36],
         [241, 190, 158,  ...,  30,  30,  26],
         [241, 186, 146,  ...,  34,  29,  26],
         ...,
         [ 45,  46,  45,  ...,  40,  38,  38],
         [ 45,  45,  43,  ...,  41,  39,  39],
         [ 44,  44,  44,  ...,  41,  39,  39]]], dtype=torch.uint8), 'sem_seg': tensor([[255, 255, 255,  ..., 255, 255, 255],
        [255, 255, 255,  ..., 255, 255, 255],
        [255, 255, 255,  ..., 255, 255, 255],
        ...,
        [255, 255, 255,  ..., 255, 255, 255],
        [255, 255, 255,  ..., 255, 255, 255],
        [255, 255, 255,  ..., 255, 255, 255]]), 'instances': Instances(num_instances=36, image_height=716, image_width=768, fields=[gt_classes: tensor([ 0,  1,  2,  5,  6,  7,  8, 10, 11, 13,  0,  2,  8, 13,  0,  2,  8,  0,
         2, 11,  0,  2,  8, 11, 13,  0,  8, 11,  0,  0,  8,  8, 11, 11, 11, 11]), gt_masks: tensor([[[False, False, False,  ..., False, False, False],
         [False, False, False,  ..., False, False, False],
         [False, False, False,  ..., False, False, False],
         ...,
         [False, False, False,  ..., False, False, False],
         [False, False, False,  ..., False, False, False],
         [False, False, False,  ..., False, False, False]],

        [[False, False, False,  ..., False, False, False],
         [False, False, False,  ..., False, False, False],
         [False, False, False,  ..., False, False, False],
         ...,
         [False, False, False,  ..., False, False, False],
         [False, False, False,  ..., False, False, False],
         [False, False, False,  ..., False, False, False]],

        [[False, False, False,  ..., False, False, False],
         [False, False, False,  ..., False, False, False],
         [False, False, False,  ..., False, False, False],
         ...,
         [False, False, False,  ..., False, False, False],
         [False, False, False,  ..., False, False, False],
         [False, False, False,  ..., False, False, False]],

        ...,

        [[False, False, False,  ..., False, False, False],
         [False, False, False,  ..., False, False, False],
         [False, False, False,  ..., False, False, False],
         ...,
         [False, False, False,  ..., False, False, False],
         [False, False, False,  ..., False, False, False],
         [False, False, False,  ..., False, False, False]],

        [[False, False, False,  ..., False, False, False],
         [False, False, False,  ..., False, False, False],
         [False, False, False,  ..., False, False, False],
         ...,
         [False, False, False,  ..., False, False, False],
         [False, False, False,  ..., False, False, False],
         [False, False, False,  ..., False, False, False]],

        [[False, False, False,  ..., False, False, False],
         [False, False, False,  ..., False, False, False],
         [False, False, False,  ..., False, False, False],
         ...,
         [False, False, False,  ..., False, False, False],
         [False, False, False,  ..., False, False, False],
         [False, False, False,  ..., False, False, False]]])])}
[02/28 06:22:22 mask2former.data.dataset_mappers.mask_former_semantic_dataset_mapper]: None
[02/28 06:22:22 mask2former.data.dataset_mappers.mask_former_semantic_dataset_mapper]: output dataset_dict: {'file_name': '/cpfs01/projects-HDD/pujianxiangmuzu_HDD/public/mr/./leftImg8bit_trainvaltest/leftImg8bit/train/jena/jena_000113_000019_leftImg8bit.png', 'width': 2048, 'height': 1024, 'image': tensor([[[ 5,  5,  5,  ...,  0,  0,  0],
         [ 5,  5,  5,  ...,  0,  0,  0],
         [ 7,  6,  5,  ...,  0,  0,  0],
         ...,
         [20, 20, 19,  ..., 23, 23, 23],
         [20, 20, 19,  ..., 23, 23, 23],
         [20, 20, 19,  ..., 23, 23, 23]],

        [[11, 11, 11,  ...,  0,  0,  0],
         [11, 11, 11,  ...,  0,  0,  0],
         [13, 12, 11,  ...,  1,  1,  1],
         ...,
         [29, 29, 28,  ..., 30, 30, 29],
         [29, 29, 28,  ..., 30, 30, 29],
         [29, 29, 28,  ..., 31, 30, 30]],

        [[ 8,  8,  8,  ...,  0,  0,  0],
         [ 7,  7,  7,  ...,  0,  0,  0],
         [ 8,  8,  8,  ...,  0,  0,  0],
         ...,
         [23, 22, 22,  ..., 23, 23, 23],
         [23, 22, 22,  ..., 24, 24, 23],
         [23, 23, 22,  ..., 25, 24, 24]]], dtype=torch.uint8), 'sem_seg': tensor([[ 8,  8,  8,  ..., 13, 13, 13],
        [ 8,  8,  8,  ..., 13, 13, 13],
        [ 8,  8,  8,  ..., 13, 13, 13],
        ...,
        [ 0,  0,  0,  ...,  0,  0,  0],
        [ 0,  0,  0,  ...,  0,  0,  0],
        [ 0,  0,  0,  ...,  0,  0,  0]]), 'instances': Instances(num_instances=25, image_height=768, image_width=768, fields=[gt_classes: tensor([ 0,  2,  5,  8,  9, 13,  0,  2,  5,  9, 13,  2,  9, 13,  0,  9,  9, 13,
         9,  8, 13,  2,  2,  8,  8]), gt_masks: tensor([[[False, False, False,  ..., False, False, False],
         [False, False, False,  ..., False, False, False],
         [False, False, False,  ..., False, False, False],
         ...,
         [False, False, False,  ..., False, False, False],
         [False, False, False,  ..., False, False, False],
         [False, False, False,  ..., False, False, False]],

        [[False, False, False,  ..., False, False, False],
         [False, False, False,  ..., False, False, False],
         [False, False, False,  ..., False, False, False],
         ...,
         [False, False, False,  ..., False, False, False],
         [False, False, False,  ..., False, False, False],
         [False, False, False,  ..., False, False, False]],

        [[False, False, False,  ..., False, False, False],
         [False, False, False,  ..., False, False, False],
         [False, False, False,  ..., False, False, False],
         ...,
         [False, False, False,  ..., False, False, False],
         [False, False, False,  ..., False, False, False],
         [False, False, False,  ..., False, False, False]],

        ...,

        [[False, False, False,  ..., False, False, False],
         [False, False, False,  ..., False, False, False],
         [False, False, False,  ..., False, False, False],
         ...,
         [False, False, False,  ..., False, False, False],
         [False, False, False,  ..., False, False, False],
         [False, False, False,  ..., False, False, False]],

        [[ True,  True,  True,  ..., False, False, False],
         [ True,  True,  True,  ..., False, False, False],
         [ True,  True,  True,  ..., False, False, False],
         ...,
         [False, False, False,  ..., False, False, False],
         [False, False, False,  ..., False, False, False],
         [False, False, False,  ..., False, False, False]],

        [[False, False, False,  ..., False, False, False],
         [False, False, False,  ..., False, False, False],
         [False, False, False,  ..., False, False, False],
         ...,
         [False, False, False,  ..., False, False, False],
         [False, False, False,  ..., False, False, False],
         [False, False, False,  ..., False, False, False]]])])}
[02/28 06:22:22 mask2former.data.dataset_mappers.mask_former_semantic_dataset_mapper]: None
[02/28 06:22:23 mask2former.data.dataset_mappers.mask_former_semantic_dataset_mapper]: output dataset_dict: {'file_name': '/cpfs01/projects-HDD/pujianxiangmuzu_HDD/public/mr/./leftImg8bit_trainvaltest/leftImg8bit/train/cologne/cologne_000001_000019_leftImg8bit.png', 'width': 2048, 'height': 1024, 'image': tensor([[[116, 114, 113,  ...,  39,  39,  38],
         [115, 111, 115,  ...,  39,  43,  36],
         [114, 113, 117,  ...,  38,  43,  35],
         ...,
         [ 58,  55,  56,  ...,  60,  60,  60],
         [ 56,  55,  56,  ...,  60,  60,  59],
         [ 56,  56,  56,  ...,  60,  60,  59]],

        [[141, 140, 139,  ...,  55,  52,  52],
         [139, 139, 139,  ...,  55,  54,  49],
         [137, 137, 139,  ...,  54,  56,  51],
         ...,
         [ 74,  72,  73,  ...,  74,  74,  73],
         [ 73,  72,  73,  ...,  73,  73,  72],
         [ 73,  73,  73,  ...,  74,  73,  72]],

        [[128, 128, 128,  ...,  36,  35,  35],
         [127, 126, 128,  ...,  34,  37,  34],
         [125, 126, 128,  ...,  34,  37,  35],
         ...,
         [ 70,  69,  69,  ...,  68,  68,  68],
         [ 67,  68,  69,  ...,  67,  68,  68],
         [ 68,  68,  68,  ...,  70,  69,  69]]], dtype=torch.uint8), 'sem_seg': tensor([[2, 2, 2,  ..., 8, 8, 8],
        [2, 2, 2,  ..., 8, 8, 8],
        [2, 2, 2,  ..., 8, 8, 8],
        ...,
        [0, 0, 0,  ..., 0, 0, 0],
        [0, 0, 0,  ..., 0, 0, 0],
        [0, 0, 0,  ..., 0, 0, 0]]), 'instances': Instances(num_instances=37, image_height=768, image_width=768, fields=[gt_classes: tensor([ 0,  1,  2,  5,  6,  7,  8,  9, 10, 11, 13,  0,  1,  8, 10, 13,  0,  1,
         8,  8, 13,  2, 13,  0,  2, 13,  0,  8, 13,  0,  2,  8,  2,  8,  8,  8,
         8]), gt_masks: tensor([[[False, False, False,  ..., False, False, False],
         [False, False, False,  ..., False, False, False],
         [False, False, False,  ..., False, False, False],
         ...,
         [False, False, False,  ..., False, False, False],
         [False, False, False,  ..., False, False, False],
         [False, False, False,  ..., False, False, False]],

        [[False, False, False,  ..., False, False, False],
         [False, False, False,  ..., False, False, False],
         [False, False, False,  ..., False, False, False],
         ...,
         [False, False, False,  ..., False, False, False],
         [False, False, False,  ..., False, False, False],
         [False, False, False,  ..., False, False, False]],

        [[False, False, False,  ..., False, False, False],
         [False, False, False,  ..., False, False, False],
         [False, False, False,  ..., False, False, False],
         ...,
         [False, False, False,  ..., False, False, False],
         [False, False, False,  ..., False, False, False],
         [False, False, False,  ..., False, False, False]],

        ...,

        [[False, False, False,  ..., False, False, False],
         [False, False, False,  ..., False, False, False],
         [False, False, False,  ..., False, False, False],
         ...,
         [False, False, False,  ..., False, False, False],
         [False, False, False,  ..., False, False, False],
         [False, False, False,  ..., False, False, False]],

        [[False, False, False,  ..., False, False, False],
         [False, False, False,  ..., False, False, False],
         [False, False, False,  ..., False, False, False],
         ...,
         [False, False, False,  ..., False, False, False],
         [False, False, False,  ..., False, False, False],
         [False, False, False,  ..., False, False, False]],

        [[False, False, False,  ..., False, False, False],
         [False, False, False,  ..., False, False, False],
         [False, False, False,  ..., False, False, False],
         ...,
         [False, False, False,  ..., False, False, False],
         [False, False, False,  ..., False, False, False],
         [False, False, False,  ..., False, False, False]]])])}
[02/28 06:22:23 mask2former.data.dataset_mappers.mask_former_semantic_dataset_mapper]: None
[02/28 06:22:23 mask2former.data.dataset_mappers.mask_former_semantic_dataset_mapper]: output dataset_dict: {'file_name': '/cpfs01/projects-HDD/pujianxiangmuzu_HDD/public/mr/./leftImg8bit_trainvaltest/leftImg8bit/train/monchengladbach/monchengladbach_000000_026305_leftImg8bit.png', 'width': 2048, 'height': 1024, 'image': tensor([[[255, 255, 255,  ..., 128, 116,  96],
         [255, 255, 255,  ..., 130, 118,  96],
         [255, 255, 255,  ..., 132, 117,  95],
         ...,
         [105, 107, 105,  ...,  90,  91,  89],
         [106, 105, 105,  ...,  94,  92,  88],
         [105, 105, 106,  ...,  95,  94,  89]],

        [[255, 255, 255,  ..., 124, 110,  93],
         [255, 255, 255,  ..., 126, 113,  93],
         [255, 255, 255,  ..., 128, 111,  91],
         ...,
         [104, 106, 106,  ...,  92,  92,  92],
         [107, 106, 106,  ...,  95,  95,  93],
         [107, 107, 107,  ...,  97,  97,  94]],

        [[255, 255, 255,  ..., 115, 104,  89],
         [255, 255, 255,  ..., 116, 106,  89],
         [255, 255, 255,  ..., 116, 105,  86],
         ...,
         [ 93,  94,  93,  ...,  79,  81,  82],
         [ 94,  93,  93,  ...,  82,  85,  84],
         [ 94,  94,  94,  ...,  84,  86,  83]]], dtype=torch.uint8), 'sem_seg': tensor([[10, 10, 10,  ...,  2,  2,  2],
        [10, 10, 10,  ...,  2,  2,  2],
        [10, 10, 10,  ...,  2,  2,  2],
        ...,
        [ 0,  0,  0,  ...,  0,  0,  0],
        [ 0,  0,  0,  ...,  0,  0,  0],
        [ 0,  0,  0,  ...,  0,  0,  0]]), 'instances': Instances(num_instances=27, image_height=768, image_width=768, fields=[gt_classes: tensor([ 0,  1,  2,  3,  4,  5,  7,  8,  9, 10, 13, 14,  0,  9, 10, 13, 14,  0,
        13,  2, 13,  2,  4, 13,  2,  8,  2]), gt_masks: tensor([[[False, False, False,  ..., False, False, False],
         [False, False, False,  ..., False, False, False],
         [False, False, False,  ..., False, False, False],
         ...,
         [False, False, False,  ..., False, False, False],
         [False, False, False,  ..., False, False, False],
         [False, False, False,  ..., False, False, False]],

        [[False, False, False,  ..., False, False, False],
         [False, False, False,  ..., False, False, False],
         [False, False, False,  ..., False, False, False],
         ...,
         [False, False, False,  ..., False, False, False],
         [False, False, False,  ..., False, False, False],
         [False, False, False,  ..., False, False, False]],

        [[False, False, False,  ...,  True,  True,  True],
         [False, False, False,  ...,  True,  True,  True],
         [False, False, False,  ...,  True,  True,  True],
         ...,
         [False, False, False,  ..., False, False, False],
         [False, False, False,  ..., False, False, False],
         [False, False, False,  ..., False, False, False]],

        ...,

        [[False, False, False,  ..., False, False, False],
         [False, False, False,  ..., False, False, False],
         [False, False, False,  ..., False, False, False],
         ...,
         [False, False, False,  ..., False, False, False],
         [False, False, False,  ..., False, False, False],
         [False, False, False,  ..., False, False, False]],

        [[False, False, False,  ..., False, False, False],
         [False, False, False,  ..., False, False, False],
         [False, False, False,  ..., False, False, False],
         ...,
         [False, False, False,  ..., False, False, False],
         [False, False, False,  ..., False, False, False],
         [False, False, False,  ..., False, False, False]],

        [[False, False, False,  ..., False, False, False],
         [False, False, False,  ..., False, False, False],
         [False, False, False,  ..., False, False, False],
         ...,
         [False, False, False,  ..., False, False, False],
         [False, False, False,  ..., False, False, False],
         [False, False, False,  ..., False, False, False]]])])}
[02/28 06:22:23 mask2former.data.dataset_mappers.mask_former_semantic_dataset_mapper]: None
[02/28 06:22:23 mask2former.data.dataset_mappers.mask_former_semantic_dataset_mapper]: output dataset_dict: {'file_name': '/cpfs01/projects-HDD/pujianxiangmuzu_HDD/public/mr/./leftImg8bit_trainvaltest/leftImg8bit/train/strasbourg/strasbourg_000001_037906_leftImg8bit.png', 'width': 2048, 'height': 1024, 'image': tensor([[[30, 31, 32,  ..., 78, 77, 73],
         [30, 30, 31,  ..., 77, 76, 74],
         [30, 30, 31,  ..., 75, 75, 73],
         ...,
         [40, 39, 39,  ..., 76, 77, 76],
         [40, 39, 39,  ..., 76, 77, 76],
         [40, 39, 40,  ..., 76, 77, 76]],

        [[36, 37, 39,  ..., 96, 95, 92],
         [35, 36, 38,  ..., 96, 95, 92],
         [34, 35, 37,  ..., 94, 93, 91],
         ...,
         [46, 45, 44,  ..., 84, 84, 83],
         [46, 45, 44,  ..., 84, 84, 83],
         [46, 45, 45,  ..., 84, 84, 83]],

        [[29, 30, 31,  ..., 65, 66, 64],
         [28, 29, 30,  ..., 65, 65, 64],
         [27, 28, 29,  ..., 63, 63, 62],
         ...,
         [40, 39, 38,  ..., 69, 68, 68],
         [40, 39, 38,  ..., 69, 68, 68],
         [39, 38, 38,  ..., 69, 68, 68]]], dtype=torch.uint8), 'sem_seg': tensor([[  9,   9,   9,  ...,   9,   9,   9],
        [  9,   9,   9,  ...,   9,   9,   9],
        [  9,   9,   9,  ...,   9,   9,   9],
        ...,
        [255, 255, 255,  ..., 255, 255, 255],
        [255, 255, 255,  ..., 255, 255, 255],
        [255, 255, 255,  ..., 255, 255, 255]]), 'instances': Instances(num_instances=13, image_height=768, image_width=768, fields=[gt_classes: tensor([0, 1, 5, 9, 0, 1, 5, 9, 9, 1, 9, 9, 9]), gt_masks: tensor([[[False, False, False,  ..., False, False, False],
         [False, False, False,  ..., False, False, False],
         [False, False, False,  ..., False, False, False],
         ...,
         [False, False, False,  ..., False, False, False],
         [False, False, False,  ..., False, False, False],
         [False, False, False,  ..., False, False, False]],

        [[False, False, False,  ..., False, False, False],
         [False, False, False,  ..., False, False, False],
         [False, False, False,  ..., False, False, False],
         ...,
         [False, False, False,  ..., False, False, False],
         [False, False, False,  ..., False, False, False],
         [False, False, False,  ..., False, False, False]],

        [[False, False, False,  ..., False, False, False],
         [False, False, False,  ..., False, False, False],
         [False, False, False,  ..., False, False, False],
         ...,
         [False, False, False,  ..., False, False, False],
         [False, False, False,  ..., False, False, False],
         [False, False, False,  ..., False, False, False]],

        ...,

        [[False, False, False,  ..., False, False, False],
         [False, False, False,  ..., False, False, False],
         [False, False, False,  ..., False, False, False],
         ...,
         [False, False, False,  ..., False, False, False],
         [False, False, False,  ..., False, False, False],
         [False, False, False,  ..., False, False, False]],

        [[False, False, False,  ..., False, False, False],
         [False, False, False,  ..., False, False, False],
         [False, False, False,  ..., False, False, False],
         ...,
         [False, False, False,  ..., False, False, False],
         [False, False, False,  ..., False, False, False],
         [False, False, False,  ..., False, False, False]],

        [[False, False, False,  ..., False, False, False],
         [False, False, False,  ..., False, False, False],
         [False, False, False,  ..., False, False, False],
         ...,
         [False, False, False,  ..., False, False, False],
         [False, False, False,  ..., False, False, False],
         [False, False, False,  ..., False, False, False]]])])}
[02/28 06:22:23 mask2former.data.dataset_mappers.mask_former_semantic_dataset_mapper]: None
[02/28 06:22:23 mask2former.data.dataset_mappers.mask_former_semantic_dataset_mapper]: output dataset_dict: {'file_name': '/cpfs01/projects-HDD/pujianxiangmuzu_HDD/public/mr/./leftImg8bit_trainvaltest/leftImg8bit/train/strasbourg/strasbourg_000001_013767_leftImg8bit.png', 'width': 2048, 'height': 1024, 'image': tensor([[[ 21,  21,  21,  ..., 246, 246, 246],
         [ 21,  21,  20,  ..., 246, 246, 246],
         [ 21,  21,  21,  ..., 246, 246, 246],
         ...,
         [100,  85,  77,  ...,  82,  82,  81],
         [100,  85,  77,  ...,  82,  82,  81],
         [100,  85,  77,  ...,  82,  82,  81]],

        [[ 21,  21,  21,  ..., 246, 246, 246],
         [ 21,  21,  22,  ..., 246, 246, 246],
         [ 21,  21,  23,  ..., 246, 246, 246],
         ...,
         [112,  98,  87,  ...,  91,  92,  91],
         [112,  98,  87,  ...,  91,  92,  90],
         [112,  98,  87,  ...,  91,  92,  90]],

        [[ 21,  21,  21,  ..., 246, 246, 246],
         [ 21,  21,  21,  ..., 246, 246, 246],
         [ 21,  21,  21,  ..., 246, 246, 246],
         ...,
         [ 94,  84,  75,  ...,  82,  84,  84],
         [ 94,  84,  75,  ...,  82,  84,  84],
         [ 94,  84,  75,  ...,  82,  84,  84]]], dtype=torch.uint8), 'sem_seg': tensor([[255, 255, 255,  ..., 255, 255, 255],
        [255, 255, 255,  ..., 255, 255, 255],
        [255, 255, 255,  ..., 255, 255, 255],
        ...,
        [255, 255, 255,  ..., 255, 255, 255],
        [255, 255, 255,  ..., 255, 255, 255],
        [255, 255, 255,  ..., 255, 255, 255]]), 'instances': Instances(num_instances=50, image_height=716, image_width=768, fields=[gt_classes: tensor([ 0,  1,  2,  3,  4,  5,  8,  9, 10, 11, 13,  0,  1,  2,  8,  9, 10,  0,
         1,  2,  8,  9, 10,  0,  1,  8,  9,  1,  8,  9,  1,  8,  2,  2,  8,  8,
         2,  8,  2,  8,  8,  8,  2,  2,  2,  2,  2,  2,  2,  2]), gt_masks: tensor([[[False, False, False,  ..., False, False, False],
         [False, False, False,  ..., False, False, False],
         [False, False, False,  ..., False, False, False],
         ...,
         [False, False, False,  ..., False, False, False],
         [False, False, False,  ..., False, False, False],
         [False, False, False,  ..., False, False, False]],

        [[False, False, False,  ..., False, False, False],
         [False, False, False,  ..., False, False, False],
         [False, False, False,  ..., False, False, False],
         ...,
         [False, False, False,  ..., False, False, False],
         [False, False, False,  ..., False, False, False],
         [False, False, False,  ..., False, False, False]],

        [[False, False, False,  ..., False, False, False],
         [False, False, False,  ..., False, False, False],
         [False, False, False,  ..., False, False, False],
         ...,
         [False, False, False,  ..., False, False, False],
         [False, False, False,  ..., False, False, False],
         [False, False, False,  ..., False, False, False]],

        ...,

        [[False, False, False,  ..., False, False, False],
         [False, False, False,  ..., False, False, False],
         [False, False, False,  ..., False, False, False],
         ...,
         [False, False, False,  ..., False, False, False],
         [False, False, False,  ..., False, False, False],
         [False, False, False,  ..., False, False, False]],

        [[False, False, False,  ..., False, False, False],
         [False, False, False,  ..., False, False, False],
         [False, False, False,  ..., False, False, False],
         ...,
         [False, False, False,  ..., False, False, False],
         [False, False, False,  ..., False, False, False],
         [False, False, False,  ..., False, False, False]],

        [[False, False, False,  ..., False, False, False],
         [False, False, False,  ..., False, False, False],
         [False, False, False,  ..., False, False, False],
         ...,
         [False, False, False,  ..., False, False, False],
         [False, False, False,  ..., False, False, False],
         [False, False, False,  ..., False, False, False]]])])}
[02/28 06:22:23 mask2former.data.dataset_mappers.mask_former_semantic_dataset_mapper]: None
[02/28 06:22:23 mask2former.data.dataset_mappers.mask_former_semantic_dataset_mapper]: output dataset_dict: {'file_name': '/cpfs01/projects-HDD/pujianxiangmuzu_HDD/public/mr/./leftImg8bit_trainvaltest/leftImg8bit/train/hamburg/hamburg_000000_003904_leftImg8bit.png', 'width': 2048, 'height': 1024, 'image': tensor([[[79, 81, 82,  ..., 87, 86, 86],
         [80, 84, 85,  ..., 86, 86, 88],
         [81, 84, 85,  ..., 87, 86, 87],
         ...,
         [57, 55, 53,  ..., 52, 49, 48],
         [56, 53, 54,  ..., 51, 50, 47],
         [56, 55, 58,  ..., 50, 51, 49]],

        [[82, 84, 85,  ..., 94, 93, 90],
         [83, 86, 88,  ..., 93, 91, 93],
         [84, 86, 88,  ..., 94, 93, 93],
         ...,
         [64, 62, 60,  ..., 59, 56, 55],
         [63, 60, 61,  ..., 58, 57, 54],
         [64, 62, 64,  ..., 58, 57, 55]],

        [[69, 69, 71,  ..., 82, 81, 81],
         [70, 71, 72,  ..., 83, 83, 84],
         [71, 73, 74,  ..., 85, 85, 86],
         ...,
         [57, 57, 55,  ..., 55, 53, 52],
         [57, 55, 56,  ..., 54, 54, 51],
         [59, 57, 60,  ..., 53, 53, 50]]], dtype=torch.uint8), 'sem_seg': tensor([[255, 255, 255,  ...,   2,   2,   2],
        [255, 255, 255,  ...,   2,   2,   2],
        [255, 255, 255,  ...,   2,   2,   2],
        ...,
        [  0,   0,   0,  ...,   0,   0,   0],
        [  0,   0,   0,  ...,   0,   0,   0],
        [  0,   0,   0,  ...,   0,   0,   0]]), 'instances': Instances(num_instances=17, image_height=768, image_width=768, fields=[gt_classes: tensor([ 0,  1,  2,  5,  7,  8,  9, 10, 11, 13, 18,  0,  2,  8, 10, 13,  0]), gt_masks: tensor([[[False, False, False,  ..., False, False, False],
         [False, False, False,  ..., False, False, False],
         [False, False, False,  ..., False, False, False],
         ...,
         [ True,  True,  True,  ...,  True,  True,  True],
         [ True,  True,  True,  ...,  True,  True,  True],
         [ True,  True,  True,  ...,  True,  True,  True]],

        [[False, False, False,  ..., False, False, False],
         [False, False, False,  ..., False, False, False],
         [False, False, False,  ..., False, False, False],
         ...,
         [False, False, False,  ..., False, False, False],
         [False, False, False,  ..., False, False, False],
         [False, False, False,  ..., False, False, False]],

        [[False, False, False,  ...,  True,  True,  True],
         [False, False, False,  ...,  True,  True,  True],
         [False, False, False,  ...,  True,  True,  True],
         ...,
         [False, False, False,  ..., False, False, False],
         [False, False, False,  ..., False, False, False],
         [False, False, False,  ..., False, False, False]],

        ...,

        [[False, False, False,  ..., False, False, False],
         [False, False, False,  ..., False, False, False],
         [False, False, False,  ..., False, False, False],
         ...,
         [False, False, False,  ..., False, False, False],
         [False, False, False,  ..., False, False, False],
         [False, False, False,  ..., False, False, False]],

        [[False, False, False,  ..., False, False, False],
         [False, False, False,  ..., False, False, False],
         [False, False, False,  ..., False, False, False],
         ...,
         [False, False, False,  ..., False, False, False],
         [False, False, False,  ..., False, False, False],
         [False, False, False,  ..., False, False, False]],

        [[False, False, False,  ..., False, False, False],
         [False, False, False,  ..., False, False, False],
         [False, False, False,  ..., False, False, False],
         ...,
         [False, False, False,  ..., False, False, False],
         [False, False, False,  ..., False, False, False],
         [False, False, False,  ..., False, False, False]]])])}
[02/28 06:22:23 mask2former.data.dataset_mappers.mask_former_semantic_dataset_mapper]: None
[02/28 06:22:23 mask2former.data.dataset_mappers.mask_former_semantic_dataset_mapper]: output dataset_dict: {'file_name': '/cpfs01/projects-HDD/pujianxiangmuzu_HDD/public/mr/./leftImg8bit_trainvaltest/leftImg8bit/train/erfurt/erfurt_000095_000019_leftImg8bit.png', 'width': 2048, 'height': 1024, 'image': tensor([[[ 89,  90,  93,  ...,  72,  72,  71],
         [ 89,  90,  93,  ...,  72,  72,  72],
         [ 90,  92,  94,  ...,  74,  74,  74],
         ...,
         [ 25,  26,  27,  ...,  43,  44,  45],
         [ 25,  27,  27,  ...,  44,  45,  46],
         [ 26,  26,  26,  ...,  42,  44,  44]],

        [[107, 110, 114,  ...,  97,  97,  97],
         [107, 110, 114,  ...,  97,  97,  97],
         [108, 111, 115,  ...,  98,  98,  98],
         ...,
         [ 39,  39,  38,  ...,  61,  61,  62],
         [ 38,  38,  38,  ...,  62,  62,  63],
         [ 39,  39,  39,  ...,  60,  60,  61]],

        [[ 81,  85,  89,  ...,  71,  71,  72],
         [ 81,  85,  89,  ...,  71,  71,  72],
         [ 82,  86,  90,  ...,  72,  72,  72],
         ...,
         [ 34,  34,  35,  ...,  54,  55,  56],
         [ 32,  32,  32,  ...,  55,  56,  57],
         [ 34,  34,  34,  ...,  54,  56,  55]]], dtype=torch.uint8), 'sem_seg': tensor([[ 2,  2,  2,  ...,  2,  2,  2],
        [ 2,  2,  2,  ...,  2,  2,  2],
        [ 2,  2,  2,  ...,  2,  2,  2],
        ...,
        [13, 13, 13,  ..., 13, 13, 13],
        [13, 13, 13,  ..., 13, 13, 13],
        [13, 13, 13,  ..., 13, 13, 13]]), 'instances': Instances(num_instances=17, image_height=768, image_width=768, fields=[gt_classes: tensor([ 2,  8, 13,  2, 13, 13, 13, 13, 13,  8,  8,  8,  2,  2,  8,  8, 13]), gt_masks: tensor([[[False, False, False,  ..., False, False, False],
         [False, False, False,  ..., False, False, False],
         [False, False, False,  ..., False, False, False],
         ...,
         [False, False, False,  ..., False, False, False],
         [False, False, False,  ..., False, False, False],
         [False, False, False,  ..., False, False, False]],

        [[False, False, False,  ..., False, False, False],
         [False, False, False,  ..., False, False, False],
         [False, False, False,  ..., False, False, False],
         ...,
         [False, False, False,  ..., False, False, False],
         [False, False, False,  ..., False, False, False],
         [False, False, False,  ..., False, False, False]],

        [[False, False, False,  ..., False, False, False],
         [False, False, False,  ..., False, False, False],
         [False, False, False,  ..., False, False, False],
         ...,
         [False, False, False,  ..., False, False, False],
         [False, False, False,  ..., False, False, False],
         [False, False, False,  ..., False, False, False]],

        ...,

        [[False, False, False,  ..., False, False, False],
         [False, False, False,  ..., False, False, False],
         [False, False, False,  ..., False, False, False],
         ...,
         [False, False, False,  ..., False, False, False],
         [False, False, False,  ..., False, False, False],
         [False, False, False,  ..., False, False, False]],

        [[False, False, False,  ..., False, False, False],
         [False, False, False,  ..., False, False, False],
         [False, False, False,  ..., False, False, False],
         ...,
         [False, False, False,  ..., False, False, False],
         [False, False, False,  ..., False, False, False],
         [False, False, False,  ..., False, False, False]],

        [[False, False, False,  ..., False, False, False],
         [False, False, False,  ..., False, False, False],
         [False, False, False,  ..., False, False, False],
         ...,
         [False, False, False,  ..., False, False, False],
         [False, False, False,  ..., False, False, False],
         [False, False, False,  ..., False, False, False]]])])}
[02/28 06:22:23 mask2former.data.dataset_mappers.mask_former_semantic_dataset_mapper]: None
[02/28 06:22:24 mask2former.data.dataset_mappers.mask_former_semantic_dataset_mapper]: output dataset_dict: {'file_name': '/cpfs01/projects-HDD/pujianxiangmuzu_HDD/public/mr/./leftImg8bit_trainvaltest/leftImg8bit/train/strasbourg/strasbourg_000000_026575_leftImg8bit.png', 'width': 2048, 'height': 1024, 'image': tensor([[[209, 205, 202,  ..., 108, 107, 107],
         [207, 203, 202,  ..., 107, 107, 107],
         [206, 204, 203,  ..., 108, 107, 107],
         ...,
         [ 80,  81,  78,  ...,  74,  76,  76],
         [ 83,  83,  81,  ...,  76,  76,  77],
         [ 81,  81,  80,  ...,  76,  77,  78]],

        [[212, 209, 205,  ..., 107, 106, 107],
         [210, 206, 205,  ..., 107, 107, 106],
         [210, 208, 207,  ..., 107, 106, 105],
         ...,
         [ 82,  83,  81,  ...,  79,  80,  81],
         [ 83,  83,  82,  ...,  80,  80,  81],
         [ 82,  81,  81,  ...,  80,  81,  81]],

        [[205, 204, 201,  ...,  86,  85,  85],
         [204, 199, 198,  ...,  86,  85,  84],
         [204, 200, 198,  ...,  85,  84,  83],
         ...,
         [ 73,  74,  72,  ...,  69,  70,  71],
         [ 73,  74,  73,  ...,  70,  69,  70],
         [ 72,  71,  71,  ...,  69,  70,  70]]], dtype=torch.uint8), 'sem_seg': tensor([[2, 2, 2,  ..., 2, 2, 2],
        [2, 2, 2,  ..., 2, 2, 2],
        [2, 2, 2,  ..., 2, 2, 2],
        ...,
        [0, 0, 0,  ..., 0, 0, 0],
        [0, 0, 0,  ..., 0, 0, 0],
        [0, 0, 0,  ..., 0, 0, 0]]), 'instances': Instances(num_instances=23, image_height=768, image_width=768, fields=[gt_classes: tensor([ 0,  1,  2,  5,  7, 12, 13, 18,  0,  1,  2,  0,  1,  2,  0,  0,  2,  2,
         2,  2,  2,  2,  2]), gt_masks: tensor([[[False, False, False,  ..., False, False, False],
         [False, False, False,  ..., False, False, False],
         [False, False, False,  ..., False, False, False],
         ...,
         [ True,  True,  True,  ...,  True,  True,  True],
         [ True,  True,  True,  ...,  True,  True,  True],
         [ True,  True,  True,  ...,  True,  True,  True]],

        [[False, False, False,  ..., False, False, False],
         [False, False, False,  ..., False, False, False],
         [False, False, False,  ..., False, False, False],
         ...,
         [False, False, False,  ..., False, False, False],
         [False, False, False,  ..., False, False, False],
         [False, False, False,  ..., False, False, False]],

        [[False, False, False,  ..., False, False, False],
         [False, False, False,  ..., False, False, False],
         [False, False, False,  ..., False, False, False],
         ...,
         [False, False, False,  ..., False, False, False],
         [False, False, False,  ..., False, False, False],
         [False, False, False,  ..., False, False, False]],

        ...,

        [[False, False, False,  ..., False, False, False],
         [False, False, False,  ..., False, False, False],
         [False, False, False,  ..., False, False, False],
         ...,
         [False, False, False,  ..., False, False, False],
         [False, False, False,  ..., False, False, False],
         [False, False, False,  ..., False, False, False]],

        [[False, False, False,  ..., False, False, False],
         [False, False, False,  ..., False, False, False],
         [False, False, False,  ..., False, False, False],
         ...,
         [False, False, False,  ..., False, False, False],
         [False, False, False,  ..., False, False, False],
         [False, False, False,  ..., False, False, False]],

        [[False, False, False,  ..., False, False, False],
         [False, False, False,  ..., False, False, False],
         [False, False, False,  ..., False, False, False],
         ...,
         [False, False, False,  ..., False, False, False],
         [False, False, False,  ..., False, False, False],
         [False, False, False,  ..., False, False, False]]])])}
[02/28 06:22:24 mask2former.data.dataset_mappers.mask_former_semantic_dataset_mapper]: None
[02/28 06:22:24 mask2former.data.dataset_mappers.mask_former_semantic_dataset_mapper]: output dataset_dict: {'file_name': '/cpfs01/projects-HDD/pujianxiangmuzu_HDD/public/mr/./leftImg8bit_trainvaltest/leftImg8bit/train/hanover/hanover_000000_038855_leftImg8bit.png', 'width': 2048, 'height': 1024, 'image': tensor([[[134, 133, 131,  ..., 119, 119, 119],
         [134, 134, 134,  ..., 120, 121, 121],
         [133, 133, 133,  ..., 121, 120, 121],
         ...,
         [127, 126, 125,  ..., 100, 102, 104],
         [127, 126, 125,  ..., 100, 102, 104],
         [127, 126, 125,  ..., 101, 103, 104]],

        [[142, 141, 140,  ..., 124, 124, 124],
         [142, 142, 142,  ..., 125, 125, 125],
         [141, 141, 141,  ..., 125, 125, 125],
         ...,
         [135, 134, 133,  ..., 105, 107, 108],
         [135, 134, 133,  ..., 105, 107, 108],
         [135, 134, 133,  ..., 105, 107, 108]],

        [[136, 135, 133,  ..., 114, 116, 116],
         [136, 136, 136,  ..., 117, 117, 117],
         [135, 135, 135,  ..., 117, 117, 117],
         ...,
         [128, 127, 127,  ...,  98, 101, 102],
         [128, 127, 127,  ...,  98, 101, 102],
         [128, 127, 127,  ..., 100, 101, 102]]], dtype=torch.uint8), 'sem_seg': tensor([[  0,   0,   0,  ...,  18,  18,  18],
        [  0,   0,   0,  ...,  18,  18,  18],
        [  0,   0,   0,  ...,  18,  18,  18],
        ...,
        [255, 255, 255,  ..., 255, 255, 255],
        [255, 255, 255,  ..., 255, 255, 255],
        [255, 255, 255,  ..., 255, 255, 255]]), 'instances': Instances(num_instances=7, image_height=768, image_width=768, fields=[gt_classes: tensor([ 0,  1, 18,  0,  1,  1, 18]), gt_masks: tensor([[[ True,  True,  True,  ..., False, False, False],
         [ True,  True,  True,  ..., False, False, False],
         [ True,  True,  True,  ..., False, False, False],
         ...,
         [False, False, False,  ..., False, False, False],
         [False, False, False,  ..., False, False, False],
         [False, False, False,  ..., False, False, False]],

        [[False, False, False,  ..., False, False, False],
         [False, False, False,  ..., False, False, False],
         [False, False, False,  ..., False, False, False],
         ...,
         [False, False, False,  ..., False, False, False],
         [False, False, False,  ..., False, False, False],
         [False, False, False,  ..., False, False, False]],

        [[False, False, False,  ..., False, False, False],
         [False, False, False,  ..., False, False, False],
         [False, False, False,  ..., False, False, False],
         ...,
         [False, False, False,  ..., False, False, False],
         [False, False, False,  ..., False, False, False],
         [False, False, False,  ..., False, False, False]],

        ...,

        [[False, False, False,  ..., False, False, False],
         [False, False, False,  ..., False, False, False],
         [False, False, False,  ..., False, False, False],
         ...,
         [False, False, False,  ..., False, False, False],
         [False, False, False,  ..., False, False, False],
         [False, False, False,  ..., False, False, False]],

        [[False, False, False,  ..., False, False, False],
         [False, False, False,  ..., False, False, False],
         [False, False, False,  ..., False, False, False],
         ...,
         [False, False, False,  ..., False, False, False],
         [False, False, False,  ..., False, False, False],
         [False, False, False,  ..., False, False, False]],

        [[False, False, False,  ...,  True,  True,  True],
         [False, False, False,  ...,  True,  True,  True],
         [False, False, False,  ...,  True,  True,  True],
         ...,
         [False, False, False,  ..., False, False, False],
         [False, False, False,  ..., False, False, False],
         [False, False, False,  ..., False, False, False]]])])}
[02/28 06:22:24 mask2former.data.dataset_mappers.mask_former_semantic_dataset_mapper]: None
[02/28 06:22:24 mask2former.data.dataset_mappers.mask_former_semantic_dataset_mapper]: output dataset_dict: {'file_name': '/cpfs01/projects-HDD/pujianxiangmuzu_HDD/public/mr/./leftImg8bit_trainvaltest/leftImg8bit/train/bochum/bochum_000000_023648_leftImg8bit.png', 'width': 2048, 'height': 1024, 'image': tensor([[[ 41,  39,  42,  ..., 148, 150, 153],
         [ 41,  40,  41,  ..., 147, 149, 151],
         [ 40,  39,  40,  ..., 146, 148, 150],
         ...,
         [ 76,  76,  77,  ...,  66,  66,  65],
         [ 76,  76,  77,  ...,  66,  64,  65],
         [ 76,  76,  77,  ...,  66,  63,  64]],

        [[ 41,  45,  56,  ..., 135, 129, 139],
         [ 43,  47,  55,  ..., 136, 131, 140],
         [ 46,  48,  54,  ..., 137, 132, 140],
         ...,
         [ 83,  83,  83,  ...,  75,  75,  75],
         [ 83,  83,  83,  ...,  75,  74,  74],
         [ 83,  83,  83,  ...,  75,  73,  73]],

        [[ 19,  24,  37,  ..., 120, 112, 123],
         [ 22,  26,  36,  ..., 122, 114, 125],
         [ 25,  28,  36,  ..., 123, 116, 125],
         ...,
         [ 71,  71,  71,  ...,  66,  68,  68],
         [ 71,  71,  71,  ...,  67,  67,  67],
         [ 71,  71,  71,  ...,  68,  65,  64]]], dtype=torch.uint8), 'sem_seg': tensor([[255, 255, 255,  ..., 255, 255, 255],
        [255, 255, 255,  ..., 255, 255, 255],
        [255, 255, 255,  ..., 255, 255, 255],
        ...,
        [255, 255, 255,  ..., 255, 255, 255],
        [255, 255, 255,  ..., 255, 255, 255],
        [255, 255, 255,  ..., 255, 255, 255]]), 'instances': Instances(num_instances=56, image_height=716, image_width=768, fields=[gt_classes: tensor([ 0,  1,  2,  7,  8,  9, 11, 13,  0,  1,  2,  7,  8, 13,  0,  1,  2,  8,
        13,  0,  8, 13,  0,  8, 13,  0,  8,  8,  0,  2,  8, 13,  0, 13,  0, 13,
         2, 13,  2, 13,  2, 13,  2, 13,  2,  2, 13,  2,  2,  2,  2,  2,  2,  2,
         2,  2]), gt_masks: tensor([[[False, False, False,  ..., False, False, False],
         [False, False, False,  ..., False, False, False],
         [False, False, False,  ..., False, False, False],
         ...,
         [False, False, False,  ..., False, False, False],
         [False, False, False,  ..., False, False, False],
         [False, False, False,  ..., False, False, False]],

        [[False, False, False,  ..., False, False, False],
         [False, False, False,  ..., False, False, False],
         [False, False, False,  ..., False, False, False],
         ...,
         [False, False, False,  ..., False, False, False],
         [False, False, False,  ..., False, False, False],
         [False, False, False,  ..., False, False, False]],

        [[False, False, False,  ..., False, False, False],
         [False, False, False,  ..., False, False, False],
         [False, False, False,  ..., False, False, False],
         ...,
         [False, False, False,  ..., False, False, False],
         [False, False, False,  ..., False, False, False],
         [False, False, False,  ..., False, False, False]],

        ...,

        [[False, False, False,  ..., False, False, False],
         [False, False, False,  ..., False, False, False],
         [False, False, False,  ..., False, False, False],
         ...,
         [False, False, False,  ..., False, False, False],
         [False, False, False,  ..., False, False, False],
         [False, False, False,  ..., False, False, False]],

        [[False, False, False,  ..., False, False, False],
         [False, False, False,  ..., False, False, False],
         [False, False, False,  ..., False, False, False],
         ...,
         [False, False, False,  ..., False, False, False],
         [False, False, False,  ..., False, False, False],
         [False, False, False,  ..., False, False, False]],

        [[False, False, False,  ..., False, False, False],
         [False, False, False,  ..., False, False, False],
         [False, False, False,  ..., False, False, False],
         ...,
         [False, False, False,  ..., False, False, False],
         [False, False, False,  ..., False, False, False],
         [False, False, False,  ..., False, False, False]]])])}
[02/28 06:22:24 mask2former.data.dataset_mappers.mask_former_semantic_dataset_mapper]: None
[02/28 06:22:24 mask2former.data.dataset_mappers.mask_former_semantic_dataset_mapper]: output dataset_dict: {'file_name': '/cpfs01/projects-HDD/pujianxiangmuzu_HDD/public/mr/./leftImg8bit_trainvaltest/leftImg8bit/train/aachen/aachen_000088_000019_leftImg8bit.png', 'width': 2048, 'height': 1024, 'image': tensor([[[46, 46, 45,  ..., 25, 25, 25],
         [46, 46, 46,  ..., 25, 25, 25],
         [46, 46, 46,  ..., 25, 25, 25],
         ...,
         [51, 51, 53,  ..., 49, 49, 49],
         [52, 54, 54,  ..., 48, 48, 48],
         [54, 55, 56,  ..., 46, 46, 46]],

        [[46, 46, 46,  ..., 30, 30, 30],
         [46, 46, 46,  ..., 30, 30, 30],
         [45, 46, 46,  ..., 30, 30, 30],
         ...,
         [59, 60, 62,  ..., 57, 57, 57],
         [61, 63, 64,  ..., 56, 56, 56],
         [63, 64, 65,  ..., 54, 54, 55]],

        [[36, 36, 36,  ..., 20, 20, 20],
         [36, 36, 36,  ..., 20, 20, 20],
         [35, 36, 36,  ..., 19, 19, 19],
         ...,
         [53, 52, 53,  ..., 51, 51, 51],
         [54, 54, 55,  ..., 50, 50, 50],
         [55, 56, 56,  ..., 48, 48, 48]]], dtype=torch.uint8), 'sem_seg': tensor([[2, 2, 2,  ..., 8, 8, 8],
        [2, 2, 2,  ..., 8, 8, 8],
        [2, 2, 2,  ..., 8, 8, 8],
        ...,
        [0, 0, 0,  ..., 0, 0, 0],
        [0, 0, 0,  ..., 0, 0, 0],
        [0, 0, 0,  ..., 0, 0, 0]]), 'instances': Instances(num_instances=18, image_height=768, image_width=768, fields=[gt_classes: tensor([ 0,  1,  2,  5,  7,  8,  9, 11, 13, 17,  0,  1,  8,  0,  8,  2,  8,  8]), gt_masks: tensor([[[False, False, False,  ..., False, False, False],
         [False, False, False,  ..., False, False, False],
         [False, False, False,  ..., False, False, False],
         ...,
         [False, False, False,  ..., False, False, False],
         [False, False, False,  ..., False, False, False],
         [False, False, False,  ..., False, False, False]],

        [[False, False, False,  ..., False, False, False],
         [False, False, False,  ..., False, False, False],
         [False, False, False,  ..., False, False, False],
         ...,
         [False, False, False,  ..., False, False, False],
         [False, False, False,  ..., False, False, False],
         [False, False, False,  ..., False, False, False]],

        [[False, False, False,  ..., False, False, False],
         [False, False, False,  ..., False, False, False],
         [False, False, False,  ..., False, False, False],
         ...,
         [False, False, False,  ..., False, False, False],
         [False, False, False,  ..., False, False, False],
         [False, False, False,  ..., False, False, False]],

        ...,

        [[ True,  True,  True,  ..., False, False, False],
         [ True,  True,  True,  ..., False, False, False],
         [ True,  True,  True,  ..., False, False, False],
         ...,
         [False, False, False,  ..., False, False, False],
         [False, False, False,  ..., False, False, False],
         [False, False, False,  ..., False, False, False]],

        [[False, False, False,  ...,  True,  True,  True],
         [False, False, False,  ...,  True,  True,  True],
         [False, False, False,  ...,  True,  True,  True],
         ...,
         [False, False, False,  ..., False, False, False],
         [False, False, False,  ..., False, False, False],
         [False, False, False,  ..., False, False, False]],

        [[False, False, False,  ..., False, False, False],
         [False, False, False,  ..., False, False, False],
         [False, False, False,  ..., False, False, False],
         ...,
         [False, False, False,  ..., False, False, False],
         [False, False, False,  ..., False, False, False],
         [False, False, False,  ..., False, False, False]]])])}
[02/28 06:22:24 mask2former.data.dataset_mappers.mask_former_semantic_dataset_mapper]: None
[02/28 06:22:25 mask2former.data.dataset_mappers.mask_former_semantic_dataset_mapper]: output dataset_dict: {'file_name': '/cpfs01/projects-HDD/pujianxiangmuzu_HDD/public/mr/./leftImg8bit_trainvaltest/leftImg8bit/train/dusseldorf/dusseldorf_000097_000019_leftImg8bit.png', 'width': 2048, 'height': 1024, 'image': tensor([[[64, 65, 65,  ..., 33, 35, 36],
         [53, 54, 53,  ..., 33, 34, 36],
         [42, 42, 41,  ..., 32, 33, 35],
         ...,
         [47, 47, 47,  ..., 52, 52, 52],
         [47, 47, 46,  ..., 52, 52, 52],
         [47, 46, 45,  ..., 51, 51, 51]],

        [[78, 79, 79,  ..., 44, 44, 43],
         [67, 68, 67,  ..., 42, 43, 43],
         [57, 57, 56,  ..., 41, 42, 42],
         ...,
         [59, 59, 59,  ..., 63, 63, 62],
         [59, 59, 58,  ..., 63, 63, 62],
         [59, 58, 57,  ..., 63, 63, 62]],

        [[66, 67, 67,  ..., 31, 30, 30],
         [55, 56, 55,  ..., 30, 30, 30],
         [46, 46, 45,  ..., 30, 30, 30],
         ...,
         [52, 52, 52,  ..., 54, 55, 55],
         [52, 52, 51,  ..., 55, 55, 55],
         [52, 51, 50,  ..., 55, 55, 55]]], dtype=torch.uint8), 'sem_seg': tensor([[2, 2, 2,  ..., 8, 8, 8],
        [2, 2, 2,  ..., 8, 8, 8],
        [2, 2, 2,  ..., 8, 8, 8],
        ...,
        [0, 0, 0,  ..., 0, 0, 0],
        [0, 0, 0,  ..., 0, 0, 0],
        [0, 0, 0,  ..., 0, 0, 0]]), 'instances': Instances(num_instances=14, image_height=768, image_width=768, fields=[gt_classes: tensor([0, 1, 2, 5, 6, 7, 8, 9, 0, 8, 0, 2, 2, 2]), gt_masks: tensor([[[False, False, False,  ..., False, False, False],
         [False, False, False,  ..., False, False, False],
         [False, False, False,  ..., False, False, False],
         ...,
         [False, False, False,  ..., False, False, False],
         [False, False, False,  ..., False, False, False],
         [False, False, False,  ..., False, False, False]],

        [[False, False, False,  ..., False, False, False],
         [False, False, False,  ..., False, False, False],
         [False, False, False,  ..., False, False, False],
         ...,
         [False, False, False,  ..., False, False, False],
         [False, False, False,  ..., False, False, False],
         [False, False, False,  ..., False, False, False]],

        [[False, False, False,  ..., False, False, False],
         [False, False, False,  ..., False, False, False],
         [False, False, False,  ..., False, False, False],
         ...,
         [False, False, False,  ..., False, False, False],
         [False, False, False,  ..., False, False, False],
         [False, False, False,  ..., False, False, False]],

        ...,

        [[ True,  True,  True,  ..., False, False, False],
         [ True,  True,  True,  ..., False, False, False],
         [ True,  True,  True,  ..., False, False, False],
         ...,
         [False, False, False,  ..., False, False, False],
         [False, False, False,  ..., False, False, False],
         [False, False, False,  ..., False, False, False]],

        [[False, False, False,  ..., False, False, False],
         [False, False, False,  ..., False, False, False],
         [False, False, False,  ..., False, False, False],
         ...,
         [False, False, False,  ..., False, False, False],
         [False, False, False,  ..., False, False, False],
         [False, False, False,  ..., False, False, False]],

        [[False, False, False,  ..., False, False, False],
         [False, False, False,  ..., False, False, False],
         [False, False, False,  ..., False, False, False],
         ...,
         [False, False, False,  ..., False, False, False],
         [False, False, False,  ..., False, False, False],
         [False, False, False,  ..., False, False, False]]])])}
[02/28 06:22:25 mask2former.data.dataset_mappers.mask_former_semantic_dataset_mapper]: None
[02/28 06:22:25 mask2former.data.dataset_mappers.mask_former_semantic_dataset_mapper]: output dataset_dict: {'file_name': '/cpfs01/projects-HDD/pujianxiangmuzu_HDD/public/mr/./leftImg8bit_trainvaltest/leftImg8bit/train/strasbourg/strasbourg_000000_036016_leftImg8bit.png', 'width': 2048, 'height': 1024, 'image': tensor([[[238, 238, 238,  ...,  21,  20,  20],
         [239, 239, 239,  ...,  20,  20,  20],
         [239, 239, 240,  ...,  20,  20,  20],
         ...,
         [ 42,  41,  40,  ...,  94,  94,  97],
         [ 49,  47,  46,  ...,  93,  93,  94],
         [ 54,  54,  53,  ...,  97,  95,  95]],

        [[246, 246, 246,  ...,  37,  35,  35],
         [246, 246, 246,  ...,  35,  34,  34],
         [246, 246, 246,  ...,  34,  34,  34],
         ...,
         [ 50,  49,  49,  ...,  99, 101, 101],
         [ 56,  56,  55,  ...,  98,  98,  98],
         [ 64,  64,  63,  ...,  99,  99,  99]],

        [[246, 246, 245,  ...,  15,  14,  13],
         [246, 246, 245,  ...,  14,  13,  11],
         [246, 246, 245,  ...,  11,  10,  10],
         ...,
         [ 29,  28,  28,  ...,  78,  79,  79],
         [ 33,  32,  31,  ...,  77,  76,  76],
         [ 41,  40,  39,  ...,  78,  76,  75]]], dtype=torch.uint8), 'sem_seg': tensor([[4, 4, 4,  ..., 4, 4, 4],
        [4, 4, 4,  ..., 4, 4, 4],
        [4, 4, 4,  ..., 4, 4, 4],
        ...,
        [0, 0, 0,  ..., 0, 0, 0],
        [0, 0, 0,  ..., 0, 0, 0],
        [0, 0, 0,  ..., 0, 0, 0]]), 'instances': Instances(num_instances=12, image_height=768, image_width=768, fields=[gt_classes: tensor([0, 1, 4, 0, 1, 4, 1, 0, 1, 4, 4, 4]), gt_masks: tensor([[[False, False, False,  ..., False, False, False],
         [False, False, False,  ..., False, False, False],
         [False, False, False,  ..., False, False, False],
         ...,
         [False, False, False,  ...,  True,  True,  True],
         [False, False, False,  ...,  True,  True,  True],
         [False, False, False,  ...,  True,  True,  True]],

        [[False, False, False,  ..., False, False, False],
         [False, False, False,  ..., False, False, False],
         [False, False, False,  ..., False, False, False],
         ...,
         [False, False, False,  ..., False, False, False],
         [False, False, False,  ..., False, False, False],
         [False, False, False,  ..., False, False, False]],

        [[ True,  True,  True,  ...,  True,  True,  True],
         [ True,  True,  True,  ...,  True,  True,  True],
         [ True,  True,  True,  ...,  True,  True,  True],
         ...,
         [False, False, False,  ..., False, False, False],
         [False, False, False,  ..., False, False, False],
         [False, False, False,  ..., False, False, False]],

        ...,

        [[False, False, False,  ..., False, False, False],
         [False, False, False,  ..., False, False, False],
         [False, False, False,  ..., False, False, False],
         ...,
         [False, False, False,  ..., False, False, False],
         [False, False, False,  ..., False, False, False],
         [False, False, False,  ..., False, False, False]],

        [[False, False, False,  ..., False, False, False],
         [False, False, False,  ..., False, False, False],
         [False, False, False,  ..., False, False, False],
         ...,
         [False, False, False,  ..., False, False, False],
         [False, False, False,  ..., False, False, False],
         [False, False, False,  ..., False, False, False]],

        [[False, False, False,  ..., False, False, False],
         [False, False, False,  ..., False, False, False],
         [False, False, False,  ..., False, False, False],
         ...,
         [False, False, False,  ..., False, False, False],
         [False, False, False,  ..., False, False, False],
         [False, False, False,  ..., False, False, False]]])])}
[02/28 06:22:25 mask2former.data.dataset_mappers.mask_former_semantic_dataset_mapper]: None
[02/28 06:22:25 mask2former.data.dataset_mappers.mask_former_semantic_dataset_mapper]: output dataset_dict: {'file_name': '/cpfs01/projects-HDD/pujianxiangmuzu_HDD/public/mr/./leftImg8bit_trainvaltest/leftImg8bit/train/darmstadt/darmstadt_000006_000019_leftImg8bit.png', 'width': 2048, 'height': 1024, 'image': tensor([[[ 59,  57,  59,  ..., 255, 255, 255],
         [ 59,  55,  56,  ..., 255, 255, 255],
         [ 61,  59,  56,  ..., 255, 255, 255],
         ...,
         [ 31,  31,  33,  ..., 101, 101, 101],
         [ 32,  29,  32,  ..., 101, 103, 103],
         [ 31,  29,  32,  ..., 100, 103, 103]],

        [[ 87,  85,  88,  ..., 255, 255, 255],
         [ 87,  85,  87,  ..., 255, 255, 255],
         [ 91,  88,  87,  ..., 255, 255, 255],
         ...,
         [ 50,  50,  52,  ..., 128, 126, 126],
         [ 52,  52,  52,  ..., 128, 128, 128],
         [ 54,  53,  53,  ..., 125, 126, 125]],

        [[ 75,  71,  71,  ..., 255, 255, 255],
         [ 73,  71,  70,  ..., 255, 255, 255],
         [ 77,  74,  72,  ..., 255, 255, 255],
         ...,
         [ 41,  42,  46,  ..., 109, 107, 106],
         [ 46,  44,  44,  ..., 109, 109, 107],
         [ 47,  46,  46,  ..., 108, 111, 110]]], dtype=torch.uint8), 'sem_seg': tensor([[  2,   2,   2,  ...,  10,  10,  10],
        [  2,   2,   2,  ...,  10,  10,  10],
        [  2,   2,   2,  ...,  10,  10,  10],
        ...,
        [  0,   0,   0,  ..., 255, 255, 255],
        [  0,   0,   0,  ..., 255, 255, 255],
        [  0,   0,   0,  ..., 255, 255, 255]]), 'instances': Instances(num_instances=34, image_height=768, image_width=768, fields=[gt_classes: tensor([ 0,  1,  2,  5,  6,  7,  8, 10, 11, 13, 14,  0,  2,  8, 10,  0,  2,  8,
        10,  0,  2,  8,  2,  0,  2,  8,  8,  2,  2,  2,  2,  2,  2,  2]), gt_masks: tensor([[[False, False, False,  ..., False, False, False],
         [False, False, False,  ..., False, False, False],
         [False, False, False,  ..., False, False, False],
         ...,
         [False, False, False,  ..., False, False, False],
         [False, False, False,  ..., False, False, False],
         [False, False, False,  ..., False, False, False]],

        [[False, False, False,  ..., False, False, False],
         [False, False, False,  ..., False, False, False],
         [False, False, False,  ..., False, False, False],
         ...,
         [False, False, False,  ..., False, False, False],
         [False, False, False,  ..., False, False, False],
         [False, False, False,  ..., False, False, False]],

        [[False, False, False,  ..., False, False, False],
         [False, False, False,  ..., False, False, False],
         [False, False, False,  ..., False, False, False],
         ...,
         [False, False, False,  ..., False, False, False],
         [False, False, False,  ..., False, False, False],
         [False, False, False,  ..., False, False, False]],

        ...,

        [[False, False, False,  ..., False, False, False],
         [False, False, False,  ..., False, False, False],
         [False, False, False,  ..., False, False, False],
         ...,
         [False, False, False,  ..., False, False, False],
         [False, False, False,  ..., False, False, False],
         [False, False, False,  ..., False, False, False]],

        [[False, False, False,  ..., False, False, False],
         [False, False, False,  ..., False, False, False],
         [False, False, False,  ..., False, False, False],
         ...,
         [False, False, False,  ..., False, False, False],
         [False, False, False,  ..., False, False, False],
         [False, False, False,  ..., False, False, False]],

        [[False, False, False,  ..., False, False, False],
         [False, False, False,  ..., False, False, False],
         [False, False, False,  ..., False, False, False],
         ...,
         [False, False, False,  ..., False, False, False],
         [False, False, False,  ..., False, False, False],
         [False, False, False,  ..., False, False, False]]])])}
[02/28 06:22:25 mask2former.data.dataset_mappers.mask_former_semantic_dataset_mapper]: None
[02/28 06:22:26 mask2former.data.dataset_mappers.mask_former_semantic_dataset_mapper]: output dataset_dict: {'file_name': '/cpfs01/projects-HDD/pujianxiangmuzu_HDD/public/mr/./leftImg8bit_trainvaltest/leftImg8bit/train/hamburg/hamburg_000000_073758_leftImg8bit.png', 'width': 2048, 'height': 1024, 'image': tensor([[[ 67,  67,  67,  ...,  61,  61,  61],
         [ 66,  67,  67,  ...,  62,  62,  62],
         [ 66,  67,  67,  ...,  62,  62,  62],
         ...,
         [169, 170, 170,  ..., 160, 162, 163],
         [168, 169, 169,  ..., 162, 163, 164],
         [164, 167, 167,  ..., 164, 164, 164]],

        [[ 87,  86,  86,  ...,  70,  70,  70],
         [ 86,  84,  84,  ...,  71,  71,  71],
         [ 86,  84,  84,  ...,  71,  71,  71],
         ...,
         [178, 176, 176,  ..., 168, 169, 170],
         [175, 175, 175,  ..., 169, 170, 172],
         [170, 172, 172,  ..., 170, 172, 172]],

        [[ 63,  62,  62,  ...,  60,  58,  58],
         [ 65,  63,  63,  ...,  61,  60,  60],
         [ 65,  63,  63,  ...,  61,  60,  60],
         ...,
         [158, 157, 156,  ..., 151, 153, 153],
         [154, 154, 153,  ..., 153, 153, 154],
         [148, 149, 149,  ..., 156, 154, 154]]], dtype=torch.uint8), 'sem_seg': tensor([[8, 8, 8,  ..., 8, 8, 8],
        [8, 8, 8,  ..., 8, 8, 8],
        [8, 8, 8,  ..., 8, 8, 8],
        ...,
        [1, 1, 1,  ..., 1, 1, 1],
        [1, 1, 1,  ..., 1, 1, 1],
        [1, 1, 1,  ..., 1, 1, 1]]), 'instances': Instances(num_instances=20, image_height=768, image_width=768, fields=[gt_classes: tensor([ 0,  1,  2,  3,  4,  5,  6,  7,  8,  9, 11,  1,  7,  8,  1, 11,  1,  8,
        11,  8]), gt_masks: tensor([[[False, False, False,  ..., False, False, False],
         [False, False, False,  ..., False, False, False],
         [False, False, False,  ..., False, False, False],
         ...,
         [False, False, False,  ..., False, False, False],
         [False, False, False,  ..., False, False, False],
         [False, False, False,  ..., False, False, False]],

        [[False, False, False,  ..., False, False, False],
         [False, False, False,  ..., False, False, False],
         [False, False, False,  ..., False, False, False],
         ...,
         [False, False, False,  ..., False, False, False],
         [False, False, False,  ..., False, False, False],
         [False, False, False,  ..., False, False, False]],

        [[False, False, False,  ..., False, False, False],
         [False, False, False,  ..., False, False, False],
         [False, False, False,  ..., False, False, False],
         ...,
         [False, False, False,  ..., False, False, False],
         [False, False, False,  ..., False, False, False],
         [False, False, False,  ..., False, False, False]],

        ...,

        [[False, False, False,  ...,  True,  True,  True],
         [False, False, False,  ...,  True,  True,  True],
         [False, False, False,  ...,  True,  True,  True],
         ...,
         [False, False, False,  ..., False, False, False],
         [False, False, False,  ..., False, False, False],
         [False, False, False,  ..., False, False, False]],

        [[False, False, False,  ..., False, False, False],
         [False, False, False,  ..., False, False, False],
         [False, False, False,  ..., False, False, False],
         ...,
         [False, False, False,  ..., False, False, False],
         [False, False, False,  ..., False, False, False],
         [False, False, False,  ..., False, False, False]],

        [[ True,  True,  True,  ..., False, False, False],
         [ True,  True,  True,  ..., False, False, False],
         [ True,  True,  True,  ..., False, False, False],
         ...,
         [False, False, False,  ..., False, False, False],
         [False, False, False,  ..., False, False, False],
         [False, False, False,  ..., False, False, False]]])])}
[02/28 06:22:26 mask2former.data.dataset_mappers.mask_former_semantic_dataset_mapper]: None
[02/28 06:22:26 mask2former.data.dataset_mappers.mask_former_semantic_dataset_mapper]: output dataset_dict: {'file_name': '/cpfs01/projects-HDD/pujianxiangmuzu_HDD/public/mr/./leftImg8bit_trainvaltest/leftImg8bit/train/monchengladbach/monchengladbach_000000_013228_leftImg8bit.png', 'width': 2048, 'height': 1024, 'image': tensor([[[32, 35, 34,  ..., 36, 36, 36],
         [31, 34, 35,  ..., 35, 35, 35],
         [30, 33, 34,  ..., 35, 35, 35],
         ...,
         [69, 67, 67,  ..., 84, 84, 84],
         [68, 67, 65,  ..., 84, 84, 84],
         [67, 67, 65,  ..., 84, 84, 84]],

        [[40, 44, 44,  ..., 46, 46, 46],
         [39, 42, 43,  ..., 45, 45, 45],
         [38, 40, 42,  ..., 45, 45, 45],
         ...,
         [76, 76, 75,  ..., 84, 84, 84],
         [76, 75, 74,  ..., 84, 84, 84],
         [76, 75, 74,  ..., 85, 85, 84]],

        [[23, 26, 26,  ..., 43, 43, 42],
         [20, 23, 24,  ..., 44, 44, 42],
         [19, 22, 23,  ..., 44, 44, 42],
         ...,
         [63, 62, 61,  ..., 75, 75, 76],
         [62, 61, 60,  ..., 75, 75, 76],
         [63, 62, 61,  ..., 76, 76, 76]]], dtype=torch.uint8), 'sem_seg': tensor([[8, 8, 8,  ..., 2, 2, 2],
        [8, 8, 8,  ..., 2, 2, 2],
        [8, 8, 8,  ..., 2, 2, 2],
        ...,
        [0, 0, 0,  ..., 0, 0, 0],
        [0, 0, 0,  ..., 0, 0, 0],
        [0, 0, 0,  ..., 0, 0, 0]]), 'instances': Instances(num_instances=23, image_height=768, image_width=768, fields=[gt_classes: tensor([ 0,  1,  2,  5,  6,  7,  8,  9, 10, 11, 13,  9, 10, 13, 13, 13, 13,  8,
        13,  8,  8, 13,  8]), gt_masks: tensor([[[False, False, False,  ..., False, False, False],
         [False, False, False,  ..., False, False, False],
         [False, False, False,  ..., False, False, False],
         ...,
         [ True,  True,  True,  ...,  True,  True,  True],
         [ True,  True,  True,  ...,  True,  True,  True],
         [ True,  True,  True,  ...,  True,  True,  True]],

        [[False, False, False,  ..., False, False, False],
         [False, False, False,  ..., False, False, False],
         [False, False, False,  ..., False, False, False],
         ...,
         [False, False, False,  ..., False, False, False],
         [False, False, False,  ..., False, False, False],
         [False, False, False,  ..., False, False, False]],

        [[False, False, False,  ...,  True,  True,  True],
         [False, False, False,  ...,  True,  True,  True],
         [False, False, False,  ...,  True,  True,  True],
         ...,
         [False, False, False,  ..., False, False, False],
         [False, False, False,  ..., False, False, False],
         [False, False, False,  ..., False, False, False]],

        ...,

        [[False, False, False,  ..., False, False, False],
         [False, False, False,  ..., False, False, False],
         [False, False, False,  ..., False, False, False],
         ...,
         [False, False, False,  ..., False, False, False],
         [False, False, False,  ..., False, False, False],
         [False, False, False,  ..., False, False, False]],

        [[False, False, False,  ..., False, False, False],
         [False, False, False,  ..., False, False, False],
         [False, False, False,  ..., False, False, False],
         ...,
         [False, False, False,  ..., False, False, False],
         [False, False, False,  ..., False, False, False],
         [False, False, False,  ..., False, False, False]],

        [[ True,  True,  True,  ..., False, False, False],
         [ True,  True,  True,  ..., False, False, False],
         [ True,  True,  True,  ..., False, False, False],
         ...,
         [False, False, False,  ..., False, False, False],
         [False, False, False,  ..., False, False, False],
         [False, False, False,  ..., False, False, False]]])])}
[02/28 06:22:26 mask2former.data.dataset_mappers.mask_former_semantic_dataset_mapper]: None
[02/28 06:22:26 mask2former.data.dataset_mappers.mask_former_semantic_dataset_mapper]: output dataset_dict: {'file_name': '/cpfs01/projects-HDD/pujianxiangmuzu_HDD/public/mr/./leftImg8bit_trainvaltest/leftImg8bit/train/stuttgart/stuttgart_000052_000019_leftImg8bit.png', 'width': 2048, 'height': 1024, 'image': tensor([[[162, 159, 156,  ...,  94,  96,  94],
         [151, 137, 130,  ...,  94,  96,  94],
         [ 95,  87,  89,  ...,  96,  96,  97],
         ...,
         [ 80,  82,  82,  ...,  93,  96,  98],
         [ 82,  80,  79,  ...,  98,  98,  99],
         [ 82,  79,  79,  ...,  98,  97,  97]],

        [[182, 179, 177,  ..., 108, 107, 106],
         [177, 168, 160,  ..., 107, 108, 107],
         [130, 131, 134,  ..., 107, 107, 106],
         ...,
         [ 96,  96,  96,  ..., 113, 114, 112],
         [ 97,  95,  94,  ..., 116, 114, 113],
         [ 96,  94,  93,  ..., 117, 114, 112]],

        [[134, 136, 140,  ...,  95,  94,  93],
         [113, 102,  97,  ...,  94,  96,  93],
         [ 57,  44,  37,  ...,  97,  96,  95],
         ...,
         [ 86,  89,  89,  ...,  93,  95,  93],
         [ 88,  88,  89,  ...,  95,  92,  93],
         [ 89,  88,  88,  ...,  94,  92,  91]]], dtype=torch.uint8), 'sem_seg': tensor([[255, 255, 255,  ...,   2,   2,   2],
        [255, 255, 255,  ...,   2,   2,   2],
        [255, 255, 255,  ...,   2,   2,   2],
        ...,
        [  0,   0,   0,  ...,   8,   8,   8],
        [  0,   0,   0,  ...,   8,   8,   8],
        [  0,   0,   0,  ...,   8,   8,   8]]), 'instances': Instances(num_instances=22, image_height=768, image_width=768, fields=[gt_classes: tensor([ 0,  2,  5,  7,  8, 10, 13,  0,  2,  8,  2,  8,  8,  0,  8,  8,  8,  8,
         8,  8,  8,  8]), gt_masks: tensor([[[False, False, False,  ..., False, False, False],
         [False, False, False,  ..., False, False, False],
         [False, False, False,  ..., False, False, False],
         ...,
         [False, False, False,  ..., False, False, False],
         [False, False, False,  ..., False, False, False],
         [False, False, False,  ..., False, False, False]],

        [[False, False, False,  ..., False, False, False],
         [False, False, False,  ..., False, False, False],
         [False, False, False,  ..., False, False, False],
         ...,
         [False, False, False,  ..., False, False, False],
         [False, False, False,  ..., False, False, False],
         [False, False, False,  ..., False, False, False]],

        [[False, False, False,  ..., False, False, False],
         [False, False, False,  ..., False, False, False],
         [False, False, False,  ..., False, False, False],
         ...,
         [False, False, False,  ..., False, False, False],
         [False, False, False,  ..., False, False, False],
         [False, False, False,  ..., False, False, False]],

        ...,

        [[False, False, False,  ..., False, False, False],
         [False, False, False,  ..., False, False, False],
         [False, False, False,  ..., False, False, False],
         ...,
         [False, False, False,  ..., False, False, False],
         [False, False, False,  ..., False, False, False],
         [False, False, False,  ..., False, False, False]],

        [[False, False, False,  ..., False, False, False],
         [False, False, False,  ..., False, False, False],
         [False, False, False,  ..., False, False, False],
         ...,
         [False, False, False,  ..., False, False, False],
         [False, False, False,  ..., False, False, False],
         [False, False, False,  ..., False, False, False]],

        [[False, False, False,  ..., False, False, False],
         [False, False, False,  ..., False, False, False],
         [False, False, False,  ..., False, False, False],
         ...,
         [False, False, False,  ..., False, False, False],
         [False, False, False,  ..., False, False, False],
         [False, False, False,  ..., False, False, False]]])])}
[02/28 06:22:26 mask2former.data.dataset_mappers.mask_former_semantic_dataset_mapper]: None
[02/28 06:22:26 mask2former.data.dataset_mappers.mask_former_semantic_dataset_mapper]: output dataset_dict: {'file_name': '/cpfs01/projects-HDD/pujianxiangmuzu_HDD/public/mr/./leftImg8bit_trainvaltest/leftImg8bit/train/cologne/cologne_000005_000019_leftImg8bit.png', 'width': 2048, 'height': 1024, 'image': tensor([[[ 0,  0,  5,  ...,  0,  0,  0],
         [ 0,  5, 10,  ...,  0,  0,  0],
         [ 0,  8, 13,  ...,  0,  0,  0],
         ...,
         [31, 31, 31,  ..., 19, 19, 18],
         [33, 33, 33,  ..., 20, 23, 23],
         [33, 33, 33,  ..., 20, 23, 23]],

        [[ 0,  6, 12,  ...,  1,  1,  2],
         [ 1,  9, 16,  ...,  2,  2,  2],
         [ 3, 12, 19,  ...,  3,  2,  2],
         ...,
         [44, 45, 45,  ..., 28, 28, 27],
         [46, 47, 46,  ..., 30, 32, 32],
         [46, 45, 46,  ..., 30, 32, 32]],

        [[ 0,  1,  6,  ...,  0,  0,  0],
         [ 0,  3,  9,  ...,  0,  0,  0],
         [ 0,  7, 12,  ...,  0,  0,  0],
         ...,
         [33, 34, 33,  ..., 18, 19, 20],
         [33, 34, 33,  ..., 20, 23, 25],
         [35, 35, 35,  ..., 20, 23, 25]]], dtype=torch.uint8), 'sem_seg': tensor([[255, 255, 255,  ..., 255, 255, 255],
        [255, 255, 255,  ..., 255, 255, 255],
        [255, 255, 255,  ..., 255, 255, 255],
        ...,
        [255, 255, 255,  ..., 255, 255, 255],
        [255, 255, 255,  ..., 255, 255, 255],
        [255, 255, 255,  ..., 255, 255, 255]]), 'instances': Instances(num_instances=61, image_height=614, image_width=768, fields=[gt_classes: tensor([ 0,  1,  2,  3,  5,  7,  8,  9, 11, 13,  0,  2,  8, 11,  0,  2,  8,  0,
         8,  0,  8,  2,  8, 13,  2,  8, 13,  2,  8, 13,  8, 13,  8,  8,  8, 13,
         8, 13,  2,  8,  8,  2, 13,  2,  2, 13,  2, 13,  2,  2,  2, 13,  2,  2,
         2, 13,  2, 13,  2,  2,  2]), gt_masks: tensor([[[False, False, False,  ..., False, False, False],
         [False, False, False,  ..., False, False, False],
         [False, False, False,  ..., False, False, False],
         ...,
         [False, False, False,  ..., False, False, False],
         [False, False, False,  ..., False, False, False],
         [False, False, False,  ..., False, False, False]],

        [[False, False, False,  ..., False, False, False],
         [False, False, False,  ..., False, False, False],
         [False, False, False,  ..., False, False, False],
         ...,
         [False, False, False,  ..., False, False, False],
         [False, False, False,  ..., False, False, False],
         [False, False, False,  ..., False, False, False]],

        [[False, False, False,  ..., False, False, False],
         [False, False, False,  ..., False, False, False],
         [False, False, False,  ..., False, False, False],
         ...,
         [False, False, False,  ..., False, False, False],
         [False, False, False,  ..., False, False, False],
         [False, False, False,  ..., False, False, False]],

        ...,

        [[False, False, False,  ..., False, False, False],
         [False, False, False,  ..., False, False, False],
         [False, False, False,  ..., False, False, False],
         ...,
         [False, False, False,  ..., False, False, False],
         [False, False, False,  ..., False, False, False],
         [False, False, False,  ..., False, False, False]],

        [[False, False, False,  ..., False, False, False],
         [False, False, False,  ..., False, False, False],
         [False, False, False,  ..., False, False, False],
         ...,
         [False, False, False,  ..., False, False, False],
         [False, False, False,  ..., False, False, False],
         [False, False, False,  ..., False, False, False]],

        [[False, False, False,  ..., False, False, False],
         [False, False, False,  ..., False, False, False],
         [False, False, False,  ..., False, False, False],
         ...,
         [False, False, False,  ..., False, False, False],
         [False, False, False,  ..., False, False, False],
         [False, False, False,  ..., False, False, False]]])])}
[02/28 06:22:26 mask2former.data.dataset_mappers.mask_former_semantic_dataset_mapper]: None
[02/28 06:22:26 mask2former.data.dataset_mappers.mask_former_semantic_dataset_mapper]: output dataset_dict: {'file_name': '/cpfs01/projects-HDD/pujianxiangmuzu_HDD/public/mr/./leftImg8bit_trainvaltest/leftImg8bit/train/hanover/hanover_000000_045841_leftImg8bit.png', 'width': 2048, 'height': 1024, 'image': tensor([[[41, 45, 37,  ..., 73, 73, 71],
         [50, 49, 35,  ..., 75, 74, 74],
         [58, 47, 21,  ..., 77, 76, 76],
         ...,
         [47, 47, 46,  ..., 79, 80, 83],
         [46, 46, 46,  ..., 79, 80, 80],
         [47, 47, 47,  ..., 82, 82, 78]],

        [[51, 53, 45,  ..., 75, 77, 76],
         [62, 58, 45,  ..., 77, 77, 77],
         [72, 61, 41,  ..., 79, 77, 77],
         ...,
         [39, 39, 39,  ..., 90, 90, 91],
         [42, 42, 40,  ..., 88, 90, 90],
         [42, 42, 42,  ..., 91, 91, 90]],

        [[23, 28, 25,  ..., 52, 55, 56],
         [31, 30, 25,  ..., 54, 57, 57],
         [46, 38, 19,  ..., 56, 57, 57],
         ...,
         [35, 35, 34,  ..., 73, 73, 76],
         [36, 36, 36,  ..., 73, 75, 75],
         [35, 35, 35,  ..., 77, 78, 75]]], dtype=torch.uint8), 'sem_seg': tensor([[  8,   8,   8,  ...,   2,   2,   2],
        [  8,   8,   8,  ...,   2,   2,   2],
        [  8,   8,   8,  ...,   2,   2,   2],
        ...,
        [255, 255, 255,  ..., 255, 255, 255],
        [255, 255, 255,  ..., 255, 255, 255],
        [255, 255, 255,  ..., 255, 255, 255]]), 'instances': Instances(num_instances=52, image_height=768, image_width=768, fields=[gt_classes: tensor([ 0,  1,  2,  3,  5,  6,  7,  8, 10, 11, 12, 13, 18,  0,  1,  2,  8, 10,
        11, 12, 18,  1,  2,  8, 11, 12, 18,  2,  5,  8, 12, 18,  2,  8, 12, 18,
         1,  5,  8, 12, 18,  2,  8,  8,  8,  8,  2,  2,  2,  2,  2,  2]), gt_masks: tensor([[[False, False, False,  ..., False, False, False],
         [False, False, False,  ..., False, False, False],
         [False, False, False,  ..., False, False, False],
         ...,
         [False, False, False,  ..., False, False, False],
         [False, False, False,  ..., False, False, False],
         [False, False, False,  ..., False, False, False]],

        [[False, False, False,  ..., False, False, False],
         [False, False, False,  ..., False, False, False],
         [False, False, False,  ..., False, False, False],
         ...,
         [False, False, False,  ..., False, False, False],
         [False, False, False,  ..., False, False, False],
         [False, False, False,  ..., False, False, False]],

        [[False, False, False,  ..., False, False, False],
         [False, False, False,  ..., False, False, False],
         [False, False, False,  ..., False, False, False],
         ...,
         [False, False, False,  ..., False, False, False],
         [False, False, False,  ..., False, False, False],
         [False, False, False,  ..., False, False, False]],

        ...,

        [[False, False, False,  ..., False, False, False],
         [False, False, False,  ..., False, False, False],
         [False, False, False,  ..., False, False, False],
         ...,
         [False, False, False,  ..., False, False, False],
         [False, False, False,  ..., False, False, False],
         [False, False, False,  ..., False, False, False]],

        [[False, False, False,  ..., False, False, False],
         [False, False, False,  ..., False, False, False],
         [False, False, False,  ..., False, False, False],
         ...,
         [False, False, False,  ..., False, False, False],
         [False, False, False,  ..., False, False, False],
         [False, False, False,  ..., False, False, False]],

        [[False, False, False,  ..., False, False, False],
         [False, False, False,  ..., False, False, False],
         [False, False, False,  ..., False, False, False],
         ...,
         [False, False, False,  ..., False, False, False],
         [False, False, False,  ..., False, False, False],
         [False, False, False,  ..., False, False, False]]])])}
[02/28 06:22:26 mask2former.data.dataset_mappers.mask_former_semantic_dataset_mapper]: None
[02/28 06:22:27 mask2former.data.dataset_mappers.mask_former_semantic_dataset_mapper]: output dataset_dict: {'file_name': '/cpfs01/projects-HDD/pujianxiangmuzu_HDD/public/mr/./leftImg8bit_trainvaltest/leftImg8bit/train/cologne/cologne_000092_000019_leftImg8bit.png', 'width': 2048, 'height': 1024, 'image': tensor([[[ 40,  51,  86,  ...,  37,  36,  34],
         [ 74,  75,  85,  ...,  39,  40,  50],
         [108, 118, 110,  ...,  38,  37,  37],
         ...,
         [ 54,  55,  55,  ...,  56,  56,  54],
         [ 55,  56,  55,  ...,  51,  51,  51],
         [ 56,  56,  55,  ...,  48,  48,  50]],

        [[ 61,  81, 109,  ...,  53,  53,  54],
         [ 81,  99, 102,  ...,  55,  57,  63],
         [116, 133, 126,  ...,  55,  53,  51],
         ...,
         [ 69,  71,  71,  ...,  67,  67,  66],
         [ 71,  71,  71,  ...,  65,  65,  63],
         [ 71,  71,  71,  ...,  63,  62,  63]],

        [[ 50,  63,  85,  ...,  40,  38,  42],
         [ 71,  77,  77,  ...,  42,  43,  50],
         [106, 118, 104,  ...,  40,  37,  37],
         ...,
         [ 62,  63,  63,  ...,  55,  56,  55],
         [ 63,  63,  63,  ...,  54,  55,  55],
         [ 63,  63,  62,  ...,  54,  54,  54]]], dtype=torch.uint8), 'sem_seg': tensor([[255, 255, 255,  ..., 255, 255, 255],
        [255, 255, 255,  ..., 255, 255, 255],
        [255, 255, 255,  ..., 255, 255, 255],
        ...,
        [  0,   0,   0,  ..., 255, 255, 255],
        [255, 255, 255,  ..., 255, 255, 255],
        [255, 255, 255,  ..., 255, 255, 255]]), 'instances': Instances(num_instances=57, image_height=512, image_width=768, fields=[gt_classes: tensor([ 0,  1,  2,  5,  7,  8,  9, 10, 11, 12, 13, 17, 18,  0,  1,  2,  8, 11,
        17, 18,  0,  2,  8, 18,  0,  2,  7,  8, 18,  0,  2, 18,  0,  7,  8, 13,
        18,  0, 13, 18,  0,  2,  8,  0,  8,  0,  8, 13,  0,  8,  2,  8, 13,  8,
         2,  2,  2]), gt_masks: tensor([[[False, False, False,  ..., False, False, False],
         [False, False, False,  ..., False, False, False],
         [False, False, False,  ..., False, False, False],
         ...,
         [False, False, False,  ..., False, False, False],
         [False, False, False,  ..., False, False, False],
         [False, False, False,  ..., False, False, False]],

        [[False, False, False,  ..., False, False, False],
         [False, False, False,  ..., False, False, False],
         [False, False, False,  ..., False, False, False],
         ...,
         [False, False, False,  ..., False, False, False],
         [False, False, False,  ..., False, False, False],
         [False, False, False,  ..., False, False, False]],

        [[False, False, False,  ..., False, False, False],
         [False, False, False,  ..., False, False, False],
         [False, False, False,  ..., False, False, False],
         ...,
         [False, False, False,  ..., False, False, False],
         [False, False, False,  ..., False, False, False],
         [False, False, False,  ..., False, False, False]],

        ...,

        [[False, False, False,  ..., False, False, False],
         [False, False, False,  ..., False, False, False],
         [False, False, False,  ..., False, False, False],
         ...,
         [False, False, False,  ..., False, False, False],
         [False, False, False,  ..., False, False, False],
         [False, False, False,  ..., False, False, False]],

        [[False, False, False,  ..., False, False, False],
         [False, False, False,  ..., False, False, False],
         [False, False, False,  ..., False, False, False],
         ...,
         [False, False, False,  ..., False, False, False],
         [False, False, False,  ..., False, False, False],
         [False, False, False,  ..., False, False, False]],

        [[False, False, False,  ..., False, False, False],
         [False, False, False,  ..., False, False, False],
         [False, False, False,  ..., False, False, False],
         ...,
         [False, False, False,  ..., False, False, False],
         [False, False, False,  ..., False, False, False],
         [False, False, False,  ..., False, False, False]]])])}
[02/28 06:22:27 mask2former.data.dataset_mappers.mask_former_semantic_dataset_mapper]: None
[02/28 06:22:27 mask2former.data.dataset_mappers.mask_former_semantic_dataset_mapper]: output dataset_dict: {'file_name': '/cpfs01/projects-HDD/pujianxiangmuzu_HDD/public/mr/./leftImg8bit_trainvaltest/leftImg8bit/train/cologne/cologne_000003_000019_leftImg8bit.png', 'width': 2048, 'height': 1024, 'image': tensor([[[31, 27, 21,  ..., 65, 65, 62],
         [27, 27, 23,  ..., 66, 65, 63],
         [22, 20, 21,  ..., 64, 64, 61],
         ...,
         [47, 47, 47,  ..., 37, 35, 35],
         [47, 47, 47,  ..., 31, 32, 31],
         [47, 47, 47,  ..., 29, 29, 29]],

        [[41, 40, 35,  ..., 84, 83, 81],
         [40, 40, 33,  ..., 84, 83, 82],
         [38, 34, 35,  ..., 84, 84, 83],
         ...,
         [62, 62, 62,  ..., 48, 49, 49],
         [62, 62, 62,  ..., 44, 43, 44],
         [62, 62, 62,  ..., 40, 40, 40]],

        [[27, 26, 22,  ..., 71, 71, 69],
         [26, 26, 23,  ..., 73, 72, 70],
         [25, 21, 24,  ..., 72, 73, 71],
         ...,
         [53, 53, 53,  ..., 38, 38, 39],
         [54, 55, 55,  ..., 35, 36, 37],
         [54, 55, 55,  ..., 33, 34, 34]]], dtype=torch.uint8), 'sem_seg': tensor([[255, 255, 255,  ..., 255, 255, 255],
        [255, 255, 255,  ..., 255, 255, 255],
        [255, 255, 255,  ..., 255, 255, 255],
        ...,
        [255, 255, 255,  ..., 255, 255, 255],
        [255, 255, 255,  ..., 255, 255, 255],
        [255, 255, 255,  ..., 255, 255, 255]]), 'instances': Instances(num_instances=52, image_height=614, image_width=768, fields=[gt_classes: tensor([ 0,  1,  2,  5,  6,  7,  8,  9, 10, 11, 13, 14,  0,  2,  8, 10, 13,  8,
        13,  8,  2, 13,  2, 13,  2,  8, 13,  2, 13,  2, 13,  2, 13, 13, 13,  2,
        13,  2, 13,  2, 13, 13, 13, 13, 13,  2, 13, 13, 13,  2, 13,  2]), gt_masks: tensor([[[False, False, False,  ..., False, False, False],
         [False, False, False,  ..., False, False, False],
         [False, False, False,  ..., False, False, False],
         ...,
         [False, False, False,  ..., False, False, False],
         [False, False, False,  ..., False, False, False],
         [False, False, False,  ..., False, False, False]],

        [[False, False, False,  ..., False, False, False],
         [False, False, False,  ..., False, False, False],
         [False, False, False,  ..., False, False, False],
         ...,
         [False, False, False,  ..., False, False, False],
         [False, False, False,  ..., False, False, False],
         [False, False, False,  ..., False, False, False]],

        [[False, False, False,  ..., False, False, False],
         [False, False, False,  ..., False, False, False],
         [False, False, False,  ..., False, False, False],
         ...,
         [False, False, False,  ..., False, False, False],
         [False, False, False,  ..., False, False, False],
         [False, False, False,  ..., False, False, False]],

        ...,

        [[False, False, False,  ..., False, False, False],
         [False, False, False,  ..., False, False, False],
         [False, False, False,  ..., False, False, False],
         ...,
         [False, False, False,  ..., False, False, False],
         [False, False, False,  ..., False, False, False],
         [False, False, False,  ..., False, False, False]],

        [[False, False, False,  ..., False, False, False],
         [False, False, False,  ..., False, False, False],
         [False, False, False,  ..., False, False, False],
         ...,
         [False, False, False,  ..., False, False, False],
         [False, False, False,  ..., False, False, False],
         [False, False, False,  ..., False, False, False]],

        [[False, False, False,  ..., False, False, False],
         [False, False, False,  ..., False, False, False],
         [False, False, False,  ..., False, False, False],
         ...,
         [False, False, False,  ..., False, False, False],
         [False, False, False,  ..., False, False, False],
         [False, False, False,  ..., False, False, False]]])])}
[02/28 06:22:27 mask2former.data.dataset_mappers.mask_former_semantic_dataset_mapper]: None
[02/28 06:22:27 d2.utils.events]:  eta: 1:22:42  iter: 79  total_loss: 81.76  loss_ce: 4.003  loss_mask: 0.6436  loss_dice: 4.763  loss_ce_0: 5.014  loss_mask_0: 0.6615  loss_dice_0: 4.48  loss_ce_1: 2.696  loss_mask_1: 0.6754  loss_dice_1: 4.461  loss_ce_2: 2.279  loss_mask_2: 0.7232  loss_dice_2: 4.459  loss_ce_3: 2.22  loss_mask_3: 0.7225  loss_dice_3: 4.488  loss_ce_4: 2.365  loss_mask_4: 0.7077  loss_dice_4: 4.461  loss_ce_5: 2.269  loss_mask_5: 0.7193  loss_dice_5: 4.499  loss_ce_6: 2.462  loss_mask_6: 0.7316  loss_dice_6: 4.502  loss_ce_7: 2.872  loss_mask_7: 0.7464  loss_dice_7: 4.523  loss_ce_8: 3.109  loss_mask_8: 0.6254  loss_dice_8: 4.58    time: 0.5088  last_time: 0.5095  data_time: 0.0122  last_data_time: 0.0122   lr: 9.9289e-05  max_mem: 5809M
[02/28 06:22:27 mask2former.data.dataset_mappers.mask_former_semantic_dataset_mapper]: output dataset_dict: {'file_name': '/cpfs01/projects-HDD/pujianxiangmuzu_HDD/public/mr/./leftImg8bit_trainvaltest/leftImg8bit/train/ulm/ulm_000009_000019_leftImg8bit.png', 'width': 2048, 'height': 1024, 'image': tensor([[[ 93,  91,  92,  ..., 202, 202, 202],
         [ 91,  92,  91,  ..., 201, 200, 201],
         [ 92,  92,  91,  ..., 200, 200, 200],
         ...,
         [ 58,  57,  57,  ...,  55,  55,  54],
         [ 63,  64,  64,  ...,  55,  56,  55],
         [ 66,  65,  64,  ...,  55,  56,  55]],

        [[104, 103, 103,  ..., 214, 213, 213],
         [103, 103, 103,  ..., 212, 211, 211],
         [103, 103, 102,  ..., 210, 210, 210],
         ...,
         [ 70,  70,  69,  ...,  64,  64,  64],
         [ 75,  75,  75,  ...,  64,  65,  65],
         [ 76,  76,  75,  ...,  64,  65,  65]],

        [[ 86,  84,  85,  ..., 204, 204, 203],
         [ 85,  85,  85,  ..., 203, 203, 204],
         [ 85,  86,  85,  ..., 202, 203, 203],
         ...,
         [ 58,  58,  58,  ...,  56,  56,  55],
         [ 63,  63,  63,  ...,  56,  56,  56],
         [ 64,  63,  62,  ...,  56,  56,  56]]], dtype=torch.uint8), 'sem_seg': tensor([[255, 255, 255,  ..., 255, 255, 255],
        [255, 255, 255,  ..., 255, 255, 255],
        [255, 255, 255,  ..., 255, 255, 255],
        ...,
        [255, 255, 255,  ..., 255, 255, 255],
        [255, 255, 255,  ..., 255, 255, 255],
        [255, 255, 255,  ..., 255, 255, 255]]), 'instances': Instances(num_instances=39, image_height=716, image_width=768, fields=[gt_classes: tensor([ 0,  1,  2,  5,  7, 13,  0,  1,  2,  7, 13,  0,  1,  7, 13,  0,  1,  7,
        13,  0,  2,  0,  2,  2,  2,  2, 13,  2,  2,  2,  2,  2,  2,  2,  2,  2,
         2,  2,  2]), gt_masks: tensor([[[False, False, False,  ..., False, False, False],
         [False, False, False,  ..., False, False, False],
         [False, False, False,  ..., False, False, False],
         ...,
         [False, False, False,  ..., False, False, False],
         [False, False, False,  ..., False, False, False],
         [False, False, False,  ..., False, False, False]],

        [[False, False, False,  ..., False, False, False],
         [False, False, False,  ..., False, False, False],
         [False, False, False,  ..., False, False, False],
         ...,
         [False, False, False,  ..., False, False, False],
         [False, False, False,  ..., False, False, False],
         [False, False, False,  ..., False, False, False]],

        [[False, False, False,  ..., False, False, False],
         [False, False, False,  ..., False, False, False],
         [False, False, False,  ..., False, False, False],
         ...,
         [False, False, False,  ..., False, False, False],
         [False, False, False,  ..., False, False, False],
         [False, False, False,  ..., False, False, False]],

        ...,

        [[False, False, False,  ..., False, False, False],
         [False, False, False,  ..., False, False, False],
         [False, False, False,  ..., False, False, False],
         ...,
         [False, False, False,  ..., False, False, False],
         [False, False, False,  ..., False, False, False],
         [False, False, False,  ..., False, False, False]],

        [[False, False, False,  ..., False, False, False],
         [False, False, False,  ..., False, False, False],
         [False, False, False,  ..., False, False, False],
         ...,
         [False, False, False,  ..., False, False, False],
         [False, False, False,  ..., False, False, False],
         [False, False, False,  ..., False, False, False]],

        [[False, False, False,  ..., False, False, False],
         [False, False, False,  ..., False, False, False],
         [False, False, False,  ..., False, False, False],
         ...,
         [False, False, False,  ..., False, False, False],
         [False, False, False,  ..., False, False, False],
         [False, False, False,  ..., False, False, False]]])])}
[02/28 06:22:27 mask2former.data.dataset_mappers.mask_former_semantic_dataset_mapper]: None
[02/28 06:22:27 mask2former.data.dataset_mappers.mask_former_semantic_dataset_mapper]: output dataset_dict: {'file_name': '/cpfs01/projects-HDD/pujianxiangmuzu_HDD/public/mr/./leftImg8bit_trainvaltest/leftImg8bit/train/hanover/hanover_000000_032351_leftImg8bit.png', 'width': 2048, 'height': 1024, 'image': tensor([[[ 26,  23,  21,  ...,  73,  78,  80],
         [ 26,  24,  23,  ...,  72,  76,  79],
         [ 26,  24,  23,  ...,  72,  75,  78],
         ...,
         [ 32,  31,  30,  ..., 132, 132, 132],
         [ 39,  38,  36,  ..., 132, 132, 132],
         [ 49,  47,  47,  ..., 134, 132, 132]],

        [[ 36,  35,  32,  ..., 106, 108, 109],
         [ 38,  36,  34,  ..., 105, 106, 108],
         [ 38,  36,  35,  ..., 105, 106, 108],
         ...,
         [ 43,  43,  43,  ..., 153, 153, 154],
         [ 50,  52,  50,  ..., 153, 153, 154],
         [ 61,  61,  61,  ..., 153, 153, 154]],

        [[ 26,  26,  24,  ...,  76,  79,  82],
         [ 27,  27,  26,  ...,  75,  78,  80],
         [ 28,  28,  28,  ...,  75,  78,  80],
         ...,
         [ 39,  39,  41,  ..., 154, 154, 154],
         [ 46,  46,  47,  ..., 153, 153, 154],
         [ 54,  54,  56,  ..., 153, 153, 154]]], dtype=torch.uint8), 'sem_seg': tensor([[  8,   8,   8,  ...,   8,   8,   8],
        [  8,   8,   8,  ...,   8,   8,   8],
        [  8,   8,   8,  ...,   8,   8,   8],
        ...,
        [255, 255, 255,  ...,   0,   0,   0],
        [255, 255, 255,  ...,   0,   0,   0],
        [255, 255, 255,  ...,   0,   0,   0]]), 'instances': Instances(num_instances=18, image_height=768, image_width=768, fields=[gt_classes: tensor([ 0,  2,  5,  7,  8,  9, 10, 13,  8,  8,  2,  8, 13,  8,  8,  8, 13, 13]), gt_masks: tensor([[[False, False, False,  ..., False, False, False],
         [False, False, False,  ..., False, False, False],
         [False, False, False,  ..., False, False, False],
         ...,
         [False, False, False,  ...,  True,  True,  True],
         [False, False, False,  ...,  True,  True,  True],
         [False, False, False,  ...,  True,  True,  True]],

        [[False, False, False,  ..., False, False, False],
         [False, False, False,  ..., False, False, False],
         [False, False, False,  ..., False, False, False],
         ...,
         [False, False, False,  ..., False, False, False],
         [False, False, False,  ..., False, False, False],
         [False, False, False,  ..., False, False, False]],

        [[False, False, False,  ..., False, False, False],
         [False, False, False,  ..., False, False, False],
         [False, False, False,  ..., False, False, False],
         ...,
         [False, False, False,  ..., False, False, False],
         [False, False, False,  ..., False, False, False],
         [False, False, False,  ..., False, False, False]],

        ...,

        [[False, False, False,  ..., False, False, False],
         [False, False, False,  ..., False, False, False],
         [False, False, False,  ..., False, False, False],
         ...,
         [False, False, False,  ..., False, False, False],
         [False, False, False,  ..., False, False, False],
         [False, False, False,  ..., False, False, False]],

        [[False, False, False,  ..., False, False, False],
         [False, False, False,  ..., False, False, False],
         [False, False, False,  ..., False, False, False],
         ...,
         [False, False, False,  ..., False, False, False],
         [False, False, False,  ..., False, False, False],
         [False, False, False,  ..., False, False, False]],

        [[False, False, False,  ..., False, False, False],
         [False, False, False,  ..., False, False, False],
         [False, False, False,  ..., False, False, False],
         ...,
         [False, False, False,  ..., False, False, False],
         [False, False, False,  ..., False, False, False],
         [False, False, False,  ..., False, False, False]]])])}
[02/28 06:22:27 mask2former.data.dataset_mappers.mask_former_semantic_dataset_mapper]: None
[02/28 06:22:28 mask2former.data.dataset_mappers.mask_former_semantic_dataset_mapper]: output dataset_dict: {'file_name': '/cpfs01/projects-HDD/pujianxiangmuzu_HDD/public/mr/./leftImg8bit_trainvaltest/leftImg8bit/train/bremen/bremen_000113_000019_leftImg8bit.png', 'width': 2048, 'height': 1024, 'image': tensor([[[68, 71, 71,  ..., 35, 40, 37],
         [66, 68, 70,  ..., 34, 34, 32],
         [69, 64, 69,  ..., 32, 29, 31],
         ...,
         [33, 33, 34,  ..., 28, 30, 29],
         [32, 31, 32,  ..., 31, 30, 30],
         [32, 31, 32,  ..., 31, 30, 32]],

        [[72, 74, 73,  ..., 40, 43, 41],
         [70, 71, 72,  ..., 40, 41, 37],
         [73, 68, 69,  ..., 39, 37, 37],
         ...,
         [38, 37, 37,  ..., 34, 34, 35],
         [37, 36, 35,  ..., 35, 35, 36],
         [37, 36, 35,  ..., 34, 34, 36]],

        [[59, 60, 60,  ..., 29, 33, 31],
         [57, 57, 59,  ..., 29, 30, 28],
         [60, 57, 57,  ..., 27, 25, 25],
         ...,
         [29, 29, 29,  ..., 26, 28, 28],
         [28, 26, 25,  ..., 28, 28, 28],
         [28, 26, 25,  ..., 28, 28, 30]]], dtype=torch.uint8), 'sem_seg': tensor([[255, 255, 255,  ..., 255, 255, 255],
        [255, 255, 255,  ..., 255, 255, 255],
        [255, 255, 255,  ..., 255, 255, 255],
        ...,
        [255, 255, 255,  ..., 255, 255, 255],
        [255, 255, 255,  ..., 255, 255, 255],
        [255, 255, 255,  ..., 255, 255, 255]]), 'instances': Instances(num_instances=51, image_height=716, image_width=768, fields=[gt_classes: tensor([ 0,  1,  2,  3,  5,  7,  8,  9, 13, 18,  0,  2, 13,  2,  8, 13,  2,  8,
         2,  8,  2, 13,  2, 13, 13, 13,  8, 13,  8, 13,  8, 13, 13,  8,  8, 13,
        13, 13,  8, 13, 13,  8, 13,  8, 13, 13, 13, 13, 13, 13, 13]), gt_masks: tensor([[[False, False, False,  ..., False, False, False],
         [False, False, False,  ..., False, False, False],
         [False, False, False,  ..., False, False, False],
         ...,
         [False, False, False,  ..., False, False, False],
         [False, False, False,  ..., False, False, False],
         [False, False, False,  ..., False, False, False]],

        [[False, False, False,  ..., False, False, False],
         [False, False, False,  ..., False, False, False],
         [False, False, False,  ..., False, False, False],
         ...,
         [False, False, False,  ..., False, False, False],
         [False, False, False,  ..., False, False, False],
         [False, False, False,  ..., False, False, False]],

        [[False, False, False,  ..., False, False, False],
         [False, False, False,  ..., False, False, False],
         [False, False, False,  ..., False, False, False],
         ...,
         [False, False, False,  ..., False, False, False],
         [False, False, False,  ..., False, False, False],
         [False, False, False,  ..., False, False, False]],

        ...,

        [[False, False, False,  ..., False, False, False],
         [False, False, False,  ..., False, False, False],
         [False, False, False,  ..., False, False, False],
         ...,
         [False, False, False,  ..., False, False, False],
         [False, False, False,  ..., False, False, False],
         [False, False, False,  ..., False, False, False]],

        [[False, False, False,  ..., False, False, False],
         [False, False, False,  ..., False, False, False],
         [False, False, False,  ..., False, False, False],
         ...,
         [False, False, False,  ..., False, False, False],
         [False, False, False,  ..., False, False, False],
         [False, False, False,  ..., False, False, False]],

        [[False, False, False,  ..., False, False, False],
         [False, False, False,  ..., False, False, False],
         [False, False, False,  ..., False, False, False],
         ...,
         [False, False, False,  ..., False, False, False],
         [False, False, False,  ..., False, False, False],
         [False, False, False,  ..., False, False, False]]])])}
[02/28 06:22:28 mask2former.data.dataset_mappers.mask_former_semantic_dataset_mapper]: None
[02/28 06:22:28 mask2former.data.dataset_mappers.mask_former_semantic_dataset_mapper]: output dataset_dict: {'file_name': '/cpfs01/projects-HDD/pujianxiangmuzu_HDD/public/mr/./leftImg8bit_trainvaltest/leftImg8bit/train/zurich/zurich_000031_000019_leftImg8bit.png', 'width': 2048, 'height': 1024, 'image': tensor([[[ 76,  77,  81,  ...,  56,  56,  56],
         [ 78,  76,  78,  ...,  56,  56,  56],
         [ 80,  78,  75,  ...,  54,  54,  55],
         ...,
         [ 91,  91,  90,  ..., 143, 143, 142],
         [ 91,  91,  92,  ..., 144, 144, 144],
         [ 91,  91,  93,  ..., 146, 146, 145]],

        [[ 86,  87,  95,  ...,  65,  65,  65],
         [ 88,  88,  94,  ...,  65,  65,  64],
         [ 90,  90,  93,  ...,  64,  64,  64],
         ...,
         [102, 102, 101,  ..., 151, 151, 152],
         [101, 102, 102,  ..., 152, 152, 152],
         [101, 102, 103,  ..., 153, 153, 152]],

        [[ 76,  77,  84,  ...,  58,  58,  58],
         [ 78,  78,  83,  ...,  58,  58,  58],
         [ 81,  81,  82,  ...,  58,  58,  58],
         ...,
         [ 96,  96,  95,  ..., 117, 117, 118],
         [ 97,  97,  97,  ..., 118, 118, 118],
         [ 97,  97,  99,  ..., 118, 118, 118]]], dtype=torch.uint8), 'sem_seg': tensor([[8, 8, 8,  ..., 8, 8, 8],
        [8, 8, 8,  ..., 8, 8, 8],
        [8, 8, 8,  ..., 8, 8, 8],
        ...,
        [1, 1, 1,  ..., 0, 0, 0],
        [1, 1, 1,  ..., 0, 0, 0],
        [1, 1, 1,  ..., 0, 0, 0]]), 'instances': Instances(num_instances=27, image_height=768, image_width=768, fields=[gt_classes: tensor([ 0,  1,  3,  5,  6,  7,  8, 13,  5,  8,  1,  5,  8, 13,  0,  1,  5, 13,
         0, 13,  8,  8,  0,  8,  0,  8, 13]), gt_masks: tensor([[[False, False, False,  ..., False, False, False],
         [False, False, False,  ..., False, False, False],
         [False, False, False,  ..., False, False, False],
         ...,
         [False, False, False,  ..., False, False, False],
         [False, False, False,  ..., False, False, False],
         [False, False, False,  ..., False, False, False]],

        [[False, False, False,  ..., False, False, False],
         [False, False, False,  ..., False, False, False],
         [False, False, False,  ..., False, False, False],
         ...,
         [False, False, False,  ..., False, False, False],
         [False, False, False,  ..., False, False, False],
         [False, False, False,  ..., False, False, False]],

        [[False, False, False,  ..., False, False, False],
         [False, False, False,  ..., False, False, False],
         [False, False, False,  ..., False, False, False],
         ...,
         [False, False, False,  ..., False, False, False],
         [False, False, False,  ..., False, False, False],
         [False, False, False,  ..., False, False, False]],

        ...,

        [[False, False, False,  ..., False, False, False],
         [False, False, False,  ..., False, False, False],
         [False, False, False,  ..., False, False, False],
         ...,
         [False, False, False,  ..., False, False, False],
         [False, False, False,  ..., False, False, False],
         [False, False, False,  ..., False, False, False]],

        [[False, False, False,  ..., False, False, False],
         [False, False, False,  ..., False, False, False],
         [False, False, False,  ..., False, False, False],
         ...,
         [False, False, False,  ..., False, False, False],
         [False, False, False,  ..., False, False, False],
         [False, False, False,  ..., False, False, False]],

        [[False, False, False,  ..., False, False, False],
         [False, False, False,  ..., False, False, False],
         [False, False, False,  ..., False, False, False],
         ...,
         [False, False, False,  ..., False, False, False],
         [False, False, False,  ..., False, False, False],
         [False, False, False,  ..., False, False, False]]])])}
[02/28 06:22:28 mask2former.data.dataset_mappers.mask_former_semantic_dataset_mapper]: None
[02/28 06:22:28 mask2former.data.dataset_mappers.mask_former_semantic_dataset_mapper]: output dataset_dict: {'file_name': '/cpfs01/projects-HDD/pujianxiangmuzu_HDD/public/mr/./leftImg8bit_trainvaltest/leftImg8bit/train/aachen/aachen_000011_000019_leftImg8bit.png', 'width': 2048, 'height': 1024, 'image': tensor([[[44, 46, 46,  ..., 26, 25, 25],
         [46, 47, 48,  ..., 26, 25, 25],
         [50, 50, 51,  ..., 26, 25, 25],
         ...,
         [70, 70, 70,  ..., 46, 46, 46],
         [71, 71, 71,  ..., 45, 46, 46],
         [71, 71, 71,  ..., 46, 46, 46]],

        [[38, 41, 41,  ..., 27, 26, 26],
         [43, 43, 44,  ..., 27, 26, 26],
         [48, 48, 49,  ..., 27, 26, 26],
         ...,
         [73, 73, 74,  ..., 49, 49, 49],
         [73, 73, 74,  ..., 49, 50, 50],
         [73, 73, 74,  ..., 49, 50, 50]],

        [[28, 29, 29,  ..., 22, 21, 21],
         [31, 32, 32,  ..., 22, 21, 21],
         [37, 34, 34,  ..., 22, 21, 21],
         ...,
         [66, 66, 67,  ..., 43, 43, 43],
         [64, 64, 65,  ..., 42, 42, 42],
         [64, 64, 65,  ..., 42, 42, 42]]], dtype=torch.uint8), 'sem_seg': tensor([[8, 8, 8,  ..., 8, 8, 8],
        [8, 8, 8,  ..., 8, 8, 8],
        [8, 8, 8,  ..., 8, 8, 8],
        ...,
        [0, 0, 0,  ..., 0, 0, 0],
        [0, 0, 0,  ..., 0, 0, 0],
        [0, 0, 0,  ..., 0, 0, 0]]), 'instances': Instances(num_instances=15, image_height=768, image_width=768, fields=[gt_classes: tensor([ 0,  2,  5,  6,  7,  8, 13,  0, 13,  8, 13,  8, 13, 13,  8]), gt_masks: tensor([[[False, False, False,  ..., False, False, False],
         [False, False, False,  ..., False, False, False],
         [False, False, False,  ..., False, False, False],
         ...,
         [False, False, False,  ..., False, False, False],
         [False, False, False,  ..., False, False, False],
         [False, False, False,  ..., False, False, False]],

        [[False, False, False,  ..., False, False, False],
         [False, False, False,  ..., False, False, False],
         [False, False, False,  ..., False, False, False],
         ...,
         [False, False, False,  ..., False, False, False],
         [False, False, False,  ..., False, False, False],
         [False, False, False,  ..., False, False, False]],

        [[False, False, False,  ..., False, False, False],
         [False, False, False,  ..., False, False, False],
         [False, False, False,  ..., False, False, False],
         ...,
         [False, False, False,  ..., False, False, False],
         [False, False, False,  ..., False, False, False],
         [False, False, False,  ..., False, False, False]],

        ...,

        [[False, False, False,  ..., False, False, False],
         [False, False, False,  ..., False, False, False],
         [False, False, False,  ..., False, False, False],
         ...,
         [False, False, False,  ..., False, False, False],
         [False, False, False,  ..., False, False, False],
         [False, False, False,  ..., False, False, False]],

        [[False, False, False,  ..., False, False, False],
         [False, False, False,  ..., False, False, False],
         [False, False, False,  ..., False, False, False],
         ...,
         [False, False, False,  ..., False, False, False],
         [False, False, False,  ..., False, False, False],
         [False, False, False,  ..., False, False, False]],

        [[False, False, False,  ...,  True,  True,  True],
         [False, False, False,  ...,  True,  True,  True],
         [False, False, False,  ...,  True,  True,  True],
         ...,
         [False, False, False,  ..., False, False, False],
         [False, False, False,  ..., False, False, False],
         [False, False, False,  ..., False, False, False]]])])}
[02/28 06:22:28 mask2former.data.dataset_mappers.mask_former_semantic_dataset_mapper]: None
[02/28 06:22:28 mask2former.data.dataset_mappers.mask_former_semantic_dataset_mapper]: output dataset_dict: {'file_name': '/cpfs01/projects-HDD/pujianxiangmuzu_HDD/public/mr/./leftImg8bit_trainvaltest/leftImg8bit/train/stuttgart/stuttgart_000156_000019_leftImg8bit.png', 'width': 2048, 'height': 1024, 'image': tensor([[[ 83,  83,  82,  ...,  59,  59,  59],
         [ 84,  84,  83,  ...,  60,  60,  60],
         [ 85,  85,  85,  ...,  61,  61,  61],
         ...,
         [ 84,  84,  84,  ..., 114, 113, 112],
         [ 81,  81,  81,  ..., 114, 113, 112],
         [ 79,  79,  78,  ..., 114, 113, 113]],

        [[ 94,  93,  92,  ...,  70,  69,  69],
         [ 95,  94,  94,  ...,  70,  70,  70],
         [ 96,  96,  96,  ...,  71,  71,  71],
         ...,
         [ 93,  93,  92,  ..., 130, 129, 128],
         [ 91,  91,  90,  ..., 130, 129, 128],
         [ 89,  89,  88,  ..., 129, 128, 128]],

        [[ 82,  82,  81,  ...,  61,  61,  61],
         [ 83,  83,  82,  ...,  62,  61,  61],
         [ 84,  84,  84,  ...,  63,  62,  62],
         ...,
         [ 85,  85,  84,  ..., 111, 111, 111],
         [ 82,  82,  82,  ..., 111, 111, 111],
         [ 79,  79,  79,  ..., 111, 111, 111]]], dtype=torch.uint8), 'sem_seg': tensor([[  1,   1,   1,  ...,   1,   1,   1],
        [  1,   1,   1,  ...,   1,   1,   1],
        [  1,   1,   1,  ...,   1,   1,   1],
        ...,
        [255, 255, 255,  ...,   0,   0,   0],
        [255, 255, 255,  ...,   0,   0,   0],
        [255, 255, 255,  ...,   0,   0,   0]]), 'instances': Instances(num_instances=16, image_height=768, image_width=768, fields=[gt_classes: tensor([0, 1, 5, 0, 1, 0, 1, 0, 1, 0, 0, 1, 1, 0, 1, 0]), gt_masks: tensor([[[False, False, False,  ..., False, False, False],
         [False, False, False,  ..., False, False, False],
         [False, False, False,  ..., False, False, False],
         ...,
         [False, False, False,  ..., False, False, False],
         [False, False, False,  ..., False, False, False],
         [False, False, False,  ..., False, False, False]],

        [[False, False, False,  ..., False, False, False],
         [False, False, False,  ..., False, False, False],
         [False, False, False,  ..., False, False, False],
         ...,
         [False, False, False,  ..., False, False, False],
         [False, False, False,  ..., False, False, False],
         [False, False, False,  ..., False, False, False]],

        [[False, False, False,  ..., False, False, False],
         [False, False, False,  ..., False, False, False],
         [False, False, False,  ..., False, False, False],
         ...,
         [False, False, False,  ..., False, False, False],
         [False, False, False,  ..., False, False, False],
         [False, False, False,  ..., False, False, False]],

        ...,

        [[False, False, False,  ..., False, False, False],
         [False, False, False,  ..., False, False, False],
         [False, False, False,  ..., False, False, False],
         ...,
         [False, False, False,  ..., False, False, False],
         [False, False, False,  ..., False, False, False],
         [False, False, False,  ..., False, False, False]],

        [[False, False, False,  ..., False, False, False],
         [False, False, False,  ..., False, False, False],
         [False, False, False,  ..., False, False, False],
         ...,
         [False, False, False,  ..., False, False, False],
         [False, False, False,  ..., False, False, False],
         [False, False, False,  ..., False, False, False]],

        [[False, False, False,  ..., False, False, False],
         [False, False, False,  ..., False, False, False],
         [False, False, False,  ..., False, False, False],
         ...,
         [False, False, False,  ..., False, False, False],
         [False, False, False,  ..., False, False, False],
         [False, False, False,  ..., False, False, False]]])])}
[02/28 06:22:28 mask2former.data.dataset_mappers.mask_former_semantic_dataset_mapper]: None
[02/28 06:22:29 mask2former.data.dataset_mappers.mask_former_semantic_dataset_mapper]: output dataset_dict: {'file_name': '/cpfs01/projects-HDD/pujianxiangmuzu_HDD/public/mr/./leftImg8bit_trainvaltest/leftImg8bit/train/stuttgart/stuttgart_000029_000019_leftImg8bit.png', 'width': 2048, 'height': 1024, 'image': tensor([[[22, 23, 24,  ..., 37, 38, 38],
         [23, 24, 24,  ..., 36, 36, 36],
         [23, 24, 25,  ..., 33, 35, 36],
         ...,
         [28, 29, 29,  ..., 23, 23, 23],
         [28, 29, 28,  ..., 23, 24, 24],
         [29, 30, 29,  ..., 23, 25, 25]],

        [[33, 34, 34,  ..., 57, 59, 60],
         [33, 34, 34,  ..., 55, 57, 59],
         [33, 34, 35,  ..., 53, 56, 58],
         ...,
         [38, 38, 38,  ..., 38, 37, 37],
         [38, 39, 39,  ..., 37, 38, 37],
         [40, 41, 41,  ..., 37, 36, 36]],

        [[28, 29, 29,  ..., 46, 48, 47],
         [28, 29, 29,  ..., 44, 47, 49],
         [28, 29, 29,  ..., 44, 47, 49],
         ...,
         [35, 36, 36,  ..., 37, 38, 38],
         [39, 37, 37,  ..., 35, 36, 38],
         [41, 39, 39,  ..., 35, 37, 37]]], dtype=torch.uint8), 'sem_seg': tensor([[  8,   8,   8,  ...,   2,   2,   2],
        [  8,   8,   8,  ...,   2,   2,   2],
        [  8,   8,   8,  ...,   2,   2,   2],
        ...,
        [255, 255, 255,  ...,   0,   0,   0],
        [255, 255, 255,  ...,   0,   0,   0],
        [255, 255, 255,  ...,   0,   0,   0]]), 'instances': Instances(num_instances=22, image_height=768, image_width=768, fields=[gt_classes: tensor([ 0,  2,  3,  5,  7,  8,  9, 11, 13,  0,  2,  8,  2, 13,  0,  0,  9,  0,
         2,  8,  9,  8]), gt_masks: tensor([[[False, False, False,  ..., False, False, False],
         [False, False, False,  ..., False, False, False],
         [False, False, False,  ..., False, False, False],
         ...,
         [False, False, False,  ..., False, False, False],
         [False, False, False,  ..., False, False, False],
         [False, False, False,  ..., False, False, False]],

        [[False, False, False,  ..., False, False, False],
         [False, False, False,  ..., False, False, False],
         [False, False, False,  ..., False, False, False],
         ...,
         [False, False, False,  ..., False, False, False],
         [False, False, False,  ..., False, False, False],
         [False, False, False,  ..., False, False, False]],

        [[False, False, False,  ..., False, False, False],
         [False, False, False,  ..., False, False, False],
         [False, False, False,  ..., False, False, False],
         ...,
         [False, False, False,  ..., False, False, False],
         [False, False, False,  ..., False, False, False],
         [False, False, False,  ..., False, False, False]],

        ...,

        [[False, False, False,  ..., False, False, False],
         [False, False, False,  ..., False, False, False],
         [False, False, False,  ..., False, False, False],
         ...,
         [False, False, False,  ..., False, False, False],
         [False, False, False,  ..., False, False, False],
         [False, False, False,  ..., False, False, False]],

        [[False, False, False,  ..., False, False, False],
         [False, False, False,  ..., False, False, False],
         [False, False, False,  ..., False, False, False],
         ...,
         [False, False, False,  ..., False, False, False],
         [False, False, False,  ..., False, False, False],
         [False, False, False,  ..., False, False, False]],

        [[False, False, False,  ..., False, False, False],
         [False, False, False,  ..., False, False, False],
         [False, False, False,  ..., False, False, False],
         ...,
         [False, False, False,  ..., False, False, False],
         [False, False, False,  ..., False, False, False],
         [False, False, False,  ..., False, False, False]]])])}
[02/28 06:22:29 mask2former.data.dataset_mappers.mask_former_semantic_dataset_mapper]: None
[02/28 06:22:29 mask2former.data.dataset_mappers.mask_former_semantic_dataset_mapper]: output dataset_dict: {'file_name': '/cpfs01/projects-HDD/pujianxiangmuzu_HDD/public/mr/./leftImg8bit_trainvaltest/leftImg8bit/train/strasbourg/strasbourg_000001_009795_leftImg8bit.png', 'width': 2048, 'height': 1024, 'image': tensor([[[ 37,  37,  36,  ...,  60,  60,  60],
         [ 37,  37,  37,  ...,  66,  66,  67],
         [ 37,  37,  37,  ...,  70,  70,  74],
         ...,
         [127, 128, 127,  ..., 115, 116, 115],
         [125, 127, 125,  ..., 116, 117, 117],
         [125, 125, 125,  ..., 116, 119, 119]],

        [[ 56,  56,  55,  ...,  90,  88,  88],
         [ 56,  56,  56,  ...,  96,  93,  93],
         [ 58,  56,  56,  ..., 100,  97,  97],
         ...,
         [140, 140, 140,  ..., 123, 124, 125],
         [139, 140, 140,  ..., 124, 125, 127],
         [139, 139, 139,  ..., 127, 128, 128]],

        [[ 36,  36,  35,  ...,  46,  43,  39],
         [ 37,  36,  33,  ...,  51,  48,  46],
         [ 39,  37,  36,  ...,  54,  51,  47],
         ...,
         [112, 115, 115,  ..., 100, 102, 101],
         [115, 116, 115,  ..., 102, 102, 102],
         [115, 115, 115,  ..., 104, 105, 105]]], dtype=torch.uint8), 'sem_seg': tensor([[8, 8, 8,  ..., 8, 8, 8],
        [8, 8, 8,  ..., 8, 8, 8],
        [8, 8, 8,  ..., 8, 8, 8],
        ...,
        [0, 0, 0,  ..., 0, 0, 0],
        [0, 0, 0,  ..., 0, 0, 0],
        [0, 0, 0,  ..., 0, 0, 0]]), 'instances': Instances(num_instances=15, image_height=768, image_width=768, fields=[gt_classes: tensor([ 0,  1,  2,  4,  5,  8,  9, 11, 12, 18,  0,  0,  8,  0,  8]), gt_masks: tensor([[[False, False, False,  ..., False, False, False],
         [False, False, False,  ..., False, False, False],
         [False, False, False,  ..., False, False, False],
         ...,
         [False, False, False,  ..., False, False, False],
         [False, False, False,  ..., False, False, False],
         [False, False, False,  ..., False, False, False]],

        [[False, False, False,  ..., False, False, False],
         [False, False, False,  ..., False, False, False],
         [False, False, False,  ..., False, False, False],
         ...,
         [False, False, False,  ..., False, False, False],
         [False, False, False,  ..., False, False, False],
         [False, False, False,  ..., False, False, False]],

        [[False, False, False,  ..., False, False, False],
         [False, False, False,  ..., False, False, False],
         [False, False, False,  ..., False, False, False],
         ...,
         [False, False, False,  ..., False, False, False],
         [False, False, False,  ..., False, False, False],
         [False, False, False,  ..., False, False, False]],

        ...,

        [[False, False, False,  ..., False, False, False],
         [False, False, False,  ..., False, False, False],
         [False, False, False,  ..., False, False, False],
         ...,
         [False, False, False,  ..., False, False, False],
         [False, False, False,  ..., False, False, False],
         [False, False, False,  ..., False, False, False]],

        [[False, False, False,  ..., False, False, False],
         [False, False, False,  ..., False, False, False],
         [False, False, False,  ..., False, False, False],
         ...,
         [False, False, False,  ..., False, False, False],
         [False, False, False,  ..., False, False, False],
         [False, False, False,  ..., False, False, False]],

        [[False, False, False,  ..., False, False, False],
         [False, False, False,  ..., False, False, False],
         [False, False, False,  ..., False, False, False],
         ...,
         [False, False, False,  ..., False, False, False],
         [False, False, False,  ..., False, False, False],
         [False, False, False,  ..., False, False, False]]])])}
[02/28 06:22:29 mask2former.data.dataset_mappers.mask_former_semantic_dataset_mapper]: None
[02/28 06:22:29 mask2former.data.dataset_mappers.mask_former_semantic_dataset_mapper]: output dataset_dict: {'file_name': '/cpfs01/projects-HDD/pujianxiangmuzu_HDD/public/mr/./leftImg8bit_trainvaltest/leftImg8bit/train/zurich/zurich_000006_000019_leftImg8bit.png', 'width': 2048, 'height': 1024, 'image': tensor([[[192, 193, 193,  ..., 210, 210, 210],
         [192, 193, 193,  ..., 208, 209, 210],
         [190, 192, 192,  ..., 208, 207, 207],
         ...,
         [ 79,  79,  78,  ...,  86,  88,  91],
         [ 79,  79,  79,  ...,  80,  81,  83],
         [ 79,  80,  79,  ...,  76,  77,  79]],

        [[207, 206, 206,  ..., 223, 223, 223],
         [207, 206, 206,  ..., 222, 222, 223],
         [204, 206, 206,  ..., 223, 222, 221],
         ...,
         [ 91,  90,  91,  ..., 100, 103, 106],
         [ 92,  92,  93,  ...,  93,  96,  99],
         [ 93,  93,  94,  ...,  90,  92,  95]],

        [[219, 219, 219,  ..., 236, 236, 236],
         [220, 220, 220,  ..., 234, 235, 235],
         [221, 221, 222,  ..., 233, 233, 232],
         ...,
         [ 81,  79,  80,  ...,  81,  84,  86],
         [ 79,  79,  80,  ...,  76,  79,  81],
         [ 80,  81,  81,  ...,  75,  76,  77]]], dtype=torch.uint8), 'sem_seg': tensor([[10, 10, 10,  ..., 10, 10, 10],
        [10, 10, 10,  ..., 10, 10, 10],
        [10, 10, 10,  ..., 10, 10, 10],
        ...,
        [ 0,  0,  0,  ...,  0,  0,  0],
        [ 0,  0,  0,  ...,  0,  0,  0],
        [ 0,  0,  0,  ...,  0,  0,  0]]), 'instances': Instances(num_instances=53, image_height=768, image_width=768, fields=[gt_classes: tensor([ 0,  1,  2,  4,  5,  6,  7,  8, 10, 11, 12, 13, 18,  0,  4,  5,  8, 10,
        11, 12, 13, 18,  0,  5,  8, 10, 11, 18,  0,  8, 10, 11, 18,  8, 10, 11,
        18,  8, 10,  8, 18,  0,  8,  0,  0,  0,  8,  8,  8,  8,  8,  8,  8]), gt_masks: tensor([[[False, False, False,  ..., False, False, False],
         [False, False, False,  ..., False, False, False],
         [False, False, False,  ..., False, False, False],
         ...,
         [ True,  True,  True,  ..., False, False, False],
         [ True,  True,  True,  ..., False, False, False],
         [ True,  True,  True,  ...,  True,  True, False]],

        [[False, False, False,  ..., False, False, False],
         [False, False, False,  ..., False, False, False],
         [False, False, False,  ..., False, False, False],
         ...,
         [False, False, False,  ..., False, False, False],
         [False, False, False,  ..., False, False, False],
         [False, False, False,  ..., False, False, False]],

        [[False, False, False,  ..., False, False, False],
         [False, False, False,  ..., False, False, False],
         [False, False, False,  ..., False, False, False],
         ...,
         [False, False, False,  ..., False, False, False],
         [False, False, False,  ..., False, False, False],
         [False, False, False,  ..., False, False, False]],

        ...,

        [[False, False, False,  ..., False, False, False],
         [False, False, False,  ..., False, False, False],
         [False, False, False,  ..., False, False, False],
         ...,
         [False, False, False,  ..., False, False, False],
         [False, False, False,  ..., False, False, False],
         [False, False, False,  ..., False, False, False]],

        [[False, False, False,  ..., False, False, False],
         [False, False, False,  ..., False, False, False],
         [False, False, False,  ..., False, False, False],
         ...,
         [False, False, False,  ..., False, False, False],
         [False, False, False,  ..., False, False, False],
         [False, False, False,  ..., False, False, False]],

        [[False, False, False,  ..., False, False, False],
         [False, False, False,  ..., False, False, False],
         [False, False, False,  ..., False, False, False],
         ...,
         [False, False, False,  ..., False, False, False],
         [False, False, False,  ..., False, False, False],
         [False, False, False,  ..., False, False, False]]])])}
[02/28 06:22:29 mask2former.data.dataset_mappers.mask_former_semantic_dataset_mapper]: None
[02/28 06:22:29 mask2former.data.dataset_mappers.mask_former_semantic_dataset_mapper]: output dataset_dict: {'file_name': '/cpfs01/projects-HDD/pujianxiangmuzu_HDD/public/mr/./leftImg8bit_trainvaltest/leftImg8bit/train/aachen/aachen_000086_000019_leftImg8bit.png', 'width': 2048, 'height': 1024, 'image': tensor([[[20, 19, 20,  ..., 70, 69, 67],
         [20, 19, 20,  ..., 71, 70, 70],
         [20, 20, 20,  ..., 73, 71, 71],
         ...,
         [63, 63, 63,  ..., 78, 80, 78],
         [64, 63, 63,  ..., 77, 78, 77],
         [64, 63, 62,  ..., 77, 77, 76]],

        [[26, 27, 27,  ..., 80, 78, 76],
         [27, 27, 27,  ..., 80, 78, 78],
         [29, 29, 29,  ..., 81, 80, 80],
         ...,
         [78, 78, 78,  ..., 92, 92, 92],
         [78, 78, 78,  ..., 92, 92, 91],
         [78, 77, 77,  ..., 94, 92, 91]],

        [[24, 24, 26,  ..., 64, 63, 63],
         [24, 24, 26,  ..., 66, 64, 63],
         [26, 26, 26,  ..., 66, 64, 64],
         ...,
         [64, 64, 64,  ..., 78, 80, 80],
         [63, 63, 64,  ..., 80, 80, 80],
         [63, 64, 63,  ..., 81, 81, 80]]], dtype=torch.uint8), 'sem_seg': tensor([[ 13,  13,  13,  ...,   2,   2,   2],
        [ 13,  13,  13,  ...,   2,   2,   2],
        [ 13,  13,  13,  ...,   2,   2,   2],
        ...,
        [  0,   0,   0,  ..., 255, 255, 255],
        [  0,   0,   0,  ..., 255, 255, 255],
        [  0,   0,   0,  ..., 255, 255, 255]]), 'instances': Instances(num_instances=14, image_height=768, image_width=768, fields=[gt_classes: tensor([ 0,  1,  2,  5,  8,  9, 11, 13,  0, 11,  0,  8,  0,  8]), gt_masks: tensor([[[False, False, False,  ..., False, False, False],
         [False, False, False,  ..., False, False, False],
         [False, False, False,  ..., False, False, False],
         ...,
         [False, False, False,  ..., False, False, False],
         [False, False, False,  ..., False, False, False],
         [False, False, False,  ..., False, False, False]],

        [[False, False, False,  ..., False, False, False],
         [False, False, False,  ..., False, False, False],
         [False, False, False,  ..., False, False, False],
         ...,
         [False, False, False,  ..., False, False, False],
         [False, False, False,  ..., False, False, False],
         [False, False, False,  ..., False, False, False]],

        [[False, False, False,  ...,  True,  True,  True],
         [False, False, False,  ...,  True,  True,  True],
         [False, False, False,  ...,  True,  True,  True],
         ...,
         [False, False, False,  ..., False, False, False],
         [False, False, False,  ..., False, False, False],
         [False, False, False,  ..., False, False, False]],

        ...,

        [[False, False, False,  ..., False, False, False],
         [False, False, False,  ..., False, False, False],
         [False, False, False,  ..., False, False, False],
         ...,
         [False, False, False,  ..., False, False, False],
         [False, False, False,  ..., False, False, False],
         [False, False, False,  ..., False, False, False]],

        [[False, False, False,  ..., False, False, False],
         [False, False, False,  ..., False, False, False],
         [False, False, False,  ..., False, False, False],
         ...,
         [False, False, False,  ..., False, False, False],
         [False, False, False,  ..., False, False, False],
         [False, False, False,  ..., False, False, False]],

        [[False, False, False,  ..., False, False, False],
         [False, False, False,  ..., False, False, False],
         [False, False, False,  ..., False, False, False],
         ...,
         [False, False, False,  ..., False, False, False],
         [False, False, False,  ..., False, False, False],
         [False, False, False,  ..., False, False, False]]])])}
[02/28 06:22:29 mask2former.data.dataset_mappers.mask_former_semantic_dataset_mapper]: None
[02/28 06:22:30 mask2former.data.dataset_mappers.mask_former_semantic_dataset_mapper]: output dataset_dict: {'file_name': '/cpfs01/projects-HDD/pujianxiangmuzu_HDD/public/mr/./leftImg8bit_trainvaltest/leftImg8bit/train/bochum/bochum_000000_026056_leftImg8bit.png', 'width': 2048, 'height': 1024, 'image': tensor([[[ 15,  21,  45,  ...,  66,  49,  70],
         [ 16,  24,  46,  ...,  68,  58,  76],
         [ 16,  28,  47,  ...,  68,  69,  81],
         ...,
         [ 73,  73,  73,  ...,  64,  66,  62],
         [ 73,  73,  73,  ...,  64,  66,  62],
         [ 73,  73,  73,  ...,  64,  66,  62]],

        [[ 82,  63,  75,  ...,  79,  79,  96],
         [ 81,  65,  74,  ...,  80,  85,  98],
         [ 81,  65,  73,  ...,  82,  90, 100],
         ...,
         [ 81,  80,  80,  ...,  71,  73,  71],
         [ 81,  80,  80,  ...,  71,  73,  71],
         [ 81,  80,  80,  ...,  71,  73,  72]],

        [[ 59,  36,  51,  ...,  54,  45,  58],
         [ 58,  38,  50,  ...,  56,  52,  61],
         [ 58,  39,  50,  ...,  58,  59,  64],
         ...,
         [ 66,  66,  69,  ...,  58,  59,  58],
         [ 66,  66,  69,  ...,  58,  59,  58],
         [ 66,  66,  69,  ...,  58,  59,  58]]], dtype=torch.uint8), 'sem_seg': tensor([[255, 255, 255,  ..., 255, 255, 255],
        [255, 255, 255,  ..., 255, 255, 255],
        [255, 255, 255,  ..., 255, 255, 255],
        ...,
        [255, 255, 255,  ..., 255, 255, 255],
        [255, 255, 255,  ..., 255, 255, 255],
        [255, 255, 255,  ..., 255, 255, 255]]), 'instances': Instances(num_instances=44, image_height=716, image_width=768, fields=[gt_classes: tensor([ 0,  1,  2,  3,  5,  7,  8,  9, 13,  0,  2,  3,  8, 13,  0,  2,  8,  0,
         2,  8, 13,  0,  2,  8,  2,  8, 13,  8,  8,  8,  8, 13,  8,  8, 13,  8,
         8,  8,  8,  8,  8,  8,  8,  8]), gt_masks: tensor([[[False, False, False,  ..., False, False, False],
         [False, False, False,  ..., False, False, False],
         [False, False, False,  ..., False, False, False],
         ...,
         [False, False, False,  ..., False, False, False],
         [False, False, False,  ..., False, False, False],
         [False, False, False,  ..., False, False, False]],

        [[False, False, False,  ..., False, False, False],
         [False, False, False,  ..., False, False, False],
         [False, False, False,  ..., False, False, False],
         ...,
         [False, False, False,  ..., False, False, False],
         [False, False, False,  ..., False, False, False],
         [False, False, False,  ..., False, False, False]],

        [[False, False, False,  ..., False, False, False],
         [False, False, False,  ..., False, False, False],
         [False, False, False,  ..., False, False, False],
         ...,
         [False, False, False,  ..., False, False, False],
         [False, False, False,  ..., False, False, False],
         [False, False, False,  ..., False, False, False]],

        ...,

        [[False, False, False,  ..., False, False, False],
         [False, False, False,  ..., False, False, False],
         [False, False, False,  ..., False, False, False],
         ...,
         [False, False, False,  ..., False, False, False],
         [False, False, False,  ..., False, False, False],
         [False, False, False,  ..., False, False, False]],

        [[False, False, False,  ..., False, False, False],
         [False, False, False,  ..., False, False, False],
         [False, False, False,  ..., False, False, False],
         ...,
         [False, False, False,  ..., False, False, False],
         [False, False, False,  ..., False, False, False],
         [False, False, False,  ..., False, False, False]],

        [[False, False, False,  ..., False, False, False],
         [False, False, False,  ..., False, False, False],
         [False, False, False,  ..., False, False, False],
         ...,
         [False, False, False,  ..., False, False, False],
         [False, False, False,  ..., False, False, False],
         [False, False, False,  ..., False, False, False]]])])}
[02/28 06:22:30 mask2former.data.dataset_mappers.mask_former_semantic_dataset_mapper]: None
[02/28 06:22:30 mask2former.data.dataset_mappers.mask_former_semantic_dataset_mapper]: output dataset_dict: {'file_name': '/cpfs01/projects-HDD/pujianxiangmuzu_HDD/public/mr/./leftImg8bit_trainvaltest/leftImg8bit/train/stuttgart/stuttgart_000043_000019_leftImg8bit.png', 'width': 2048, 'height': 1024, 'image': tensor([[[ 83,  81,  80,  ...,  89,  89,  87],
         [ 83,  81,  80,  ...,  89,  89,  87],
         [ 81,  81,  80,  ...,  89,  88,  87],
         ...,
         [171, 172, 172,  ..., 117, 112, 110],
         [170, 171, 171,  ..., 115, 111, 109],
         [170, 171, 171,  ..., 115, 111, 109]],

        [[ 92,  89,  88,  ..., 102, 100,  99],
         [ 92,  89,  88,  ..., 102, 100,  99],
         [ 91,  89,  88,  ..., 102, 100,  99],
         ...,
         [182, 183, 183,  ..., 126, 122, 119],
         [180, 182, 182,  ..., 126, 121, 117],
         [180, 182, 182,  ..., 126, 121, 117]],

        [[ 91,  88,  87,  ..., 103, 102,  98],
         [ 91,  88,  87,  ..., 103, 102,  98],
         [ 92,  87,  86,  ..., 103, 102,  99],
         ...,
         [176, 177, 177,  ..., 120, 117, 114],
         [173, 173, 173,  ..., 121, 117, 114],
         [173, 173, 173,  ..., 121, 117, 114]]], dtype=torch.uint8), 'sem_seg': tensor([[2, 2, 2,  ..., 2, 2, 2],
        [2, 2, 2,  ..., 2, 2, 2],
        [2, 2, 2,  ..., 2, 2, 2],
        ...,
        [0, 0, 0,  ..., 7, 7, 7],
        [0, 0, 0,  ..., 7, 7, 7],
        [0, 0, 0,  ..., 7, 7, 7]]), 'instances': Instances(num_instances=11, image_height=768, image_width=768, fields=[gt_classes: tensor([ 0,  1,  3,  7, 13,  0,  2,  7, 13,  7, 13]), gt_masks: tensor([[[False, False, False,  ..., False, False, False],
         [False, False, False,  ..., False, False, False],
         [False, False, False,  ..., False, False, False],
         ...,
         [False, False, False,  ..., False, False, False],
         [False, False, False,  ..., False, False, False],
         [False, False, False,  ..., False, False, False]],

        [[False, False, False,  ..., False, False, False],
         [False, False, False,  ..., False, False, False],
         [False, False, False,  ..., False, False, False],
         ...,
         [False, False, False,  ..., False, False, False],
         [False, False, False,  ..., False, False, False],
         [False, False, False,  ..., False, False, False]],

        [[False, False, False,  ..., False, False, False],
         [False, False, False,  ..., False, False, False],
         [False, False, False,  ..., False, False, False],
         ...,
         [False, False, False,  ..., False, False, False],
         [False, False, False,  ..., False, False, False],
         [False, False, False,  ..., False, False, False]],

        ...,

        [[False, False, False,  ..., False, False, False],
         [False, False, False,  ..., False, False, False],
         [False, False, False,  ..., False, False, False],
         ...,
         [False, False, False,  ..., False, False, False],
         [False, False, False,  ..., False, False, False],
         [False, False, False,  ..., False, False, False]],

        [[False, False, False,  ..., False, False, False],
         [False, False, False,  ..., False, False, False],
         [False, False, False,  ..., False, False, False],
         ...,
         [False, False, False,  ..., False, False, False],
         [False, False, False,  ..., False, False, False],
         [False, False, False,  ..., False, False, False]],

        [[False, False, False,  ..., False, False, False],
         [False, False, False,  ..., False, False, False],
         [False, False, False,  ..., False, False, False],
         ...,
         [False, False, False,  ..., False, False, False],
         [False, False, False,  ..., False, False, False],
         [False, False, False,  ..., False, False, False]]])])}
[02/28 06:22:30 mask2former.data.dataset_mappers.mask_former_semantic_dataset_mapper]: None
[02/28 06:22:31 mask2former.data.dataset_mappers.mask_former_semantic_dataset_mapper]: output dataset_dict: {'file_name': '/cpfs01/projects-HDD/pujianxiangmuzu_HDD/public/mr/./leftImg8bit_trainvaltest/leftImg8bit/train/tubingen/tubingen_000052_000019_leftImg8bit.png', 'width': 2048, 'height': 1024, 'image': tensor([[[14, 14, 10,  ..., 30, 31, 31],
         [12, 11,  9,  ..., 31, 32, 31],
         [ 9,  9,  7,  ..., 24, 25, 26],
         ...,
         [53, 49, 51,  ..., 74, 76, 74],
         [48, 46, 51,  ..., 78, 76, 74],
         [46, 46, 50,  ..., 80, 79, 77]],

        [[25, 24, 18,  ..., 44, 45, 45],
         [23, 22, 17,  ..., 46, 46, 46],
         [19, 19, 16,  ..., 43, 43, 42],
         ...,
         [61, 60, 64,  ..., 91, 92, 91],
         [57, 56, 63,  ..., 93, 92, 91],
         [57, 57, 61,  ..., 95, 94, 92]],

        [[13, 14, 10,  ..., 26, 28, 28],
         [11, 12,  8,  ..., 27, 27, 27],
         [ 7,  9,  7,  ..., 26, 27, 26],
         ...,
         [54, 53, 56,  ..., 79, 79, 78],
         [51, 51, 56,  ..., 81, 79, 78],
         [51, 51, 55,  ..., 83, 81, 79]]], dtype=torch.uint8), 'sem_seg': tensor([[8, 8, 8,  ..., 8, 8, 8],
        [8, 8, 8,  ..., 8, 8, 8],
        [8, 8, 8,  ..., 8, 8, 8],
        ...,
        [0, 0, 0,  ..., 0, 0, 0],
        [0, 0, 0,  ..., 0, 0, 0],
        [0, 0, 0,  ..., 0, 0, 0]]), 'instances': Instances(num_instances=40, image_height=768, image_width=768, fields=[gt_classes: tensor([ 0,  1,  2,  3,  5,  7,  8,  9, 11, 12, 13, 17,  0,  1,  8, 17,  1, 13,
         0,  0,  8,  0,  8,  8,  0,  8,  0,  8,  0,  8,  0,  8,  0,  8,  8,  8,
         8,  8,  8,  8]), gt_masks: tensor([[[False, False, False,  ..., False, False, False],
         [False, False, False,  ..., False, False, False],
         [False, False, False,  ..., False, False, False],
         ...,
         [False, False, False,  ..., False, False, False],
         [False, False, False,  ..., False, False, False],
         [False, False, False,  ..., False, False, False]],

        [[False, False, False,  ..., False, False, False],
         [False, False, False,  ..., False, False, False],
         [False, False, False,  ..., False, False, False],
         ...,
         [False, False, False,  ..., False, False, False],
         [False, False, False,  ..., False, False, False],
         [False, False, False,  ..., False, False, False]],

        [[False, False, False,  ..., False, False, False],
         [False, False, False,  ..., False, False, False],
         [False, False, False,  ..., False, False, False],
         ...,
         [False, False, False,  ..., False, False, False],
         [False, False, False,  ..., False, False, False],
         [False, False, False,  ..., False, False, False]],

        ...,

        [[False, False, False,  ..., False, False, False],
         [False, False, False,  ..., False, False, False],
         [False, False, False,  ..., False, False, False],
         ...,
         [False, False, False,  ..., False, False, False],
         [False, False, False,  ..., False, False, False],
         [False, False, False,  ..., False, False, False]],

        [[False, False, False,  ..., False, False, False],
         [False, False, False,  ..., False, False, False],
         [False, False, False,  ..., False, False, False],
         ...,
         [False, False, False,  ..., False, False, False],
         [False, False, False,  ..., False, False, False],
         [False, False, False,  ..., False, False, False]],

        [[False, False, False,  ..., False, False, False],
         [False, False, False,  ..., False, False, False],
         [False, False, False,  ..., False, False, False],
         ...,
         [False, False, False,  ..., False, False, False],
         [False, False, False,  ..., False, False, False],
         [False, False, False,  ..., False, False, False]]])])}
[02/28 06:22:31 mask2former.data.dataset_mappers.mask_former_semantic_dataset_mapper]: None
[02/28 06:22:31 mask2former.data.dataset_mappers.mask_former_semantic_dataset_mapper]: output dataset_dict: {'file_name': '/cpfs01/projects-HDD/pujianxiangmuzu_HDD/public/mr/./leftImg8bit_trainvaltest/leftImg8bit/train/dusseldorf/dusseldorf_000146_000019_leftImg8bit.png', 'width': 2048, 'height': 1024, 'image': tensor([[[50, 50, 49,  ..., 38, 38, 37],
         [49, 49, 49,  ..., 40, 39, 39],
         [48, 48, 48,  ..., 41, 40, 40],
         ...,
         [50, 50, 49,  ..., 47, 47, 47],
         [50, 50, 49,  ..., 46, 46, 46],
         [50, 50, 50,  ..., 46, 46, 46]],

        [[61, 61, 60,  ..., 45, 45, 45],
         [59, 59, 59,  ..., 47, 47, 47],
         [59, 58, 58,  ..., 48, 48, 48],
         ...,
         [64, 63, 63,  ..., 57, 57, 57],
         [63, 63, 62,  ..., 56, 56, 56],
         [63, 63, 63,  ..., 56, 56, 56]],

        [[50, 49, 47,  ..., 40, 40, 40],
         [48, 47, 45,  ..., 41, 41, 41],
         [47, 46, 44,  ..., 42, 42, 43],
         ...,
         [57, 57, 57,  ..., 50, 49, 50],
         [56, 56, 56,  ..., 49, 49, 49],
         [56, 56, 56,  ..., 49, 49, 49]]], dtype=torch.uint8), 'sem_seg': tensor([[  2,   2,   2,  ...,   0,   0,   0],
        [  2,   2,   2,  ...,   0,   0,   0],
        [  2,   2,   2,  ...,   0,   0,   0],
        ...,
        [255, 255, 255,  ..., 255, 255, 255],
        [255, 255, 255,  ..., 255, 255, 255],
        [255, 255, 255,  ..., 255, 255, 255]]), 'instances': Instances(num_instances=13, image_height=768, image_width=768, fields=[gt_classes: tensor([ 0,  1,  2, 13,  0,  1,  2,  2,  0, 13,  0,  0,  2]), gt_masks: tensor([[[False, False, False,  ...,  True,  True,  True],
         [False, False, False,  ...,  True,  True,  True],
         [False, False, False,  ...,  True,  True,  True],
         ...,
         [False, False, False,  ..., False, False, False],
         [False, False, False,  ..., False, False, False],
         [False, False, False,  ..., False, False, False]],

        [[False, False, False,  ..., False, False, False],
         [False, False, False,  ..., False, False, False],
         [False, False, False,  ..., False, False, False],
         ...,
         [False, False, False,  ..., False, False, False],
         [False, False, False,  ..., False, False, False],
         [False, False, False,  ..., False, False, False]],

        [[False, False, False,  ..., False, False, False],
         [False, False, False,  ..., False, False, False],
         [False, False, False,  ..., False, False, False],
         ...,
         [False, False, False,  ..., False, False, False],
         [False, False, False,  ..., False, False, False],
         [False, False, False,  ..., False, False, False]],

        ...,

        [[False, False, False,  ..., False, False, False],
         [False, False, False,  ..., False, False, False],
         [False, False, False,  ..., False, False, False],
         ...,
         [False, False, False,  ..., False, False, False],
         [False, False, False,  ..., False, False, False],
         [False, False, False,  ..., False, False, False]],

        [[False, False, False,  ..., False, False, False],
         [False, False, False,  ..., False, False, False],
         [False, False, False,  ..., False, False, False],
         ...,
         [False, False, False,  ..., False, False, False],
         [False, False, False,  ..., False, False, False],
         [False, False, False,  ..., False, False, False]],

        [[ True,  True,  True,  ..., False, False, False],
         [ True,  True,  True,  ..., False, False, False],
         [ True,  True,  True,  ..., False, False, False],
         ...,
         [False, False, False,  ..., False, False, False],
         [False, False, False,  ..., False, False, False],
         [False, False, False,  ..., False, False, False]]])])}
[02/28 06:22:31 mask2former.data.dataset_mappers.mask_former_semantic_dataset_mapper]: None
[02/28 06:22:31 mask2former.data.dataset_mappers.mask_former_semantic_dataset_mapper]: output dataset_dict: {'file_name': '/cpfs01/projects-HDD/pujianxiangmuzu_HDD/public/mr/./leftImg8bit_trainvaltest/leftImg8bit/train/dusseldorf/dusseldorf_000091_000019_leftImg8bit.png', 'width': 2048, 'height': 1024, 'image': tensor([[[50, 45, 48,  ..., 48, 48, 47],
         [49, 44, 48,  ..., 44, 43, 40],
         [50, 46, 48,  ..., 35, 35, 34],
         ...,
         [40, 41, 43,  ..., 65, 67, 67],
         [39, 41, 41,  ..., 65, 65, 67],
         [38, 40, 40,  ..., 69, 68, 66]],

        [[50, 46, 50,  ..., 55, 55, 55],
         [50, 46, 49,  ..., 56, 57, 57],
         [51, 47, 49,  ..., 51, 52, 51],
         ...,
         [51, 52, 52,  ..., 77, 77, 77],
         [50, 51, 52,  ..., 77, 77, 76],
         [49, 51, 51,  ..., 79, 78, 77]],

        [[39, 37, 40,  ..., 41, 41, 41],
         [43, 38, 40,  ..., 43, 41, 40],
         [44, 38, 40,  ..., 37, 38, 37],
         ...,
         [41, 41, 41,  ..., 62, 62, 62],
         [40, 43, 41,  ..., 60, 60, 62],
         [39, 40, 40,  ..., 64, 62, 62]]], dtype=torch.uint8), 'sem_seg': tensor([[2, 2, 2,  ..., 2, 2, 2],
        [2, 2, 2,  ..., 2, 2, 2],
        [2, 2, 2,  ..., 2, 2, 2],
        ...,
        [0, 0, 0,  ..., 0, 0, 0],
        [0, 0, 0,  ..., 0, 0, 0],
        [0, 0, 0,  ..., 0, 0, 0]]), 'instances': Instances(num_instances=29, image_height=768, image_width=768, fields=[gt_classes: tensor([ 0,  1,  2,  5,  6,  7, 13,  0,  1,  2,  6,  0,  2,  0, 13,  0, 13,  0,
        13,  2,  2,  0,  2,  0,  2,  2,  2,  2,  2]), gt_masks: tensor([[[False, False, False,  ..., False, False, False],
         [False, False, False,  ..., False, False, False],
         [False, False, False,  ..., False, False, False],
         ...,
         [False, False, False,  ..., False, False, False],
         [False, False, False,  ..., False, False, False],
         [False, False, False,  ..., False, False, False]],

        [[False, False, False,  ..., False, False, False],
         [False, False, False,  ..., False, False, False],
         [False, False, False,  ..., False, False, False],
         ...,
         [False, False, False,  ..., False, False, False],
         [False, False, False,  ..., False, False, False],
         [False, False, False,  ..., False, False, False]],

        [[False, False, False,  ..., False, False, False],
         [False, False, False,  ..., False, False, False],
         [False, False, False,  ..., False, False, False],
         ...,
         [False, False, False,  ..., False, False, False],
         [False, False, False,  ..., False, False, False],
         [False, False, False,  ..., False, False, False]],

        ...,

        [[False, False, False,  ..., False, False, False],
         [False, False, False,  ..., False, False, False],
         [False, False, False,  ..., False, False, False],
         ...,
         [False, False, False,  ..., False, False, False],
         [False, False, False,  ..., False, False, False],
         [False, False, False,  ..., False, False, False]],

        [[False, False, False,  ..., False, False, False],
         [False, False, False,  ..., False, False, False],
         [False, False, False,  ..., False, False, False],
         ...,
         [False, False, False,  ..., False, False, False],
         [False, False, False,  ..., False, False, False],
         [False, False, False,  ..., False, False, False]],

        [[False, False, False,  ..., False, False, False],
         [False, False, False,  ..., False, False, False],
         [False, False, False,  ..., False, False, False],
         ...,
         [False, False, False,  ..., False, False, False],
         [False, False, False,  ..., False, False, False],
         [False, False, False,  ..., False, False, False]]])])}
[02/28 06:22:31 mask2former.data.dataset_mappers.mask_former_semantic_dataset_mapper]: None
[02/28 06:22:31 mask2former.data.dataset_mappers.mask_former_semantic_dataset_mapper]: output dataset_dict: {'file_name': '/cpfs01/projects-HDD/pujianxiangmuzu_HDD/public/mr/./leftImg8bit_trainvaltest/leftImg8bit/train/bremen/bremen_000068_000019_leftImg8bit.png', 'width': 2048, 'height': 1024, 'image': tensor([[[ 88,  87,  87,  ...,  28,  29,  30],
         [ 91,  91,  91,  ...,  29,  30,  31],
         [ 90,  90,  90,  ...,  29,  30,  31],
         ...,
         [ 49,  50,  50,  ...,  59,  59,  59],
         [ 49,  50,  50,  ...,  60,  59,  59],
         [ 50,  49,  49,  ...,  59,  57,  57]],

        [[ 98,  98,  98,  ...,  36,  36,  36],
         [102, 102, 102,  ...,  37,  37,  37],
         [102, 102, 102,  ...,  37,  37,  37],
         ...,
         [ 65,  66,  66,  ...,  72,  71,  71],
         [ 65,  66,  66,  ...,  72,  71,  71],
         [ 66,  65,  65,  ...,  71,  70,  70]],

        [[ 83,  84,  84,  ...,  26,  27,  28],
         [ 88,  88,  88,  ...,  28,  29,  29],
         [ 88,  86,  86,  ...,  28,  29,  29],
         ...,
         [ 50,  51,  51,  ...,  60,  60,  60],
         [ 50,  51,  51,  ...,  59,  60,  60],
         [ 51,  50,  50,  ...,  59,  59,  59]]], dtype=torch.uint8), 'sem_seg': tensor([[0, 0, 0,  ..., 8, 8, 8],
        [0, 0, 0,  ..., 8, 8, 8],
        [0, 0, 0,  ..., 8, 8, 8],
        ...,
        [0, 0, 0,  ..., 0, 0, 0],
        [0, 0, 0,  ..., 0, 0, 0],
        [0, 0, 0,  ..., 0, 0, 0]]), 'instances': Instances(num_instances=7, image_height=768, image_width=768, fields=[gt_classes: tensor([0, 8, 9, 0, 9, 0, 0]), gt_masks: tensor([[[ True,  True,  True,  ..., False, False, False],
         [ True,  True,  True,  ..., False, False, False],
         [False, False, False,  ..., False, False, False],
         ...,
         [False, False, False,  ..., False, False, False],
         [False, False, False,  ..., False, False, False],
         [False, False, False,  ..., False, False, False]],

        [[False, False, False,  ...,  True,  True,  True],
         [False, False, False,  ...,  True,  True,  True],
         [False, False, False,  ...,  True,  True,  True],
         ...,
         [False, False, False,  ..., False, False, False],
         [False, False, False,  ..., False, False, False],
         [False, False, False,  ..., False, False, False]],

        [[False, False, False,  ..., False, False, False],
         [False, False, False,  ..., False, False, False],
         [False, False, False,  ..., False, False, False],
         ...,
         [False, False, False,  ..., False, False, False],
         [False, False, False,  ..., False, False, False],
         [False, False, False,  ..., False, False, False]],

        ...,

        [[False, False, False,  ..., False, False, False],
         [False, False, False,  ..., False, False, False],
         [False, False, False,  ..., False, False, False],
         ...,
         [False, False, False,  ..., False, False, False],
         [False, False, False,  ..., False, False, False],
         [False, False, False,  ..., False, False, False]],

        [[False, False, False,  ..., False, False, False],
         [False, False, False,  ..., False, False, False],
         [ True,  True,  True,  ..., False, False, False],
         ...,
         [False, False, False,  ..., False, False, False],
         [False, False, False,  ..., False, False, False],
         [False, False, False,  ..., False, False, False]],

        [[False, False, False,  ..., False, False, False],
         [False, False, False,  ..., False, False, False],
         [False, False, False,  ..., False, False, False],
         ...,
         [False, False, False,  ..., False, False, False],
         [False, False, False,  ..., False, False, False],
         [False, False, False,  ..., False, False, False]]])])}
[02/28 06:22:31 mask2former.data.dataset_mappers.mask_former_semantic_dataset_mapper]: None
[02/28 06:22:31 mask2former.data.dataset_mappers.mask_former_semantic_dataset_mapper]: output dataset_dict: {'file_name': '/cpfs01/projects-HDD/pujianxiangmuzu_HDD/public/mr/./leftImg8bit_trainvaltest/leftImg8bit/train/tubingen/tubingen_000040_000019_leftImg8bit.png', 'width': 2048, 'height': 1024, 'image': tensor([[[159, 155, 152,  ...,  44,  43,  39],
         [156, 154, 153,  ...,  43,  42,  44],
         [159, 159, 159,  ...,  51,  63,  72],
         ...,
         [127, 129, 135,  ..., 108, 113, 119],
         [131, 130, 135,  ..., 108, 110, 115],
         [136, 134, 135,  ..., 114, 112, 111]],

        [[212, 209, 204,  ...,  76,  75,  71],
         [209, 210, 208,  ...,  86,  88,  89],
         [210, 212, 211,  ..., 102, 113, 117],
         ...,
         [140, 142, 145,  ..., 137, 142, 144],
         [142, 140, 144,  ..., 136, 138, 139],
         [143, 142, 144,  ..., 137, 135, 136]],

        [[221, 222, 221,  ...,  36,  34,  30],
         [220, 221, 219,  ...,  39,  40,  38],
         [221, 221, 220,  ...,  43,  47,  43],
         ...,
         [112, 117, 117,  ..., 105, 109, 111],
         [113, 115, 119,  ..., 101, 102, 104],
         [112, 112, 117,  ..., 101,  98, 100]]], dtype=torch.uint8), 'sem_seg': tensor([[10, 10, 10,  ...,  8,  8,  8],
        [10, 10, 10,  ...,  8,  8,  8],
        [10, 10, 10,  ...,  8,  8,  8],
        ...,
        [ 0,  0,  0,  ...,  0,  0,  0],
        [ 0,  0,  0,  ...,  0,  0,  0],
        [ 0,  0,  0,  ...,  0,  0,  0]]), 'instances': Instances(num_instances=44, image_height=768, image_width=768, fields=[gt_classes: tensor([ 0,  1,  2,  3,  5,  7,  8, 10, 13,  0,  2,  3,  8, 10, 13,  0, 10,  0,
         2, 10, 13,  0, 10, 13,  0,  8,  8,  8,  8,  8,  8,  8,  8,  8,  8,  8,
         8,  8,  8,  8,  8,  8,  8,  8]), gt_masks: tensor([[[False, False, False,  ..., False, False, False],
         [False, False, False,  ..., False, False, False],
         [False, False, False,  ..., False, False, False],
         ...,
         [False, False, False,  ..., False, False, False],
         [False, False, False,  ..., False, False, False],
         [False, False, False,  ..., False, False, False]],

        [[False, False, False,  ..., False, False, False],
         [False, False, False,  ..., False, False, False],
         [False, False, False,  ..., False, False, False],
         ...,
         [False, False, False,  ..., False, False, False],
         [False, False, False,  ..., False, False, False],
         [False, False, False,  ..., False, False, False]],

        [[False, False, False,  ..., False, False, False],
         [False, False, False,  ..., False, False, False],
         [False, False, False,  ..., False, False, False],
         ...,
         [False, False, False,  ..., False, False, False],
         [False, False, False,  ..., False, False, False],
         [False, False, False,  ..., False, False, False]],

        ...,

        [[False, False, False,  ..., False, False, False],
         [False, False, False,  ..., False, False, False],
         [False, False, False,  ..., False, False, False],
         ...,
         [False, False, False,  ..., False, False, False],
         [False, False, False,  ..., False, False, False],
         [False, False, False,  ..., False, False, False]],

        [[False, False, False,  ..., False, False, False],
         [False, False, False,  ..., False, False, False],
         [False, False, False,  ..., False, False, False],
         ...,
         [False, False, False,  ..., False, False, False],
         [False, False, False,  ..., False, False, False],
         [False, False, False,  ..., False, False, False]],

        [[False, False, False,  ..., False, False, False],
         [False, False, False,  ..., False, False, False],
         [False, False, False,  ..., False, False, False],
         ...,
         [False, False, False,  ..., False, False, False],
         [False, False, False,  ..., False, False, False],
         [False, False, False,  ..., False, False, False]]])])}
[02/28 06:22:31 mask2former.data.dataset_mappers.mask_former_semantic_dataset_mapper]: None
[02/28 06:22:31 mask2former.data.dataset_mappers.mask_former_semantic_dataset_mapper]: output dataset_dict: {'file_name': '/cpfs01/projects-HDD/pujianxiangmuzu_HDD/public/mr/./leftImg8bit_trainvaltest/leftImg8bit/train/bremen/bremen_000139_000019_leftImg8bit.png', 'width': 2048, 'height': 1024, 'image': tensor([[[ 19,  18,  18,  ...,  69,  89, 109],
         [ 22,  21,  21,  ...,  95, 119, 134],
         [ 23,  23,  23,  ...,  99, 132, 142],
         ...,
         [ 62,  63,  61,  ...,  62,  62,  62],
         [ 61,  62,  62,  ...,  62,  62,  62],
         [ 61,  61,  60,  ...,  62,  62,  65]],

        [[ 28,  27,  28,  ...,  89, 119, 138],
         [ 33,  32,  32,  ..., 104, 139, 155],
         [ 37,  37,  37,  ..., 107, 144, 162],
         ...,
         [ 76,  77,  76,  ...,  74,  74,  74],
         [ 76,  76,  75,  ...,  73,  73,  73],
         [ 76,  76,  75,  ...,  73,  74,  75]],

        [[ 24,  25,  25,  ...,  65,  88, 115],
         [ 24,  24,  24,  ...,  92, 121, 146],
         [ 24,  24,  24,  ..., 100, 137, 158],
         ...,
         [ 72,  73,  74,  ...,  66,  66,  66],
         [ 72,  72,  74,  ...,  67,  68,  67],
         [ 72,  72,  73,  ...,  68,  69,  71]]], dtype=torch.uint8), 'sem_seg': tensor([[8, 8, 8,  ..., 8, 8, 8],
        [8, 8, 8,  ..., 8, 8, 8],
        [8, 8, 8,  ..., 8, 8, 8],
        ...,
        [0, 0, 0,  ..., 0, 0, 0],
        [0, 0, 0,  ..., 0, 0, 0],
        [0, 0, 0,  ..., 0, 0, 0]]), 'instances': Instances(num_instances=21, image_height=768, image_width=768, fields=[gt_classes: tensor([ 0,  1,  2,  5,  8,  9, 13, 18,  0,  8, 13,  8,  0,  5,  9,  0,  5,  8,
         0,  8,  2]), gt_masks: tensor([[[False, False, False,  ..., False, False, False],
         [False, False, False,  ..., False, False, False],
         [False, False, False,  ..., False, False, False],
         ...,
         [False, False, False,  ..., False, False, False],
         [False, False, False,  ..., False, False, False],
         [False, False, False,  ..., False, False, False]],

        [[False, False, False,  ..., False, False, False],
         [False, False, False,  ..., False, False, False],
         [False, False, False,  ..., False, False, False],
         ...,
         [False, False, False,  ..., False, False, False],
         [False, False, False,  ..., False, False, False],
         [False, False, False,  ..., False, False, False]],

        [[False, False, False,  ..., False, False, False],
         [False, False, False,  ..., False, False, False],
         [False, False, False,  ..., False, False, False],
         ...,
         [False, False, False,  ..., False, False, False],
         [False, False, False,  ..., False, False, False],
         [False, False, False,  ..., False, False, False]],

        ...,

        [[False, False, False,  ..., False, False, False],
         [False, False, False,  ..., False, False, False],
         [False, False, False,  ..., False, False, False],
         ...,
         [False, False, False,  ..., False, False, False],
         [False, False, False,  ..., False, False, False],
         [False, False, False,  ..., False, False, False]],

        [[False, False, False,  ..., False, False, False],
         [False, False, False,  ..., False, False, False],
         [False, False, False,  ..., False, False, False],
         ...,
         [False, False, False,  ..., False, False, False],
         [False, False, False,  ..., False, False, False],
         [False, False, False,  ..., False, False, False]],

        [[False, False, False,  ..., False, False, False],
         [False, False, False,  ..., False, False, False],
         [False, False, False,  ..., False, False, False],
         ...,
         [False, False, False,  ..., False, False, False],
         [False, False, False,  ..., False, False, False],
         [False, False, False,  ..., False, False, False]]])])}
[02/28 06:22:31 mask2former.data.dataset_mappers.mask_former_semantic_dataset_mapper]: None
[02/28 06:22:32 mask2former.data.dataset_mappers.mask_former_semantic_dataset_mapper]: output dataset_dict: {'file_name': '/cpfs01/projects-HDD/pujianxiangmuzu_HDD/public/mr/./leftImg8bit_trainvaltest/leftImg8bit/train/aachen/aachen_000154_000019_leftImg8bit.png', 'width': 2048, 'height': 1024, 'image': tensor([[[129, 129, 133,  ..., 125, 126, 124],
         [129, 129, 130,  ..., 125, 126, 126],
         [129, 131, 131,  ..., 125, 127, 127],
         ...,
         [ 46,  47,  45,  ...,  49,  51,  52],
         [ 45,  45,  47,  ...,  48,  50,  52],
         [ 45,  47,  49,  ...,  46,  46,  48]],

        [[148, 148, 150,  ..., 145, 145, 146],
         [148, 148, 147,  ..., 145, 145, 145],
         [148, 148, 147,  ..., 146, 146, 145],
         ...,
         [ 54,  53,  52,  ...,  55,  58,  59],
         [ 53,  52,  52,  ...,  53,  56,  57],
         [ 53,  53,  54,  ...,  53,  54,  55]],

        [[128, 128, 131,  ..., 128, 128, 126],
         [128, 128, 129,  ..., 128, 128, 128],
         [128, 130, 130,  ..., 127, 127, 126],
         ...,
         [ 42,  43,  42,  ...,  45,  45,  46],
         [ 41,  42,  43,  ...,  44,  45,  46],
         [ 41,  43,  44,  ...,  43,  42,  44]]], dtype=torch.uint8), 'sem_seg': tensor([[ 10,  10,  10,  ...,  10,  10,  10],
        [ 10,  10,  10,  ...,  10,  10,  10],
        [ 10,  10,  10,  ...,  10,  10,  10],
        ...,
        [255, 255, 255,  ...,   0,   0,   0],
        [255, 255, 255,  ...,   0,   0,   0],
        [255, 255, 255,  ...,   0,   0,   0]]), 'instances': Instances(num_instances=33, image_height=768, image_width=768, fields=[gt_classes: tensor([ 0,  1,  2,  5,  7,  8,  9, 10, 13,  0,  1,  2,  8,  9, 10,  2,  8,  9,
        10,  0, 13, 13,  0,  2, 13,  2,  0,  8,  8,  8,  8,  8,  8]), gt_masks: tensor([[[False, False, False,  ..., False, False, False],
         [False, False, False,  ..., False, False, False],
         [False, False, False,  ..., False, False, False],
         ...,
         [False, False, False,  ..., False, False, False],
         [False, False, False,  ..., False, False, False],
         [False, False, False,  ..., False, False, False]],

        [[False, False, False,  ..., False, False, False],
         [False, False, False,  ..., False, False, False],
         [False, False, False,  ..., False, False, False],
         ...,
         [False, False, False,  ..., False, False, False],
         [False, False, False,  ..., False, False, False],
         [False, False, False,  ..., False, False, False]],

        [[False, False, False,  ..., False, False, False],
         [False, False, False,  ..., False, False, False],
         [False, False, False,  ..., False, False, False],
         ...,
         [False, False, False,  ..., False, False, False],
         [False, False, False,  ..., False, False, False],
         [False, False, False,  ..., False, False, False]],

        ...,

        [[False, False, False,  ..., False, False, False],
         [False, False, False,  ..., False, False, False],
         [False, False, False,  ..., False, False, False],
         ...,
         [False, False, False,  ..., False, False, False],
         [False, False, False,  ..., False, False, False],
         [False, False, False,  ..., False, False, False]],

        [[False, False, False,  ..., False, False, False],
         [False, False, False,  ..., False, False, False],
         [False, False, False,  ..., False, False, False],
         ...,
         [False, False, False,  ..., False, False, False],
         [False, False, False,  ..., False, False, False],
         [False, False, False,  ..., False, False, False]],

        [[False, False, False,  ..., False, False, False],
         [False, False, False,  ..., False, False, False],
         [False, False, False,  ..., False, False, False],
         ...,
         [False, False, False,  ..., False, False, False],
         [False, False, False,  ..., False, False, False],
         [False, False, False,  ..., False, False, False]]])])}
[02/28 06:22:32 mask2former.data.dataset_mappers.mask_former_semantic_dataset_mapper]: None
[02/28 06:22:32 mask2former.data.dataset_mappers.mask_former_semantic_dataset_mapper]: output dataset_dict: {'file_name': '/cpfs01/projects-HDD/pujianxiangmuzu_HDD/public/mr/./leftImg8bit_trainvaltest/leftImg8bit/train/weimar/weimar_000081_000019_leftImg8bit.png', 'width': 2048, 'height': 1024, 'image': tensor([[[40, 35, 27,  ..., 20, 21, 21],
         [42, 37, 26,  ..., 19, 20, 21],
         [42, 38, 25,  ..., 17, 18, 21],
         ...,
         [61, 61, 61,  ..., 65, 62, 62],
         [62, 62, 62,  ..., 67, 65, 67],
         [63, 62, 63,  ..., 68, 66, 69]],

        [[45, 44, 37,  ..., 25, 27, 31],
         [47, 46, 37,  ..., 24, 26, 31],
         [47, 47, 37,  ..., 22, 24, 29],
         ...,
         [77, 77, 77,  ..., 78, 76, 77],
         [78, 78, 78,  ..., 79, 78, 80],
         [79, 79, 79,  ..., 80, 80, 82]],

        [[34, 33, 26,  ..., 21, 23, 26],
         [35, 34, 26,  ..., 20, 22, 26],
         [36, 35, 26,  ..., 18, 21, 26],
         ...,
         [62, 62, 64,  ..., 65, 62, 61],
         [63, 63, 65,  ..., 65, 65, 64],
         [64, 64, 64,  ..., 67, 65, 66]]], dtype=torch.uint8), 'sem_seg': tensor([[13, 13, 13,  ..., 11, 11,  2],
        [13, 13, 13,  ..., 11, 11,  2],
        [13, 13, 13,  ..., 11, 11,  2],
        ...,
        [ 0,  0,  0,  ...,  0,  0,  0],
        [ 0,  0,  0,  ...,  0,  0,  0],
        [ 0,  0,  0,  ...,  0,  0,  0]]), 'instances': Instances(num_instances=19, image_height=768, image_width=768, fields=[gt_classes: tensor([ 0,  1,  2,  5,  9, 11, 13,  0,  1,  1,  1, 13,  1,  2,  2,  2,  2,  2,
         2]), gt_masks: tensor([[[False, False, False,  ..., False, False, False],
         [False, False, False,  ..., False, False, False],
         [False, False, False,  ..., False, False, False],
         ...,
         [False, False, False,  ..., False, False, False],
         [False, False, False,  ..., False, False, False],
         [False, False, False,  ..., False, False, False]],

        [[False, False, False,  ..., False, False, False],
         [False, False, False,  ..., False, False, False],
         [False, False, False,  ..., False, False, False],
         ...,
         [False, False, False,  ..., False, False, False],
         [False, False, False,  ..., False, False, False],
         [False, False, False,  ..., False, False, False]],

        [[False, False, False,  ..., False, False,  True],
         [False, False, False,  ..., False, False,  True],
         [False, False, False,  ..., False, False,  True],
         ...,
         [False, False, False,  ..., False, False, False],
         [False, False, False,  ..., False, False, False],
         [False, False, False,  ..., False, False, False]],

        ...,

        [[False, False, False,  ..., False, False, False],
         [False, False, False,  ..., False, False, False],
         [False, False, False,  ..., False, False, False],
         ...,
         [False, False, False,  ..., False, False, False],
         [False, False, False,  ..., False, False, False],
         [False, False, False,  ..., False, False, False]],

        [[False, False, False,  ..., False, False, False],
         [False, False, False,  ..., False, False, False],
         [False, False, False,  ..., False, False, False],
         ...,
         [False, False, False,  ..., False, False, False],
         [False, False, False,  ..., False, False, False],
         [False, False, False,  ..., False, False, False]],

        [[False, False, False,  ..., False, False, False],
         [False, False, False,  ..., False, False, False],
         [False, False, False,  ..., False, False, False],
         ...,
         [False, False, False,  ..., False, False, False],
         [False, False, False,  ..., False, False, False],
         [False, False, False,  ..., False, False, False]]])])}
[02/28 06:22:32 mask2former.data.dataset_mappers.mask_former_semantic_dataset_mapper]: None
[02/28 06:22:32 mask2former.data.dataset_mappers.mask_former_semantic_dataset_mapper]: output dataset_dict: {'file_name': '/cpfs01/projects-HDD/pujianxiangmuzu_HDD/public/mr/./leftImg8bit_trainvaltest/leftImg8bit/train/cologne/cologne_000058_000019_leftImg8bit.png', 'width': 2048, 'height': 1024, 'image': tensor([[[ 55,  55,  55,  ...,  55,  55,  56],
         [ 55,  55,  56,  ...,  56,  55,  55],
         [ 55,  55,  55,  ...,  55,  55,  55],
         ...,
         [146, 148, 147,  ..., 157, 154, 156],
         [149, 150, 149,  ..., 157, 155, 156],
         [148, 150, 148,  ..., 156, 153, 155]],

        [[ 61,  61,  61,  ...,  62,  62,  62],
         [ 61,  61,  62,  ...,  62,  61,  61],
         [ 61,  61,  61,  ...,  62,  62,  61],
         ...,
         [152, 153, 152,  ..., 164, 161, 161],
         [155, 155, 154,  ..., 163, 160, 160],
         [155, 155, 154,  ..., 162, 159, 159]],

        [[ 55,  55,  55,  ...,  56,  56,  55],
         [ 55,  55,  55,  ...,  55,  56,  55],
         [ 55,  55,  55,  ...,  56,  56,  56],
         ...,
         [141, 141, 141,  ..., 151, 147, 147],
         [144, 144, 143,  ..., 150, 148, 146],
         [145, 144, 141,  ..., 149, 145, 145]]], dtype=torch.uint8), 'sem_seg': tensor([[8, 8, 8,  ..., 8, 8, 8],
        [8, 8, 8,  ..., 8, 8, 8],
        [8, 8, 8,  ..., 8, 8, 8],
        ...,
        [0, 0, 0,  ..., 0, 0, 0],
        [0, 0, 0,  ..., 0, 0, 0],
        [0, 0, 0,  ..., 0, 0, 0]]), 'instances': Instances(num_instances=43, image_height=768, image_width=768, fields=[gt_classes: tensor([ 0,  1,  2,  5,  6,  8,  9, 11, 13,  0,  8,  9, 11, 13,  0,  8,  9, 11,
        13,  0,  5,  8,  9, 11,  0,  5,  9, 11,  0,  8,  9,  0,  8,  9, 11,  8,
         8, 11,  8,  8,  8, 11,  8]), gt_masks: tensor([[[False, False, False,  ..., False, False, False],
         [False, False, False,  ..., False, False, False],
         [False, False, False,  ..., False, False, False],
         ...,
         [False, False, False,  ..., False, False, False],
         [False, False, False,  ..., False, False, False],
         [False, False, False,  ..., False, False, False]],

        [[False, False, False,  ..., False, False, False],
         [False, False, False,  ..., False, False, False],
         [False, False, False,  ..., False, False, False],
         ...,
         [False, False, False,  ..., False, False, False],
         [False, False, False,  ..., False, False, False],
         [False, False, False,  ..., False, False, False]],

        [[False, False, False,  ..., False, False, False],
         [False, False, False,  ..., False, False, False],
         [False, False, False,  ..., False, False, False],
         ...,
         [False, False, False,  ..., False, False, False],
         [False, False, False,  ..., False, False, False],
         [False, False, False,  ..., False, False, False]],

        ...,

        [[False, False, False,  ..., False, False, False],
         [False, False, False,  ..., False, False, False],
         [False, False, False,  ..., False, False, False],
         ...,
         [False, False, False,  ..., False, False, False],
         [False, False, False,  ..., False, False, False],
         [False, False, False,  ..., False, False, False]],

        [[False, False, False,  ..., False, False, False],
         [False, False, False,  ..., False, False, False],
         [False, False, False,  ..., False, False, False],
         ...,
         [False, False, False,  ..., False, False, False],
         [False, False, False,  ..., False, False, False],
         [False, False, False,  ..., False, False, False]],

        [[ True,  True,  True,  ..., False, False, False],
         [ True,  True,  True,  ..., False, False, False],
         [ True,  True,  True,  ..., False, False, False],
         ...,
         [False, False, False,  ..., False, False, False],
         [False, False, False,  ..., False, False, False],
         [False, False, False,  ..., False, False, False]]])])}
[02/28 06:22:32 mask2former.data.dataset_mappers.mask_former_semantic_dataset_mapper]: None
[02/28 06:22:33 mask2former.data.dataset_mappers.mask_former_semantic_dataset_mapper]: output dataset_dict: {'file_name': '/cpfs01/projects-HDD/pujianxiangmuzu_HDD/public/mr/./leftImg8bit_trainvaltest/leftImg8bit/train/strasbourg/strasbourg_000000_009619_leftImg8bit.png', 'width': 2048, 'height': 1024, 'image': tensor([[[75, 74, 72,  ..., 49, 47, 45],
         [74, 73, 70,  ..., 46, 46, 44],
         [70, 67, 65,  ..., 45, 45, 44],
         ...,
         [30, 31, 30,  ..., 21, 20, 20],
         [30, 31, 30,  ..., 22, 22, 22],
         [30, 30, 31,  ..., 24, 23, 23]],

        [[82, 81, 79,  ..., 56, 55, 54],
         [81, 80, 77,  ..., 55, 54, 53],
         [77, 75, 73,  ..., 54, 54, 54],
         ...,
         [37, 38, 38,  ..., 29, 29, 29],
         [37, 38, 38,  ..., 30, 30, 30],
         [37, 38, 38,  ..., 31, 31, 31]],

        [[60, 60, 60,  ..., 45, 45, 45],
         [59, 58, 57,  ..., 44, 45, 44],
         [57, 55, 54,  ..., 42, 44, 44],
         ...,
         [30, 29, 29,  ..., 21, 20, 20],
         [30, 29, 29,  ..., 22, 20, 20],
         [30, 29, 29,  ..., 22, 22, 22]]], dtype=torch.uint8), 'sem_seg': tensor([[2, 2, 2,  ..., 5, 5, 5],
        [2, 2, 2,  ..., 5, 5, 5],
        [2, 2, 2,  ..., 5, 5, 5],
        ...,
        [0, 0, 0,  ..., 0, 0, 0],
        [0, 0, 0,  ..., 0, 0, 0],
        [0, 0, 0,  ..., 0, 0, 0]]), 'instances': Instances(num_instances=16, image_height=768, image_width=768, fields=[gt_classes: tensor([ 0,  1,  2,  5,  7, 11,  1,  2,  1,  2,  0,  1,  0,  2,  2,  2]), gt_masks: tensor([[[False, False, False,  ..., False, False, False],
         [False, False, False,  ..., False, False, False],
         [False, False, False,  ..., False, False, False],
         ...,
         [ True,  True,  True,  ..., False, False, False],
         [ True,  True,  True,  ..., False, False, False],
         [ True,  True,  True,  ..., False, False, False]],

        [[False, False, False,  ..., False, False, False],
         [False, False, False,  ..., False, False, False],
         [False, False, False,  ..., False, False, False],
         ...,
         [False, False, False,  ..., False, False, False],
         [False, False, False,  ..., False, False, False],
         [False, False, False,  ..., False, False, False]],

        [[False, False, False,  ..., False, False, False],
         [False, False, False,  ..., False, False, False],
         [False, False, False,  ..., False, False, False],
         ...,
         [False, False, False,  ..., False, False, False],
         [False, False, False,  ..., False, False, False],
         [False, False, False,  ..., False, False, False]],

        ...,

        [[ True,  True,  True,  ..., False, False, False],
         [ True,  True,  True,  ..., False, False, False],
         [ True,  True,  True,  ..., False, False, False],
         ...,
         [False, False, False,  ..., False, False, False],
         [False, False, False,  ..., False, False, False],
         [False, False, False,  ..., False, False, False]],

        [[False, False, False,  ..., False, False, False],
         [False, False, False,  ..., False, False, False],
         [False, False, False,  ..., False, False, False],
         ...,
         [False, False, False,  ..., False, False, False],
         [False, False, False,  ..., False, False, False],
         [False, False, False,  ..., False, False, False]],

        [[False, False, False,  ..., False, False, False],
         [False, False, False,  ..., False, False, False],
         [False, False, False,  ..., False, False, False],
         ...,
         [False, False, False,  ..., False, False, False],
         [False, False, False,  ..., False, False, False],
         [False, False, False,  ..., False, False, False]]])])}
[02/28 06:22:33 mask2former.data.dataset_mappers.mask_former_semantic_dataset_mapper]: None
[02/28 06:22:33 mask2former.data.dataset_mappers.mask_former_semantic_dataset_mapper]: output dataset_dict: {'file_name': '/cpfs01/projects-HDD/pujianxiangmuzu_HDD/public/mr/./leftImg8bit_trainvaltest/leftImg8bit/train/strasbourg/strasbourg_000001_060061_leftImg8bit.png', 'width': 2048, 'height': 1024, 'image': tensor([[[132,  31,  37,  ..., 131, 131, 131],
         [129,  35,  38,  ..., 129, 127, 132],
         [126,  37,  37,  ..., 117, 117, 117],
         ...,
         [ 59,  64,  77,  ...,  81,  82,  81],
         [ 59,  64,  77,  ...,  81,  82,  81],
         [ 59,  64,  77,  ...,  81,  82,  81]],

        [[122,  59,  46,  ..., 157, 157, 157],
         [120,  61,  47,  ..., 154, 153, 154],
         [119,  63,  48,  ..., 139, 138, 139],
         ...,
         [ 61,  65,  75,  ...,  86,  87,  86],
         [ 61,  65,  75,  ...,  86,  87,  86],
         [ 61,  65,  77,  ...,  86,  87,  86]],

        [[116,  31,  23,  ..., 148, 148, 149],
         [114,  34,  25,  ..., 143, 142, 145],
         [112,  37,  25,  ..., 129, 129, 128],
         ...,
         [ 51,  55,  64,  ...,  71,  73,  71],
         [ 51,  55,  64,  ...,  72,  74,  71],
         [ 51,  55,  64,  ...,  72,  74,  71]]], dtype=torch.uint8), 'sem_seg': tensor([[255, 255, 255,  ..., 255, 255, 255],
        [255, 255, 255,  ..., 255, 255, 255],
        [255, 255, 255,  ..., 255, 255, 255],
        ...,
        [255, 255, 255,  ..., 255, 255, 255],
        [255, 255, 255,  ..., 255, 255, 255],
        [255, 255, 255,  ..., 255, 255, 255]]), 'instances': Instances(num_instances=43, image_height=716, image_width=768, fields=[gt_classes: tensor([ 0,  1,  2,  4,  5,  6,  7,  8, 10, 11, 13,  0,  1,  7, 10,  0,  7, 10,
         0,  7, 10,  0,  2,  7,  0,  2,  7,  8,  2,  8,  8,  2,  8,  8,  8,  2,
         8,  2,  8,  2,  8,  8,  8]), gt_masks: tensor([[[False, False, False,  ..., False, False, False],
         [False, False, False,  ..., False, False, False],
         [False, False, False,  ..., False, False, False],
         ...,
         [False, False, False,  ..., False, False, False],
         [False, False, False,  ..., False, False, False],
         [False, False, False,  ..., False, False, False]],

        [[False, False, False,  ..., False, False, False],
         [False, False, False,  ..., False, False, False],
         [False, False, False,  ..., False, False, False],
         ...,
         [False, False, False,  ..., False, False, False],
         [False, False, False,  ..., False, False, False],
         [False, False, False,  ..., False, False, False]],

        [[False, False, False,  ..., False, False, False],
         [False, False, False,  ..., False, False, False],
         [False, False, False,  ..., False, False, False],
         ...,
         [False, False, False,  ..., False, False, False],
         [False, False, False,  ..., False, False, False],
         [False, False, False,  ..., False, False, False]],

        ...,

        [[False, False, False,  ..., False, False, False],
         [False, False, False,  ..., False, False, False],
         [False, False, False,  ..., False, False, False],
         ...,
         [False, False, False,  ..., False, False, False],
         [False, False, False,  ..., False, False, False],
         [False, False, False,  ..., False, False, False]],

        [[False, False, False,  ..., False, False, False],
         [False, False, False,  ..., False, False, False],
         [False, False, False,  ..., False, False, False],
         ...,
         [False, False, False,  ..., False, False, False],
         [False, False, False,  ..., False, False, False],
         [False, False, False,  ..., False, False, False]],

        [[False, False, False,  ..., False, False, False],
         [False, False, False,  ..., False, False, False],
         [False, False, False,  ..., False, False, False],
         ...,
         [False, False, False,  ..., False, False, False],
         [False, False, False,  ..., False, False, False],
         [False, False, False,  ..., False, False, False]]])])}
[02/28 06:22:33 mask2former.data.dataset_mappers.mask_former_semantic_dataset_mapper]: None
[02/28 06:22:33 mask2former.data.dataset_mappers.mask_former_semantic_dataset_mapper]: output dataset_dict: {'file_name': '/cpfs01/projects-HDD/pujianxiangmuzu_HDD/public/mr/./leftImg8bit_trainvaltest/leftImg8bit/train/stuttgart/stuttgart_000074_000019_leftImg8bit.png', 'width': 2048, 'height': 1024, 'image': tensor([[[237, 237, 237,  ..., 106, 107, 107],
         [237, 237, 237,  ..., 107, 106, 105],
         [237, 237, 237,  ..., 108, 106, 104],
         ...,
         [  1,   1,   0,  ..., 114, 117, 118],
         [  1,   1,   0,  ..., 119, 122, 124],
         [  1,   1,   1,  ..., 124, 125, 125]],

        [[237, 237, 237,  ..., 140, 141, 137],
         [237, 237, 237,  ..., 141, 142, 138],
         [237, 237, 237,  ..., 141, 142, 138],
         ...,
         [ 12,  12,  12,  ..., 125, 126, 126],
         [ 12,  12,  12,  ..., 130, 131, 131],
         [ 12,  12,  13,  ..., 134, 134, 134]],

        [[237, 237, 237,  ..., 128, 133, 134],
         [237, 237, 237,  ..., 129, 132, 132],
         [237, 237, 237,  ..., 129, 132, 132],
         ...,
         [ 13,  13,  13,  ...,  97,  99, 101],
         [ 13,  13,  13,  ..., 104, 104, 105],
         [ 13,  13,  14,  ..., 108, 107, 107]]], dtype=torch.uint8), 'sem_seg': tensor([[ 2,  2,  2,  ...,  2,  2,  2],
        [ 2,  2,  2,  ...,  2,  2,  2],
        [ 2,  2,  2,  ...,  2,  2,  2],
        ...,
        [11, 11, 11,  ...,  1,  1,  1],
        [11, 11, 11,  ...,  1,  1,  1],
        [11, 11, 11,  ...,  1,  1,  1]]), 'instances': Instances(num_instances=16, image_height=768, image_width=768, fields=[gt_classes: tensor([ 2,  5,  7,  8, 11,  2,  1, 11, 11,  2,  2,  8,  8,  8,  8,  2]), gt_masks: tensor([[[False, False, False,  ..., False, False, False],
         [False, False, False,  ..., False, False, False],
         [False, False, False,  ..., False, False, False],
         ...,
         [False, False, False,  ..., False, False, False],
         [False, False, False,  ..., False, False, False],
         [False, False, False,  ..., False, False, False]],

        [[False, False, False,  ..., False, False, False],
         [False, False, False,  ..., False, False, False],
         [False, False, False,  ..., False, False, False],
         ...,
         [False, False, False,  ..., False, False, False],
         [False, False, False,  ..., False, False, False],
         [False, False, False,  ..., False, False, False]],

        [[False, False, False,  ..., False, False, False],
         [False, False, False,  ..., False, False, False],
         [False, False, False,  ..., False, False, False],
         ...,
         [False, False, False,  ..., False, False, False],
         [False, False, False,  ..., False, False, False],
         [False, False, False,  ..., False, False, False]],

        ...,

        [[False, False, False,  ..., False, False, False],
         [False, False, False,  ..., False, False, False],
         [False, False, False,  ..., False, False, False],
         ...,
         [False, False, False,  ..., False, False, False],
         [False, False, False,  ..., False, False, False],
         [False, False, False,  ..., False, False, False]],

        [[False, False, False,  ..., False, False, False],
         [False, False, False,  ..., False, False, False],
         [False, False, False,  ..., False, False, False],
         ...,
         [False, False, False,  ..., False, False, False],
         [False, False, False,  ..., False, False, False],
         [False, False, False,  ..., False, False, False]],

        [[False, False, False,  ..., False, False, False],
         [False, False, False,  ..., False, False, False],
         [False, False, False,  ..., False, False, False],
         ...,
         [False, False, False,  ..., False, False, False],
         [False, False, False,  ..., False, False, False],
         [False, False, False,  ..., False, False, False]]])])}
[02/28 06:22:33 mask2former.data.dataset_mappers.mask_former_semantic_dataset_mapper]: None
[02/28 06:22:34 mask2former.data.dataset_mappers.mask_former_semantic_dataset_mapper]: output dataset_dict: {'file_name': '/cpfs01/projects-HDD/pujianxiangmuzu_HDD/public/mr/./leftImg8bit_trainvaltest/leftImg8bit/train/ulm/ulm_000007_000019_leftImg8bit.png', 'width': 2048, 'height': 1024, 'image': tensor([[[ 59,  60,  61,  ...,  84,  89,  92],
         [ 59,  60,  60,  ...,  77,  81,  84],
         [ 58,  59,  59,  ...,  73,  76,  80],
         ...,
         [100,  99,  98,  ..., 196, 197, 196],
         [100,  99,  98,  ..., 196, 197, 196],
         [ 99,  99,  99,  ..., 195, 197, 197]],

        [[ 66,  67,  68,  ..., 100, 103, 106],
         [ 66,  67,  68,  ...,  92,  95,  98],
         [ 66,  67,  67,  ...,  87,  90,  93],
         ...,
         [107, 106, 106,  ..., 204, 204, 205],
         [107, 106, 106,  ..., 204, 204, 205],
         [106, 106, 106,  ..., 204, 205, 206]],

        [[ 60,  61,  62,  ...,  85,  89,  92],
         [ 61,  62,  62,  ...,  78,  81,  83],
         [ 60,  61,  61,  ...,  74,  76,  78],
         ...,
         [ 96,  94,  92,  ..., 195, 195, 195],
         [ 96,  93,  92,  ..., 195, 195, 196],
         [ 95,  94,  93,  ..., 194, 195, 196]]], dtype=torch.uint8), 'sem_seg': tensor([[ 2,  2,  2,  ..., 13, 13, 13],
        [ 2,  2,  2,  ..., 13, 13, 13],
        [ 2,  2,  2,  ..., 13, 13, 13],
        ...,
        [ 0,  0,  0,  ...,  0,  0,  0],
        [ 0,  0,  0,  ...,  0,  0,  0],
        [ 0,  0,  0,  ...,  0,  0,  0]]), 'instances': Instances(num_instances=19, image_height=768, image_width=768, fields=[gt_classes: tensor([ 0,  1,  2,  5, 13,  0,  2,  0,  2, 13, 13,  0, 13,  0,  2, 13,  0, 13,
         0]), gt_masks: tensor([[[False, False, False,  ..., False, False, False],
         [False, False, False,  ..., False, False, False],
         [False, False, False,  ..., False, False, False],
         ...,
         [False, False, False,  ..., False, False, False],
         [False, False, False,  ..., False, False, False],
         [False, False, False,  ..., False, False, False]],

        [[False, False, False,  ..., False, False, False],
         [False, False, False,  ..., False, False, False],
         [False, False, False,  ..., False, False, False],
         ...,
         [False, False, False,  ..., False, False, False],
         [False, False, False,  ..., False, False, False],
         [False, False, False,  ..., False, False, False]],

        [[False, False, False,  ..., False, False, False],
         [False, False, False,  ..., False, False, False],
         [False, False, False,  ..., False, False, False],
         ...,
         [False, False, False,  ..., False, False, False],
         [False, False, False,  ..., False, False, False],
         [False, False, False,  ..., False, False, False]],

        ...,

        [[False, False, False,  ..., False, False, False],
         [False, False, False,  ..., False, False, False],
         [False, False, False,  ..., False, False, False],
         ...,
         [False, False, False,  ...,  True,  True,  True],
         [False, False, False,  ...,  True,  True,  True],
         [False, False, False,  ...,  True,  True,  True]],

        [[False, False, False,  ..., False, False, False],
         [False, False, False,  ..., False, False, False],
         [False, False, False,  ..., False, False, False],
         ...,
         [False, False, False,  ..., False, False, False],
         [False, False, False,  ..., False, False, False],
         [False, False, False,  ..., False, False, False]],

        [[False, False, False,  ..., False, False, False],
         [False, False, False,  ..., False, False, False],
         [False, False, False,  ..., False, False, False],
         ...,
         [False, False, False,  ..., False, False, False],
         [False, False, False,  ..., False, False, False],
         [False, False, False,  ..., False, False, False]]])])}
[02/28 06:22:34 mask2former.data.dataset_mappers.mask_former_semantic_dataset_mapper]: None
[02/28 06:22:34 mask2former.data.dataset_mappers.mask_former_semantic_dataset_mapper]: output dataset_dict: {'file_name': '/cpfs01/projects-HDD/pujianxiangmuzu_HDD/public/mr/./leftImg8bit_trainvaltest/leftImg8bit/train/aachen/aachen_000142_000019_leftImg8bit.png', 'width': 2048, 'height': 1024, 'image': tensor([[[30, 29, 29,  ..., 54, 50, 47],
         [28, 28, 29,  ..., 55, 51, 48],
         [26, 28, 29,  ..., 55, 51, 48],
         ...,
         [51, 50, 50,  ..., 24, 23, 23],
         [51, 50, 49,  ..., 24, 24, 24],
         [51, 50, 49,  ..., 24, 24, 24]],

        [[39, 38, 38,  ..., 55, 52, 49],
         [37, 37, 38,  ..., 56, 52, 49],
         [36, 37, 38,  ..., 56, 52, 49],
         ...,
         [60, 59, 59,  ..., 30, 30, 30],
         [60, 59, 59,  ..., 31, 31, 31],
         [60, 59, 59,  ..., 32, 32, 32]],

        [[28, 26, 25,  ..., 35, 34, 33],
         [26, 26, 26,  ..., 35, 33, 32],
         [24, 26, 26,  ..., 35, 33, 32],
         ...,
         [50, 49, 48,  ..., 26, 25, 25],
         [50, 49, 49,  ..., 26, 25, 25],
         [50, 49, 49,  ..., 26, 25, 25]]], dtype=torch.uint8), 'sem_seg': tensor([[8, 8, 8,  ..., 2, 2, 2],
        [8, 8, 8,  ..., 2, 2, 2],
        [8, 8, 8,  ..., 2, 2, 2],
        ...,
        [0, 0, 0,  ..., 8, 8, 8],
        [0, 0, 0,  ..., 8, 8, 8],
        [0, 0, 0,  ..., 8, 8, 8]]), 'instances': Instances(num_instances=25, image_height=768, image_width=768, fields=[gt_classes: tensor([ 0,  1,  2,  5,  7,  8, 11, 13,  0,  8,  8,  8,  0,  8,  0,  8,  2,  2,
         8,  2,  8,  2,  2,  2,  2]), gt_masks: tensor([[[False, False, False,  ..., False, False, False],
         [False, False, False,  ..., False, False, False],
         [False, False, False,  ..., False, False, False],
         ...,
         [False, False, False,  ..., False, False, False],
         [False, False, False,  ..., False, False, False],
         [False, False, False,  ..., False, False, False]],

        [[False, False, False,  ..., False, False, False],
         [False, False, False,  ..., False, False, False],
         [False, False, False,  ..., False, False, False],
         ...,
         [False, False, False,  ..., False, False, False],
         [False, False, False,  ..., False, False, False],
         [False, False, False,  ..., False, False, False]],

        [[False, False, False,  ..., False, False, False],
         [False, False, False,  ..., False, False, False],
         [False, False, False,  ..., False, False, False],
         ...,
         [False, False, False,  ..., False, False, False],
         [False, False, False,  ..., False, False, False],
         [False, False, False,  ..., False, False, False]],

        ...,

        [[False, False, False,  ..., False, False, False],
         [False, False, False,  ..., False, False, False],
         [False, False, False,  ..., False, False, False],
         ...,
         [False, False, False,  ..., False, False, False],
         [False, False, False,  ..., False, False, False],
         [False, False, False,  ..., False, False, False]],

        [[False, False, False,  ...,  True,  True,  True],
         [False, False, False,  ...,  True,  True,  True],
         [False, False, False,  ...,  True,  True,  True],
         ...,
         [False, False, False,  ..., False, False, False],
         [False, False, False,  ..., False, False, False],
         [False, False, False,  ..., False, False, False]],

        [[False, False, False,  ..., False, False, False],
         [False, False, False,  ..., False, False, False],
         [False, False, False,  ..., False, False, False],
         ...,
         [False, False, False,  ..., False, False, False],
         [False, False, False,  ..., False, False, False],
         [False, False, False,  ..., False, False, False]]])])}
[02/28 06:22:34 mask2former.data.dataset_mappers.mask_former_semantic_dataset_mapper]: None
[02/28 06:22:34 mask2former.data.dataset_mappers.mask_former_semantic_dataset_mapper]: output dataset_dict: {'file_name': '/cpfs01/projects-HDD/pujianxiangmuzu_HDD/public/mr/./leftImg8bit_trainvaltest/leftImg8bit/train/darmstadt/darmstadt_000022_000019_leftImg8bit.png', 'width': 2048, 'height': 1024, 'image': tensor([[[ 64,  60,  53,  ...,  83,  92, 101],
         [ 84,  83,  83,  ..., 112, 117, 118],
         [ 59,  64,  71,  ..., 113, 120, 122],
         ...,
         [ 31,  31,  31,  ...,  54,  54,  53],
         [ 31,  31,  31,  ...,  55,  53,  53],
         [ 31,  31,  31,  ...,  54,  53,  53]],

        [[ 87,  85,  79,  ..., 102, 117, 121],
         [104, 103, 103,  ..., 136, 138, 137],
         [ 88,  92,  93,  ..., 132, 134, 135],
         ...,
         [ 38,  38,  38,  ...,  67,  67,  67],
         [ 38,  37,  37,  ...,  67,  66,  64],
         [ 37,  37,  37,  ...,  66,  64,  64]],

        [[ 81,  79,  71,  ...,  89, 108, 111],
         [101,  99,  97,  ..., 126, 129, 127],
         [ 85,  88,  86,  ..., 120, 124, 124],
         ...,
         [ 40,  40,  40,  ...,  66,  66,  66],
         [ 40,  39,  40,  ...,  66,  63,  63],
         [ 39,  39,  39,  ...,  64,  62,  62]]], dtype=torch.uint8), 'sem_seg': tensor([[  2,   2,   2,  ...,   8,   8,   8],
        [  2,   2,   2,  ...,   8,   8,   8],
        [  2,   2,   2,  ...,   8,   8,   8],
        ...,
        [ 13,  13,  13,  ..., 255, 255, 255],
        [ 13,  13,  13,  ..., 255, 255, 255],
        [ 13,  13,  13,  ..., 255, 255, 255]]), 'instances': Instances(num_instances=39, image_height=768, image_width=768, fields=[gt_classes: tensor([ 0,  1,  2,  5,  6,  7,  8, 10, 11, 13, 14,  0,  2, 10, 13, 14,  0,  8,
        10, 11,  0,  2,  8, 13,  0,  8, 11, 13,  0,  8, 11,  0,  2,  8, 13, 13,
        13,  2,  2]), gt_masks: tensor([[[False, False, False,  ..., False, False, False],
         [False, False, False,  ..., False, False, False],
         [False, False, False,  ..., False, False, False],
         ...,
         [False, False, False,  ..., False, False, False],
         [False, False, False,  ..., False, False, False],
         [False, False, False,  ..., False, False, False]],

        [[False, False, False,  ..., False, False, False],
         [False, False, False,  ..., False, False, False],
         [False, False, False,  ..., False, False, False],
         ...,
         [False, False, False,  ..., False, False, False],
         [False, False, False,  ..., False, False, False],
         [False, False, False,  ..., False, False, False]],

        [[False, False, False,  ..., False, False, False],
         [False, False, False,  ..., False, False, False],
         [False, False, False,  ..., False, False, False],
         ...,
         [False, False, False,  ..., False, False, False],
         [False, False, False,  ..., False, False, False],
         [False, False, False,  ..., False, False, False]],

        ...,

        [[False, False, False,  ..., False, False, False],
         [False, False, False,  ..., False, False, False],
         [False, False, False,  ..., False, False, False],
         ...,
         [False, False, False,  ..., False, False, False],
         [False, False, False,  ..., False, False, False],
         [False, False, False,  ..., False, False, False]],

        [[ True,  True,  True,  ..., False, False, False],
         [ True,  True,  True,  ..., False, False, False],
         [ True,  True,  True,  ..., False, False, False],
         ...,
         [False, False, False,  ..., False, False, False],
         [False, False, False,  ..., False, False, False],
         [False, False, False,  ..., False, False, False]],

        [[False, False, False,  ..., False, False, False],
         [False, False, False,  ..., False, False, False],
         [False, False, False,  ..., False, False, False],
         ...,
         [False, False, False,  ..., False, False, False],
         [False, False, False,  ..., False, False, False],
         [False, False, False,  ..., False, False, False]]])])}
[02/28 06:22:34 mask2former.data.dataset_mappers.mask_former_semantic_dataset_mapper]: None
[02/28 06:22:34 mask2former.data.dataset_mappers.mask_former_semantic_dataset_mapper]: output dataset_dict: {'file_name': '/cpfs01/projects-HDD/pujianxiangmuzu_HDD/public/mr/./leftImg8bit_trainvaltest/leftImg8bit/train/bremen/bremen_000178_000019_leftImg8bit.png', 'width': 2048, 'height': 1024, 'image': tensor([[[137, 137, 137,  ..., 113, 113, 113],
         [139, 139, 137,  ..., 110, 109, 106],
         [137, 139, 139,  ..., 109, 112, 116],
         ...,
         [ 97,  97,  98,  ..., 109, 109, 109],
         [ 97,  97,  98,  ..., 109, 109, 109],
         [ 97,  97,  97,  ..., 107, 107, 107]],

        [[149, 149, 148,  ..., 128, 128, 127],
         [148, 149, 148,  ..., 127, 125, 122],
         [148, 148, 148,  ..., 127, 130, 133],
         ...,
         [121, 118, 116,  ..., 121, 122, 122],
         [116, 116, 116,  ..., 121, 122, 122],
         [115, 113, 113,  ..., 121, 121, 121]],

        [[130, 130, 128,  ..., 110, 109, 107],
         [130, 130, 128,  ..., 109, 103, 100],
         [128, 128, 128,  ..., 109, 107, 109],
         ...,
         [100,  98,  98,  ..., 110, 110, 109],
         [100,  98,  98,  ..., 110, 110, 109],
         [100, 100, 100,  ..., 109, 109, 107]]], dtype=torch.uint8), 'sem_seg': tensor([[  1,   1,   1,  ...,   0,   0,   0],
        [  1,   1,   1,  ...,   0,   0,   0],
        [  1,   1,   1,  ...,   0,   0,   0],
        ...,
        [  0,   0,   0,  ..., 255, 255, 255],
        [  0,   0,   0,  ..., 255, 255, 255],
        [  0,   0,   0,  ..., 255, 255, 255]]), 'instances': Instances(num_instances=7, image_height=768, image_width=768, fields=[gt_classes: tensor([ 0,  1, 17,  0,  0,  1,  0]), gt_masks: tensor([[[False, False, False,  ..., False, False, False],
         [False, False, False,  ..., False, False, False],
         [False, False, False,  ..., False, False, False],
         ...,
         [False, False, False,  ..., False, False, False],
         [False, False, False,  ..., False, False, False],
         [False, False, False,  ..., False, False, False]],

        [[False, False, False,  ..., False, False, False],
         [False, False, False,  ..., False, False, False],
         [False, False, False,  ..., False, False, False],
         ...,
         [False, False, False,  ..., False, False, False],
         [False, False, False,  ..., False, False, False],
         [False, False, False,  ..., False, False, False]],

        [[False, False, False,  ..., False, False, False],
         [False, False, False,  ..., False, False, False],
         [False, False, False,  ..., False, False, False],
         ...,
         [False, False, False,  ..., False, False, False],
         [False, False, False,  ..., False, False, False],
         [False, False, False,  ..., False, False, False]],

        ...,

        [[False, False, False,  ...,  True,  True,  True],
         [False, False, False,  ...,  True,  True,  True],
         [False, False, False,  ...,  True,  True,  True],
         ...,
         [False, False, False,  ..., False, False, False],
         [False, False, False,  ..., False, False, False],
         [False, False, False,  ..., False, False, False]],

        [[ True,  True,  True,  ..., False, False, False],
         [ True,  True,  True,  ..., False, False, False],
         [ True,  True,  True,  ..., False, False, False],
         ...,
         [False, False, False,  ..., False, False, False],
         [False, False, False,  ..., False, False, False],
         [False, False, False,  ..., False, False, False]],

        [[False, False, False,  ..., False, False, False],
         [False, False, False,  ..., False, False, False],
         [False, False, False,  ..., False, False, False],
         ...,
         [ True, False, False,  ..., False, False, False],
         [False, False, False,  ..., False, False, False],
         [False, False, False,  ..., False, False, False]]])])}
[02/28 06:22:34 mask2former.data.dataset_mappers.mask_former_semantic_dataset_mapper]: None
[02/28 06:22:34 mask2former.data.dataset_mappers.mask_former_semantic_dataset_mapper]: output dataset_dict: {'file_name': '/cpfs01/projects-HDD/pujianxiangmuzu_HDD/public/mr/./leftImg8bit_trainvaltest/leftImg8bit/train/dusseldorf/dusseldorf_000038_000019_leftImg8bit.png', 'width': 2048, 'height': 1024, 'image': tensor([[[167, 162, 158,  ...,  24,  29,  30],
         [171, 170, 166,  ...,  25,  28,  26],
         [171, 169, 166,  ...,  28,  27,  23],
         ...,
         [ 36,  36,  36,  ...,  40,  39,  39],
         [ 37,  37,  38,  ...,  41,  40,  40],
         [ 37,  37,  38,  ...,  40,  39,  39]],

        [[192, 187, 181,  ...,  35,  38,  37],
         [194, 192, 189,  ...,  38,  38,  34],
         [193, 191, 190,  ...,  41,  36,  31],
         ...,
         [ 46,  46,  46,  ...,  50,  50,  50],
         [ 47,  47,  48,  ...,  50,  50,  50],
         [ 47,  47,  48,  ...,  49,  49,  49]],

        [[182, 177, 165,  ...,  25,  32,  32],
         [184, 184, 179,  ...,  27,  30,  29],
         [182, 184, 184,  ...,  30,  30,  27],
         ...,
         [ 39,  40,  40,  ...,  44,  45,  45],
         [ 40,  41,  42,  ...,  44,  45,  44],
         [ 40,  40,  42,  ...,  43,  43,  43]]], dtype=torch.uint8), 'sem_seg': tensor([[255, 255, 255,  ..., 255, 255, 255],
        [255, 255, 255,  ..., 255, 255, 255],
        [255, 255, 255,  ..., 255, 255, 255],
        ...,
        [255, 255, 255,  ..., 255, 255, 255],
        [255, 255, 255,  ..., 255, 255, 255],
        [255, 255, 255,  ..., 255, 255, 255]]), 'instances': Instances(num_instances=49, image_height=512, image_width=768, fields=[gt_classes: tensor([ 0,  1,  2,  4,  5,  6,  7,  8,  9, 10, 11, 12, 13, 15, 18,  0,  5,  7,
         8,  9, 10, 13,  0,  2,  7,  8,  9, 10,  7,  9,  7,  9,  7,  8,  7,  8,
         9,  7,  8,  8,  8,  8,  8,  8,  8,  8,  8,  8,  8]), gt_masks: tensor([[[False, False, False,  ..., False, False, False],
         [False, False, False,  ..., False, False, False],
         [False, False, False,  ..., False, False, False],
         ...,
         [False, False, False,  ..., False, False, False],
         [False, False, False,  ..., False, False, False],
         [False, False, False,  ..., False, False, False]],

        [[False, False, False,  ..., False, False, False],
         [False, False, False,  ..., False, False, False],
         [False, False, False,  ..., False, False, False],
         ...,
         [False, False, False,  ..., False, False, False],
         [False, False, False,  ..., False, False, False],
         [False, False, False,  ..., False, False, False]],

        [[False, False, False,  ..., False, False, False],
         [False, False, False,  ..., False, False, False],
         [False, False, False,  ..., False, False, False],
         ...,
         [False, False, False,  ..., False, False, False],
         [False, False, False,  ..., False, False, False],
         [False, False, False,  ..., False, False, False]],

        ...,

        [[False, False, False,  ..., False, False, False],
         [False, False, False,  ..., False, False, False],
         [False, False, False,  ..., False, False, False],
         ...,
         [False, False, False,  ..., False, False, False],
         [False, False, False,  ..., False, False, False],
         [False, False, False,  ..., False, False, False]],

        [[False, False, False,  ..., False, False, False],
         [False, False, False,  ..., False, False, False],
         [False, False, False,  ..., False, False, False],
         ...,
         [False, False, False,  ..., False, False, False],
         [False, False, False,  ..., False, False, False],
         [False, False, False,  ..., False, False, False]],

        [[False, False, False,  ..., False, False, False],
         [False, False, False,  ..., False, False, False],
         [False, False, False,  ..., False, False, False],
         ...,
         [False, False, False,  ..., False, False, False],
         [False, False, False,  ..., False, False, False],
         [False, False, False,  ..., False, False, False]]])])}
[02/28 06:22:34 mask2former.data.dataset_mappers.mask_former_semantic_dataset_mapper]: None
[02/28 06:22:34 mask2former.data.dataset_mappers.mask_former_semantic_dataset_mapper]: output dataset_dict: {'file_name': '/cpfs01/projects-HDD/pujianxiangmuzu_HDD/public/mr/./leftImg8bit_trainvaltest/leftImg8bit/train/hamburg/hamburg_000000_040021_leftImg8bit.png', 'width': 2048, 'height': 1024, 'image': tensor([[[112, 112, 112,  ..., 126, 126, 125],
         [111, 111, 113,  ..., 125, 125, 123],
         [111, 111, 113,  ..., 122, 122, 120],
         ...,
         [129, 130, 129,  ...,  69,  69,  69],
         [130, 130, 132,  ...,  72,  72,  72],
         [129, 129, 132,  ...,  72,  72,  71]],

        [[130, 130, 130,  ..., 141, 141, 141],
         [130, 130, 131,  ..., 135, 135, 136],
         [130, 130, 131,  ..., 133, 133, 134],
         ...,
         [147, 148, 149,  ...,  90,  90,  90],
         [151, 151, 151,  ...,  91,  91,  91],
         [151, 151, 151,  ...,  92,  92,  93]],

        [[111, 111, 111,  ..., 123, 123, 123],
         [113, 113, 115,  ..., 120, 120, 121],
         [113, 113, 115,  ..., 117, 117, 118],
         ...,
         [137, 138, 141,  ...,  73,  73,  71],
         [139, 139, 144,  ...,  75,  75,  73],
         [137, 137, 137,  ...,  75,  75,  73]]], dtype=torch.uint8), 'sem_seg': tensor([[  0,   0,   0,  ...,   0,   0,   0],
        [  0,   0,   0,  ...,   0,   0,   0],
        [  0,   0,   0,  ...,   0,   0,   0],
        ...,
        [  0,   0,   0,  ..., 255, 255, 255],
        [  0,   0,   0,  ..., 255, 255, 255],
        [  0,   0,   0,  ..., 255, 255, 255]]), 'instances': Instances(num_instances=5, image_height=768, image_width=768, fields=[gt_classes: tensor([0, 0, 0, 0, 0]), gt_masks: tensor([[[False, False, False,  ...,  True,  True,  True],
         [False, False, False,  ...,  True,  True,  True],
         [False, False, False,  ..., False, False, False],
         ...,
         [False, False, False,  ..., False, False, False],
         [False, False, False,  ..., False, False, False],
         [False, False, False,  ..., False, False, False]],

        [[False, False, False,  ..., False, False, False],
         [False, False, False,  ..., False, False, False],
         [False, False, False,  ..., False, False, False],
         ...,
         [False, False, False,  ..., False, False, False],
         [False, False, False,  ..., False, False, False],
         [False, False, False,  ..., False, False, False]],

        [[ True,  True,  True,  ..., False, False, False],
         [ True,  True,  True,  ..., False, False, False],
         [ True,  True,  True,  ...,  True,  True,  True],
         ...,
         [False, False, False,  ..., False, False, False],
         [False, False, False,  ..., False, False, False],
         [False, False, False,  ..., False, False, False]],

        [[False, False, False,  ..., False, False, False],
         [False, False, False,  ..., False, False, False],
         [False, False, False,  ..., False, False, False],
         ...,
         [False, False, False,  ..., False, False, False],
         [False, False, False,  ..., False, False, False],
         [False, False, False,  ..., False, False, False]],

        [[False, False, False,  ..., False, False, False],
         [False, False, False,  ..., False, False, False],
         [False, False, False,  ..., False, False, False],
         ...,
         [ True,  True,  True,  ..., False, False, False],
         [ True,  True,  True,  ..., False, False, False],
         [ True,  True,  True,  ..., False, False, False]]])])}
[02/28 06:22:34 mask2former.data.dataset_mappers.mask_former_semantic_dataset_mapper]: None
[02/28 06:22:35 mask2former.data.dataset_mappers.mask_former_semantic_dataset_mapper]: output dataset_dict: {'file_name': '/cpfs01/projects-HDD/pujianxiangmuzu_HDD/public/mr/./leftImg8bit_trainvaltest/leftImg8bit/train/hamburg/hamburg_000000_027304_leftImg8bit.png', 'width': 2048, 'height': 1024, 'image': tensor([[[ 40,  37,  41,  ...,  10,   0,  27],
         [ 39,  40,  45,  ...,  10,   0,  27],
         [ 57,  55,  53,  ...,   9,   0,  19],
         ...,
         [109, 110, 110,  ...,  68,  64,  62],
         [109, 110, 110,  ...,  69,  68,  67],
         [109, 110, 110,  ...,  69,  70,  69]],

        [[ 47,  42,  45,  ...,   6,   0,   0],
         [ 44,  44,  48,  ...,   5,   0,   4],
         [ 57,  62,  60,  ...,   5,   0,   4],
         ...,
         [113, 114, 115,  ...,  72,  70,  68],
         [113, 114, 115,  ...,  73,  73,  72],
         [113, 114, 115,  ...,  72,  73,  73]],

        [[ 35,  29,  33,  ...,   5,   0,   7],
         [ 30,  28,  32,  ...,   4,   0,   9],
         [ 40,  44,  40,  ...,   5,   0,   7],
         ...,
         [ 97,  97,  99,  ...,  59,  57,  57],
         [ 97,  97,  99,  ...,  60,  60,  59],
         [ 97,  97,  99,  ...,  59,  60,  62]]], dtype=torch.uint8), 'sem_seg': tensor([[255, 255, 255,  ..., 255, 255, 255],
        [255, 255, 255,  ..., 255, 255, 255],
        [255, 255, 255,  ..., 255, 255, 255],
        ...,
        [255, 255, 255,  ..., 255, 255, 255],
        [255, 255, 255,  ..., 255, 255, 255],
        [255, 255, 255,  ..., 255, 255, 255]]), 'instances': Instances(num_instances=48, image_height=512, image_width=768, fields=[gt_classes: tensor([ 0,  1,  2,  5,  7,  8, 10, 11, 12, 13, 14, 17, 18,  0,  1,  2,  8, 13,
        14, 17, 18,  2,  8, 13, 14, 17,  2,  8, 13,  2,  8, 13,  8,  8, 13,  2,
         8, 13,  2,  8, 13,  2,  8,  2,  2,  2, 13,  2]), gt_masks: tensor([[[False, False, False,  ..., False, False, False],
         [False, False, False,  ..., False, False, False],
         [False, False, False,  ..., False, False, False],
         ...,
         [False, False, False,  ..., False, False, False],
         [False, False, False,  ..., False, False, False],
         [False, False, False,  ..., False, False, False]],

        [[False, False, False,  ..., False, False, False],
         [False, False, False,  ..., False, False, False],
         [False, False, False,  ..., False, False, False],
         ...,
         [False, False, False,  ..., False, False, False],
         [False, False, False,  ..., False, False, False],
         [False, False, False,  ..., False, False, False]],

        [[False, False, False,  ..., False, False, False],
         [False, False, False,  ..., False, False, False],
         [False, False, False,  ..., False, False, False],
         ...,
         [False, False, False,  ..., False, False, False],
         [False, False, False,  ..., False, False, False],
         [False, False, False,  ..., False, False, False]],

        ...,

        [[False, False, False,  ..., False, False, False],
         [False, False, False,  ..., False, False, False],
         [False, False, False,  ..., False, False, False],
         ...,
         [False, False, False,  ..., False, False, False],
         [False, False, False,  ..., False, False, False],
         [False, False, False,  ..., False, False, False]],

        [[False, False, False,  ..., False, False, False],
         [False, False, False,  ..., False, False, False],
         [False, False, False,  ..., False, False, False],
         ...,
         [False, False, False,  ..., False, False, False],
         [False, False, False,  ..., False, False, False],
         [False, False, False,  ..., False, False, False]],

        [[False, False, False,  ..., False, False, False],
         [False, False, False,  ..., False, False, False],
         [False, False, False,  ..., False, False, False],
         ...,
         [False, False, False,  ..., False, False, False],
         [False, False, False,  ..., False, False, False],
         [False, False, False,  ..., False, False, False]]])])}
[02/28 06:22:35 mask2former.data.dataset_mappers.mask_former_semantic_dataset_mapper]: None
[02/28 06:22:35 mask2former.data.dataset_mappers.mask_former_semantic_dataset_mapper]: output dataset_dict: {'file_name': '/cpfs01/projects-HDD/pujianxiangmuzu_HDD/public/mr/./leftImg8bit_trainvaltest/leftImg8bit/train/strasbourg/strasbourg_000000_006106_leftImg8bit.png', 'width': 2048, 'height': 1024, 'image': tensor([[[ 75,  75,  75,  ..., 197, 199, 199],
         [ 75,  75,  75,  ..., 195, 196, 197],
         [ 75,  75,  75,  ..., 193, 195, 196],
         ...,
         [ 52,  52,  51,  ...,  58,  56,  55],
         [ 52,  52,  51,  ...,  59,  57,  56],
         [ 52,  52,  51,  ...,  59,  58,  57]],

        [[ 80,  80,  80,  ..., 228, 230, 228],
         [ 80,  80,  80,  ..., 226, 227, 227],
         [ 80,  80,  80,  ..., 225, 225, 226],
         ...,
         [ 60,  60,  60,  ...,  64,  63,  62],
         [ 60,  60,  60,  ...,  65,  64,  64],
         [ 60,  60,  60,  ...,  65,  65,  65]],

        [[ 58,  58,  60,  ..., 248, 249, 249],
         [ 58,  58,  60,  ..., 248, 249, 248],
         [ 58,  58,  62,  ..., 248, 248, 247],
         ...,
         [ 51,  51,  51,  ...,  51,  51,  53],
         [ 49,  49,  51,  ...,  52,  52,  54],
         [ 49,  49,  51,  ...,  52,  53,  55]]], dtype=torch.uint8), 'sem_seg': tensor([[255, 255, 255,  ...,  10,  10,  10],
        [255, 255, 255,  ...,  10,  10,  10],
        [255, 255, 255,  ...,  10,  10,  10],
        ...,
        [  1,   1,   1,  ...,   0,   0,   0],
        [  1,   1,   1,  ...,   0,   0,   0],
        [  1,   1,   1,  ...,   0,   0,   0]]), 'instances': Instances(num_instances=20, image_height=768, image_width=768, fields=[gt_classes: tensor([ 0,  1,  2,  4,  5,  7,  8, 10, 11,  1,  2,  1,  2,  2,  8,  2,  2,  2,
         2,  2]), gt_masks: tensor([[[False, False, False,  ..., False, False, False],
         [False, False, False,  ..., False, False, False],
         [False, False, False,  ..., False, False, False],
         ...,
         [False, False, False,  ...,  True,  True,  True],
         [False, False, False,  ...,  True,  True,  True],
         [False, False, False,  ...,  True,  True,  True]],

        [[False, False, False,  ..., False, False, False],
         [False, False, False,  ..., False, False, False],
         [False, False, False,  ..., False, False, False],
         ...,
         [False, False, False,  ..., False, False, False],
         [False, False, False,  ..., False, False, False],
         [False, False, False,  ..., False, False, False]],

        [[False, False, False,  ..., False, False, False],
         [False, False, False,  ..., False, False, False],
         [False, False, False,  ..., False, False, False],
         ...,
         [False, False, False,  ..., False, False, False],
         [False, False, False,  ..., False, False, False],
         [False, False, False,  ..., False, False, False]],

        ...,

        [[False, False, False,  ..., False, False, False],
         [False, False, False,  ..., False, False, False],
         [False, False, False,  ..., False, False, False],
         ...,
         [False, False, False,  ..., False, False, False],
         [False, False, False,  ..., False, False, False],
         [False, False, False,  ..., False, False, False]],

        [[False, False, False,  ..., False, False, False],
         [False, False, False,  ..., False, False, False],
         [False, False, False,  ..., False, False, False],
         ...,
         [False, False, False,  ..., False, False, False],
         [False, False, False,  ..., False, False, False],
         [False, False, False,  ..., False, False, False]],

        [[False, False, False,  ..., False, False, False],
         [False, False, False,  ..., False, False, False],
         [False, False, False,  ..., False, False, False],
         ...,
         [False, False, False,  ..., False, False, False],
         [False, False, False,  ..., False, False, False],
         [False, False, False,  ..., False, False, False]]])])}
[02/28 06:22:35 mask2former.data.dataset_mappers.mask_former_semantic_dataset_mapper]: None
[02/28 06:22:35 mask2former.data.dataset_mappers.mask_former_semantic_dataset_mapper]: output dataset_dict: {'file_name': '/cpfs01/projects-HDD/pujianxiangmuzu_HDD/public/mr/./leftImg8bit_trainvaltest/leftImg8bit/train/stuttgart/stuttgart_000000_000019_leftImg8bit.png', 'width': 2048, 'height': 1024, 'image': tensor([[[240, 234, 234,  ...,  22,  26,  25],
         [244, 237, 233,  ...,  21,  28,  27],
         [241, 234, 230,  ...,  29,  33,  27],
         ...,
         [ 90,  90,  90,  ...,  64,  65,  67],
         [ 91,  91,  91,  ...,  64,  65,  68],
         [ 92,  92,  92,  ...,  64,  65,  68]],

        [[255, 255, 253,  ...,  33,  35,  31],
         [255, 255, 252,  ...,  35,  37,  33],
         [255, 254, 250,  ...,  44,  45,  36],
         ...,
         [102, 103, 103,  ...,  77,  78,  80],
         [103, 103, 104,  ...,  77,  79,  80],
         [103, 103, 104,  ...,  77,  79,  80]],

        [[255, 255, 255,  ...,  26,  27,  26],
         [255, 255, 255,  ...,  28,  31,  28],
         [255, 255, 255,  ...,  34,  35,  29],
         ...,
         [ 89,  90,  89,  ...,  67,  67,  69],
         [ 90,  90,  90,  ...,  67,  68,  69],
         [ 91,  90,  90,  ...,  67,  68,  69]]], dtype=torch.uint8), 'sem_seg': tensor([[255, 255, 255,  ..., 255, 255, 255],
        [255, 255, 255,  ..., 255, 255, 255],
        [255, 255, 255,  ..., 255, 255, 255],
        ...,
        [255, 255, 255,  ..., 255, 255, 255],
        [255, 255, 255,  ..., 255, 255, 255],
        [255, 255, 255,  ..., 255, 255, 255]]), 'instances': Instances(num_instances=56, image_height=512, image_width=768, fields=[gt_classes: tensor([ 0,  1,  3,  4,  5,  6,  8,  9, 10, 13,  0,  3,  4,  8, 10, 13,  0,  3,
         8, 10, 13,  0,  3,  8,  3,  8, 13,  0,  3,  8,  0,  8, 13,  0, 13,  8,
         8,  8,  8, 13,  8, 13,  8,  8, 13,  8,  8, 13,  8,  8,  8,  8,  8,  8,
         8,  8]), gt_masks: tensor([[[False, False, False,  ..., False, False, False],
         [False, False, False,  ..., False, False, False],
         [False, False, False,  ..., False, False, False],
         ...,
         [False, False, False,  ..., False, False, False],
         [False, False, False,  ..., False, False, False],
         [False, False, False,  ..., False, False, False]],

        [[False, False, False,  ..., False, False, False],
         [False, False, False,  ..., False, False, False],
         [False, False, False,  ..., False, False, False],
         ...,
         [False, False, False,  ..., False, False, False],
         [False, False, False,  ..., False, False, False],
         [False, False, False,  ..., False, False, False]],

        [[False, False, False,  ..., False, False, False],
         [False, False, False,  ..., False, False, False],
         [False, False, False,  ..., False, False, False],
         ...,
         [False, False, False,  ..., False, False, False],
         [False, False, False,  ..., False, False, False],
         [False, False, False,  ..., False, False, False]],

        ...,

        [[False, False, False,  ..., False, False, False],
         [False, False, False,  ..., False, False, False],
         [False, False, False,  ..., False, False, False],
         ...,
         [False, False, False,  ..., False, False, False],
         [False, False, False,  ..., False, False, False],
         [False, False, False,  ..., False, False, False]],

        [[False, False, False,  ..., False, False, False],
         [False, False, False,  ..., False, False, False],
         [False, False, False,  ..., False, False, False],
         ...,
         [False, False, False,  ..., False, False, False],
         [False, False, False,  ..., False, False, False],
         [False, False, False,  ..., False, False, False]],

        [[False, False, False,  ..., False, False, False],
         [False, False, False,  ..., False, False, False],
         [False, False, False,  ..., False, False, False],
         ...,
         [False, False, False,  ..., False, False, False],
         [False, False, False,  ..., False, False, False],
         [False, False, False,  ..., False, False, False]]])])}
[02/28 06:22:35 mask2former.data.dataset_mappers.mask_former_semantic_dataset_mapper]: None
[02/28 06:22:36 mask2former.data.dataset_mappers.mask_former_semantic_dataset_mapper]: output dataset_dict: {'file_name': '/cpfs01/projects-HDD/pujianxiangmuzu_HDD/public/mr/./leftImg8bit_trainvaltest/leftImg8bit/train/tubingen/tubingen_000042_000019_leftImg8bit.png', 'width': 2048, 'height': 1024, 'image': tensor([[[ 49,  50,  53,  ..., 255, 255, 255],
         [ 48,  49,  52,  ..., 255, 255, 255],
         [ 49,  51,  54,  ..., 254, 254, 253],
         ...,
         [ 48,  48,  48,  ...,  89,  90,  97],
         [ 46,  46,  46,  ...,  90,  92,  98],
         [ 46,  46,  46,  ...,  91,  93,  99]],

        [[ 59,  61,  64,  ..., 255, 255, 255],
         [ 60,  62,  64,  ..., 255, 255, 255],
         [ 62,  64,  66,  ..., 255, 255, 255],
         ...,
         [ 51,  51,  52,  ..., 101, 103, 109],
         [ 50,  50,  50,  ..., 100, 102, 109],
         [ 49,  49,  49,  ..., 102, 104, 111]],

        [[ 50,  50,  53,  ..., 255, 255, 255],
         [ 51,  51,  53,  ..., 255, 255, 255],
         [ 53,  53,  55,  ..., 255, 255, 255],
         ...,
         [ 49,  49,  49,  ...,  92,  94, 101],
         [ 48,  48,  48,  ...,  91,  94, 102],
         [ 47,  47,  47,  ...,  93,  97, 104]]], dtype=torch.uint8), 'sem_seg': tensor([[ 8,  8,  8,  ..., 10, 10, 10],
        [ 8,  8,  8,  ..., 10, 10, 10],
        [ 8,  8,  8,  ..., 10, 10, 10],
        ...,
        [13, 13, 13,  ..., 13, 13, 13],
        [13, 13, 13,  ..., 13, 13, 13],
        [13, 13, 13,  ..., 13, 13, 13]]), 'instances': Instances(num_instances=37, image_height=768, image_width=768, fields=[gt_classes: tensor([ 0,  1,  2,  3,  5,  8, 10, 11, 13, 18,  0,  2,  3, 10, 13,  8, 10, 13,
         8, 10, 13, 10, 13,  2, 13,  2, 13, 13,  2,  2,  2,  8,  8,  8,  8,  8,
         8]), gt_masks: tensor([[[False, False, False,  ..., False, False, False],
         [False, False, False,  ..., False, False, False],
         [False, False, False,  ..., False, False, False],
         ...,
         [False, False, False,  ..., False, False, False],
         [False, False, False,  ..., False, False, False],
         [False, False, False,  ..., False, False, False]],

        [[False, False, False,  ..., False, False, False],
         [False, False, False,  ..., False, False, False],
         [False, False, False,  ..., False, False, False],
         ...,
         [False, False, False,  ..., False, False, False],
         [False, False, False,  ..., False, False, False],
         [False, False, False,  ..., False, False, False]],

        [[False, False, False,  ..., False, False, False],
         [False, False, False,  ..., False, False, False],
         [False, False, False,  ..., False, False, False],
         ...,
         [False, False, False,  ..., False, False, False],
         [False, False, False,  ..., False, False, False],
         [False, False, False,  ..., False, False, False]],

        ...,

        [[False, False, False,  ..., False, False, False],
         [False, False, False,  ..., False, False, False],
         [False, False, False,  ..., False, False, False],
         ...,
         [False, False, False,  ..., False, False, False],
         [False, False, False,  ..., False, False, False],
         [False, False, False,  ..., False, False, False]],

        [[False, False, False,  ..., False, False, False],
         [False, False, False,  ..., False, False, False],
         [False, False, False,  ..., False, False, False],
         ...,
         [False, False, False,  ..., False, False, False],
         [False, False, False,  ..., False, False, False],
         [False, False, False,  ..., False, False, False]],

        [[False, False, False,  ..., False, False, False],
         [False, False, False,  ..., False, False, False],
         [False, False, False,  ..., False, False, False],
         ...,
         [False, False, False,  ..., False, False, False],
         [False, False, False,  ..., False, False, False],
         [False, False, False,  ..., False, False, False]]])])}
[02/28 06:22:36 mask2former.data.dataset_mappers.mask_former_semantic_dataset_mapper]: None
[02/28 06:22:36 mask2former.data.dataset_mappers.mask_former_semantic_dataset_mapper]: output dataset_dict: {'file_name': '/cpfs01/projects-HDD/pujianxiangmuzu_HDD/public/mr/./leftImg8bit_trainvaltest/leftImg8bit/train/bochum/bochum_000000_029721_leftImg8bit.png', 'width': 2048, 'height': 1024, 'image': tensor([[[ 95,  99, 109,  ...,  41,  39,  38],
         [ 98,  96, 115,  ...,  43,  42,  39],
         [105, 101, 127,  ...,  45,  43,  39],
         ...,
         [108, 111, 112,  ...,  82,  82,  80],
         [109, 112, 114,  ...,  82,  80,  82],
         [111, 114, 115,  ...,  83,  82,  83]],

        [[121, 124, 134,  ...,  52,  51,  49],
         [123, 127, 145,  ...,  54,  52,  51],
         [129, 137, 162,  ...,  54,  54,  51],
         ...,
         [123, 127, 129,  ...,  95,  92,  92],
         [124, 127, 129,  ...,  93,  90,  90],
         [124, 129, 129,  ...,  92,  90,  92]],

        [[ 98,  96, 108,  ...,  36,  35,  32],
         [102, 107, 127,  ...,  36,  35,  32],
         [105, 118, 148,  ...,  35,  35,  32],
         ...,
         [104, 108, 109,  ...,  83,  82,  80],
         [104, 108, 109,  ...,  82,  82,  80],
         [104, 108, 111,  ...,  83,  83,  82]]], dtype=torch.uint8), 'sem_seg': tensor([[8, 8, 8,  ..., 8, 8, 8],
        [8, 8, 8,  ..., 8, 8, 8],
        [8, 8, 8,  ..., 8, 8, 8],
        ...,
        [0, 0, 0,  ..., 0, 0, 0],
        [0, 0, 0,  ..., 0, 0, 0],
        [0, 0, 0,  ..., 0, 0, 0]]), 'instances': Instances(num_instances=35, image_height=768, image_width=768, fields=[gt_classes: tensor([ 0,  1,  3,  5,  8,  9, 13,  0,  1,  3,  8,  1,  3,  8,  1,  8, 13,  1,
         3, 13,  1,  1, 13,  1, 13, 13,  8,  8,  8,  8,  8,  8,  8,  8,  8]), gt_masks: tensor([[[False, False, False,  ..., False, False, False],
         [False, False, False,  ..., False, False, False],
         [False, False, False,  ..., False, False, False],
         ...,
         [False, False, False,  ..., False, False, False],
         [False, False, False,  ..., False, False, False],
         [False, False, False,  ..., False, False, False]],

        [[False, False, False,  ..., False, False, False],
         [False, False, False,  ..., False, False, False],
         [False, False, False,  ..., False, False, False],
         ...,
         [False, False, False,  ..., False, False, False],
         [False, False, False,  ..., False, False, False],
         [False, False, False,  ..., False, False, False]],

        [[False, False, False,  ..., False, False, False],
         [False, False, False,  ..., False, False, False],
         [False, False, False,  ..., False, False, False],
         ...,
         [False, False, False,  ..., False, False, False],
         [False, False, False,  ..., False, False, False],
         [False, False, False,  ..., False, False, False]],

        ...,

        [[False, False, False,  ..., False, False, False],
         [False, False, False,  ..., False, False, False],
         [False, False, False,  ..., False, False, False],
         ...,
         [False, False, False,  ..., False, False, False],
         [False, False, False,  ..., False, False, False],
         [False, False, False,  ..., False, False, False]],

        [[False, False, False,  ..., False, False, False],
         [False, False, False,  ..., False, False, False],
         [False, False, False,  ..., False, False, False],
         ...,
         [False, False, False,  ..., False, False, False],
         [False, False, False,  ..., False, False, False],
         [False, False, False,  ..., False, False, False]],

        [[False, False, False,  ..., False, False, False],
         [False, False, False,  ..., False, False, False],
         [False, False, False,  ..., False, False, False],
         ...,
         [False, False, False,  ..., False, False, False],
         [False, False, False,  ..., False, False, False],
         [False, False, False,  ..., False, False, False]]])])}
[02/28 06:22:36 mask2former.data.dataset_mappers.mask_former_semantic_dataset_mapper]: None
[02/28 06:22:36 mask2former.data.dataset_mappers.mask_former_semantic_dataset_mapper]: output dataset_dict: {'file_name': '/cpfs01/projects-HDD/pujianxiangmuzu_HDD/public/mr/./leftImg8bit_trainvaltest/leftImg8bit/train/hanover/hanover_000000_048508_leftImg8bit.png', 'width': 2048, 'height': 1024, 'image': tensor([[[239, 239, 242,  ...,   0,   0,   0],
         [238, 241, 241,  ...,   0,   0,   0],
         [239, 242, 241,  ...,   0,   0,   0],
         ...,
         [ 72,  73,  73,  ...,  25,  26,  37],
         [ 72,  73,  73,  ...,  26,  30,  40],
         [ 72,  73,  73,  ...,  29,  34,  44]],

        [[255, 255, 255,  ...,   0,   0,   0],
         [255, 255, 255,  ...,   0,   0,   0],
         [255, 255, 255,  ...,   0,   0,   0],
         ...,
         [ 80,  82,  83,  ...,  34,  36,  45],
         [ 80,  82,  83,  ...,  36,  40,  48],
         [ 80,  82,  83,  ...,  39,  44,  52]],

        [[255, 255, 255,  ...,   0,   0,   0],
         [255, 255, 255,  ...,   0,   0,   0],
         [255, 255, 255,  ...,   0,   0,   0],
         ...,
         [ 69,  69,  71,  ...,  23,  26,  34],
         [ 69,  69,  71,  ...,  25,  29,  37],
         [ 69,  69,  71,  ...,  27,  32,  41]]], dtype=torch.uint8), 'sem_seg': tensor([[ 10,  10,  10,  ...,   2,   2,   2],
        [ 10,  10,  10,  ...,   2,   2,   2],
        [ 10,  10,  10,  ...,   2,   2,   2],
        ...,
        [255, 255, 255,  ..., 255, 255, 255],
        [255, 255, 255,  ..., 255, 255, 255],
        [255, 255, 255,  ..., 255, 255, 255]]), 'instances': Instances(num_instances=31, image_height=768, image_width=768, fields=[gt_classes: tensor([ 0,  1,  2,  3,  5,  6,  7,  8,  9, 10, 11, 12, 13, 18,  2,  5,  8,  9,
        10,  2,  8, 10,  5,  9, 10,  5, 10,  2,  2,  2,  2]), gt_masks: tensor([[[False, False, False,  ..., False, False, False],
         [False, False, False,  ..., False, False, False],
         [False, False, False,  ..., False, False, False],
         ...,
         [False, False, False,  ..., False, False, False],
         [False, False, False,  ..., False, False, False],
         [False, False, False,  ..., False, False, False]],

        [[False, False, False,  ..., False, False, False],
         [False, False, False,  ..., False, False, False],
         [False, False, False,  ..., False, False, False],
         ...,
         [False, False, False,  ..., False, False, False],
         [False, False, False,  ..., False, False, False],
         [False, False, False,  ..., False, False, False]],

        [[False, False, False,  ..., False, False, False],
         [False, False, False,  ..., False, False, False],
         [False, False, False,  ..., False, False, False],
         ...,
         [False, False, False,  ..., False, False, False],
         [False, False, False,  ..., False, False, False],
         [False, False, False,  ..., False, False, False]],

        ...,

        [[False, False, False,  ..., False, False, False],
         [False, False, False,  ..., False, False, False],
         [False, False, False,  ..., False, False, False],
         ...,
         [False, False, False,  ..., False, False, False],
         [False, False, False,  ..., False, False, False],
         [False, False, False,  ..., False, False, False]],

        [[False, False, False,  ..., False, False, False],
         [False, False, False,  ..., False, False, False],
         [False, False, False,  ..., False, False, False],
         ...,
         [False, False, False,  ..., False, False, False],
         [False, False, False,  ..., False, False, False],
         [False, False, False,  ..., False, False, False]],

        [[False, False, False,  ..., False, False, False],
         [False, False, False,  ..., False, False, False],
         [False, False, False,  ..., False, False, False],
         ...,
         [False, False, False,  ..., False, False, False],
         [False, False, False,  ..., False, False, False],
         [False, False, False,  ..., False, False, False]]])])}
[02/28 06:22:36 mask2former.data.dataset_mappers.mask_former_semantic_dataset_mapper]: None
[02/28 06:22:37 mask2former.data.dataset_mappers.mask_former_semantic_dataset_mapper]: output dataset_dict: {'file_name': '/cpfs01/projects-HDD/pujianxiangmuzu_HDD/public/mr/./leftImg8bit_trainvaltest/leftImg8bit/train/hanover/hanover_000000_044195_leftImg8bit.png', 'width': 2048, 'height': 1024, 'image': tensor([[[42, 41, 41,  ..., 12, 11, 14],
         [42, 41, 41,  ..., 12, 11, 15],
         [41, 41, 41,  ..., 13, 14, 16],
         ...,
         [58, 60, 58,  ..., 64, 64, 63],
         [58, 60, 58,  ..., 63, 63, 64],
         [58, 60, 58,  ..., 63, 63, 64]],

        [[47, 45, 45,  ..., 22, 22, 21],
         [46, 45, 45,  ..., 20, 20, 22],
         [45, 45, 45,  ..., 19, 20, 23],
         ...,
         [69, 70, 69,  ..., 70, 71, 70],
         [69, 70, 69,  ..., 69, 70, 71],
         [69, 70, 69,  ..., 69, 69, 70]],

        [[33, 33, 32,  ..., 16, 15, 14],
         [32, 33, 32,  ..., 14, 13, 15],
         [31, 33, 32,  ..., 13, 14, 15],
         ...,
         [58, 59, 57,  ..., 58, 59, 58],
         [58, 59, 57,  ..., 57, 58, 59],
         [58, 59, 57,  ..., 57, 57, 58]]], dtype=torch.uint8), 'sem_seg': tensor([[  2,   2,   2,  ...,   8,   8,   8],
        [  2,   2,   2,  ...,   8,   8,   8],
        [  2,   2,   2,  ...,   8,   8,   8],
        ...,
        [255, 255, 255,  ..., 255, 255, 255],
        [255, 255, 255,  ..., 255, 255, 255],
        [255, 255, 255,  ..., 255, 255, 255]]), 'instances': Instances(num_instances=29, image_height=768, image_width=768, fields=[gt_classes: tensor([ 0,  1,  2,  5,  7,  8, 10, 11, 12, 13, 18,  0,  2,  5,  8, 13,  0,  2,
         0,  0,  0,  8,  8,  2,  2,  8,  2,  2,  2]), gt_masks: tensor([[[False, False, False,  ..., False, False, False],
         [False, False, False,  ..., False, False, False],
         [False, False, False,  ..., False, False, False],
         ...,
         [False, False, False,  ..., False, False, False],
         [False, False, False,  ..., False, False, False],
         [False, False, False,  ..., False, False, False]],

        [[False, False, False,  ..., False, False, False],
         [False, False, False,  ..., False, False, False],
         [False, False, False,  ..., False, False, False],
         ...,
         [False, False, False,  ..., False, False, False],
         [False, False, False,  ..., False, False, False],
         [False, False, False,  ..., False, False, False]],

        [[False, False, False,  ..., False, False, False],
         [False, False, False,  ..., False, False, False],
         [False, False, False,  ..., False, False, False],
         ...,
         [False, False, False,  ..., False, False, False],
         [False, False, False,  ..., False, False, False],
         [False, False, False,  ..., False, False, False]],

        ...,

        [[False, False, False,  ..., False, False, False],
         [False, False, False,  ..., False, False, False],
         [False, False, False,  ..., False, False, False],
         ...,
         [False, False, False,  ..., False, False, False],
         [False, False, False,  ..., False, False, False],
         [False, False, False,  ..., False, False, False]],

        [[False, False, False,  ..., False, False, False],
         [False, False, False,  ..., False, False, False],
         [False, False, False,  ..., False, False, False],
         ...,
         [False, False, False,  ..., False, False, False],
         [False, False, False,  ..., False, False, False],
         [False, False, False,  ..., False, False, False]],

        [[False, False, False,  ..., False, False, False],
         [False, False, False,  ..., False, False, False],
         [False, False, False,  ..., False, False, False],
         ...,
         [False, False, False,  ..., False, False, False],
         [False, False, False,  ..., False, False, False],
         [False, False, False,  ..., False, False, False]]])])}
[02/28 06:22:37 mask2former.data.dataset_mappers.mask_former_semantic_dataset_mapper]: None
[02/28 06:22:37 mask2former.data.dataset_mappers.mask_former_semantic_dataset_mapper]: output dataset_dict: {'file_name': '/cpfs01/projects-HDD/pujianxiangmuzu_HDD/public/mr/./leftImg8bit_trainvaltest/leftImg8bit/train/bremen/bremen_000160_000019_leftImg8bit.png', 'width': 2048, 'height': 1024, 'image': tensor([[[12, 11, 11,  ..., 27, 27, 28],
         [12, 12, 12,  ..., 28, 28, 28],
         [11, 12, 12,  ..., 27, 27, 27],
         ...,
         [31, 31, 32,  ..., 30, 30, 30],
         [30, 31, 32,  ..., 30, 31, 30],
         [31, 32, 32,  ..., 30, 31, 30]],

        [[16, 16, 16,  ..., 26, 26, 27],
         [16, 17, 17,  ..., 27, 27, 27],
         [16, 17, 18,  ..., 26, 26, 26],
         ...,
         [37, 37, 38,  ..., 37, 37, 37],
         [37, 37, 38,  ..., 37, 37, 37],
         [37, 37, 38,  ..., 36, 37, 37]],

        [[13, 13, 13,  ..., 19, 19, 19],
         [13, 14, 13,  ..., 20, 20, 20],
         [13, 13, 14,  ..., 19, 19, 19],
         ...,
         [32, 32, 31,  ..., 32, 32, 32],
         [31, 31, 31,  ..., 32, 32, 32],
         [32, 31, 31,  ..., 31, 31, 31]]], dtype=torch.uint8), 'sem_seg': tensor([[  8,   8,   8,  ...,   2,   2,   2],
        [  8,   8,   8,  ...,   2,   2,   2],
        [  8,   8,   8,  ...,   2,   2,   2],
        ...,
        [255, 255,   0,  ...,   0,   0,   0],
        [255, 255,   0,  ...,   0,   0,   0],
        [255,   0,   0,  ...,   0,   0,   0]]), 'instances': Instances(num_instances=32, image_height=768, image_width=768, fields=[gt_classes: tensor([ 0,  1,  2,  5,  8, 13, 14,  0,  8, 13, 14,  0, 13,  8, 13,  2, 13, 13,
        13,  2, 13,  2, 13, 13, 13,  2, 13, 13,  2, 13, 13,  2]), gt_masks: tensor([[[False, False, False,  ..., False, False, False],
         [False, False, False,  ..., False, False, False],
         [False, False, False,  ..., False, False, False],
         ...,
         [False, False, False,  ..., False, False, False],
         [False, False, False,  ..., False, False, False],
         [False, False, False,  ..., False, False, False]],

        [[False, False, False,  ..., False, False, False],
         [False, False, False,  ..., False, False, False],
         [False, False, False,  ..., False, False, False],
         ...,
         [False, False, False,  ..., False, False, False],
         [False, False, False,  ..., False, False, False],
         [False, False, False,  ..., False, False, False]],

        [[False, False, False,  ..., False, False, False],
         [False, False, False,  ..., False, False, False],
         [False, False, False,  ..., False, False, False],
         ...,
         [False, False, False,  ..., False, False, False],
         [False, False, False,  ..., False, False, False],
         [False, False, False,  ..., False, False, False]],

        ...,

        [[False, False, False,  ..., False, False, False],
         [False, False, False,  ..., False, False, False],
         [False, False, False,  ..., False, False, False],
         ...,
         [False, False, False,  ..., False, False, False],
         [False, False, False,  ..., False, False, False],
         [False, False, False,  ..., False, False, False]],

        [[False, False, False,  ..., False, False, False],
         [False, False, False,  ..., False, False, False],
         [False, False, False,  ..., False, False, False],
         ...,
         [False, False, False,  ..., False, False, False],
         [False, False, False,  ..., False, False, False],
         [False, False, False,  ..., False, False, False]],

        [[False, False, False,  ..., False, False, False],
         [False, False, False,  ..., False, False, False],
         [False, False, False,  ..., False, False, False],
         ...,
         [False, False, False,  ..., False, False, False],
         [False, False, False,  ..., False, False, False],
         [False, False, False,  ..., False, False, False]]])])}
[02/28 06:22:37 mask2former.data.dataset_mappers.mask_former_semantic_dataset_mapper]: None
[02/28 06:22:37 mask2former.data.dataset_mappers.mask_former_semantic_dataset_mapper]: output dataset_dict: {'file_name': '/cpfs01/projects-HDD/pujianxiangmuzu_HDD/public/mr/./leftImg8bit_trainvaltest/leftImg8bit/train/dusseldorf/dusseldorf_000088_000019_leftImg8bit.png', 'width': 2048, 'height': 1024, 'image': tensor([[[ 11,  10,  10,  ...,  11,  12,  12],
         [ 12,  12,  10,  ...,  13,  13,  12],
         [ 12,  12,  10,  ...,  14,  13,  12],
         ...,
         [ 94,  96,  96,  ...,  64,  68,  65],
         [ 91,  94,  93,  ...,  64,  64,  64],
         [ 91,  93,  91,  ...,  64,  62,  64]],

        [[ 17,  15,  15,  ...,  20,  18,  18],
         [ 17,  15,  15,  ...,  21,  20,  18],
         [ 17,  15,  15,  ...,  21,  20,  18],
         ...,
         [101, 101, 101,  ...,  77,  80,  80],
         [ 99,  99,  99,  ...,  77,  78,  78],
         [100, 100,  99,  ...,  77,  76,  77]],

        [[ 12,  11,  11,  ...,  13,  13,  13],
         [ 12,  12,  10,  ...,  15,  15,  13],
         [ 12,  12,  10,  ...,  17,  15,  13],
         ...,
         [ 91,  93,  91,  ...,  67,  70,  67],
         [ 88,  90,  88,  ...,  65,  66,  66],
         [ 89,  89,  88,  ...,  64,  65,  64]]], dtype=torch.uint8), 'sem_seg': tensor([[  2,   2,   2,  ...,   2,   2,   2],
        [  2,   2,   2,  ...,   2,   2,   2],
        [  2,   2,   2,  ...,   2,   2,   2],
        ...,
        [255, 255, 255,  ...,   0,   0,   0],
        [255, 255, 255,  ...,   0,   0,   0],
        [255, 255, 255,  ...,   0,   0,   0]]), 'instances': Instances(num_instances=32, image_height=768, image_width=768, fields=[gt_classes: tensor([ 0,  1,  2, 11, 13,  0,  1,  2, 13,  0,  1,  2, 13,  0,  1, 13,  0, 13,
         0, 13, 13, 13, 13, 13,  2, 13,  2,  2,  2,  2,  2,  2]), gt_masks: tensor([[[False, False, False,  ..., False, False, False],
         [False, False, False,  ..., False, False, False],
         [False, False, False,  ..., False, False, False],
         ...,
         [False, False, False,  ..., False, False, False],
         [False, False, False,  ..., False, False, False],
         [False, False, False,  ..., False, False, False]],

        [[False, False, False,  ..., False, False, False],
         [False, False, False,  ..., False, False, False],
         [False, False, False,  ..., False, False, False],
         ...,
         [False, False, False,  ..., False, False, False],
         [False, False, False,  ..., False, False, False],
         [False, False, False,  ..., False, False, False]],

        [[False, False, False,  ..., False, False, False],
         [False, False, False,  ..., False, False, False],
         [False, False, False,  ..., False, False, False],
         ...,
         [False, False, False,  ..., False, False, False],
         [False, False, False,  ..., False, False, False],
         [False, False, False,  ..., False, False, False]],

        ...,

        [[False, False, False,  ..., False, False, False],
         [False, False, False,  ..., False, False, False],
         [False, False, False,  ..., False, False, False],
         ...,
         [False, False, False,  ..., False, False, False],
         [False, False, False,  ..., False, False, False],
         [False, False, False,  ..., False, False, False]],

        [[False, False, False,  ..., False, False, False],
         [False, False, False,  ..., False, False, False],
         [False, False, False,  ..., False, False, False],
         ...,
         [False, False, False,  ..., False, False, False],
         [False, False, False,  ..., False, False, False],
         [False, False, False,  ..., False, False, False]],

        [[False, False, False,  ..., False, False, False],
         [False, False, False,  ..., False, False, False],
         [False, False, False,  ..., False, False, False],
         ...,
         [False, False, False,  ..., False, False, False],
         [False, False, False,  ..., False, False, False],
         [False, False, False,  ..., False, False, False]]])])}
[02/28 06:22:37 mask2former.data.dataset_mappers.mask_former_semantic_dataset_mapper]: None
[02/28 06:22:37 mask2former.data.dataset_mappers.mask_former_semantic_dataset_mapper]: output dataset_dict: {'file_name': '/cpfs01/projects-HDD/pujianxiangmuzu_HDD/public/mr/./leftImg8bit_trainvaltest/leftImg8bit/train/dusseldorf/dusseldorf_000169_000019_leftImg8bit.png', 'width': 2048, 'height': 1024, 'image': tensor([[[106, 104, 101,  ...,  51,  51,  51],
         [108, 107, 105,  ...,  52,  51,  51],
         [110, 109, 108,  ...,  53,  52,  52],
         ...,
         [ 60,  60,  60,  ...,  64,  64,  64],
         [ 60,  60,  60,  ...,  63,  63,  63],
         [ 60,  60,  60,  ...,  63,  63,  63]],

        [[110, 109, 106,  ...,  52,  53,  53],
         [111, 110, 108,  ...,  53,  52,  52],
         [112, 112, 110,  ...,  53,  53,  53],
         ...,
         [ 70,  71,  71,  ...,  74,  74,  74],
         [ 71,  71,  71,  ...,  74,  74,  74],
         [ 71,  71,  71,  ...,  74,  74,  74]],

        [[ 72,  71,  68,  ...,  42,  42,  42],
         [ 73,  72,  70,  ...,  40,  40,  40],
         [ 73,  72,  72,  ...,  39,  39,  39],
         ...,
         [ 61,  61,  61,  ...,  67,  68,  68],
         [ 61,  62,  62,  ...,  68,  68,  68],
         [ 61,  62,  62,  ...,  68,  68,  68]]], dtype=torch.uint8), 'sem_seg': tensor([[2, 2, 2,  ..., 2, 2, 2],
        [2, 2, 2,  ..., 2, 2, 2],
        [2, 2, 2,  ..., 2, 2, 2],
        ...,
        [0, 0, 0,  ..., 0, 0, 0],
        [0, 0, 0,  ..., 0, 0, 0],
        [0, 0, 0,  ..., 0, 0, 0]]), 'instances': Instances(num_instances=23, image_height=768, image_width=768, fields=[gt_classes: tensor([ 0,  1,  2,  5,  7,  8,  9, 11, 13,  0,  0, 13,  0,  0,  2,  8,  2,  8,
        13, 13, 13,  2, 13]), gt_masks: tensor([[[False, False, False,  ..., False, False, False],
         [False, False, False,  ..., False, False, False],
         [False, False, False,  ..., False, False, False],
         ...,
         [False, False, False,  ..., False, False, False],
         [False, False, False,  ..., False, False, False],
         [False, False, False,  ..., False, False, False]],

        [[False, False, False,  ..., False, False, False],
         [False, False, False,  ..., False, False, False],
         [False, False, False,  ..., False, False, False],
         ...,
         [False, False, False,  ..., False, False, False],
         [False, False, False,  ..., False, False, False],
         [False, False, False,  ..., False, False, False]],

        [[False, False, False,  ..., False, False, False],
         [False, False, False,  ..., False, False, False],
         [False, False, False,  ..., False, False, False],
         ...,
         [False, False, False,  ..., False, False, False],
         [False, False, False,  ..., False, False, False],
         [False, False, False,  ..., False, False, False]],

        ...,

        [[False, False, False,  ..., False, False, False],
         [False, False, False,  ..., False, False, False],
         [False, False, False,  ..., False, False, False],
         ...,
         [False, False, False,  ..., False, False, False],
         [False, False, False,  ..., False, False, False],
         [False, False, False,  ..., False, False, False]],

        [[False, False, False,  ..., False, False, False],
         [False, False, False,  ..., False, False, False],
         [False, False, False,  ..., False, False, False],
         ...,
         [False, False, False,  ..., False, False, False],
         [False, False, False,  ..., False, False, False],
         [False, False, False,  ..., False, False, False]],

        [[False, False, False,  ..., False, False, False],
         [False, False, False,  ..., False, False, False],
         [False, False, False,  ..., False, False, False],
         ...,
         [False, False, False,  ..., False, False, False],
         [False, False, False,  ..., False, False, False],
         [False, False, False,  ..., False, False, False]]])])}
[02/28 06:22:37 mask2former.data.dataset_mappers.mask_former_semantic_dataset_mapper]: None
[02/28 06:22:37 d2.utils.events]:  eta: 1:20:50  iter: 99  total_loss: 77.98  loss_ce: 3.011  loss_mask: 0.7478  loss_dice: 4.478  loss_ce_0: 5.001  loss_mask_0: 0.7184  loss_dice_0: 4.414  loss_ce_1: 2.356  loss_mask_1: 0.7487  loss_dice_1: 4.405  loss_ce_2: 2.13  loss_mask_2: 0.7717  loss_dice_2: 4.399  loss_ce_3: 2.064  loss_mask_3: 0.7691  loss_dice_3: 4.375  loss_ce_4: 2.062  loss_mask_4: 0.7565  loss_dice_4: 4.379  loss_ce_5: 2.065  loss_mask_5: 0.7599  loss_dice_5: 4.44  loss_ce_6: 2.216  loss_mask_6: 0.7664  loss_dice_6: 4.427  loss_ce_7: 2.348  loss_mask_7: 0.7639  loss_dice_7: 4.428  loss_ce_8: 2.769  loss_mask_8: 0.7543  loss_dice_8: 4.462    time: 0.5068  last_time: 0.4153  data_time: 0.0109  last_data_time: 0.0084   lr: 9.9109e-05  max_mem: 5889M
[02/28 06:22:37 mask2former.data.dataset_mappers.mask_former_semantic_dataset_mapper]: output dataset_dict: {'file_name': '/cpfs01/projects-HDD/pujianxiangmuzu_HDD/public/mr/./leftImg8bit_trainvaltest/leftImg8bit/train/hanover/hanover_000000_002458_leftImg8bit.png', 'width': 2048, 'height': 1024, 'image': tensor([[[44, 34, 30,  ..., 28, 33, 37],
         [38, 29, 29,  ..., 25, 29, 31],
         [29, 26, 26,  ..., 23, 27, 30],
         ...,
         [44, 45, 46,  ..., 41, 40, 40],
         [44, 44, 45,  ..., 40, 40, 40],
         [43, 43, 44,  ..., 40, 41, 41]],

        [[61, 51, 44,  ..., 44, 50, 54],
         [54, 44, 42,  ..., 42, 46, 49],
         [43, 40, 40,  ..., 41, 45, 47],
         ...,
         [53, 53, 54,  ..., 54, 53, 53],
         [52, 52, 53,  ..., 53, 53, 52],
         [51, 51, 52,  ..., 52, 52, 52]],

        [[34, 23, 18,  ..., 22, 26, 22],
         [21, 14, 14,  ..., 20, 23, 19],
         [ 9, 11, 14,  ..., 18, 22, 22],
         ...,
         [45, 46, 47,  ..., 45, 45, 45],
         [44, 45, 46,  ..., 44, 45, 45],
         [44, 45, 45,  ..., 43, 44, 44]]], dtype=torch.uint8), 'sem_seg': tensor([[8, 8, 8,  ..., 8, 8, 8],
        [8, 8, 8,  ..., 8, 8, 8],
        [8, 8, 8,  ..., 8, 8, 8],
        ...,
        [0, 0, 0,  ..., 0, 0, 0],
        [0, 0, 0,  ..., 0, 0, 0],
        [0, 0, 0,  ..., 0, 0, 0]]), 'instances': Instances(num_instances=16, image_height=768, image_width=768, fields=[gt_classes: tensor([ 0,  1,  2,  5,  8, 11, 12, 13, 18,  8, 13,  2,  8,  2,  8,  2]), gt_masks: tensor([[[False, False, False,  ..., False, False, False],
         [False, False, False,  ..., False, False, False],
         [False, False, False,  ..., False, False, False],
         ...,
         [ True,  True,  True,  ...,  True,  True,  True],
         [ True,  True,  True,  ...,  True,  True,  True],
         [ True,  True,  True,  ...,  True,  True,  True]],

        [[False, False, False,  ..., False, False, False],
         [False, False, False,  ..., False, False, False],
         [False, False, False,  ..., False, False, False],
         ...,
         [False, False, False,  ..., False, False, False],
         [False, False, False,  ..., False, False, False],
         [False, False, False,  ..., False, False, False]],

        [[False, False, False,  ..., False, False, False],
         [False, False, False,  ..., False, False, False],
         [False, False, False,  ..., False, False, False],
         ...,
         [False, False, False,  ..., False, False, False],
         [False, False, False,  ..., False, False, False],
         [False, False, False,  ..., False, False, False]],

        ...,

        [[False, False, False,  ..., False, False, False],
         [False, False, False,  ..., False, False, False],
         [False, False, False,  ..., False, False, False],
         ...,
         [False, False, False,  ..., False, False, False],
         [False, False, False,  ..., False, False, False],
         [False, False, False,  ..., False, False, False]],

        [[False, False, False,  ...,  True,  True,  True],
         [False, False, False,  ...,  True,  True,  True],
         [False, False, False,  ...,  True,  True,  True],
         ...,
         [False, False, False,  ..., False, False, False],
         [False, False, False,  ..., False, False, False],
         [False, False, False,  ..., False, False, False]],

        [[False, False, False,  ..., False, False, False],
         [False, False, False,  ..., False, False, False],
         [False, False, False,  ..., False, False, False],
         ...,
         [False, False, False,  ..., False, False, False],
         [False, False, False,  ..., False, False, False],
         [False, False, False,  ..., False, False, False]]])])}
[02/28 06:22:37 mask2former.data.dataset_mappers.mask_former_semantic_dataset_mapper]: None
[02/28 06:22:38 mask2former.data.dataset_mappers.mask_former_semantic_dataset_mapper]: output dataset_dict: {'file_name': '/cpfs01/projects-HDD/pujianxiangmuzu_HDD/public/mr/./leftImg8bit_trainvaltest/leftImg8bit/train/bremen/bremen_000140_000019_leftImg8bit.png', 'width': 2048, 'height': 1024, 'image': tensor([[[85, 84, 85,  ..., 58, 56, 51],
         [84, 82, 82,  ..., 60, 57, 52],
         [84, 82, 82,  ..., 63, 60, 55],
         ...,
         [70, 73, 73,  ..., 63, 64, 65],
         [69, 72, 72,  ..., 63, 63, 63],
         [71, 71, 71,  ..., 63, 63, 61]],

        [[92, 91, 91,  ..., 57, 53, 48],
         [92, 91, 91,  ..., 58, 54, 49],
         [92, 91, 91,  ..., 61, 56, 51],
         ...,
         [77, 77, 77,  ..., 70, 70, 70],
         [76, 77, 77,  ..., 70, 70, 70],
         [75, 76, 76,  ..., 70, 71, 70]],

        [[81, 81, 81,  ..., 45, 43, 40],
         [81, 79, 79,  ..., 44, 44, 40],
         [81, 79, 79,  ..., 46, 45, 42],
         ...,
         [66, 66, 66,  ..., 60, 60, 60],
         [65, 67, 67,  ..., 59, 60, 59],
         [67, 65, 65,  ..., 59, 59, 59]]], dtype=torch.uint8), 'sem_seg': tensor([[  0,   0,   0,  ...,   1,   1,   1],
        [  0,   0,   0,  ...,   1,   1,   1],
        [  0,   0,   0,  ...,   1,   1,   1],
        ...,
        [255, 255, 255,  ...,   0,   0,   0],
        [255, 255, 255,  ...,   0,   0,   0],
        [255, 255, 255,  ...,   0,   0,   0]]), 'instances': Instances(num_instances=9, image_height=768, image_width=768, fields=[gt_classes: tensor([ 0,  1, 11, 18,  0,  1, 11,  1,  1]), gt_masks: tensor([[[False, False, False,  ..., False, False, False],
         [False, False, False,  ..., False, False, False],
         [False, False, False,  ..., False, False, False],
         ...,
         [False, False, False,  ..., False, False, False],
         [False, False, False,  ..., False, False, False],
         [False, False, False,  ..., False, False, False]],

        [[False, False, False,  ...,  True,  True,  True],
         [False, False, False,  ...,  True,  True,  True],
         [False, False, False,  ...,  True,  True,  True],
         ...,
         [False, False, False,  ..., False, False, False],
         [False, False, False,  ..., False, False, False],
         [False, False, False,  ..., False, False, False]],

        [[False, False, False,  ..., False, False, False],
         [False, False, False,  ..., False, False, False],
         [False, False, False,  ..., False, False, False],
         ...,
         [False, False, False,  ..., False, False, False],
         [False, False, False,  ..., False, False, False],
         [False, False, False,  ..., False, False, False]],

        ...,

        [[False, False, False,  ..., False, False, False],
         [False, False, False,  ..., False, False, False],
         [False, False, False,  ..., False, False, False],
         ...,
         [False, False, False,  ..., False, False, False],
         [False, False, False,  ..., False, False, False],
         [False, False, False,  ..., False, False, False]],

        [[False, False, False,  ..., False, False, False],
         [False, False, False,  ..., False, False, False],
         [False, False, False,  ..., False, False, False],
         ...,
         [False, False, False,  ..., False, False, False],
         [False, False, False,  ..., False, False, False],
         [False, False, False,  ..., False, False, False]],

        [[False, False, False,  ..., False, False, False],
         [False, False, False,  ..., False, False, False],
         [False, False, False,  ..., False, False, False],
         ...,
         [False, False, False,  ..., False, False, False],
         [False, False, False,  ..., False, False, False],
         [False, False, False,  ..., False, False, False]]])])}
[02/28 06:22:38 mask2former.data.dataset_mappers.mask_former_semantic_dataset_mapper]: None
[02/28 06:22:38 mask2former.data.dataset_mappers.mask_former_semantic_dataset_mapper]: output dataset_dict: {'file_name': '/cpfs01/projects-HDD/pujianxiangmuzu_HDD/public/mr/./leftImg8bit_trainvaltest/leftImg8bit/train/tubingen/tubingen_000092_000019_leftImg8bit.png', 'width': 2048, 'height': 1024, 'image': tensor([[[40, 49, 60,  ..., 32, 32, 31],
         [39, 48, 57,  ..., 32, 32, 32],
         [36, 47, 57,  ..., 32, 32, 32],
         ...,
         [77, 77, 77,  ..., 74, 74, 74],
         [77, 77, 77,  ..., 74, 74, 74],
         [77, 78, 78,  ..., 74, 74, 74]],

        [[53, 65, 77,  ..., 47, 47, 45],
         [55, 65, 76,  ..., 45, 45, 47],
         [59, 65, 76,  ..., 45, 45, 47],
         ...,
         [93, 93, 93,  ..., 93, 93, 94],
         [94, 94, 94,  ..., 93, 93, 94],
         [94, 95, 95,  ..., 93, 93, 94]],

        [[55, 65, 77,  ..., 38, 38, 38],
         [56, 66, 78,  ..., 38, 38, 39],
         [55, 66, 78,  ..., 38, 38, 39],
         ...,
         [86, 85, 85,  ..., 82, 82, 83],
         [86, 87, 85,  ..., 83, 83, 83],
         [86, 86, 86,  ..., 83, 83, 83]]], dtype=torch.uint8), 'sem_seg': tensor([[  2,   2,   2,  ...,   8,   8,   8],
        [  2,   2,   2,  ...,   8,   8,   8],
        [  2,   2,   2,  ...,   8,   8,   8],
        ...,
        [255, 255, 255,  ..., 255, 255, 255],
        [255, 255, 255,  ..., 255, 255, 255],
        [255, 255, 255,  ..., 255, 255, 255]]), 'instances': Instances(num_instances=19, image_height=768, image_width=768, fields=[gt_classes: tensor([ 0,  1,  2,  5,  8,  9, 13,  0,  1,  2,  8,  9,  1,  2,  8,  1,  2, 13,
        13]), gt_masks: tensor([[[False, False, False,  ..., False, False, False],
         [False, False, False,  ..., False, False, False],
         [False, False, False,  ..., False, False, False],
         ...,
         [False, False, False,  ..., False, False, False],
         [False, False, False,  ..., False, False, False],
         [False, False, False,  ..., False, False, False]],

        [[False, False, False,  ..., False, False, False],
         [False, False, False,  ..., False, False, False],
         [False, False, False,  ..., False, False, False],
         ...,
         [False, False, False,  ..., False, False, False],
         [False, False, False,  ..., False, False, False],
         [False, False, False,  ..., False, False, False]],

        [[False, False, False,  ..., False, False, False],
         [False, False, False,  ..., False, False, False],
         [False, False, False,  ..., False, False, False],
         ...,
         [False, False, False,  ..., False, False, False],
         [False, False, False,  ..., False, False, False],
         [False, False, False,  ..., False, False, False]],

        ...,

        [[ True,  True,  True,  ..., False, False, False],
         [ True,  True,  True,  ..., False, False, False],
         [ True,  True,  True,  ..., False, False, False],
         ...,
         [False, False, False,  ..., False, False, False],
         [False, False, False,  ..., False, False, False],
         [False, False, False,  ..., False, False, False]],

        [[False, False, False,  ..., False, False, False],
         [False, False, False,  ..., False, False, False],
         [False, False, False,  ..., False, False, False],
         ...,
         [False, False, False,  ..., False, False, False],
         [False, False, False,  ..., False, False, False],
         [False, False, False,  ..., False, False, False]],

        [[False, False, False,  ..., False, False, False],
         [False, False, False,  ..., False, False, False],
         [False, False, False,  ..., False, False, False],
         ...,
         [False, False, False,  ..., False, False, False],
         [False, False, False,  ..., False, False, False],
         [False, False, False,  ..., False, False, False]]])])}
[02/28 06:22:38 mask2former.data.dataset_mappers.mask_former_semantic_dataset_mapper]: None
[02/28 06:22:38 mask2former.data.dataset_mappers.mask_former_semantic_dataset_mapper]: output dataset_dict: {'file_name': '/cpfs01/projects-HDD/pujianxiangmuzu_HDD/public/mr/./leftImg8bit_trainvaltest/leftImg8bit/train/hanover/hanover_000000_046732_leftImg8bit.png', 'width': 2048, 'height': 1024, 'image': tensor([[[60, 60, 60,  ..., 56, 57, 56],
         [60, 60, 60,  ..., 57, 57, 56],
         [59, 58, 58,  ..., 57, 57, 56],
         ...,
         [82, 81, 81,  ..., 86, 86, 86],
         [81, 81, 81,  ..., 85, 86, 86],
         [81, 81, 81,  ..., 85, 86, 86]],

        [[70, 70, 70,  ..., 66, 65, 65],
         [69, 69, 69,  ..., 65, 65, 66],
         [67, 67, 67,  ..., 65, 65, 66],
         ...,
         [96, 95, 94,  ..., 98, 98, 98],
         [94, 94, 94,  ..., 97, 98, 98],
         [94, 94, 94,  ..., 97, 98, 98]],

        [[63, 63, 62,  ..., 60, 59, 58],
         [62, 62, 61,  ..., 59, 58, 59],
         [62, 59, 59,  ..., 59, 58, 58],
         ...,
         [82, 82, 81,  ..., 87, 87, 87],
         [81, 82, 82,  ..., 86, 86, 86],
         [81, 82, 82,  ..., 86, 86, 86]]], dtype=torch.uint8), 'sem_seg': tensor([[  1,   1,   1,  ...,   1,   1,   1],
        [  1,   1,   1,  ...,   1,   1,   1],
        [  1,   1,   1,  ...,   1,   1,   1],
        ...,
        [255, 255, 255,  ..., 255, 255, 255],
        [255, 255, 255,  ..., 255, 255, 255],
        [255, 255, 255,  ..., 255, 255, 255]]), 'instances': Instances(num_instances=7, image_height=768, image_width=768, fields=[gt_classes: tensor([0, 1, 0, 1, 0, 0, 0]), gt_masks: tensor([[[False, False, False,  ..., False, False, False],
         [False, False, False,  ..., False, False, False],
         [False, False, False,  ..., False, False, False],
         ...,
         [False, False, False,  ..., False, False, False],
         [False, False, False,  ..., False, False, False],
         [False, False, False,  ..., False, False, False]],

        [[False, False, False,  ..., False, False, False],
         [False, False, False,  ..., False, False, False],
         [False, False, False,  ..., False, False, False],
         ...,
         [False, False, False,  ..., False, False, False],
         [False, False, False,  ..., False, False, False],
         [False, False, False,  ..., False, False, False]],

        [[False, False, False,  ..., False, False, False],
         [False, False, False,  ..., False, False, False],
         [False, False, False,  ..., False, False, False],
         ...,
         [False, False, False,  ..., False, False, False],
         [False, False, False,  ..., False, False, False],
         [False, False, False,  ..., False, False, False]],

        ...,

        [[False, False, False,  ..., False, False, False],
         [False, False, False,  ..., False, False, False],
         [False, False, False,  ..., False, False, False],
         ...,
         [False, False, False,  ..., False, False, False],
         [False, False, False,  ..., False, False, False],
         [False, False, False,  ..., False, False, False]],

        [[False, False, False,  ..., False, False, False],
         [False, False, False,  ..., False, False, False],
         [False, False, False,  ..., False, False, False],
         ...,
         [False, False, False,  ..., False, False, False],
         [False, False, False,  ..., False, False, False],
         [False, False, False,  ..., False, False, False]],

        [[False, False, False,  ..., False, False, False],
         [False, False, False,  ..., False, False, False],
         [False, False, False,  ..., False, False, False],
         ...,
         [False, False, False,  ..., False, False, False],
         [False, False, False,  ..., False, False, False],
         [False, False, False,  ..., False, False, False]]])])}
[02/28 06:22:38 mask2former.data.dataset_mappers.mask_former_semantic_dataset_mapper]: None
[02/28 06:22:39 mask2former.data.dataset_mappers.mask_former_semantic_dataset_mapper]: output dataset_dict: {'file_name': '/cpfs01/projects-HDD/pujianxiangmuzu_HDD/public/mr/./leftImg8bit_trainvaltest/leftImg8bit/train/strasbourg/strasbourg_000000_007441_leftImg8bit.png', 'width': 2048, 'height': 1024, 'image': tensor([[[104,  19,   5,  ..., 215, 214, 213],
         [102,  20,   7,  ..., 210, 210, 210],
         [ 98,  20,   9,  ..., 205, 203, 205],
         ...,
         [ 37,  34,  35,  ...,  53,  53,  53],
         [ 37,  35,  35,  ...,  53,  53,  53],
         [ 37,  35,  35,  ...,  53,  53,  53]],

        [[115,  24,   8,  ..., 255, 255, 255],
         [113,  25,  10,  ..., 255, 255, 255],
         [110,  26,  12,  ..., 255, 255, 255],
         ...,
         [ 45,  45,  44,  ...,  69,  68,  66],
         [ 45,  45,  44,  ...,  69,  68,  66],
         [ 45,  45,  44,  ...,  69,  68,  66]],

        [[100,  17,   3,  ..., 243, 242, 248],
         [ 97,  19,   5,  ..., 244, 244, 247],
         [ 94,  19,   7,  ..., 245, 246, 248],
         ...,
         [ 40,  42,  41,  ...,  59,  59,  57],
         [ 40,  42,  41,  ...,  59,  59,  57],
         [ 40,  42,  41,  ...,  59,  59,  57]]], dtype=torch.uint8), 'sem_seg': tensor([[255, 255, 255,  ..., 255, 255, 255],
        [255, 255, 255,  ..., 255, 255, 255],
        [255, 255, 255,  ..., 255, 255, 255],
        ...,
        [255, 255, 255,  ..., 255, 255, 255],
        [255, 255, 255,  ..., 255, 255, 255],
        [255, 255, 255,  ..., 255, 255, 255]]), 'instances': Instances(num_instances=39, image_height=614, image_width=768, fields=[gt_classes: tensor([ 0,  1,  2,  4,  5,  6,  7,  8,  9, 10, 11, 12, 18,  0,  1,  8, 10, 11,
         0,  1,  8, 10,  2,  8, 11,  2,  5,  8, 11,  2,  5,  8, 11,  8,  8,  8,
         8,  2,  2]), gt_masks: tensor([[[False, False, False,  ..., False, False, False],
         [False, False, False,  ..., False, False, False],
         [False, False, False,  ..., False, False, False],
         ...,
         [False, False, False,  ..., False, False, False],
         [False, False, False,  ..., False, False, False],
         [False, False, False,  ..., False, False, False]],

        [[False, False, False,  ..., False, False, False],
         [False, False, False,  ..., False, False, False],
         [False, False, False,  ..., False, False, False],
         ...,
         [False, False, False,  ..., False, False, False],
         [False, False, False,  ..., False, False, False],
         [False, False, False,  ..., False, False, False]],

        [[False, False, False,  ..., False, False, False],
         [False, False, False,  ..., False, False, False],
         [False, False, False,  ..., False, False, False],
         ...,
         [False, False, False,  ..., False, False, False],
         [False, False, False,  ..., False, False, False],
         [False, False, False,  ..., False, False, False]],

        ...,

        [[False, False, False,  ..., False, False, False],
         [False, False, False,  ..., False, False, False],
         [False, False, False,  ..., False, False, False],
         ...,
         [False, False, False,  ..., False, False, False],
         [False, False, False,  ..., False, False, False],
         [False, False, False,  ..., False, False, False]],

        [[False, False, False,  ..., False, False, False],
         [False, False, False,  ..., False, False, False],
         [False, False, False,  ..., False, False, False],
         ...,
         [False, False, False,  ..., False, False, False],
         [False, False, False,  ..., False, False, False],
         [False, False, False,  ..., False, False, False]],

        [[False, False, False,  ..., False, False, False],
         [False, False, False,  ..., False, False, False],
         [False, False, False,  ..., False, False, False],
         ...,
         [False, False, False,  ..., False, False, False],
         [False, False, False,  ..., False, False, False],
         [False, False, False,  ..., False, False, False]]])])}
[02/28 06:22:39 mask2former.data.dataset_mappers.mask_former_semantic_dataset_mapper]: None
[02/28 06:22:39 mask2former.data.dataset_mappers.mask_former_semantic_dataset_mapper]: output dataset_dict: {'file_name': '/cpfs01/projects-HDD/pujianxiangmuzu_HDD/public/mr/./leftImg8bit_trainvaltest/leftImg8bit/train/darmstadt/darmstadt_000012_000019_leftImg8bit.png', 'width': 2048, 'height': 1024, 'image': tensor([[[ 31,  31,  31,  ..., 244, 244, 244],
         [ 31,  31,  32,  ..., 243, 243, 243],
         [ 31,  32,  32,  ..., 243, 243, 244],
         ...,
         [ 34,  34,  34,  ...,  49,  48,  48],
         [ 34,  33,  34,  ...,  49,  49,  49],
         [ 34,  35,  35,  ...,  49,  49,  51]],

        [[ 29,  29,  29,  ..., 255, 255, 255],
         [ 29,  29,  30,  ..., 255, 255, 255],
         [ 29,  30,  30,  ..., 255, 255, 255],
         ...,
         [ 41,  41,  42,  ...,  58,  58,  58],
         [ 42,  41,  41,  ...,  57,  58,  59],
         [ 42,  42,  42,  ...,  58,  59,  61]],

        [[ 28,  27,  27,  ..., 255, 255, 255],
         [ 28,  28,  28,  ..., 255, 255, 255],
         [ 28,  28,  28,  ..., 255, 255, 255],
         ...,
         [ 39,  39,  39,  ...,  58,  58,  58],
         [ 40,  39,  39,  ...,  58,  59,  58],
         [ 40,  40,  40,  ...,  59,  59,  60]]], dtype=torch.uint8), 'sem_seg': tensor([[ 8,  8,  8,  ..., 10, 10, 10],
        [ 8,  8,  8,  ..., 10, 10, 10],
        [ 8,  8,  8,  ..., 10, 10, 10],
        ...,
        [ 0,  0,  0,  ...,  0,  0,  0],
        [ 0,  0,  0,  ...,  0,  0,  0],
        [ 0,  0,  0,  ...,  0,  0,  0]]), 'instances': Instances(num_instances=34, image_height=768, image_width=768, fields=[gt_classes: tensor([ 0,  2,  3,  5,  6,  7,  8,  9, 10, 13, 14,  0,  6,  8, 10, 13, 14,  0,
         8, 10, 13, 14,  2,  3, 10,  2,  3,  7, 10,  8,  0,  8,  8,  8]), gt_masks: tensor([[[False, False, False,  ..., False, False, False],
         [False, False, False,  ..., False, False, False],
         [False, False, False,  ..., False, False, False],
         ...,
         [False, False, False,  ..., False, False, False],
         [False, False, False,  ..., False, False, False],
         [False, False, False,  ..., False, False, False]],

        [[False, False, False,  ..., False, False, False],
         [False, False, False,  ..., False, False, False],
         [False, False, False,  ..., False, False, False],
         ...,
         [False, False, False,  ..., False, False, False],
         [False, False, False,  ..., False, False, False],
         [False, False, False,  ..., False, False, False]],

        [[False, False, False,  ..., False, False, False],
         [False, False, False,  ..., False, False, False],
         [False, False, False,  ..., False, False, False],
         ...,
         [False, False, False,  ..., False, False, False],
         [False, False, False,  ..., False, False, False],
         [False, False, False,  ..., False, False, False]],

        ...,

        [[False, False, False,  ..., False, False, False],
         [False, False, False,  ..., False, False, False],
         [False, False, False,  ..., False, False, False],
         ...,
         [False, False, False,  ..., False, False, False],
         [False, False, False,  ..., False, False, False],
         [False, False, False,  ..., False, False, False]],

        [[False, False, False,  ..., False, False, False],
         [False, False, False,  ..., False, False, False],
         [False, False, False,  ..., False, False, False],
         ...,
         [False, False, False,  ..., False, False, False],
         [False, False, False,  ..., False, False, False],
         [False, False, False,  ..., False, False, False]],

        [[False, False, False,  ..., False, False, False],
         [False, False, False,  ..., False, False, False],
         [False, False, False,  ..., False, False, False],
         ...,
         [False, False, False,  ..., False, False, False],
         [False, False, False,  ..., False, False, False],
         [False, False, False,  ..., False, False, False]]])])}
[02/28 06:22:39 mask2former.data.dataset_mappers.mask_former_semantic_dataset_mapper]: None
[02/28 06:22:39 mask2former.data.dataset_mappers.mask_former_semantic_dataset_mapper]: output dataset_dict: {'file_name': '/cpfs01/projects-HDD/pujianxiangmuzu_HDD/public/mr/./leftImg8bit_trainvaltest/leftImg8bit/train/zurich/zurich_000023_000019_leftImg8bit.png', 'width': 2048, 'height': 1024, 'image': tensor([[[50, 57, 59,  ..., 46, 45, 45],
         [57, 62, 62,  ..., 45, 46, 52],
         [61, 62, 60,  ..., 41, 48, 55],
         ...,
         [61, 58, 55,  ..., 56, 55, 54],
         [61, 55, 53,  ..., 55, 54, 55],
         [60, 56, 54,  ..., 55, 54, 55]],

        [[63, 67, 66,  ..., 68, 66, 65],
         [72, 75, 74,  ..., 66, 68, 73],
         [78, 76, 75,  ..., 62, 70, 78],
         ...,
         [73, 70, 69,  ..., 69, 69, 68],
         [75, 71, 68,  ..., 68, 68, 68],
         [75, 71, 69,  ..., 68, 67, 68]],

        [[37, 40, 45,  ..., 48, 45, 44],
         [48, 49, 51,  ..., 47, 47, 51],
         [55, 51, 51,  ..., 43, 49, 57],
         ...,
         [66, 66, 63,  ..., 62, 61, 61],
         [69, 67, 65,  ..., 62, 60, 61],
         [70, 69, 67,  ..., 62, 60, 61]]], dtype=torch.uint8), 'sem_seg': tensor([[8, 8, 8,  ..., 8, 8, 8],
        [8, 8, 8,  ..., 8, 8, 8],
        [8, 8, 8,  ..., 8, 8, 8],
        ...,
        [0, 0, 0,  ..., 0, 0, 0],
        [0, 0, 0,  ..., 0, 0, 0],
        [0, 0, 0,  ..., 0, 0, 0]]), 'instances': Instances(num_instances=23, image_height=768, image_width=768, fields=[gt_classes: tensor([ 0,  5,  6,  7,  8,  9, 13, 18,  0,  8, 13,  0,  8, 13,  8,  0,  8,  0,
         0,  8,  8,  8,  8]), gt_masks: tensor([[[False, False, False,  ..., False, False, False],
         [False, False, False,  ..., False, False, False],
         [False, False, False,  ..., False, False, False],
         ...,
         [False, False, False,  ..., False, False, False],
         [False, False, False,  ..., False, False, False],
         [False, False, False,  ..., False, False, False]],

        [[False, False, False,  ..., False, False, False],
         [False, False, False,  ..., False, False, False],
         [False, False, False,  ..., False, False, False],
         ...,
         [False, False, False,  ..., False, False, False],
         [False, False, False,  ..., False, False, False],
         [False, False, False,  ..., False, False, False]],

        [[False, False, False,  ..., False, False, False],
         [False, False, False,  ..., False, False, False],
         [False, False, False,  ..., False, False, False],
         ...,
         [False, False, False,  ..., False, False, False],
         [False, False, False,  ..., False, False, False],
         [False, False, False,  ..., False, False, False]],

        ...,

        [[False, False, False,  ..., False, False, False],
         [False, False, False,  ..., False, False, False],
         [False, False, False,  ..., False, False, False],
         ...,
         [False, False, False,  ..., False, False, False],
         [False, False, False,  ..., False, False, False],
         [False, False, False,  ..., False, False, False]],

        [[False, False, False,  ..., False, False, False],
         [False, False, False,  ..., False, False, False],
         [False, False, False,  ..., False, False, False],
         ...,
         [False, False, False,  ..., False, False, False],
         [False, False, False,  ..., False, False, False],
         [False, False, False,  ..., False, False, False]],

        [[False, False, False,  ..., False, False, False],
         [False, False, False,  ..., False, False, False],
         [False, False, False,  ..., False, False, False],
         ...,
         [False, False, False,  ..., False, False, False],
         [False, False, False,  ..., False, False, False],
         [False, False, False,  ..., False, False, False]]])])}
[02/28 06:22:39 mask2former.data.dataset_mappers.mask_former_semantic_dataset_mapper]: None
[02/28 06:22:39 mask2former.data.dataset_mappers.mask_former_semantic_dataset_mapper]: output dataset_dict: {'file_name': '/cpfs01/projects-HDD/pujianxiangmuzu_HDD/public/mr/./leftImg8bit_trainvaltest/leftImg8bit/train/stuttgart/stuttgart_000027_000019_leftImg8bit.png', 'width': 2048, 'height': 1024, 'image': tensor([[[ 46,  47,  50,  ...,  95,  95,  98],
         [ 46,  50,  51,  ...,  93,  95,  98],
         [ 46,  50,  51,  ...,  95,  95,  98],
         ...,
         [ 88,  87,  91,  ..., 230, 230, 232],
         [ 91,  91,  94,  ..., 233, 234, 233],
         [ 94,  96,  97,  ..., 240, 239, 236]],

        [[ 54,  57,  58,  ..., 115, 116, 118],
         [ 55,  55,  57,  ..., 115, 116, 119],
         [ 55,  55,  55,  ..., 115, 116, 119],
         ...,
         [ 96,  98,  99,  ..., 233, 232, 233],
         [ 99, 100, 102,  ..., 236, 235, 231],
         [102, 104, 106,  ..., 239, 239, 236]],

        [[ 45,  46,  48,  ...,  95,  97, 101],
         [ 45,  48,  48,  ...,  94,  97, 101],
         [ 45,  48,  48,  ...,  95,  97, 101],
         ...,
         [ 82,  83,  86,  ..., 215, 214, 212],
         [ 86,  85,  88,  ..., 214, 212, 211],
         [ 88,  90,  91,  ..., 217, 215, 214]]], dtype=torch.uint8), 'sem_seg': tensor([[255, 255, 255,  ...,   2,   2,   2],
        [255, 255, 255,  ...,   2,   2,   2],
        [255, 255, 255,  ...,   2,   2,   2],
        ...,
        [  0,   0,   0,  ...,   0,   0,   0],
        [  0,   0,   0,  ...,   0,   0,   0],
        [  0,   0,   0,  ...,   0,   0,   0]]), 'instances': Instances(num_instances=28, image_height=768, image_width=768, fields=[gt_classes: tensor([ 0,  1,  2,  5,  7,  8,  9, 13, 17,  0,  1,  2,  9, 17,  0, 17,  0,  0,
         2,  7,  0,  2,  2,  7,  2,  2,  2,  2]), gt_masks: tensor([[[False, False, False,  ..., False, False, False],
         [False, False, False,  ..., False, False, False],
         [False, False, False,  ..., False, False, False],
         ...,
         [False, False, False,  ..., False, False, False],
         [False, False, False,  ..., False, False, False],
         [False, False, False,  ..., False, False, False]],

        [[False, False, False,  ..., False, False, False],
         [False, False, False,  ..., False, False, False],
         [False, False, False,  ..., False, False, False],
         ...,
         [False, False, False,  ..., False, False, False],
         [False, False, False,  ..., False, False, False],
         [False, False, False,  ..., False, False, False]],

        [[False, False, False,  ..., False, False, False],
         [False, False, False,  ..., False, False, False],
         [False, False, False,  ..., False, False, False],
         ...,
         [False, False, False,  ..., False, False, False],
         [False, False, False,  ..., False, False, False],
         [False, False, False,  ..., False, False, False]],

        ...,

        [[False, False, False,  ..., False, False, False],
         [False, False, False,  ..., False, False, False],
         [False, False, False,  ..., False, False, False],
         ...,
         [False, False, False,  ..., False, False, False],
         [False, False, False,  ..., False, False, False],
         [False, False, False,  ..., False, False, False]],

        [[False, False, False,  ..., False, False, False],
         [False, False, False,  ..., False, False, False],
         [False, False, False,  ..., False, False, False],
         ...,
         [False, False, False,  ..., False, False, False],
         [False, False, False,  ..., False, False, False],
         [False, False, False,  ..., False, False, False]],

        [[False, False, False,  ..., False, False, False],
         [False, False, False,  ..., False, False, False],
         [False, False, False,  ..., False, False, False],
         ...,
         [False, False, False,  ..., False, False, False],
         [False, False, False,  ..., False, False, False],
         [False, False, False,  ..., False, False, False]]])])}
[02/28 06:22:39 mask2former.data.dataset_mappers.mask_former_semantic_dataset_mapper]: None
[02/28 06:22:40 mask2former.data.dataset_mappers.mask_former_semantic_dataset_mapper]: output dataset_dict: {'file_name': '/cpfs01/projects-HDD/pujianxiangmuzu_HDD/public/mr/./leftImg8bit_trainvaltest/leftImg8bit/train/dusseldorf/dusseldorf_000178_000019_leftImg8bit.png', 'width': 2048, 'height': 1024, 'image': tensor([[[187, 186, 187,  ..., 174, 174, 175],
         [186, 186, 185,  ..., 174, 175, 174],
         [184, 185, 184,  ..., 172, 172, 173],
         ...,
         [ 18,  19,  20,  ...,  31,  32,  32],
         [ 18,  20,  20,  ...,  32,  32,  32],
         [ 17,  18,  18,  ...,  32,  32,  32]],

        [[215, 214, 216,  ..., 200, 200, 200],
         [215, 214, 214,  ..., 199, 200, 200],
         [215, 216, 216,  ..., 199, 198, 198],
         ...,
         [ 27,  28,  28,  ...,  41,  41,  41],
         [ 27,  28,  27,  ...,  41,  41,  42],
         [ 25,  26,  26,  ...,  41,  41,  42]],

        [[211, 209, 210,  ..., 191, 192, 192],
         [210, 207, 206,  ..., 190, 191, 191],
         [207, 207, 207,  ..., 189, 189, 189],
         ...,
         [ 21,  22,  22,  ...,  34,  33,  33],
         [ 21,  22,  22,  ...,  34,  34,  34],
         [ 20,  21,  21,  ...,  34,  34,  34]]], dtype=torch.uint8), 'sem_seg': tensor([[255, 255, 255,  ..., 255, 255, 255],
        [255, 255, 255,  ..., 255, 255, 255],
        [255, 255, 255,  ..., 255, 255, 255],
        ...,
        [255, 255, 255,  ..., 255, 255, 255],
        [255, 255, 255,  ..., 255, 255, 255],
        [255, 255, 255,  ..., 255, 255, 255]]), 'instances': Instances(num_instances=51, image_height=614, image_width=768, fields=[gt_classes: tensor([ 0,  1,  2,  4,  5,  6,  7,  8,  9, 10, 11, 13, 18,  0,  1,  2,  7, 10,
        13,  0,  1,  2,  7, 10, 13,  0,  2, 10, 13,  0,  2,  8, 13,  0,  8,  0,
         2,  8,  0,  2,  8,  0,  2,  8,  0,  0,  2,  0,  2,  2,  2]), gt_masks: tensor([[[False, False, False,  ..., False, False, False],
         [False, False, False,  ..., False, False, False],
         [False, False, False,  ..., False, False, False],
         ...,
         [False, False, False,  ..., False, False, False],
         [False, False, False,  ..., False, False, False],
         [False, False, False,  ..., False, False, False]],

        [[False, False, False,  ..., False, False, False],
         [False, False, False,  ..., False, False, False],
         [False, False, False,  ..., False, False, False],
         ...,
         [False, False, False,  ..., False, False, False],
         [False, False, False,  ..., False, False, False],
         [False, False, False,  ..., False, False, False]],

        [[False, False, False,  ..., False, False, False],
         [False, False, False,  ..., False, False, False],
         [False, False, False,  ..., False, False, False],
         ...,
         [False, False, False,  ..., False, False, False],
         [False, False, False,  ..., False, False, False],
         [False, False, False,  ..., False, False, False]],

        ...,

        [[False, False, False,  ..., False, False, False],
         [False, False, False,  ..., False, False, False],
         [False, False, False,  ..., False, False, False],
         ...,
         [False, False, False,  ..., False, False, False],
         [False, False, False,  ..., False, False, False],
         [False, False, False,  ..., False, False, False]],

        [[False, False, False,  ..., False, False, False],
         [False, False, False,  ..., False, False, False],
         [False, False, False,  ..., False, False, False],
         ...,
         [False, False, False,  ..., False, False, False],
         [False, False, False,  ..., False, False, False],
         [False, False, False,  ..., False, False, False]],

        [[False, False, False,  ..., False, False, False],
         [False, False, False,  ..., False, False, False],
         [False, False, False,  ..., False, False, False],
         ...,
         [False, False, False,  ..., False, False, False],
         [False, False, False,  ..., False, False, False],
         [False, False, False,  ..., False, False, False]]])])}
[02/28 06:22:40 mask2former.data.dataset_mappers.mask_former_semantic_dataset_mapper]: None
[02/28 06:22:40 mask2former.data.dataset_mappers.mask_former_semantic_dataset_mapper]: output dataset_dict: {'file_name': '/cpfs01/projects-HDD/pujianxiangmuzu_HDD/public/mr/./leftImg8bit_trainvaltest/leftImg8bit/train/zurich/zurich_000112_000019_leftImg8bit.png', 'width': 2048, 'height': 1024, 'image': tensor([[[21, 21, 21,  ..., 24, 24, 24],
         [21, 21, 21,  ..., 24, 24, 24],
         [22, 22, 22,  ..., 24, 24, 25],
         ...,
         [35, 37, 37,  ..., 37, 37, 37],
         [37, 37, 37,  ..., 37, 37, 37],
         [37, 37, 37,  ..., 37, 37, 37]],

        [[31, 31, 31,  ..., 30, 30, 30],
         [32, 32, 32,  ..., 30, 30, 30],
         [32, 32, 32,  ..., 30, 30, 29],
         ...,
         [48, 48, 48,  ..., 47, 48, 48],
         [48, 48, 48,  ..., 48, 48, 48],
         [48, 48, 48,  ..., 48, 48, 48]],

        [[24, 24, 24,  ..., 27, 27, 27],
         [25, 25, 25,  ..., 27, 27, 27],
         [25, 26, 26,  ..., 27, 27, 26],
         ...,
         [46, 46, 46,  ..., 44, 43, 43],
         [46, 46, 46,  ..., 43, 43, 43],
         [46, 46, 46,  ..., 43, 43, 43]]], dtype=torch.uint8), 'sem_seg': tensor([[8, 8, 8,  ..., 8, 8, 8],
        [8, 8, 8,  ..., 8, 8, 8],
        [8, 8, 8,  ..., 8, 8, 8],
        ...,
        [0, 0, 0,  ..., 0, 0, 0],
        [0, 0, 0,  ..., 0, 0, 0],
        [0, 0, 0,  ..., 0, 0, 0]]), 'instances': Instances(num_instances=19, image_height=768, image_width=768, fields=[gt_classes: tensor([0, 1, 5, 8, 9, 0, 1, 9, 1, 5, 9, 1, 8, 1, 8, 8, 8, 8, 8]), gt_masks: tensor([[[False, False, False,  ..., False, False, False],
         [False, False, False,  ..., False, False, False],
         [False, False, False,  ..., False, False, False],
         ...,
         [False, False, False,  ..., False, False, False],
         [False, False, False,  ..., False, False, False],
         [False, False, False,  ..., False, False, False]],

        [[False, False, False,  ..., False, False, False],
         [False, False, False,  ..., False, False, False],
         [False, False, False,  ..., False, False, False],
         ...,
         [False, False, False,  ..., False, False, False],
         [False, False, False,  ..., False, False, False],
         [False, False, False,  ..., False, False, False]],

        [[False, False, False,  ..., False, False, False],
         [False, False, False,  ..., False, False, False],
         [False, False, False,  ..., False, False, False],
         ...,
         [False, False, False,  ..., False, False, False],
         [False, False, False,  ..., False, False, False],
         [False, False, False,  ..., False, False, False]],

        ...,

        [[False, False, False,  ..., False, False, False],
         [False, False, False,  ..., False, False, False],
         [False, False, False,  ..., False, False, False],
         ...,
         [False, False, False,  ..., False, False, False],
         [False, False, False,  ..., False, False, False],
         [False, False, False,  ..., False, False, False]],

        [[False, False, False,  ...,  True,  True,  True],
         [False, False, False,  ...,  True,  True,  True],
         [False, False, False,  ...,  True,  True,  True],
         ...,
         [False, False, False,  ..., False, False, False],
         [False, False, False,  ..., False, False, False],
         [False, False, False,  ..., False, False, False]],

        [[False, False, False,  ..., False, False, False],
         [False, False, False,  ..., False, False, False],
         [False, False, False,  ..., False, False, False],
         ...,
         [False, False, False,  ..., False, False, False],
         [False, False, False,  ..., False, False, False],
         [False, False, False,  ..., False, False, False]]])])}
[02/28 06:22:40 mask2former.data.dataset_mappers.mask_former_semantic_dataset_mapper]: None
[02/28 06:22:40 mask2former.data.dataset_mappers.mask_former_semantic_dataset_mapper]: output dataset_dict: {'file_name': '/cpfs01/projects-HDD/pujianxiangmuzu_HDD/public/mr/./leftImg8bit_trainvaltest/leftImg8bit/train/bochum/bochum_000000_033331_leftImg8bit.png', 'width': 2048, 'height': 1024, 'image': tensor([[[56, 59, 63,  ...,  9, 24, 35],
         [57, 59, 61,  ..., 11, 25, 35],
         [57, 59, 61,  ..., 11, 25, 34],
         ...,
         [86, 83, 83,  ..., 74, 73, 73],
         [86, 83, 83,  ..., 73, 71, 73],
         [86, 83, 83,  ..., 71, 73, 73]],

        [[69, 72, 73,  ..., 24, 33, 19],
         [71, 73, 74,  ..., 26, 34, 20],
         [71, 74, 74,  ..., 28, 35, 20],
         ...,
         [92, 92, 91,  ..., 84, 84, 86],
         [92, 92, 91,  ..., 84, 84, 84],
         [92, 92, 91,  ..., 84, 84, 84]],

        [[56, 58, 59,  ..., 16, 28, 25],
         [57, 58, 60,  ..., 17, 29, 26],
         [57, 59, 60,  ..., 19, 29, 25],
         ...,
         [79, 77, 77,  ..., 73, 71, 71],
         [79, 77, 77,  ..., 73, 71, 71],
         [79, 77, 77,  ..., 71, 73, 71]]], dtype=torch.uint8), 'sem_seg': tensor([[255, 255, 255,  ..., 255, 255, 255],
        [255, 255, 255,  ..., 255, 255, 255],
        [255, 255, 255,  ..., 255, 255, 255],
        ...,
        [255, 255, 255,  ..., 255, 255, 255],
        [255, 255, 255,  ..., 255, 255, 255],
        [255, 255, 255,  ..., 255, 255, 255]]), 'instances': Instances(num_instances=47, image_height=512, image_width=768, fields=[gt_classes: tensor([ 0,  1,  2,  4,  5,  6,  7,  8, 10, 13,  0,  2,  8, 10, 13,  0,  2, 10,
        13,  0,  2, 10, 13,  2, 13,  2, 13,  2, 13,  2, 13,  2, 13, 13,  2, 13,
        13,  2, 13, 13,  2, 13,  2,  2,  2,  2,  2]), gt_masks: tensor([[[False, False, False,  ..., False, False, False],
         [False, False, False,  ..., False, False, False],
         [False, False, False,  ..., False, False, False],
         ...,
         [False, False, False,  ..., False, False, False],
         [False, False, False,  ..., False, False, False],
         [False, False, False,  ..., False, False, False]],

        [[False, False, False,  ..., False, False, False],
         [False, False, False,  ..., False, False, False],
         [False, False, False,  ..., False, False, False],
         ...,
         [False, False, False,  ..., False, False, False],
         [False, False, False,  ..., False, False, False],
         [False, False, False,  ..., False, False, False]],

        [[False, False, False,  ..., False, False, False],
         [False, False, False,  ..., False, False, False],
         [False, False, False,  ..., False, False, False],
         ...,
         [False, False, False,  ..., False, False, False],
         [False, False, False,  ..., False, False, False],
         [False, False, False,  ..., False, False, False]],

        ...,

        [[False, False, False,  ..., False, False, False],
         [False, False, False,  ..., False, False, False],
         [False, False, False,  ..., False, False, False],
         ...,
         [False, False, False,  ..., False, False, False],
         [False, False, False,  ..., False, False, False],
         [False, False, False,  ..., False, False, False]],

        [[False, False, False,  ..., False, False, False],
         [False, False, False,  ..., False, False, False],
         [False, False, False,  ..., False, False, False],
         ...,
         [False, False, False,  ..., False, False, False],
         [False, False, False,  ..., False, False, False],
         [False, False, False,  ..., False, False, False]],

        [[False, False, False,  ..., False, False, False],
         [False, False, False,  ..., False, False, False],
         [False, False, False,  ..., False, False, False],
         ...,
         [False, False, False,  ..., False, False, False],
         [False, False, False,  ..., False, False, False],
         [False, False, False,  ..., False, False, False]]])])}
[02/28 06:22:40 mask2former.data.dataset_mappers.mask_former_semantic_dataset_mapper]: None
[02/28 06:22:40 mask2former.data.dataset_mappers.mask_former_semantic_dataset_mapper]: output dataset_dict: {'file_name': '/cpfs01/projects-HDD/pujianxiangmuzu_HDD/public/mr/./leftImg8bit_trainvaltest/leftImg8bit/train/bremen/bremen_000298_000019_leftImg8bit.png', 'width': 2048, 'height': 1024, 'image': tensor([[[ 60,  60,  65,  ..., 124, 124, 124],
         [ 62,  65,  69,  ..., 127, 125, 124],
         [ 63,  66,  72,  ..., 128, 127, 124],
         ...,
         [ 76,  77,  79,  ..., 104, 103, 104],
         [ 81,  81,  83,  ..., 110, 110, 110],
         [ 87,  84,  86,  ..., 115, 115, 114]],

        [[ 65,  65,  67,  ..., 141, 138, 137],
         [ 65,  66,  70,  ..., 142, 139, 138],
         [ 65,  67,  73,  ..., 144, 141, 138],
         ...,
         [ 94,  96,  96,  ..., 118, 118, 120],
         [100, 100, 100,  ..., 124, 124, 124],
         [104, 103, 103,  ..., 128, 128, 128]],

        [[ 45,  48,  49,  ..., 111, 111, 111],
         [ 46,  49,  50,  ..., 113, 113, 113],
         [ 48,  50,  53,  ..., 114, 114, 113],
         ...,
         [ 76,  74,  74,  ..., 100, 100, 100],
         [ 80,  79,  79,  ..., 103, 104, 104],
         [ 84,  83,  81,  ..., 107, 107, 107]]], dtype=torch.uint8), 'sem_seg': tensor([[  8,   8,   8,  ...,   2,   2,   2],
        [  8,   8,   8,  ...,   2,   2,   2],
        [  8,   8,   8,  ...,   2,   2,   2],
        ...,
        [255, 255, 255,  ..., 255, 255, 255],
        [255, 255, 255,  ..., 255, 255, 255],
        [255, 255, 255,  ..., 255, 255, 255]]), 'instances': Instances(num_instances=22, image_height=768, image_width=768, fields=[gt_classes: tensor([ 1,  2,  5,  7,  8,  9, 11, 18,  1,  1,  7,  8,  1,  2,  2,  8,  2,  2,
         2,  8,  2,  2]), gt_masks: tensor([[[False, False, False,  ..., False, False, False],
         [False, False, False,  ..., False, False, False],
         [False, False, False,  ..., False, False, False],
         ...,
         [False, False, False,  ..., False, False, False],
         [False, False, False,  ..., False, False, False],
         [False, False, False,  ..., False, False, False]],

        [[False, False, False,  ..., False, False, False],
         [False, False, False,  ..., False, False, False],
         [False, False, False,  ..., False, False, False],
         ...,
         [False, False, False,  ..., False, False, False],
         [False, False, False,  ..., False, False, False],
         [False, False, False,  ..., False, False, False]],

        [[False, False, False,  ..., False, False, False],
         [False, False, False,  ..., False, False, False],
         [False, False, False,  ..., False, False, False],
         ...,
         [False, False, False,  ..., False, False, False],
         [False, False, False,  ..., False, False, False],
         [False, False, False,  ..., False, False, False]],

        ...,

        [[False, False, False,  ..., False, False, False],
         [False, False, False,  ..., False, False, False],
         [False, False, False,  ..., False, False, False],
         ...,
         [False, False, False,  ..., False, False, False],
         [False, False, False,  ..., False, False, False],
         [False, False, False,  ..., False, False, False]],

        [[False, False, False,  ..., False, False, False],
         [False, False, False,  ..., False, False, False],
         [False, False, False,  ..., False, False, False],
         ...,
         [False, False, False,  ..., False, False, False],
         [False, False, False,  ..., False, False, False],
         [False, False, False,  ..., False, False, False]],

        [[False, False, False,  ..., False, False, False],
         [False, False, False,  ..., False, False, False],
         [False, False, False,  ..., False, False, False],
         ...,
         [False, False, False,  ..., False, False, False],
         [False, False, False,  ..., False, False, False],
         [False, False, False,  ..., False, False, False]]])])}
[02/28 06:22:40 mask2former.data.dataset_mappers.mask_former_semantic_dataset_mapper]: None
[02/28 06:22:41 mask2former.data.dataset_mappers.mask_former_semantic_dataset_mapper]: output dataset_dict: {'file_name': '/cpfs01/projects-HDD/pujianxiangmuzu_HDD/public/mr/./leftImg8bit_trainvaltest/leftImg8bit/train/ulm/ulm_000021_000019_leftImg8bit.png', 'width': 2048, 'height': 1024, 'image': tensor([[[21, 22, 21,  ..., 47, 49, 49],
         [21, 21, 21,  ..., 46, 47, 47],
         [21, 21, 21,  ..., 47, 48, 48],
         ...,
         [74, 74, 73,  ..., 87, 86, 85],
         [74, 74, 73,  ..., 87, 86, 85],
         [74, 75, 74,  ..., 85, 84, 85]],

        [[29, 29, 29,  ..., 55, 55, 55],
         [29, 29, 29,  ..., 55, 55, 55],
         [29, 29, 29,  ..., 55, 55, 55],
         ...,
         [82, 82, 81,  ..., 95, 94, 94],
         [82, 82, 81,  ..., 94, 94, 94],
         [82, 83, 83,  ..., 94, 93, 93]],

        [[22, 23, 23,  ..., 42, 42, 42],
         [22, 23, 23,  ..., 42, 42, 42],
         [22, 22, 23,  ..., 42, 44, 45],
         ...,
         [67, 67, 67,  ..., 81, 81, 81],
         [67, 67, 67,  ..., 82, 81, 81],
         [67, 67, 67,  ..., 81, 80, 80]]], dtype=torch.uint8), 'sem_seg': tensor([[8, 8, 8,  ..., 2, 2, 2],
        [8, 8, 8,  ..., 2, 2, 2],
        [8, 8, 8,  ..., 2, 2, 2],
        ...,
        [0, 0, 0,  ..., 0, 0, 0],
        [0, 0, 0,  ..., 0, 0, 0],
        [0, 0, 0,  ..., 0, 0, 0]]), 'instances': Instances(num_instances=33, image_height=768, image_width=768, fields=[gt_classes: tensor([ 0,  1,  2,  4,  5,  6,  7,  8,  9, 13, 15,  0,  1,  2,  4,  8,  1,  2,
         4,  1,  2,  4,  8,  0,  2,  8, 15,  0,  2,  2,  4,  4,  4]), gt_masks: tensor([[[False, False, False,  ..., False, False, False],
         [False, False, False,  ..., False, False, False],
         [False, False, False,  ..., False, False, False],
         ...,
         [False, False, False,  ..., False, False, False],
         [False, False, False,  ..., False, False, False],
         [False, False, False,  ..., False, False, False]],

        [[False, False, False,  ..., False, False, False],
         [False, False, False,  ..., False, False, False],
         [False, False, False,  ..., False, False, False],
         ...,
         [False, False, False,  ..., False, False, False],
         [False, False, False,  ..., False, False, False],
         [False, False, False,  ..., False, False, False]],

        [[False, False, False,  ..., False, False, False],
         [False, False, False,  ..., False, False, False],
         [False, False, False,  ..., False, False, False],
         ...,
         [False, False, False,  ..., False, False, False],
         [False, False, False,  ..., False, False, False],
         [False, False, False,  ..., False, False, False]],

        ...,

        [[False, False, False,  ..., False, False, False],
         [False, False, False,  ..., False, False, False],
         [False, False, False,  ..., False, False, False],
         ...,
         [False, False, False,  ..., False, False, False],
         [False, False, False,  ..., False, False, False],
         [False, False, False,  ..., False, False, False]],

        [[False, False, False,  ..., False, False, False],
         [False, False, False,  ..., False, False, False],
         [False, False, False,  ..., False, False, False],
         ...,
         [False, False, False,  ..., False, False, False],
         [False, False, False,  ..., False, False, False],
         [False, False, False,  ..., False, False, False]],

        [[False, False, False,  ..., False, False, False],
         [False, False, False,  ..., False, False, False],
         [False, False, False,  ..., False, False, False],
         ...,
         [False, False, False,  ..., False, False, False],
         [False, False, False,  ..., False, False, False],
         [False, False, False,  ..., False, False, False]]])])}
[02/28 06:22:41 mask2former.data.dataset_mappers.mask_former_semantic_dataset_mapper]: None
[02/28 06:22:41 mask2former.data.dataset_mappers.mask_former_semantic_dataset_mapper]: output dataset_dict: {'file_name': '/cpfs01/projects-HDD/pujianxiangmuzu_HDD/public/mr/./leftImg8bit_trainvaltest/leftImg8bit/train/strasbourg/strasbourg_000001_060821_leftImg8bit.png', 'width': 2048, 'height': 1024, 'image': tensor([[[78, 79, 79,  ..., 89, 90, 91],
         [78, 79, 79,  ..., 89, 90, 89],
         [78, 79, 79,  ..., 89, 90, 89],
         ...,
         [78, 78, 78,  ..., 78, 79, 76],
         [78, 78, 78,  ..., 78, 79, 77],
         [78, 78, 78,  ..., 77, 78, 74]],

        [[84, 84, 84,  ..., 93, 94, 93],
         [84, 84, 84,  ..., 94, 95, 93],
         [84, 84, 84,  ..., 94, 95, 93],
         ...,
         [83, 84, 84,  ..., 83, 82, 79],
         [84, 83, 83,  ..., 82, 82, 80],
         [84, 82, 82,  ..., 82, 81, 78]],

        [[77, 78, 78,  ..., 87, 88, 90],
         [77, 78, 78,  ..., 88, 90, 88],
         [77, 78, 78,  ..., 88, 89, 87],
         ...,
         [69, 70, 70,  ..., 71, 72, 70],
         [71, 69, 69,  ..., 72, 72, 69],
         [72, 70, 70,  ..., 71, 71, 67]]], dtype=torch.uint8), 'sem_seg': tensor([[2, 2, 2,  ..., 2, 2, 2],
        [2, 2, 2,  ..., 2, 2, 2],
        [2, 2, 2,  ..., 2, 2, 2],
        ...,
        [0, 0, 0,  ..., 0, 0, 0],
        [0, 0, 0,  ..., 0, 0, 0],
        [0, 0, 0,  ..., 0, 0, 0]]), 'instances': Instances(num_instances=24, image_height=768, image_width=768, fields=[gt_classes: tensor([ 0,  1,  2,  5,  7, 18,  0,  2,  7,  2,  2,  2,  2,  2,  2,  2,  2,  2,
         2,  2,  2,  2,  2,  2]), gt_masks: tensor([[[False, False, False,  ..., False, False, False],
         [False, False, False,  ..., False, False, False],
         [False, False, False,  ..., False, False, False],
         ...,
         [False, False, False,  ..., False, False, False],
         [False, False, False,  ..., False, False, False],
         [False, False, False,  ..., False, False, False]],

        [[False, False, False,  ..., False, False, False],
         [False, False, False,  ..., False, False, False],
         [False, False, False,  ..., False, False, False],
         ...,
         [False, False, False,  ..., False, False, False],
         [False, False, False,  ..., False, False, False],
         [False, False, False,  ..., False, False, False]],

        [[False, False, False,  ..., False, False, False],
         [False, False, False,  ..., False, False, False],
         [False, False, False,  ..., False, False, False],
         ...,
         [False, False, False,  ..., False, False, False],
         [False, False, False,  ..., False, False, False],
         [False, False, False,  ..., False, False, False]],

        ...,

        [[False, False, False,  ..., False, False, False],
         [False, False, False,  ..., False, False, False],
         [False, False, False,  ..., False, False, False],
         ...,
         [False, False, False,  ..., False, False, False],
         [False, False, False,  ..., False, False, False],
         [False, False, False,  ..., False, False, False]],

        [[False, False, False,  ..., False, False, False],
         [False, False, False,  ..., False, False, False],
         [False, False, False,  ..., False, False, False],
         ...,
         [False, False, False,  ..., False, False, False],
         [False, False, False,  ..., False, False, False],
         [False, False, False,  ..., False, False, False]],

        [[False, False, False,  ..., False, False, False],
         [False, False, False,  ..., False, False, False],
         [False, False, False,  ..., False, False, False],
         ...,
         [False, False, False,  ..., False, False, False],
         [False, False, False,  ..., False, False, False],
         [False, False, False,  ..., False, False, False]]])])}
[02/28 06:22:41 mask2former.data.dataset_mappers.mask_former_semantic_dataset_mapper]: None
[02/28 06:22:41 mask2former.data.dataset_mappers.mask_former_semantic_dataset_mapper]: output dataset_dict: {'file_name': '/cpfs01/projects-HDD/pujianxiangmuzu_HDD/public/mr/./leftImg8bit_trainvaltest/leftImg8bit/train/aachen/aachen_000012_000019_leftImg8bit.png', 'width': 2048, 'height': 1024, 'image': tensor([[[43, 39, 39,  ..., 25, 24, 24],
         [45, 39, 37,  ..., 26, 26, 25],
         [44, 46, 44,  ..., 26, 25, 25],
         ...,
         [63, 64, 64,  ..., 51, 51, 51],
         [63, 64, 65,  ..., 50, 51, 51],
         [63, 64, 65,  ..., 49, 49, 49]],

        [[51, 46, 45,  ..., 30, 29, 29],
         [52, 45, 44,  ..., 30, 29, 29],
         [52, 52, 51,  ..., 30, 29, 29],
         ...,
         [73, 74, 74,  ..., 59, 59, 60],
         [73, 74, 74,  ..., 58, 59, 60],
         [73, 74, 74,  ..., 57, 58, 58]],

        [[36, 33, 32,  ..., 25, 24, 24],
         [37, 32, 31,  ..., 25, 24, 24],
         [35, 36, 36,  ..., 25, 24, 23],
         ...,
         [65, 66, 66,  ..., 51, 51, 52],
         [67, 67, 67,  ..., 51, 51, 52],
         [67, 67, 67,  ..., 49, 50, 50]]], dtype=torch.uint8), 'sem_seg': tensor([[255, 255, 255,  ..., 255, 255, 255],
        [255, 255, 255,  ..., 255, 255, 255],
        [255, 255, 255,  ..., 255, 255, 255],
        ...,
        [255, 255, 255,  ..., 255, 255, 255],
        [255, 255, 255,  ..., 255, 255, 255],
        [255, 255, 255,  ..., 255, 255, 255]]), 'instances': Instances(num_instances=50, image_height=614, image_width=768, fields=[gt_classes: tensor([ 0,  1,  2,  5,  6,  7,  8,  9, 10, 11, 13, 15,  0,  1,  8, 10, 13, 15,
         0,  2,  8, 15,  0,  2,  8, 15,  0,  2,  8, 15,  8, 13, 15,  2,  8, 15,
         8, 15, 15, 13, 15,  8, 15,  8, 15,  2,  8, 13,  8,  8]), gt_masks: tensor([[[False, False, False,  ..., False, False, False],
         [False, False, False,  ..., False, False, False],
         [False, False, False,  ..., False, False, False],
         ...,
         [False, False, False,  ..., False, False, False],
         [False, False, False,  ..., False, False, False],
         [False, False, False,  ..., False, False, False]],

        [[False, False, False,  ..., False, False, False],
         [False, False, False,  ..., False, False, False],
         [False, False, False,  ..., False, False, False],
         ...,
         [False, False, False,  ..., False, False, False],
         [False, False, False,  ..., False, False, False],
         [False, False, False,  ..., False, False, False]],

        [[False, False, False,  ..., False, False, False],
         [False, False, False,  ..., False, False, False],
         [False, False, False,  ..., False, False, False],
         ...,
         [False, False, False,  ..., False, False, False],
         [False, False, False,  ..., False, False, False],
         [False, False, False,  ..., False, False, False]],

        ...,

        [[False, False, False,  ..., False, False, False],
         [False, False, False,  ..., False, False, False],
         [False, False, False,  ..., False, False, False],
         ...,
         [False, False, False,  ..., False, False, False],
         [False, False, False,  ..., False, False, False],
         [False, False, False,  ..., False, False, False]],

        [[False, False, False,  ..., False, False, False],
         [False, False, False,  ..., False, False, False],
         [False, False, False,  ..., False, False, False],
         ...,
         [False, False, False,  ..., False, False, False],
         [False, False, False,  ..., False, False, False],
         [False, False, False,  ..., False, False, False]],

        [[False, False, False,  ..., False, False, False],
         [False, False, False,  ..., False, False, False],
         [False, False, False,  ..., False, False, False],
         ...,
         [False, False, False,  ..., False, False, False],
         [False, False, False,  ..., False, False, False],
         [False, False, False,  ..., False, False, False]]])])}
[02/28 06:22:41 mask2former.data.dataset_mappers.mask_former_semantic_dataset_mapper]: None
[02/28 06:22:41 mask2former.data.dataset_mappers.mask_former_semantic_dataset_mapper]: output dataset_dict: {'file_name': '/cpfs01/projects-HDD/pujianxiangmuzu_HDD/public/mr/./leftImg8bit_trainvaltest/leftImg8bit/train/bremen/bremen_000031_000019_leftImg8bit.png', 'width': 2048, 'height': 1024, 'image': tensor([[[60, 60, 60,  ..., 57, 65, 71],
         [58, 60, 60,  ..., 58, 67, 70],
         [59, 60, 60,  ..., 60, 67, 71],
         ...,
         [73, 74, 73,  ..., 52, 50, 49],
         [73, 73, 72,  ..., 54, 52, 52],
         [73, 72, 73,  ..., 61, 61, 61]],

        [[75, 75, 75,  ..., 63, 69, 73],
         [75, 75, 75,  ..., 62, 70, 73],
         [74, 74, 75,  ..., 64, 72, 74],
         ...,
         [87, 86, 86,  ..., 64, 64, 64],
         [87, 87, 86,  ..., 67, 66, 67],
         [87, 87, 86,  ..., 74, 75, 75]],

        [[50, 50, 50,  ..., 49, 53, 54],
         [50, 50, 50,  ..., 50, 52, 52],
         [51, 49, 50,  ..., 48, 51, 51],
         ...,
         [57, 56, 54,  ..., 48, 49, 50],
         [55, 55, 54,  ..., 47, 47, 49],
         [54, 53, 53,  ..., 53, 54, 55]]], dtype=torch.uint8), 'sem_seg': tensor([[2, 2, 2,  ..., 2, 2, 2],
        [2, 2, 2,  ..., 2, 2, 2],
        [2, 2, 2,  ..., 2, 2, 2],
        ...,
        [1, 1, 1,  ..., 0, 0, 0],
        [1, 1, 1,  ..., 0, 0, 0],
        [1, 1, 1,  ..., 0, 0, 0]]), 'instances': Instances(num_instances=29, image_height=768, image_width=768, fields=[gt_classes: tensor([0, 1, 2, 9, 0, 1, 2, 9, 0, 1, 2, 9, 2, 9, 0, 1, 2, 0, 0, 2, 2, 2, 2, 2,
        2, 2, 2, 2, 2]), gt_masks: tensor([[[False, False, False,  ..., False, False, False],
         [False, False, False,  ..., False, False, False],
         [False, False, False,  ..., False, False, False],
         ...,
         [False, False, False,  ..., False, False, False],
         [False, False, False,  ..., False, False, False],
         [False, False, False,  ..., False, False, False]],

        [[False, False, False,  ..., False, False, False],
         [False, False, False,  ..., False, False, False],
         [False, False, False,  ..., False, False, False],
         ...,
         [False, False, False,  ..., False, False, False],
         [False, False, False,  ..., False, False, False],
         [False, False, False,  ..., False, False, False]],

        [[False, False, False,  ..., False, False, False],
         [False, False, False,  ..., False, False, False],
         [False, False, False,  ..., False, False, False],
         ...,
         [False, False, False,  ..., False, False, False],
         [False, False, False,  ..., False, False, False],
         [False, False, False,  ..., False, False, False]],

        ...,

        [[False, False, False,  ..., False, False, False],
         [False, False, False,  ..., False, False, False],
         [False, False, False,  ..., False, False, False],
         ...,
         [False, False, False,  ..., False, False, False],
         [False, False, False,  ..., False, False, False],
         [False, False, False,  ..., False, False, False]],

        [[False, False, False,  ..., False, False, False],
         [False, False, False,  ..., False, False, False],
         [False, False, False,  ..., False, False, False],
         ...,
         [False, False, False,  ..., False, False, False],
         [False, False, False,  ..., False, False, False],
         [False, False, False,  ..., False, False, False]],

        [[False, False, False,  ..., False, False, False],
         [False, False, False,  ..., False, False, False],
         [False, False, False,  ..., False, False, False],
         ...,
         [False, False, False,  ..., False, False, False],
         [False, False, False,  ..., False, False, False],
         [False, False, False,  ..., False, False, False]]])])}
[02/28 06:22:41 mask2former.data.dataset_mappers.mask_former_semantic_dataset_mapper]: None
[02/28 06:22:42 mask2former.data.dataset_mappers.mask_former_semantic_dataset_mapper]: output dataset_dict: {'file_name': '/cpfs01/projects-HDD/pujianxiangmuzu_HDD/public/mr/./leftImg8bit_trainvaltest/leftImg8bit/train/jena/jena_000050_000019_leftImg8bit.png', 'width': 2048, 'height': 1024, 'image': tensor([[[119, 112, 102,  ...,  34,  34,  31],
         [118, 110, 100,  ...,  28,  28,  28],
         [118, 110,  98,  ...,  27,  25,  27],
         ...,
         [103, 100,  96,  ...,  59,  63,  66],
         [103,  99,  96,  ...,  59,  63,  66],
         [103,  99,  96,  ...,  59,  63,  66]],

        [[147, 140, 129,  ...,  39,  39,  38],
         [147, 139, 129,  ...,  35,  35,  35],
         [147, 139, 127,  ...,  32,  31,  32],
         ...,
         [125, 122, 119,  ...,  72,  76,  76],
         [125, 122, 118,  ...,  72,  76,  76],
         [125, 122, 118,  ...,  72,  76,  76]],

        [[119, 110, 103,  ...,  35,  34,  34],
         [118, 110, 103,  ...,  31,  31,  31],
         [118, 110, 103,  ...,  28,  27,  28],
         ...,
         [105, 103,  98,  ...,  59,  63,  63],
         [105, 102,  98,  ...,  59,  63,  63],
         [105, 102,  98,  ...,  59,  63,  63]]], dtype=torch.uint8), 'sem_seg': tensor([[  2,   2,   2,  ...,   2,   2,   2],
        [  2,   2,   2,  ...,   2,   2,   2],
        [  2,   2,   2,  ...,   2,   2,   2],
        ...,
        [255, 255, 255,  ..., 255, 255, 255],
        [255, 255, 255,  ..., 255, 255, 255],
        [255, 255, 255,  ..., 255, 255, 255]]), 'instances': Instances(num_instances=43, image_height=768, image_width=768, fields=[gt_classes: tensor([ 0,  1,  2,  3,  5,  6,  8,  9, 16,  0,  8, 16,  1,  2,  8, 16,  1,  2,
        16,  1, 16,  2, 16, 16,  2, 16,  2, 16,  2, 16,  2, 16,  2, 16, 16, 16,
        16,  2, 16, 16, 16,  2, 16]), gt_masks: tensor([[[False, False, False,  ..., False, False, False],
         [False, False, False,  ..., False, False, False],
         [False, False, False,  ..., False, False, False],
         ...,
         [False, False, False,  ..., False, False, False],
         [False, False, False,  ..., False, False, False],
         [False, False, False,  ..., False, False, False]],

        [[False, False, False,  ..., False, False, False],
         [False, False, False,  ..., False, False, False],
         [False, False, False,  ..., False, False, False],
         ...,
         [False, False, False,  ..., False, False, False],
         [False, False, False,  ..., False, False, False],
         [False, False, False,  ..., False, False, False]],

        [[False, False, False,  ..., False, False, False],
         [False, False, False,  ..., False, False, False],
         [False, False, False,  ..., False, False, False],
         ...,
         [False, False, False,  ..., False, False, False],
         [False, False, False,  ..., False, False, False],
         [False, False, False,  ..., False, False, False]],

        ...,

        [[False, False, False,  ..., False, False, False],
         [False, False, False,  ..., False, False, False],
         [False, False, False,  ..., False, False, False],
         ...,
         [False, False, False,  ..., False, False, False],
         [False, False, False,  ..., False, False, False],
         [False, False, False,  ..., False, False, False]],

        [[False, False, False,  ..., False, False, False],
         [False, False, False,  ..., False, False, False],
         [False, False, False,  ..., False, False, False],
         ...,
         [False, False, False,  ..., False, False, False],
         [False, False, False,  ..., False, False, False],
         [False, False, False,  ..., False, False, False]],

        [[False, False, False,  ..., False, False, False],
         [False, False, False,  ..., False, False, False],
         [False, False, False,  ..., False, False, False],
         ...,
         [False, False, False,  ..., False, False, False],
         [False, False, False,  ..., False, False, False],
         [False, False, False,  ..., False, False, False]]])])}
[02/28 06:22:42 mask2former.data.dataset_mappers.mask_former_semantic_dataset_mapper]: None
[02/28 06:22:42 mask2former.data.dataset_mappers.mask_former_semantic_dataset_mapper]: output dataset_dict: {'file_name': '/cpfs01/projects-HDD/pujianxiangmuzu_HDD/public/mr/./leftImg8bit_trainvaltest/leftImg8bit/train/krefeld/krefeld_000000_005252_leftImg8bit.png', 'width': 2048, 'height': 1024, 'image': tensor([[[ 39,  43,  45,  ...,  28,  28,  27],
         [ 40,  43,  46,  ...,  28,  28,  28],
         [ 39,  42,  46,  ...,  28,  28,  28],
         ...,
         [ 87,  88,  88,  ..., 121, 121, 122],
         [ 86,  86,  86,  ..., 121, 121, 120],
         [ 83,  83,  82,  ..., 122, 122, 121]],

        [[ 43,  46,  47,  ...,  32,  32,  31],
         [ 44,  47,  48,  ...,  32,  32,  32],
         [ 43,  46,  48,  ...,  32,  32,  32],
         ...,
         [ 89,  92,  93,  ..., 126, 126, 126],
         [ 88,  90,  92,  ..., 126, 126, 125],
         [ 85,  87,  89,  ..., 127, 127, 126]],

        [[ 32,  31,  32,  ...,  18,  18,  20],
         [ 31,  32,  34,  ...,  18,  18,  18],
         [ 32,  33,  34,  ...,  18,  18,  18],
         ...,
         [ 70,  72,  74,  ..., 112, 112, 113],
         [ 69,  71,  72,  ..., 112, 112, 113],
         [ 65,  68,  70,  ..., 113, 113, 114]]], dtype=torch.uint8), 'sem_seg': tensor([[15, 15, 15,  ...,  8,  8,  8],
        [15, 15, 15,  ...,  8,  8,  8],
        [15, 15, 15,  ...,  8,  8,  8],
        ...,
        [ 0,  0,  0,  ...,  0,  0,  0],
        [ 0,  0,  0,  ...,  0,  0,  0],
        [ 0,  0,  0,  ...,  0,  0,  0]]), 'instances': Instances(num_instances=7, image_height=768, image_width=768, fields=[gt_classes: tensor([ 0,  8, 15,  0, 15,  0, 15]), gt_masks: tensor([[[False, False, False,  ..., False, False, False],
         [False, False, False,  ..., False, False, False],
         [False, False, False,  ..., False, False, False],
         ...,
         [ True,  True,  True,  ..., False, False, False],
         [ True,  True,  True,  ..., False, False, False],
         [ True,  True,  True,  ..., False, False, False]],

        [[False, False, False,  ...,  True,  True,  True],
         [False, False, False,  ...,  True,  True,  True],
         [False, False, False,  ...,  True,  True,  True],
         ...,
         [False, False, False,  ..., False, False, False],
         [False, False, False,  ..., False, False, False],
         [False, False, False,  ..., False, False, False]],

        [[False, False, False,  ..., False, False, False],
         [False, False, False,  ..., False, False, False],
         [False, False, False,  ..., False, False, False],
         ...,
         [False, False, False,  ..., False, False, False],
         [False, False, False,  ..., False, False, False],
         [False, False, False,  ..., False, False, False]],

        ...,

        [[False, False, False,  ..., False, False, False],
         [False, False, False,  ..., False, False, False],
         [False, False, False,  ..., False, False, False],
         ...,
         [False, False, False,  ..., False, False, False],
         [False, False, False,  ..., False, False, False],
         [False, False, False,  ..., False, False, False]],

        [[False, False, False,  ..., False, False, False],
         [False, False, False,  ..., False, False, False],
         [False, False, False,  ..., False, False, False],
         ...,
         [False, False, False,  ...,  True,  True,  True],
         [False, False, False,  ...,  True,  True,  True],
         [False, False, False,  ...,  True,  True,  True]],

        [[ True,  True,  True,  ..., False, False, False],
         [ True,  True,  True,  ..., False, False, False],
         [ True,  True,  True,  ..., False, False, False],
         ...,
         [False, False, False,  ..., False, False, False],
         [False, False, False,  ..., False, False, False],
         [False, False, False,  ..., False, False, False]]])])}
[02/28 06:22:42 mask2former.data.dataset_mappers.mask_former_semantic_dataset_mapper]: None
[02/28 06:22:42 mask2former.data.dataset_mappers.mask_former_semantic_dataset_mapper]: output dataset_dict: {'file_name': '/cpfs01/projects-HDD/pujianxiangmuzu_HDD/public/mr/./leftImg8bit_trainvaltest/leftImg8bit/train/strasbourg/strasbourg_000000_019891_leftImg8bit.png', 'width': 2048, 'height': 1024, 'image': tensor([[[152, 161, 162,  ...,  48,  49,  49],
         [154, 161, 164,  ...,  47,  49,  48],
         [155, 163, 164,  ...,  48,  49,  49],
         ...,
         [ 33,  34,  37,  ...,  56,  49,  46],
         [ 33,  34,  37,  ...,  56,  49,  46],
         [ 33,  34,  36,  ...,  57,  49,  46]],

        [[168, 173, 171,  ...,  57,  57,  59],
         [169, 173, 173,  ...,  57,  57,  58],
         [170, 174, 173,  ...,  57,  57,  58],
         ...,
         [ 39,  40,  41,  ...,  66,  60,  59],
         [ 39,  40,  41,  ...,  66,  60,  59],
         [ 39,  40,  41,  ...,  66,  60,  59]],

        [[177, 181, 179,  ...,  46,  48,  50],
         [178, 181, 179,  ...,  46,  48,  47],
         [178, 181, 179,  ...,  48,  48,  47],
         ...,
         [ 34,  35,  36,  ...,  52,  48,  46],
         [ 34,  35,  36,  ...,  52,  48,  46],
         [ 34,  36,  37,  ...,  52,  48,  46]]], dtype=torch.uint8), 'sem_seg': tensor([[255, 255, 255,  ..., 255, 255, 255],
        [255, 255, 255,  ..., 255, 255, 255],
        [255, 255, 255,  ..., 255, 255, 255],
        ...,
        [255, 255, 255,  ..., 255, 255, 255],
        [255, 255, 255,  ..., 255, 255, 255],
        [255, 255, 255,  ..., 255, 255, 255]]), 'instances': Instances(num_instances=49, image_height=716, image_width=768, fields=[gt_classes: tensor([ 0,  1,  2,  3,  4,  5,  7,  8, 10, 11, 13,  0,  1,  3,  4,  5,  8, 10,
        13,  3,  4,  8, 13,  2,  3,  4,  8, 13,  2,  3,  8, 13,  2,  8, 13, 13,
         2,  2,  8,  2,  8,  2,  8,  8,  2,  2,  2,  2,  2]), gt_masks: tensor([[[False, False, False,  ..., False, False, False],
         [False, False, False,  ..., False, False, False],
         [False, False, False,  ..., False, False, False],
         ...,
         [False, False, False,  ..., False, False, False],
         [False, False, False,  ..., False, False, False],
         [False, False, False,  ..., False, False, False]],

        [[False, False, False,  ..., False, False, False],
         [False, False, False,  ..., False, False, False],
         [False, False, False,  ..., False, False, False],
         ...,
         [False, False, False,  ..., False, False, False],
         [False, False, False,  ..., False, False, False],
         [False, False, False,  ..., False, False, False]],

        [[False, False, False,  ..., False, False, False],
         [False, False, False,  ..., False, False, False],
         [False, False, False,  ..., False, False, False],
         ...,
         [False, False, False,  ..., False, False, False],
         [False, False, False,  ..., False, False, False],
         [False, False, False,  ..., False, False, False]],

        ...,

        [[False, False, False,  ..., False, False, False],
         [False, False, False,  ..., False, False, False],
         [False, False, False,  ..., False, False, False],
         ...,
         [False, False, False,  ..., False, False, False],
         [False, False, False,  ..., False, False, False],
         [False, False, False,  ..., False, False, False]],

        [[False, False, False,  ..., False, False, False],
         [False, False, False,  ..., False, False, False],
         [False, False, False,  ..., False, False, False],
         ...,
         [False, False, False,  ..., False, False, False],
         [False, False, False,  ..., False, False, False],
         [False, False, False,  ..., False, False, False]],

        [[False, False, False,  ..., False, False, False],
         [False, False, False,  ..., False, False, False],
         [False, False, False,  ..., False, False, False],
         ...,
         [False, False, False,  ..., False, False, False],
         [False, False, False,  ..., False, False, False],
         [False, False, False,  ..., False, False, False]]])])}
[02/28 06:22:42 mask2former.data.dataset_mappers.mask_former_semantic_dataset_mapper]: None
[02/28 06:22:42 mask2former.data.dataset_mappers.mask_former_semantic_dataset_mapper]: output dataset_dict: {'file_name': '/cpfs01/projects-HDD/pujianxiangmuzu_HDD/public/mr/./leftImg8bit_trainvaltest/leftImg8bit/train/bochum/bochum_000000_008804_leftImg8bit.png', 'width': 2048, 'height': 1024, 'image': tensor([[[ 96,  96, 100,  ...,  90,  74,  69],
         [109, 108, 106,  ...,  85,  71,  69],
         [133, 127, 124,  ...,  78,  69,  67],
         ...,
         [134, 134, 134,  ..., 129, 127, 125],
         [133, 134, 134,  ..., 130, 128, 127],
         [132, 134, 134,  ..., 130, 128, 127]],

        [[127, 129, 133,  ..., 109,  88,  83],
         [134, 135, 139,  ..., 100,  85,  82],
         [149, 149, 153,  ...,  92,  81,  81],
         ...,
         [151, 149, 149,  ..., 147, 147, 146],
         [149, 149, 149,  ..., 147, 148, 147],
         [149, 149, 149,  ..., 147, 148, 147]],

        [[ 97,  99,  88,  ..., 105,  91,  81],
         [101, 105,  99,  ...,  96,  86,  78],
         [111, 115, 122,  ...,  88,  82,  77],
         ...,
         [138, 137, 137,  ..., 130, 129, 129],
         [135, 137, 137,  ..., 132, 130, 130],
         [134, 137, 137,  ..., 133, 132, 130]]], dtype=torch.uint8), 'sem_seg': tensor([[8, 8, 8,  ..., 2, 2, 2],
        [8, 8, 8,  ..., 2, 2, 2],
        [8, 8, 8,  ..., 2, 2, 2],
        ...,
        [0, 0, 0,  ..., 0, 0, 0],
        [0, 0, 0,  ..., 0, 0, 0],
        [0, 0, 0,  ..., 0, 0, 0]]), 'instances': Instances(num_instances=20, image_height=768, image_width=768, fields=[gt_classes: tensor([ 0,  1,  2,  5,  6,  7,  8,  9, 13, 17,  2,  8, 13,  8, 13, 13,  2,  2,
         8,  2]), gt_masks: tensor([[[False, False, False,  ..., False, False, False],
         [False, False, False,  ..., False, False, False],
         [False, False, False,  ..., False, False, False],
         ...,
         [ True,  True,  True,  ...,  True,  True,  True],
         [ True,  True,  True,  ...,  True,  True,  True],
         [ True,  True,  True,  ...,  True,  True,  True]],

        [[False, False, False,  ..., False, False, False],
         [False, False, False,  ..., False, False, False],
         [False, False, False,  ..., False, False, False],
         ...,
         [False, False, False,  ..., False, False, False],
         [False, False, False,  ..., False, False, False],
         [False, False, False,  ..., False, False, False]],

        [[False, False, False,  ..., False, False, False],
         [False, False, False,  ..., False, False, False],
         [False, False, False,  ..., False, False, False],
         ...,
         [False, False, False,  ..., False, False, False],
         [False, False, False,  ..., False, False, False],
         [False, False, False,  ..., False, False, False]],

        ...,

        [[False, False, False,  ...,  True,  True,  True],
         [False, False, False,  ...,  True,  True,  True],
         [False, False, False,  ...,  True,  True,  True],
         ...,
         [False, False, False,  ..., False, False, False],
         [False, False, False,  ..., False, False, False],
         [False, False, False,  ..., False, False, False]],

        [[False, False, False,  ..., False, False, False],
         [False, False, False,  ..., False, False, False],
         [False, False, False,  ..., False, False, False],
         ...,
         [False, False, False,  ..., False, False, False],
         [False, False, False,  ..., False, False, False],
         [False, False, False,  ..., False, False, False]],

        [[False, False, False,  ..., False, False, False],
         [False, False, False,  ..., False, False, False],
         [False, False, False,  ..., False, False, False],
         ...,
         [False, False, False,  ..., False, False, False],
         [False, False, False,  ..., False, False, False],
         [False, False, False,  ..., False, False, False]]])])}
[02/28 06:22:42 mask2former.data.dataset_mappers.mask_former_semantic_dataset_mapper]: None
[02/28 06:22:43 mask2former.data.dataset_mappers.mask_former_semantic_dataset_mapper]: output dataset_dict: {'file_name': '/cpfs01/projects-HDD/pujianxiangmuzu_HDD/public/mr/./leftImg8bit_trainvaltest/leftImg8bit/train/krefeld/krefeld_000000_014146_leftImg8bit.png', 'width': 2048, 'height': 1024, 'image': tensor([[[41, 42, 36,  ...,  0,  0,  0],
         [38, 38, 32,  ...,  0,  0,  0],
         [34, 31, 30,  ...,  0,  0,  0],
         ...,
         [64, 70, 77,  ..., 40, 39, 39],
         [64, 70, 77,  ..., 42, 39, 39],
         [64, 70, 76,  ..., 42, 40, 39]],

        [[62, 63, 57,  ..., 16,  9,  6],
         [62, 59, 54,  ..., 17, 10,  7],
         [56, 52, 50,  ..., 18, 11,  8],
         ...,
         [74, 74, 77,  ..., 47, 47, 47],
         [74, 74, 77,  ..., 47, 47, 47],
         [73, 74, 78,  ..., 47, 47, 48]],

        [[30, 32, 28,  ...,  7,  2,  3],
         [33, 32, 29,  ...,  7,  1,  3],
         [32, 29, 28,  ...,  8,  2,  3],
         ...,
         [51, 51, 54,  ..., 40, 39, 39],
         [51, 51, 54,  ..., 40, 39, 39],
         [53, 51, 54,  ..., 40, 40, 39]]], dtype=torch.uint8), 'sem_seg': tensor([[255, 255, 255,  ..., 255, 255, 255],
        [255, 255, 255,  ..., 255, 255, 255],
        [255, 255, 255,  ..., 255, 255, 255],
        ...,
        [255, 255, 255,  ..., 255, 255, 255],
        [255, 255, 255,  ..., 255, 255, 255],
        [255, 255, 255,  ..., 255, 255, 255]]), 'instances': Instances(num_instances=41, image_height=716, image_width=768, fields=[gt_classes: tensor([ 0,  1,  2,  5,  6,  7,  8,  9, 10, 11, 13,  0,  1,  2,  5,  6,  8,  9,
        10, 11,  0,  2,  5,  8,  9, 10,  0,  2,  8,  0,  2,  8,  0,  8,  2,  2,
         2,  2,  2,  2,  2]), gt_masks: tensor([[[False, False, False,  ..., False, False, False],
         [False, False, False,  ..., False, False, False],
         [False, False, False,  ..., False, False, False],
         ...,
         [False, False, False,  ..., False, False, False],
         [False, False, False,  ..., False, False, False],
         [False, False, False,  ..., False, False, False]],

        [[False, False, False,  ..., False, False, False],
         [False, False, False,  ..., False, False, False],
         [False, False, False,  ..., False, False, False],
         ...,
         [False, False, False,  ..., False, False, False],
         [False, False, False,  ..., False, False, False],
         [False, False, False,  ..., False, False, False]],

        [[False, False, False,  ..., False, False, False],
         [False, False, False,  ..., False, False, False],
         [False, False, False,  ..., False, False, False],
         ...,
         [False, False, False,  ..., False, False, False],
         [False, False, False,  ..., False, False, False],
         [False, False, False,  ..., False, False, False]],

        ...,

        [[False, False, False,  ..., False, False, False],
         [False, False, False,  ..., False, False, False],
         [False, False, False,  ..., False, False, False],
         ...,
         [False, False, False,  ..., False, False, False],
         [False, False, False,  ..., False, False, False],
         [False, False, False,  ..., False, False, False]],

        [[False, False, False,  ..., False, False, False],
         [False, False, False,  ..., False, False, False],
         [False, False, False,  ..., False, False, False],
         ...,
         [False, False, False,  ..., False, False, False],
         [False, False, False,  ..., False, False, False],
         [False, False, False,  ..., False, False, False]],

        [[False, False, False,  ..., False, False, False],
         [False, False, False,  ..., False, False, False],
         [False, False, False,  ..., False, False, False],
         ...,
         [False, False, False,  ..., False, False, False],
         [False, False, False,  ..., False, False, False],
         [False, False, False,  ..., False, False, False]]])])}
[02/28 06:22:43 mask2former.data.dataset_mappers.mask_former_semantic_dataset_mapper]: None
[02/28 06:22:43 mask2former.data.dataset_mappers.mask_former_semantic_dataset_mapper]: output dataset_dict: {'file_name': '/cpfs01/projects-HDD/pujianxiangmuzu_HDD/public/mr/./leftImg8bit_trainvaltest/leftImg8bit/train/hanover/hanover_000000_015849_leftImg8bit.png', 'width': 2048, 'height': 1024, 'image': tensor([[[ 34,  34,  34,  ...,  43,  43,  42],
         [ 34,  34,  34,  ...,  42,  42,  41],
         [ 33,  33,  35,  ...,  41,  41,  40],
         ...,
         [ 80,  79,  78,  ..., 112, 115, 117],
         [ 81,  80,  79,  ..., 116, 119, 120],
         [ 82,  82,  80,  ..., 120, 124, 125]],

        [[ 41,  41,  41,  ...,  48,  48,  48],
         [ 41,  41,  41,  ...,  47,  47,  47],
         [ 41,  41,  42,  ...,  46,  46,  46],
         ...,
         [ 92,  91,  90,  ..., 120, 123, 125],
         [ 92,  92,  90,  ..., 123, 126, 127],
         [ 93,  93,  91,  ..., 125, 129, 130]],

        [[ 36,  36,  36,  ...,  43,  43,  43],
         [ 36,  36,  37,  ...,  42,  42,  42],
         [ 37,  37,  38,  ...,  41,  41,  40],
         ...,
         [ 78,  77,  76,  ..., 106, 107, 105],
         [ 78,  78,  77,  ..., 109, 111, 110],
         [ 79,  79,  78,  ..., 111, 114, 115]]], dtype=torch.uint8), 'sem_seg': tensor([[255, 255, 255,  ...,  11,  11,  11],
        [255, 255, 255,  ...,  11,  11,  11],
        [255, 255, 255,  ...,  11,  11,  11],
        ...,
        [  0,   0,   0,  ...,   0,   0,   0],
        [  0,   0,   0,  ...,   0,   0,   0],
        [  0,   0,   0,  ...,   0,   0,   0]]), 'instances': Instances(num_instances=16, image_height=768, image_width=768, fields=[gt_classes: tensor([ 0,  1,  5,  7,  8, 11, 13,  0,  1,  0,  1,  0,  1,  8,  0,  0]), gt_masks: tensor([[[False, False, False,  ..., False, False, False],
         [False, False, False,  ..., False, False, False],
         [False, False, False,  ..., False, False, False],
         ...,
         [ True,  True,  True,  ...,  True, False, False],
         [ True,  True,  True,  ...,  True, False, False],
         [ True,  True,  True,  ..., False, False, False]],

        [[False, False, False,  ..., False, False, False],
         [False, False, False,  ..., False, False, False],
         [False, False, False,  ..., False, False, False],
         ...,
         [False, False, False,  ..., False, False, False],
         [False, False, False,  ..., False, False, False],
         [False, False, False,  ..., False, False, False]],

        [[False, False, False,  ..., False, False, False],
         [False, False, False,  ..., False, False, False],
         [False, False, False,  ..., False, False, False],
         ...,
         [False, False, False,  ..., False, False, False],
         [False, False, False,  ..., False, False, False],
         [False, False, False,  ..., False, False, False]],

        ...,

        [[False, False, False,  ..., False, False, False],
         [False, False, False,  ..., False, False, False],
         [False, False, False,  ..., False, False, False],
         ...,
         [False, False, False,  ..., False, False, False],
         [False, False, False,  ..., False, False, False],
         [False, False, False,  ..., False, False, False]],

        [[False, False, False,  ..., False, False, False],
         [False, False, False,  ..., False, False, False],
         [False, False, False,  ..., False, False, False],
         ...,
         [False, False, False,  ..., False, False, False],
         [False, False, False,  ..., False, False, False],
         [False, False, False,  ..., False, False, False]],

        [[False, False, False,  ..., False, False, False],
         [False, False, False,  ..., False, False, False],
         [False, False, False,  ..., False, False, False],
         ...,
         [False, False, False,  ..., False, False, False],
         [False, False, False,  ..., False, False, False],
         [False, False, False,  ..., False, False, False]]])])}
[02/28 06:22:43 mask2former.data.dataset_mappers.mask_former_semantic_dataset_mapper]: None
[02/28 06:22:43 mask2former.data.dataset_mappers.mask_former_semantic_dataset_mapper]: output dataset_dict: {'file_name': '/cpfs01/projects-HDD/pujianxiangmuzu_HDD/public/mr/./leftImg8bit_trainvaltest/leftImg8bit/train/bremen/bremen_000229_000019_leftImg8bit.png', 'width': 2048, 'height': 1024, 'image': tensor([[[119, 131, 134,  ...,  20,  20,  21],
         [115, 129, 133,  ...,  24,  26,  27],
         [109, 126, 132,  ...,  29,  30,  31],
         ...,
         [ 46,  46,  46,  ...,  29,  30,  30],
         [ 46,  47,  46,  ...,  27,  27,  27],
         [ 46,  47,  46,  ...,  27,  27,  27]],

        [[127, 139, 144,  ...,  24,  25,  26],
         [123, 138, 145,  ...,  28,  31,  32],
         [119, 138, 145,  ...,  33,  34,  36],
         ...,
         [ 55,  55,  54,  ...,  36,  36,  36],
         [ 55,  55,  55,  ...,  36,  35,  35],
         [ 55,  55,  55,  ...,  35,  35,  35]],

        [[117, 127, 129,  ...,  17,  15,  15],
         [113, 126, 129,  ...,  20,  22,  22],
         [110, 124, 129,  ...,  23,  23,  24],
         ...,
         [ 46,  46,  46,  ...,  30,  30,  30],
         [ 46,  46,  47,  ...,  30,  28,  29],
         [ 46,  46,  47,  ...,  30,  29,  29]]], dtype=torch.uint8), 'sem_seg': tensor([[255, 255, 255,  ..., 255, 255, 255],
        [255, 255, 255,  ..., 255, 255, 255],
        [255, 255, 255,  ..., 255, 255, 255],
        ...,
        [255, 255, 255,  ..., 255, 255, 255],
        [255, 255, 255,  ..., 255, 255, 255],
        [255, 255, 255,  ..., 255, 255, 255]]), 'instances': Instances(num_instances=43, image_height=716, image_width=768, fields=[gt_classes: tensor([ 0,  1,  2,  5,  6,  7,  8,  9, 10, 11, 13, 14,  0,  1,  2,  8,  9, 10,
         0,  8,  9, 10,  8,  9,  2,  8,  9,  2,  8,  2,  8,  2,  8,  2,  8,  2,
         8,  2,  8,  2,  2,  2,  2]), gt_masks: tensor([[[False, False, False,  ..., False, False, False],
         [False, False, False,  ..., False, False, False],
         [False, False, False,  ..., False, False, False],
         ...,
         [False, False, False,  ..., False, False, False],
         [False, False, False,  ..., False, False, False],
         [False, False, False,  ..., False, False, False]],

        [[False, False, False,  ..., False, False, False],
         [False, False, False,  ..., False, False, False],
         [False, False, False,  ..., False, False, False],
         ...,
         [False, False, False,  ..., False, False, False],
         [False, False, False,  ..., False, False, False],
         [False, False, False,  ..., False, False, False]],

        [[False, False, False,  ..., False, False, False],
         [False, False, False,  ..., False, False, False],
         [False, False, False,  ..., False, False, False],
         ...,
         [False, False, False,  ..., False, False, False],
         [False, False, False,  ..., False, False, False],
         [False, False, False,  ..., False, False, False]],

        ...,

        [[False, False, False,  ..., False, False, False],
         [False, False, False,  ..., False, False, False],
         [False, False, False,  ..., False, False, False],
         ...,
         [False, False, False,  ..., False, False, False],
         [False, False, False,  ..., False, False, False],
         [False, False, False,  ..., False, False, False]],

        [[False, False, False,  ..., False, False, False],
         [False, False, False,  ..., False, False, False],
         [False, False, False,  ..., False, False, False],
         ...,
         [False, False, False,  ..., False, False, False],
         [False, False, False,  ..., False, False, False],
         [False, False, False,  ..., False, False, False]],

        [[False, False, False,  ..., False, False, False],
         [False, False, False,  ..., False, False, False],
         [False, False, False,  ..., False, False, False],
         ...,
         [False, False, False,  ..., False, False, False],
         [False, False, False,  ..., False, False, False],
         [False, False, False,  ..., False, False, False]]])])}
[02/28 06:22:43 mask2former.data.dataset_mappers.mask_former_semantic_dataset_mapper]: None
[02/28 06:22:43 mask2former.data.dataset_mappers.mask_former_semantic_dataset_mapper]: output dataset_dict: {'file_name': '/cpfs01/projects-HDD/pujianxiangmuzu_HDD/public/mr/./leftImg8bit_trainvaltest/leftImg8bit/train/darmstadt/darmstadt_000043_000019_leftImg8bit.png', 'width': 2048, 'height': 1024, 'image': tensor([[[ 79,  66,  53,  ..., 209, 209, 208],
         [ 79,  66,  53,  ..., 209, 209, 208],
         [ 79,  66,  53,  ..., 208, 208, 207],
         ...,
         [ 75,  75,  75,  ...,  58,  58,  58],
         [ 74,  74,  74,  ...,  58,  58,  58],
         [ 73,  73,  74,  ...,  58,  58,  58]],

        [[ 88,  79,  68,  ..., 224, 224, 224],
         [ 88,  79,  68,  ..., 224, 224, 224],
         [ 88,  79,  68,  ..., 224, 224, 224],
         ...,
         [ 89,  89,  90,  ...,  75,  74,  74],
         [ 88,  88,  89,  ...,  74,  74,  74],
         [ 89,  89,  88,  ...,  74,  74,  75]],

        [[ 53,  48,  44,  ..., 224, 224, 224],
         [ 54,  49,  44,  ..., 224, 224, 224],
         [ 54,  49,  44,  ..., 224, 224, 224],
         ...,
         [ 85,  85,  86,  ...,  79,  80,  80],
         [ 84,  84,  85,  ...,  79,  80,  80],
         [ 84,  84,  84,  ...,  80,  80,  80]]], dtype=torch.uint8), 'sem_seg': tensor([[ 7,  7,  7,  ..., 10, 10, 10],
        [ 7,  7,  7,  ..., 10, 10, 10],
        [ 7,  7,  7,  ..., 10, 10, 10],
        ...,
        [13, 13, 13,  ...,  0,  0,  0],
        [13, 13, 13,  ...,  0,  0,  0],
        [13, 13, 13,  ...,  0,  0,  0]]), 'instances': Instances(num_instances=33, image_height=768, image_width=768, fields=[gt_classes: tensor([ 0,  2,  5,  6,  7,  8, 10, 12, 13, 17,  0,  7,  8, 10, 13,  0,  7,  8,
        13,  0,  2,  7,  8,  2,  7,  2,  8, 13, 13,  8, 13,  8, 13]), gt_masks: tensor([[[False, False, False,  ..., False, False, False],
         [False, False, False,  ..., False, False, False],
         [False, False, False,  ..., False, False, False],
         ...,
         [False, False, False,  ..., False, False, False],
         [False, False, False,  ..., False, False, False],
         [False, False, False,  ..., False, False, False]],

        [[False, False, False,  ..., False, False, False],
         [False, False, False,  ..., False, False, False],
         [False, False, False,  ..., False, False, False],
         ...,
         [False, False, False,  ..., False, False, False],
         [False, False, False,  ..., False, False, False],
         [False, False, False,  ..., False, False, False]],

        [[False, False, False,  ..., False, False, False],
         [False, False, False,  ..., False, False, False],
         [False, False, False,  ..., False, False, False],
         ...,
         [False, False, False,  ..., False, False, False],
         [False, False, False,  ..., False, False, False],
         [False, False, False,  ..., False, False, False]],

        ...,

        [[False, False, False,  ..., False, False, False],
         [False, False, False,  ..., False, False, False],
         [False, False, False,  ..., False, False, False],
         ...,
         [False, False, False,  ..., False, False, False],
         [False, False, False,  ..., False, False, False],
         [False, False, False,  ..., False, False, False]],

        [[False, False, False,  ..., False, False, False],
         [False, False, False,  ..., False, False, False],
         [False, False, False,  ..., False, False, False],
         ...,
         [False, False, False,  ..., False, False, False],
         [False, False, False,  ..., False, False, False],
         [False, False, False,  ..., False, False, False]],

        [[False, False, False,  ..., False, False, False],
         [False, False, False,  ..., False, False, False],
         [False, False, False,  ..., False, False, False],
         ...,
         [False, False, False,  ..., False, False, False],
         [False, False, False,  ..., False, False, False],
         [False, False, False,  ..., False, False, False]]])])}
[02/28 06:22:43 mask2former.data.dataset_mappers.mask_former_semantic_dataset_mapper]: None
[02/28 06:22:44 mask2former.data.dataset_mappers.mask_former_semantic_dataset_mapper]: output dataset_dict: {'file_name': '/cpfs01/projects-HDD/pujianxiangmuzu_HDD/public/mr/./leftImg8bit_trainvaltest/leftImg8bit/train/hamburg/hamburg_000000_097086_leftImg8bit.png', 'width': 2048, 'height': 1024, 'image': tensor([[[34, 48, 86,  ..., 23, 22, 23],
         [33, 45, 83,  ..., 27, 26, 27],
         [33, 42, 77,  ..., 30, 27, 20],
         ...,
         [47, 48, 47,  ..., 44, 45, 45],
         [52, 51, 50,  ..., 44, 44, 45],
         [52, 51, 50,  ..., 44, 44, 45]],

        [[16, 17, 51,  ..., 30, 29, 32],
         [16, 17, 49,  ..., 38, 36, 37],
         [18, 17, 47,  ..., 44, 40, 33],
         ...,
         [55, 55, 55,  ..., 50, 50, 51],
         [58, 58, 57,  ..., 50, 50, 51],
         [58, 58, 57,  ..., 50, 50, 51]],

        [[ 7, 11, 46,  ..., 17, 16, 19],
         [ 8, 11, 44,  ..., 21, 19, 22],
         [ 8, 11, 41,  ..., 26, 24, 19],
         ...,
         [46, 47, 47,  ..., 42, 43, 42],
         [50, 49, 48,  ..., 42, 43, 42],
         [50, 50, 48,  ..., 42, 43, 42]]], dtype=torch.uint8), 'sem_seg': tensor([[255, 255, 255,  ..., 255, 255, 255],
        [255, 255, 255,  ..., 255, 255, 255],
        [255, 255, 255,  ..., 255, 255, 255],
        ...,
        [255, 255, 255,  ..., 255, 255, 255],
        [255, 255, 255,  ..., 255, 255, 255],
        [255, 255, 255,  ..., 255, 255, 255]]), 'instances': Instances(num_instances=73, image_height=512, image_width=768, fields=[gt_classes: tensor([ 0,  1,  2,  5,  6,  7,  8,  9, 10, 12, 13, 18,  0,  1,  2,  8,  9, 10,
        13, 18,  0,  8,  9, 10, 13,  0,  8,  9, 10, 13,  0,  8, 13,  0,  8, 13,
         8, 13,  8, 13,  8,  8, 13,  8,  8, 13,  8, 13,  8, 13,  8, 13,  8, 13,
         8, 13,  8, 13,  8, 13,  8, 13,  8, 13,  8, 13,  8, 13, 13, 13, 13, 13,
        13]), gt_masks: tensor([[[False, False, False,  ..., False, False, False],
         [False, False, False,  ..., False, False, False],
         [False, False, False,  ..., False, False, False],
         ...,
         [False, False, False,  ..., False, False, False],
         [False, False, False,  ..., False, False, False],
         [False, False, False,  ..., False, False, False]],

        [[False, False, False,  ..., False, False, False],
         [False, False, False,  ..., False, False, False],
         [False, False, False,  ..., False, False, False],
         ...,
         [False, False, False,  ..., False, False, False],
         [False, False, False,  ..., False, False, False],
         [False, False, False,  ..., False, False, False]],

        [[False, False, False,  ..., False, False, False],
         [False, False, False,  ..., False, False, False],
         [False, False, False,  ..., False, False, False],
         ...,
         [False, False, False,  ..., False, False, False],
         [False, False, False,  ..., False, False, False],
         [False, False, False,  ..., False, False, False]],

        ...,

        [[False, False, False,  ..., False, False, False],
         [False, False, False,  ..., False, False, False],
         [False, False, False,  ..., False, False, False],
         ...,
         [False, False, False,  ..., False, False, False],
         [False, False, False,  ..., False, False, False],
         [False, False, False,  ..., False, False, False]],

        [[False, False, False,  ..., False, False, False],
         [False, False, False,  ..., False, False, False],
         [False, False, False,  ..., False, False, False],
         ...,
         [False, False, False,  ..., False, False, False],
         [False, False, False,  ..., False, False, False],
         [False, False, False,  ..., False, False, False]],

        [[False, False, False,  ..., False, False, False],
         [False, False, False,  ..., False, False, False],
         [False, False, False,  ..., False, False, False],
         ...,
         [False, False, False,  ..., False, False, False],
         [False, False, False,  ..., False, False, False],
         [False, False, False,  ..., False, False, False]]])])}
[02/28 06:22:44 mask2former.data.dataset_mappers.mask_former_semantic_dataset_mapper]: None
[02/28 06:22:44 mask2former.data.dataset_mappers.mask_former_semantic_dataset_mapper]: output dataset_dict: {'file_name': '/cpfs01/projects-HDD/pujianxiangmuzu_HDD/public/mr/./leftImg8bit_trainvaltest/leftImg8bit/train/dusseldorf/dusseldorf_000014_000019_leftImg8bit.png', 'width': 2048, 'height': 1024, 'image': tensor([[[13, 13, 13,  ..., 41, 41, 41],
         [13, 13, 13,  ..., 41, 41, 41],
         [13, 13, 13,  ..., 41, 41, 41],
         ...,
         [46, 46, 47,  ..., 53, 52, 51],
         [46, 46, 46,  ..., 53, 52, 51],
         [46, 46, 46,  ..., 52, 52, 51]],

        [[18, 18, 18,  ..., 40, 40, 40],
         [18, 18, 17,  ..., 40, 40, 40],
         [18, 18, 17,  ..., 40, 40, 40],
         ...,
         [60, 60, 60,  ..., 63, 62, 61],
         [60, 60, 60,  ..., 62, 62, 61],
         [60, 60, 60,  ..., 62, 62, 61]],

        [[17, 17, 16,  ..., 28, 28, 28],
         [16, 16, 16,  ..., 28, 28, 29],
         [16, 16, 16,  ..., 28, 28, 29],
         ...,
         [50, 50, 50,  ..., 52, 52, 51],
         [50, 50, 50,  ..., 52, 52, 51],
         [51, 51, 50,  ..., 52, 52, 51]]], dtype=torch.uint8), 'sem_seg': tensor([[2, 2, 2,  ..., 2, 2, 2],
        [2, 2, 2,  ..., 2, 2, 2],
        [2, 2, 2,  ..., 2, 2, 2],
        ...,
        [0, 0, 0,  ..., 0, 0, 0],
        [0, 0, 0,  ..., 0, 0, 0],
        [0, 0, 0,  ..., 0, 0, 0]]), 'instances': Instances(num_instances=14, image_height=768, image_width=768, fields=[gt_classes: tensor([ 0,  1,  2, 11, 13,  0,  1,  2, 13,  1,  2,  0,  2,  2]), gt_masks: tensor([[[False, False, False,  ..., False, False, False],
         [False, False, False,  ..., False, False, False],
         [False, False, False,  ..., False, False, False],
         ...,
         [False, False, False,  ..., False, False, False],
         [False, False, False,  ..., False, False, False],
         [False, False, False,  ..., False, False, False]],

        [[False, False, False,  ..., False, False, False],
         [False, False, False,  ..., False, False, False],
         [False, False, False,  ..., False, False, False],
         ...,
         [False, False, False,  ..., False, False, False],
         [False, False, False,  ..., False, False, False],
         [False, False, False,  ..., False, False, False]],

        [[False, False, False,  ..., False, False, False],
         [False, False, False,  ..., False, False, False],
         [False, False, False,  ..., False, False, False],
         ...,
         [False, False, False,  ..., False, False, False],
         [False, False, False,  ..., False, False, False],
         [False, False, False,  ..., False, False, False]],

        ...,

        [[False, False, False,  ..., False, False, False],
         [False, False, False,  ..., False, False, False],
         [False, False, False,  ..., False, False, False],
         ...,
         [False, False, False,  ..., False, False, False],
         [False, False, False,  ..., False, False, False],
         [False, False, False,  ..., False, False, False]],

        [[False, False, False,  ..., False, False, False],
         [False, False, False,  ..., False, False, False],
         [False, False, False,  ..., False, False, False],
         ...,
         [False, False, False,  ..., False, False, False],
         [False, False, False,  ..., False, False, False],
         [False, False, False,  ..., False, False, False]],

        [[ True,  True,  True,  ...,  True,  True,  True],
         [ True,  True,  True,  ...,  True,  True,  True],
         [ True,  True,  True,  ...,  True,  True,  True],
         ...,
         [False, False, False,  ..., False, False, False],
         [False, False, False,  ..., False, False, False],
         [False, False, False,  ..., False, False, False]]])])}
[02/28 06:22:44 mask2former.data.dataset_mappers.mask_former_semantic_dataset_mapper]: None
[02/28 06:22:44 mask2former.data.dataset_mappers.mask_former_semantic_dataset_mapper]: output dataset_dict: {'file_name': '/cpfs01/projects-HDD/pujianxiangmuzu_HDD/public/mr/./leftImg8bit_trainvaltest/leftImg8bit/train/hamburg/hamburg_000000_066706_leftImg8bit.png', 'width': 2048, 'height': 1024, 'image': tensor([[[55, 57, 58,  ..., 26, 26, 27],
         [57, 57, 58,  ..., 30, 28, 28],
         [61, 60, 58,  ..., 33, 30, 31],
         ...,
         [64, 64, 65,  ..., 76, 75, 75],
         [63, 64, 65,  ..., 78, 77, 75],
         [63, 64, 63,  ..., 80, 78, 77]],

        [[55, 56, 57,  ..., 30, 31, 32],
         [56, 56, 58,  ..., 35, 33, 33],
         [59, 58, 58,  ..., 38, 34, 36],
         ...,
         [68, 68, 69,  ..., 81, 79, 79],
         [67, 68, 69,  ..., 82, 81, 79],
         [68, 68, 68,  ..., 83, 82, 81]],

        [[47, 47, 48,  ..., 23, 24, 25],
         [47, 47, 48,  ..., 27, 26, 27],
         [50, 49, 48,  ..., 30, 27, 29],
         ...,
         [61, 61, 61,  ..., 74, 72, 72],
         [61, 61, 61,  ..., 74, 74, 72],
         [60, 60, 60,  ..., 75, 74, 73]]], dtype=torch.uint8), 'sem_seg': tensor([[  2,   2,   2,  ...,   8,   8,   8],
        [  2,   2,   2,  ...,   8,   8,   8],
        [  2,   2,   2,  ...,   8,   8,   8],
        ...,
        [255, 255, 255,  ..., 255, 255, 255],
        [255, 255, 255,  ..., 255, 255, 255],
        [255, 255, 255,  ..., 255, 255, 255]]), 'instances': Instances(num_instances=33, image_height=768, image_width=768, fields=[gt_classes: tensor([ 0,  1,  2,  5,  7,  8,  9, 11, 13,  2,  8, 13,  1,  2,  8, 13,  2, 13,
         2, 13,  8, 13, 13, 13, 13, 13, 13, 13, 13, 13, 13, 13, 13]), gt_masks: tensor([[[False, False, False,  ..., False, False, False],
         [False, False, False,  ..., False, False, False],
         [False, False, False,  ..., False, False, False],
         ...,
         [False, False, False,  ..., False, False, False],
         [False, False, False,  ..., False, False, False],
         [False, False, False,  ..., False, False, False]],

        [[False, False, False,  ..., False, False, False],
         [False, False, False,  ..., False, False, False],
         [False, False, False,  ..., False, False, False],
         ...,
         [False, False, False,  ..., False, False, False],
         [False, False, False,  ..., False, False, False],
         [False, False, False,  ..., False, False, False]],

        [[False, False, False,  ..., False, False, False],
         [False, False, False,  ..., False, False, False],
         [False, False, False,  ..., False, False, False],
         ...,
         [False, False, False,  ..., False, False, False],
         [False, False, False,  ..., False, False, False],
         [False, False, False,  ..., False, False, False]],

        ...,

        [[False, False, False,  ..., False, False, False],
         [False, False, False,  ..., False, False, False],
         [False, False, False,  ..., False, False, False],
         ...,
         [False, False, False,  ..., False, False, False],
         [False, False, False,  ..., False, False, False],
         [False, False, False,  ..., False, False, False]],

        [[False, False, False,  ..., False, False, False],
         [False, False, False,  ..., False, False, False],
         [False, False, False,  ..., False, False, False],
         ...,
         [False, False, False,  ..., False, False, False],
         [False, False, False,  ..., False, False, False],
         [False, False, False,  ..., False, False, False]],

        [[False, False, False,  ..., False, False, False],
         [False, False, False,  ..., False, False, False],
         [False, False, False,  ..., False, False, False],
         ...,
         [False, False, False,  ..., False, False, False],
         [False, False, False,  ..., False, False, False],
         [False, False, False,  ..., False, False, False]]])])}
[02/28 06:22:44 mask2former.data.dataset_mappers.mask_former_semantic_dataset_mapper]: None
[02/28 06:22:44 mask2former.data.dataset_mappers.mask_former_semantic_dataset_mapper]: output dataset_dict: {'file_name': '/cpfs01/projects-HDD/pujianxiangmuzu_HDD/public/mr/./leftImg8bit_trainvaltest/leftImg8bit/train/ulm/ulm_000030_000019_leftImg8bit.png', 'width': 2048, 'height': 1024, 'image': tensor([[[122, 124, 124,  ...,  27,  29,  30],
         [121, 121, 121,  ...,  29,  30,  32],
         [123, 122, 122,  ...,  29,  31,  34],
         ...,
         [ 49,  49,  49,  ...,  71,  71,  71],
         [ 49,  49,  49,  ...,  71,  71,  71],
         [ 49,  49,  49,  ...,  71,  71,  71]],

        [[136, 137, 138,  ...,  38,  40,  41],
         [137, 136, 136,  ...,  39,  42,  44],
         [140, 138, 139,  ...,  38,  42,  45],
         ...,
         [ 61,  60,  61,  ...,  81,  81,  82],
         [ 61,  60,  61,  ...,  81,  81,  82],
         [ 60,  60,  59,  ...,  81,  81,  81]],

        [[163, 164, 165,  ...,  39,  39,  37],
         [160, 161, 162,  ...,  40,  40,  40],
         [157, 159, 160,  ...,  39,  39,  42],
         ...,
         [ 63,  63,  64,  ...,  77,  78,  79],
         [ 63,  63,  64,  ...,  77,  78,  79],
         [ 63,  63,  63,  ...,  75,  75,  77]]], dtype=torch.uint8), 'sem_seg': tensor([[13, 13, 13,  ...,  8,  8,  8],
        [13, 13, 13,  ...,  8,  8,  8],
        [13, 13, 13,  ...,  8,  8,  8],
        ...,
        [13, 13, 13,  ...,  0,  0,  0],
        [13, 13, 13,  ...,  0,  0,  0],
        [13, 13, 13,  ...,  0,  0,  0]]), 'instances': Instances(num_instances=31, image_height=768, image_width=768, fields=[gt_classes: tensor([ 0,  2,  5,  7,  8, 13,  0,  2, 13,  2, 13,  2, 13,  0,  2, 13,  2, 13,
         8, 13, 13, 13, 13, 13, 13, 13, 13, 13, 13, 13, 13]), gt_masks: tensor([[[False, False, False,  ..., False, False, False],
         [False, False, False,  ..., False, False, False],
         [False, False, False,  ..., False, False, False],
         ...,
         [False, False, False,  ..., False, False, False],
         [False, False, False,  ..., False, False, False],
         [False, False, False,  ..., False, False, False]],

        [[False, False, False,  ..., False, False, False],
         [False, False, False,  ..., False, False, False],
         [False, False, False,  ..., False, False, False],
         ...,
         [False, False, False,  ..., False, False, False],
         [False, False, False,  ..., False, False, False],
         [False, False, False,  ..., False, False, False]],

        [[False, False, False,  ..., False, False, False],
         [False, False, False,  ..., False, False, False],
         [False, False, False,  ..., False, False, False],
         ...,
         [False, False, False,  ..., False, False, False],
         [False, False, False,  ..., False, False, False],
         [False, False, False,  ..., False, False, False]],

        ...,

        [[False, False, False,  ..., False, False, False],
         [False, False, False,  ..., False, False, False],
         [False, False, False,  ..., False, False, False],
         ...,
         [False, False, False,  ..., False, False, False],
         [False, False, False,  ..., False, False, False],
         [False, False, False,  ..., False, False, False]],

        [[False, False, False,  ..., False, False, False],
         [False, False, False,  ..., False, False, False],
         [False, False, False,  ..., False, False, False],
         ...,
         [False, False, False,  ..., False, False, False],
         [False, False, False,  ..., False, False, False],
         [False, False, False,  ..., False, False, False]],

        [[False, False, False,  ..., False, False, False],
         [False, False, False,  ..., False, False, False],
         [False, False, False,  ..., False, False, False],
         ...,
         [False, False, False,  ..., False, False, False],
         [False, False, False,  ..., False, False, False],
         [False, False, False,  ..., False, False, False]]])])}
[02/28 06:22:44 mask2former.data.dataset_mappers.mask_former_semantic_dataset_mapper]: None
[02/28 06:22:45 mask2former.data.dataset_mappers.mask_former_semantic_dataset_mapper]: output dataset_dict: {'file_name': '/cpfs01/projects-HDD/pujianxiangmuzu_HDD/public/mr/./leftImg8bit_trainvaltest/leftImg8bit/train/hamburg/hamburg_000000_079376_leftImg8bit.png', 'width': 2048, 'height': 1024, 'image': tensor([[[145, 144, 142,  ..., 136, 145, 153],
         [146, 145, 143,  ..., 135, 145, 152],
         [145, 144, 144,  ..., 136, 144, 152],
         ...,
         [ 78,  77,  78,  ...,  71,  72,  72],
         [ 71,  69,  69,  ...,  68,  70,  71],
         [ 65,  67,  69,  ...,  69,  67,  69]],

        [[149, 149, 147,  ..., 139, 151, 161],
         [150, 149, 148,  ..., 139, 150, 160],
         [150, 149, 149,  ..., 140, 150, 159],
         ...,
         [ 87,  86,  86,  ...,  80,  81,  80],
         [ 79,  79,  78,  ...,  79,  79,  79],
         [ 76,  77,  79,  ...,  80,  77,  77]],

        [[122, 122, 121,  ..., 124, 143, 155],
         [123, 122, 122,  ..., 124, 142, 154],
         [123, 123, 123,  ..., 126, 142, 153],
         ...,
         [ 75,  74,  74,  ...,  71,  72,  71],
         [ 68,  66,  65,  ...,  70,  69,  69],
         [ 64,  65,  68,  ...,  72,  67,  67]]], dtype=torch.uint8), 'sem_seg': tensor([[255, 255, 255,  ..., 255, 255, 255],
        [255, 255, 255,  ..., 255, 255, 255],
        [255, 255, 255,  ..., 255, 255, 255],
        ...,
        [  0,   0,   0,  ...,   0,   0,   0],
        [  0,   0,   0,  ...,   0,   0,   0],
        [  0,   0,   0,  ...,   0,   0,   0]]), 'instances': Instances(num_instances=31, image_height=768, image_width=768, fields=[gt_classes: tensor([ 0,  1,  2,  3,  5,  7,  8,  9, 10, 11, 13, 18,  0,  2,  8, 13,  2,  8,
        13,  2,  8, 13,  8, 13,  8, 13, 13, 13, 13, 13, 13]), gt_masks: tensor([[[False, False, False,  ..., False, False, False],
         [False, False, False,  ..., False, False, False],
         [False, False, False,  ..., False, False, False],
         ...,
         [False, False, False,  ..., False, False, False],
         [False, False, False,  ..., False, False, False],
         [False, False, False,  ..., False, False, False]],

        [[False, False, False,  ..., False, False, False],
         [False, False, False,  ..., False, False, False],
         [False, False, False,  ..., False, False, False],
         ...,
         [False, False, False,  ..., False, False, False],
         [False, False, False,  ..., False, False, False],
         [False, False, False,  ..., False, False, False]],

        [[False, False, False,  ..., False, False, False],
         [False, False, False,  ..., False, False, False],
         [False, False, False,  ..., False, False, False],
         ...,
         [False, False, False,  ..., False, False, False],
         [False, False, False,  ..., False, False, False],
         [False, False, False,  ..., False, False, False]],

        ...,

        [[False, False, False,  ..., False, False, False],
         [False, False, False,  ..., False, False, False],
         [False, False, False,  ..., False, False, False],
         ...,
         [False, False, False,  ..., False, False, False],
         [False, False, False,  ..., False, False, False],
         [False, False, False,  ..., False, False, False]],

        [[False, False, False,  ..., False, False, False],
         [False, False, False,  ..., False, False, False],
         [False, False, False,  ..., False, False, False],
         ...,
         [False, False, False,  ..., False, False, False],
         [False, False, False,  ..., False, False, False],
         [False, False, False,  ..., False, False, False]],

        [[False, False, False,  ..., False, False, False],
         [False, False, False,  ..., False, False, False],
         [False, False, False,  ..., False, False, False],
         ...,
         [False, False, False,  ..., False, False, False],
         [False, False, False,  ..., False, False, False],
         [False, False, False,  ..., False, False, False]]])])}
[02/28 06:22:45 mask2former.data.dataset_mappers.mask_former_semantic_dataset_mapper]: None
[02/28 06:22:45 mask2former.data.dataset_mappers.mask_former_semantic_dataset_mapper]: output dataset_dict: {'file_name': '/cpfs01/projects-HDD/pujianxiangmuzu_HDD/public/mr/./leftImg8bit_trainvaltest/leftImg8bit/train/hamburg/hamburg_000000_086499_leftImg8bit.png', 'width': 2048, 'height': 1024, 'image': tensor([[[ 0,  0,  0,  ..., 18, 16, 14],
         [ 0,  0,  0,  ..., 15, 15, 13],
         [ 0,  0,  0,  ..., 14, 14, 13],
         ...,
         [64, 63, 62,  ..., 53, 54, 57],
         [57, 56, 57,  ..., 54, 54, 56],
         [55, 55, 55,  ..., 58, 57, 57]],

        [[ 9,  9, 10,  ..., 28, 25, 22],
         [ 7,  7,  7,  ..., 27, 25, 23],
         [ 7,  5,  4,  ..., 25, 26, 26],
         ...,
         [70, 69, 68,  ..., 61, 59, 59],
         [66, 65, 65,  ..., 60, 60, 60],
         [65, 65, 64,  ..., 62, 62, 62]],

        [[ 0,  0,  0,  ...,  8,  4,  2],
         [ 0,  0,  0,  ...,  7,  5,  5],
         [ 0,  0,  0,  ...,  7,  9,  9],
         ...,
         [59, 57, 56,  ..., 51, 48, 47],
         [54, 52, 51,  ..., 50, 49, 49],
         [54, 54, 53,  ..., 52, 51, 51]]], dtype=torch.uint8), 'sem_seg': tensor([[8, 8, 8,  ..., 8, 8, 8],
        [8, 8, 8,  ..., 8, 8, 8],
        [8, 8, 8,  ..., 8, 8, 8],
        ...,
        [0, 0, 0,  ..., 0, 0, 0],
        [0, 0, 0,  ..., 0, 0, 0],
        [0, 0, 0,  ..., 0, 0, 0]]), 'instances': Instances(num_instances=26, image_height=768, image_width=768, fields=[gt_classes: tensor([ 0,  1,  2,  3,  4,  5,  6,  7,  8, 11, 12, 13, 18,  0,  1,  8, 11,  1,
         8,  8,  8,  8,  8,  8,  8,  8]), gt_masks: tensor([[[False, False, False,  ..., False, False, False],
         [False, False, False,  ..., False, False, False],
         [False, False, False,  ..., False, False, False],
         ...,
         [False, False, False,  ..., False, False, False],
         [False, False, False,  ..., False, False, False],
         [False, False, False,  ..., False, False, False]],

        [[False, False, False,  ..., False, False, False],
         [False, False, False,  ..., False, False, False],
         [False, False, False,  ..., False, False, False],
         ...,
         [False, False, False,  ..., False, False, False],
         [False, False, False,  ..., False, False, False],
         [False, False, False,  ..., False, False, False]],

        [[False, False, False,  ..., False, False, False],
         [False, False, False,  ..., False, False, False],
         [False, False, False,  ..., False, False, False],
         ...,
         [False, False, False,  ..., False, False, False],
         [False, False, False,  ..., False, False, False],
         [False, False, False,  ..., False, False, False]],

        ...,

        [[False, False, False,  ..., False, False, False],
         [False, False, False,  ..., False, False, False],
         [False, False, False,  ..., False, False, False],
         ...,
         [False, False, False,  ..., False, False, False],
         [False, False, False,  ..., False, False, False],
         [False, False, False,  ..., False, False, False]],

        [[False, False, False,  ..., False, False, False],
         [False, False, False,  ..., False, False, False],
         [False, False, False,  ..., False, False, False],
         ...,
         [False, False, False,  ..., False, False, False],
         [False, False, False,  ..., False, False, False],
         [False, False, False,  ..., False, False, False]],

        [[False, False, False,  ..., False, False, False],
         [False, False, False,  ..., False, False, False],
         [False, False, False,  ..., False, False, False],
         ...,
         [False, False, False,  ..., False, False, False],
         [False, False, False,  ..., False, False, False],
         [False, False, False,  ..., False, False, False]]])])}
[02/28 06:22:45 mask2former.data.dataset_mappers.mask_former_semantic_dataset_mapper]: None
[02/28 06:22:45 mask2former.data.dataset_mappers.mask_former_semantic_dataset_mapper]: output dataset_dict: {'file_name': '/cpfs01/projects-HDD/pujianxiangmuzu_HDD/public/mr/./leftImg8bit_trainvaltest/leftImg8bit/train/bremen/bremen_000227_000019_leftImg8bit.png', 'width': 2048, 'height': 1024, 'image': tensor([[[125, 123, 123,  ..., 142, 139, 135],
         [124, 123, 123,  ..., 146, 146, 141],
         [125, 123, 123,  ..., 156, 154, 150],
         ...,
         [ 78,  80,  81,  ...,  69,  69,  71],
         [ 76,  76,  77,  ...,  67,  67,  69],
         [ 74,  75,  76,  ...,  67,  67,  69]],

        [[152, 153, 154,  ..., 164, 163, 159],
         [150, 152, 153,  ..., 168, 168, 166],
         [149, 151, 152,  ..., 182, 181, 178],
         ...,
         [ 89,  90,  91,  ...,  82,  82,  82],
         [ 87,  88,  88,  ...,  81,  81,  81],
         [ 86,  86,  87,  ...,  80,  80,  80]],

        [[107, 106, 108,  ..., 150, 146, 141],
         [108, 107, 108,  ..., 156, 154, 149],
         [106, 107, 109,  ..., 174, 172, 167],
         ...,
         [ 82,  84,  85,  ...,  76,  76,  76],
         [ 80,  81,  81,  ...,  75,  76,  75],
         [ 79,  79,  79,  ...,  75,  75,  74]]], dtype=torch.uint8), 'sem_seg': tensor([[ 13,  13,  13,  ...,  13,  13,  13],
        [ 13,  13,  13,  ...,  13,  13,  13],
        [ 13,  13,  13,  ...,  13,  13,  13],
        ...,
        [255, 255, 255,  ..., 255, 255, 255],
        [255, 255, 255,  ..., 255, 255, 255],
        [255, 255, 255,  ..., 255, 255, 255]]), 'instances': Instances(num_instances=16, image_height=768, image_width=768, fields=[gt_classes: tensor([ 0, 13,  0, 13,  0, 13, 13, 13, 13, 13, 13, 13, 13, 13, 13, 13]), gt_masks: tensor([[[False, False, False,  ..., False, False, False],
         [False, False, False,  ..., False, False, False],
         [False, False, False,  ..., False, False, False],
         ...,
         [False, False, False,  ..., False, False, False],
         [False, False, False,  ..., False, False, False],
         [False, False, False,  ..., False, False, False]],

        [[False, False, False,  ..., False, False, False],
         [False, False, False,  ..., False, False, False],
         [False, False, False,  ..., False, False, False],
         ...,
         [False, False, False,  ..., False, False, False],
         [False, False, False,  ..., False, False, False],
         [False, False, False,  ..., False, False, False]],

        [[False, False, False,  ..., False, False, False],
         [False, False, False,  ..., False, False, False],
         [False, False, False,  ..., False, False, False],
         ...,
         [False, False, False,  ..., False, False, False],
         [False, False, False,  ..., False, False, False],
         [False, False, False,  ..., False, False, False]],

        ...,

        [[False, False, False,  ..., False, False, False],
         [False, False, False,  ..., False, False, False],
         [False, False, False,  ..., False, False, False],
         ...,
         [False, False, False,  ..., False, False, False],
         [False, False, False,  ..., False, False, False],
         [False, False, False,  ..., False, False, False]],

        [[False, False, False,  ..., False, False, False],
         [False, False, False,  ..., False, False, False],
         [False, False, False,  ..., False, False, False],
         ...,
         [False, False, False,  ..., False, False, False],
         [False, False, False,  ..., False, False, False],
         [False, False, False,  ..., False, False, False]],

        [[False, False, False,  ..., False, False, False],
         [False, False, False,  ..., False, False, False],
         [False, False, False,  ..., False, False, False],
         ...,
         [False, False, False,  ..., False, False, False],
         [False, False, False,  ..., False, False, False],
         [False, False, False,  ..., False, False, False]]])])}
[02/28 06:22:45 mask2former.data.dataset_mappers.mask_former_semantic_dataset_mapper]: None
[02/28 06:22:46 mask2former.data.dataset_mappers.mask_former_semantic_dataset_mapper]: output dataset_dict: {'file_name': '/cpfs01/projects-HDD/pujianxiangmuzu_HDD/public/mr/./leftImg8bit_trainvaltest/leftImg8bit/train/dusseldorf/dusseldorf_000219_000019_leftImg8bit.png', 'width': 2048, 'height': 1024, 'image': tensor([[[163, 164, 164,  ...,  59,  58,  58],
         [160, 161, 163,  ...,  59,  57,  57],
         [161, 161, 161,  ...,  59,  57,  57],
         ...,
         [ 51,  51,  50,  ...,  32,  32,  32],
         [ 51,  50,  49,  ...,  33,  33,  33],
         [ 50,  50,  49,  ...,  34,  34,  34]],

        [[186, 186, 185,  ...,  74,  74,  76],
         [183, 183, 184,  ...,  73,  73,  75],
         [183, 183, 183,  ...,  74,  74,  76],
         ...,
         [ 63,  63,  62,  ...,  40,  40,  40],
         [ 63,  63,  62,  ...,  40,  40,  40],
         [ 62,  62,  61,  ...,  40,  40,  40]],

        [[176, 177, 177,  ...,  67,  67,  70],
         [175, 176, 177,  ...,  68,  68,  70],
         [176, 177, 176,  ...,  70,  69,  71],
         ...,
         [ 56,  56,  55,  ...,  30,  31,  31],
         [ 56,  56,  55,  ...,  30,  31,  32],
         [ 55,  55,  55,  ...,  30,  31,  31]]], dtype=torch.uint8), 'sem_seg': tensor([[10, 10, 10,  ...,  2,  2,  2],
        [10, 10, 10,  ...,  2,  2,  2],
        [10, 10, 10,  ...,  2,  2,  2],
        ...,
        [ 0,  0,  0,  ...,  1,  1,  1],
        [ 0,  0,  0,  ...,  1,  1,  1],
        [ 0,  0,  0,  ...,  1,  1,  1]]), 'instances': Instances(num_instances=26, image_height=768, image_width=768, fields=[gt_classes: tensor([ 0,  1,  2,  5,  8,  9, 10, 13,  0,  9, 10,  0,  9,  2,  9,  9,  2, 13,
         8, 13,  8,  8,  8,  8,  8,  8]), gt_masks: tensor([[[False, False, False,  ..., False, False, False],
         [False, False, False,  ..., False, False, False],
         [False, False, False,  ..., False, False, False],
         ...,
         [False, False, False,  ..., False, False, False],
         [False, False, False,  ..., False, False, False],
         [False, False, False,  ..., False, False, False]],

        [[False, False, False,  ..., False, False, False],
         [False, False, False,  ..., False, False, False],
         [False, False, False,  ..., False, False, False],
         ...,
         [False, False, False,  ...,  True,  True,  True],
         [False, False, False,  ...,  True,  True,  True],
         [False, False, False,  ...,  True,  True,  True]],

        [[False, False, False,  ..., False, False, False],
         [False, False, False,  ..., False, False, False],
         [False, False, False,  ..., False, False, False],
         ...,
         [False, False, False,  ..., False, False, False],
         [False, False, False,  ..., False, False, False],
         [False, False, False,  ..., False, False, False]],

        ...,

        [[False, False, False,  ..., False, False, False],
         [False, False, False,  ..., False, False, False],
         [False, False, False,  ..., False, False, False],
         ...,
         [False, False, False,  ..., False, False, False],
         [False, False, False,  ..., False, False, False],
         [False, False, False,  ..., False, False, False]],

        [[False, False, False,  ..., False, False, False],
         [False, False, False,  ..., False, False, False],
         [False, False, False,  ..., False, False, False],
         ...,
         [False, False, False,  ..., False, False, False],
         [False, False, False,  ..., False, False, False],
         [False, False, False,  ..., False, False, False]],

        [[False, False, False,  ..., False, False, False],
         [False, False, False,  ..., False, False, False],
         [False, False, False,  ..., False, False, False],
         ...,
         [False, False, False,  ..., False, False, False],
         [False, False, False,  ..., False, False, False],
         [False, False, False,  ..., False, False, False]]])])}
[02/28 06:22:46 mask2former.data.dataset_mappers.mask_former_semantic_dataset_mapper]: None
[02/28 06:22:46 mask2former.data.dataset_mappers.mask_former_semantic_dataset_mapper]: output dataset_dict: {'file_name': '/cpfs01/projects-HDD/pujianxiangmuzu_HDD/public/mr/./leftImg8bit_trainvaltest/leftImg8bit/train/strasbourg/strasbourg_000000_023854_leftImg8bit.png', 'width': 2048, 'height': 1024, 'image': tensor([[[218, 196, 238,  ..., 249, 242, 243],
         [222, 201, 239,  ..., 247, 242, 243],
         [225, 205, 239,  ..., 245, 242, 242],
         ...,
         [ 79,  78,  78,  ...,  66,  66,  67],
         [ 81,  79,  79,  ...,  66,  66,  67],
         [ 78,  80,  80,  ...,  66,  66,  67]],

        [[236, 219, 249,  ..., 250, 244, 247],
         [238, 222, 250,  ..., 250, 245, 247],
         [241, 226, 250,  ..., 250, 248, 248],
         ...,
         [ 84,  84,  83,  ...,  69,  69,  70],
         [ 85,  84,  84,  ...,  69,  69,  70],
         [ 84,  84,  85,  ...,  69,  69,  69]],

        [[234, 219, 248,  ..., 253, 248, 250],
         [236, 222, 249,  ..., 253, 249, 250],
         [239, 225, 249,  ..., 253, 251, 251],
         ...,
         [ 77,  76,  74,  ...,  63,  63,  63],
         [ 76,  76,  76,  ...,  63,  63,  63],
         [ 77,  77,  77,  ...,  63,  63,  63]]], dtype=torch.uint8), 'sem_seg': tensor([[255, 255, 255,  ..., 255, 255, 255],
        [255, 255, 255,  ..., 255, 255, 255],
        [255, 255, 255,  ..., 255, 255, 255],
        ...,
        [255, 255, 255,  ..., 255, 255, 255],
        [255, 255, 255,  ..., 255, 255, 255],
        [255, 255, 255,  ..., 255, 255, 255]]), 'instances': Instances(num_instances=49, image_height=614, image_width=768, fields=[gt_classes: tensor([ 0,  1,  2,  3,  4,  5,  8, 10,  0,  1,  2,  4,  5,  8, 10,  0,  1,  2,
         3,  4,  5,  8,  0,  1,  4,  8,  0,  1,  8,  2,  8,  2,  8,  2,  8,  8,
         2,  8,  2,  8,  2,  2,  2,  8,  2,  2,  2,  2,  2]), gt_masks: tensor([[[False, False, False,  ..., False, False, False],
         [False, False, False,  ..., False, False, False],
         [False, False, False,  ..., False, False, False],
         ...,
         [False, False, False,  ..., False, False, False],
         [False, False, False,  ..., False, False, False],
         [False, False, False,  ..., False, False, False]],

        [[False, False, False,  ..., False, False, False],
         [False, False, False,  ..., False, False, False],
         [False, False, False,  ..., False, False, False],
         ...,
         [False, False, False,  ..., False, False, False],
         [False, False, False,  ..., False, False, False],
         [False, False, False,  ..., False, False, False]],

        [[False, False, False,  ..., False, False, False],
         [False, False, False,  ..., False, False, False],
         [False, False, False,  ..., False, False, False],
         ...,
         [False, False, False,  ..., False, False, False],
         [False, False, False,  ..., False, False, False],
         [False, False, False,  ..., False, False, False]],

        ...,

        [[False, False, False,  ..., False, False, False],
         [False, False, False,  ..., False, False, False],
         [False, False, False,  ..., False, False, False],
         ...,
         [False, False, False,  ..., False, False, False],
         [False, False, False,  ..., False, False, False],
         [False, False, False,  ..., False, False, False]],

        [[False, False, False,  ..., False, False, False],
         [False, False, False,  ..., False, False, False],
         [False, False, False,  ..., False, False, False],
         ...,
         [False, False, False,  ..., False, False, False],
         [False, False, False,  ..., False, False, False],
         [False, False, False,  ..., False, False, False]],

        [[False, False, False,  ..., False, False, False],
         [False, False, False,  ..., False, False, False],
         [False, False, False,  ..., False, False, False],
         ...,
         [False, False, False,  ..., False, False, False],
         [False, False, False,  ..., False, False, False],
         [False, False, False,  ..., False, False, False]]])])}
[02/28 06:22:46 mask2former.data.dataset_mappers.mask_former_semantic_dataset_mapper]: None
[02/28 06:22:46 mask2former.data.dataset_mappers.mask_former_semantic_dataset_mapper]: output dataset_dict: {'file_name': '/cpfs01/projects-HDD/pujianxiangmuzu_HDD/public/mr/./leftImg8bit_trainvaltest/leftImg8bit/train/bremen/bremen_000061_000019_leftImg8bit.png', 'width': 2048, 'height': 1024, 'image': tensor([[[ 39,  42,  40,  ...,  71,  74,  70],
         [ 39,  38,  40,  ...,  84,  83,  81],
         [ 37,  38,  37,  ...,  76,  74,  72],
         ...,
         [ 83,  83,  83,  ...,  81,  81,  81],
         [ 84,  84,  83,  ...,  86,  84,  82],
         [ 84,  83,  83,  ...,  83,  84,  82]],

        [[ 53,  55,  53,  ...,  86,  87,  87],
         [ 53,  52,  50,  ...,  98,  98,  98],
         [ 50,  50,  47,  ...,  93,  93,  93],
         ...,
         [ 93,  93,  93,  ...,  95,  95,  95],
         [ 94,  93,  93,  ...,  98,  97,  97],
         [ 94,  93,  91,  ..., 107, 103, 101]],

        [[ 41,  42,  40,  ...,  71,  73,  71],
         [ 42,  40,  39,  ...,  79,  81,  81],
         [ 39,  40,  37,  ...,  72,  74,  74],
         ...,
         [ 76,  76,  76,  ...,  77,  78,  78],
         [ 78,  78,  76,  ...,  79,  77,  79],
         [ 78,  76,  77,  ...,  83,  81,  80]]], dtype=torch.uint8), 'sem_seg': tensor([[  8,   8,   8,  ...,   7,   7,   7],
        [  8,   8,   8,  ...,   7,   7,   7],
        [  8,   8,   8,  ...,   7,   7,   7],
        ...,
        [255, 255, 255,  ...,   0,   0,   0],
        [255, 255, 255,  ..., 255, 255, 255],
        [255, 255, 255,  ..., 255, 255, 255]]), 'instances': Instances(num_instances=45, image_height=768, image_width=768, fields=[gt_classes: tensor([ 0,  1,  2,  5,  7,  8,  9, 10, 11, 13,  0,  1,  2,  8, 13,  1,  2,  7,
         8, 13,  2,  7,  8,  8,  7,  8, 13,  2,  7,  8, 13,  2,  8,  7,  8, 13,
         7,  8, 13,  2,  7,  8, 13,  8, 13]), gt_masks: tensor([[[False, False, False,  ..., False, False, False],
         [False, False, False,  ..., False, False, False],
         [False, False, False,  ..., False, False, False],
         ...,
         [False, False, False,  ..., False, False, False],
         [False, False, False,  ..., False, False, False],
         [False, False, False,  ..., False, False, False]],

        [[False, False, False,  ..., False, False, False],
         [False, False, False,  ..., False, False, False],
         [False, False, False,  ..., False, False, False],
         ...,
         [False, False, False,  ..., False, False, False],
         [False, False, False,  ..., False, False, False],
         [False, False, False,  ..., False, False, False]],

        [[False, False, False,  ..., False, False, False],
         [False, False, False,  ..., False, False, False],
         [False, False, False,  ..., False, False, False],
         ...,
         [False, False, False,  ..., False, False, False],
         [False, False, False,  ..., False, False, False],
         [False, False, False,  ..., False, False, False]],

        ...,

        [[False, False, False,  ..., False, False, False],
         [False, False, False,  ..., False, False, False],
         [False, False, False,  ..., False, False, False],
         ...,
         [False, False, False,  ..., False, False, False],
         [False, False, False,  ..., False, False, False],
         [False, False, False,  ..., False, False, False]],

        [[False, False, False,  ..., False, False, False],
         [False, False, False,  ..., False, False, False],
         [False, False, False,  ..., False, False, False],
         ...,
         [False, False, False,  ..., False, False, False],
         [False, False, False,  ..., False, False, False],
         [False, False, False,  ..., False, False, False]],

        [[False, False, False,  ..., False, False, False],
         [False, False, False,  ..., False, False, False],
         [False, False, False,  ..., False, False, False],
         ...,
         [False, False, False,  ..., False, False, False],
         [False, False, False,  ..., False, False, False],
         [False, False, False,  ..., False, False, False]]])])}
[02/28 06:22:46 mask2former.data.dataset_mappers.mask_former_semantic_dataset_mapper]: None
[02/28 06:22:47 mask2former.data.dataset_mappers.mask_former_semantic_dataset_mapper]: output dataset_dict: {'file_name': '/cpfs01/projects-HDD/pujianxiangmuzu_HDD/public/mr/./leftImg8bit_trainvaltest/leftImg8bit/train/hamburg/hamburg_000000_066424_leftImg8bit.png', 'width': 2048, 'height': 1024, 'image': tensor([[[114, 115, 116,  ...,  33,  32,  32],
         [102, 103, 105,  ...,  32,  32,  32],
         [ 93,  96,  97,  ...,  33,  32,  31],
         ...,
         [  7,   6,   6,  ...,  98,  98,  98],
         [  6,   6,   6,  ...,  95,  95,  95],
         [  6,   6,   6,  ..., 100, 101, 101]],

        [[124, 127, 129,  ...,  36,  36,  36],
         [114, 116, 119,  ...,  35,  35,  35],
         [106, 109, 111,  ...,  35,  35,  34],
         ...,
         [  9,   9,   8,  ..., 100, 100, 100],
         [  8,   8,   8,  ...,  96,  97,  97],
         [  9,   8,   8,  ..., 101, 103, 103]],

        [[107, 109, 113,  ...,  27,  27,  26],
         [ 95,  97, 101,  ...,  26,  26,  26],
         [ 85,  88,  92,  ...,  26,  27,  27],
         ...,
         [  6,   6,   5,  ...,  82,  82,  82],
         [  6,   6,   5,  ...,  80,  80,  79],
         [  7,   6,   6,  ...,  85,  86,  85]]], dtype=torch.uint8), 'sem_seg': tensor([[13, 13, 13,  ...,  2,  2,  2],
        [13, 13, 13,  ...,  2,  2,  2],
        [13, 13, 13,  ...,  2,  2,  2],
        ...,
        [13, 13, 13,  ...,  0,  0,  0],
        [13, 13, 13,  ...,  0,  0,  0],
        [13, 13, 13,  ...,  0,  0,  0]]), 'instances': Instances(num_instances=27, image_height=768, image_width=768, fields=[gt_classes: tensor([ 0,  2, 11, 13,  0,  2, 13, 13, 13, 13, 13, 13, 13, 13, 13, 13, 13, 13,
        13, 13, 13, 13, 13, 13, 13, 13, 13]), gt_masks: tensor([[[False, False, False,  ..., False, False, False],
         [False, False, False,  ..., False, False, False],
         [False, False, False,  ..., False, False, False],
         ...,
         [False, False, False,  ..., False, False, False],
         [False, False, False,  ..., False, False, False],
         [False, False, False,  ..., False, False, False]],

        [[False, False, False,  ..., False, False, False],
         [False, False, False,  ..., False, False, False],
         [False, False, False,  ..., False, False, False],
         ...,
         [False, False, False,  ..., False, False, False],
         [False, False, False,  ..., False, False, False],
         [False, False, False,  ..., False, False, False]],

        [[False, False, False,  ..., False, False, False],
         [False, False, False,  ..., False, False, False],
         [False, False, False,  ..., False, False, False],
         ...,
         [False, False, False,  ..., False, False, False],
         [False, False, False,  ..., False, False, False],
         [False, False, False,  ..., False, False, False]],

        ...,

        [[False, False, False,  ..., False, False, False],
         [False, False, False,  ..., False, False, False],
         [False, False, False,  ..., False, False, False],
         ...,
         [False, False, False,  ..., False, False, False],
         [False, False, False,  ..., False, False, False],
         [False, False, False,  ..., False, False, False]],

        [[False, False, False,  ..., False, False, False],
         [False, False, False,  ..., False, False, False],
         [False, False, False,  ..., False, False, False],
         ...,
         [ True,  True,  True,  ..., False, False, False],
         [ True,  True,  True,  ..., False, False, False],
         [ True,  True, False,  ..., False, False, False]],

        [[False, False, False,  ..., False, False, False],
         [False, False, False,  ..., False, False, False],
         [False, False, False,  ..., False, False, False],
         ...,
         [False, False, False,  ..., False, False, False],
         [False, False, False,  ..., False, False, False],
         [False, False, False,  ..., False, False, False]]])])}
[02/28 06:22:47 mask2former.data.dataset_mappers.mask_former_semantic_dataset_mapper]: None
[02/28 06:22:47 mask2former.data.dataset_mappers.mask_former_semantic_dataset_mapper]: output dataset_dict: {'file_name': '/cpfs01/projects-HDD/pujianxiangmuzu_HDD/public/mr/./leftImg8bit_trainvaltest/leftImg8bit/train/bremen/bremen_000296_000019_leftImg8bit.png', 'width': 2048, 'height': 1024, 'image': tensor([[[243, 244, 239,  ..., 236, 250, 255],
         [243, 250, 254,  ..., 228, 247, 255],
         [247, 255, 255,  ..., 220, 245, 255],
         ...,
         [ 80,  81,  81,  ...,  77,  76,  75],
         [ 78,  80,  81,  ...,  80,  79,  77],
         [ 77,  77,  82,  ...,  80,  80,  80]],

        [[245, 243, 242,  ..., 255, 255, 255],
         [248, 247, 249,  ..., 255, 255, 255],
         [254, 255, 253,  ..., 255, 255, 255],
         ...,
         [ 87,  88,  88,  ...,  75,  75,  76],
         [ 87,  88,  88,  ...,  78,  77,  78],
         [ 87,  87,  87,  ...,  78,  77,  80]],

        [[218, 216, 224,  ..., 242, 252, 255],
         [222, 226, 238,  ..., 236, 249, 255],
         [239, 250, 251,  ..., 227, 247, 255],
         ...,
         [ 74,  74,  74,  ...,  60,  59,  59],
         [ 73,  73,  74,  ...,  63,  62,  62],
         [ 73,  73,  75,  ...,  65,  64,  64]]], dtype=torch.uint8), 'sem_seg': tensor([[ 8,  8,  8,  ...,  5,  5, 10],
        [ 8,  8,  8,  ...,  5,  5, 10],
        [ 8,  8,  8,  ...,  5,  5, 10],
        ...,
        [ 0,  0,  0,  ...,  0,  0,  0],
        [ 0,  0,  0,  ...,  0,  0,  0],
        [ 0,  0,  0,  ...,  0,  0,  0]]), 'instances': Instances(num_instances=28, image_height=768, image_width=768, fields=[gt_classes: tensor([ 0,  1,  2,  4,  5,  6,  7,  8,  9, 10, 11, 13,  0,  8,  9, 10, 13,  0,
         8,  8,  9,  8,  9,  8,  8,  8,  8,  8]), gt_masks: tensor([[[False, False, False,  ..., False, False, False],
         [False, False, False,  ..., False, False, False],
         [False, False, False,  ..., False, False, False],
         ...,
         [False, False, False,  ..., False, False, False],
         [False, False, False,  ..., False, False, False],
         [False, False, False,  ..., False, False, False]],

        [[False, False, False,  ..., False, False, False],
         [False, False, False,  ..., False, False, False],
         [False, False, False,  ..., False, False, False],
         ...,
         [False, False, False,  ..., False, False, False],
         [False, False, False,  ..., False, False, False],
         [False, False, False,  ..., False, False, False]],

        [[False, False, False,  ..., False, False, False],
         [False, False, False,  ..., False, False, False],
         [False, False, False,  ..., False, False, False],
         ...,
         [False, False, False,  ..., False, False, False],
         [False, False, False,  ..., False, False, False],
         [False, False, False,  ..., False, False, False]],

        ...,

        [[False, False, False,  ..., False, False, False],
         [False, False, False,  ..., False, False, False],
         [False, False, False,  ..., False, False, False],
         ...,
         [False, False, False,  ..., False, False, False],
         [False, False, False,  ..., False, False, False],
         [False, False, False,  ..., False, False, False]],

        [[False, False, False,  ..., False, False, False],
         [False, False, False,  ..., False, False, False],
         [False, False, False,  ..., False, False, False],
         ...,
         [False, False, False,  ..., False, False, False],
         [False, False, False,  ..., False, False, False],
         [False, False, False,  ..., False, False, False]],

        [[False, False, False,  ..., False, False, False],
         [False, False, False,  ..., False, False, False],
         [False, False, False,  ..., False, False, False],
         ...,
         [False, False, False,  ..., False, False, False],
         [False, False, False,  ..., False, False, False],
         [False, False, False,  ..., False, False, False]]])])}
[02/28 06:22:47 mask2former.data.dataset_mappers.mask_former_semantic_dataset_mapper]: None
[02/28 06:22:48 mask2former.data.dataset_mappers.mask_former_semantic_dataset_mapper]: output dataset_dict: {'file_name': '/cpfs01/projects-HDD/pujianxiangmuzu_HDD/public/mr/./leftImg8bit_trainvaltest/leftImg8bit/train/strasbourg/strasbourg_000001_045481_leftImg8bit.png', 'width': 2048, 'height': 1024, 'image': tensor([[[ 74,  75,  78,  ...,  74,  73,  72],
         [ 76,  77,  79,  ...,  79,  78,  76],
         [ 81,  81,  81,  ...,  79,  79,  78],
         ...,
         [130, 134, 135,  ..., 119, 120, 120],
         [120, 122, 124,  ..., 119, 120, 120],
         [112, 114, 115,  ..., 119, 120, 120]],

        [[ 77,  80,  83,  ...,  70,  70,  69],
         [ 79,  81,  84,  ...,  72,  72,  71],
         [ 83,  85,  85,  ...,  73,  73,  71],
         ...,
         [143, 145, 146,  ..., 125, 125, 125],
         [130, 132, 134,  ..., 124, 125, 125],
         [120, 122, 124,  ..., 124, 125, 125]],

        [[ 67,  68,  73,  ...,  55,  54,  52],
         [ 69,  71,  72,  ...,  58,  57,  54],
         [ 73,  76,  74,  ...,  58,  58,  57],
         ...,
         [133, 134, 135,  ..., 112, 111, 111],
         [119, 121, 122,  ..., 113, 112, 112],
         [109, 109, 113,  ..., 113, 113, 113]]], dtype=torch.uint8), 'sem_seg': tensor([[8, 8, 8,  ..., 8, 8, 8],
        [8, 8, 8,  ..., 8, 8, 8],
        [8, 8, 8,  ..., 8, 8, 8],
        ...,
        [0, 0, 0,  ..., 1, 1, 1],
        [0, 0, 0,  ..., 1, 1, 1],
        [0, 0, 0,  ..., 1, 1, 1]]), 'instances': Instances(num_instances=14, image_height=768, image_width=768, fields=[gt_classes: tensor([0, 1, 3, 5, 8, 0, 3, 5, 3, 0, 8, 8, 8, 8]), gt_masks: tensor([[[False, False, False,  ..., False, False, False],
         [False, False, False,  ..., False, False, False],
         [False, False, False,  ..., False, False, False],
         ...,
         [False, False, False,  ..., False, False, False],
         [False, False, False,  ..., False, False, False],
         [False, False, False,  ..., False, False, False]],

        [[False, False, False,  ..., False, False, False],
         [False, False, False,  ..., False, False, False],
         [False, False, False,  ..., False, False, False],
         ...,
         [False, False, False,  ...,  True,  True,  True],
         [False, False, False,  ...,  True,  True,  True],
         [False, False, False,  ...,  True,  True,  True]],

        [[False, False, False,  ..., False, False, False],
         [False, False, False,  ..., False, False, False],
         [False, False, False,  ..., False, False, False],
         ...,
         [False, False, False,  ..., False, False, False],
         [False, False, False,  ..., False, False, False],
         [False, False, False,  ..., False, False, False]],

        ...,

        [[False, False, False,  ..., False, False, False],
         [False, False, False,  ..., False, False, False],
         [False, False, False,  ..., False, False, False],
         ...,
         [False, False, False,  ..., False, False, False],
         [False, False, False,  ..., False, False, False],
         [False, False, False,  ..., False, False, False]],

        [[False, False, False,  ...,  True,  True,  True],
         [False, False, False,  ...,  True,  True,  True],
         [False, False, False,  ...,  True,  True,  True],
         ...,
         [False, False, False,  ..., False, False, False],
         [False, False, False,  ..., False, False, False],
         [False, False, False,  ..., False, False, False]],

        [[ True,  True,  True,  ..., False, False, False],
         [ True,  True,  True,  ..., False, False, False],
         [ True,  True,  True,  ..., False, False, False],
         ...,
         [False, False, False,  ..., False, False, False],
         [False, False, False,  ..., False, False, False],
         [False, False, False,  ..., False, False, False]]])])}
[02/28 06:22:48 mask2former.data.dataset_mappers.mask_former_semantic_dataset_mapper]: None
[02/28 06:22:48 mask2former.data.dataset_mappers.mask_former_semantic_dataset_mapper]: output dataset_dict: {'file_name': '/cpfs01/projects-HDD/pujianxiangmuzu_HDD/public/mr/./leftImg8bit_trainvaltest/leftImg8bit/train/bochum/bochum_000000_004748_leftImg8bit.png', 'width': 2048, 'height': 1024, 'image': tensor([[[133, 133, 132,  ...,  64,  54,  50],
         [133, 133, 132,  ...,  61,  57,  49],
         [133, 133, 132,  ...,  60,  58,  51],
         ...,
         [ 61,  61,  60,  ...,  39,  39,  39],
         [ 60,  60,  60,  ...,  40,  40,  40],
         [ 57,  57,  60,  ...,  42,  42,  42]],

        [[150, 150, 148,  ...,  79,  76,  72],
         [148, 148, 147,  ...,  76,  73,  71],
         [148, 148, 147,  ...,  73,  72,  71],
         ...,
         [ 76,  76,  75,  ...,  43,  43,  45],
         [ 75,  75,  75,  ...,  46,  46,  46],
         [ 75,  75,  75,  ...,  47,  47,  47]],

        [[124, 124, 124,  ...,  54,  50,  47],
         [124, 124, 124,  ...,  50,  50,  47],
         [124, 124, 124,  ...,  49,  51,  49],
         ...,
         [ 64,  64,  62,  ...,  32,  32,  36],
         [ 64,  64,  64,  ...,  35,  35,  35],
         [ 64,  64,  64,  ...,  38,  36,  36]]], dtype=torch.uint8), 'sem_seg': tensor([[255, 255, 255,  ..., 255, 255, 255],
        [255, 255, 255,  ..., 255, 255, 255],
        [255, 255, 255,  ..., 255, 255, 255],
        ...,
        [ 13,  13,  13,  ...,  13,  13,  13],
        [ 13,  13,  13,  ...,  13,  13,  13],
        [ 13,  13,  13,  ...,  13,  13,  13]]), 'instances': Instances(num_instances=24, image_height=768, image_width=768, fields=[gt_classes: tensor([ 2,  8, 13,  8, 13,  8, 13,  2, 13,  2,  2,  2,  8,  2, 13,  2,  2,  2,
         8,  8, 13,  8,  2,  2]), gt_masks: tensor([[[False, False, False,  ..., False, False, False],
         [False, False, False,  ..., False, False, False],
         [False, False, False,  ..., False, False, False],
         ...,
         [False, False, False,  ..., False, False, False],
         [False, False, False,  ..., False, False, False],
         [False, False, False,  ..., False, False, False]],

        [[False, False, False,  ..., False, False, False],
         [False, False, False,  ..., False, False, False],
         [False, False, False,  ..., False, False, False],
         ...,
         [False, False, False,  ..., False, False, False],
         [False, False, False,  ..., False, False, False],
         [False, False, False,  ..., False, False, False]],

        [[False, False, False,  ..., False, False, False],
         [False, False, False,  ..., False, False, False],
         [False, False, False,  ..., False, False, False],
         ...,
         [False, False, False,  ..., False, False, False],
         [False, False, False,  ..., False, False, False],
         [False, False, False,  ..., False, False, False]],

        ...,

        [[False, False, False,  ..., False, False, False],
         [False, False, False,  ..., False, False, False],
         [False, False, False,  ..., False, False, False],
         ...,
         [False, False, False,  ..., False, False, False],
         [False, False, False,  ..., False, False, False],
         [False, False, False,  ..., False, False, False]],

        [[False, False, False,  ..., False, False, False],
         [False, False, False,  ..., False, False, False],
         [False, False, False,  ..., False, False, False],
         ...,
         [False, False, False,  ..., False, False, False],
         [False, False, False,  ..., False, False, False],
         [False, False, False,  ..., False, False, False]],

        [[False, False, False,  ..., False, False, False],
         [False, False, False,  ..., False, False, False],
         [False, False, False,  ..., False, False, False],
         ...,
         [False, False, False,  ..., False, False, False],
         [False, False, False,  ..., False, False, False],
         [False, False, False,  ..., False, False, False]]])])}
[02/28 06:22:48 mask2former.data.dataset_mappers.mask_former_semantic_dataset_mapper]: None
[02/28 06:22:48 mask2former.data.dataset_mappers.mask_former_semantic_dataset_mapper]: output dataset_dict: {'file_name': '/cpfs01/projects-HDD/pujianxiangmuzu_HDD/public/mr/./leftImg8bit_trainvaltest/leftImg8bit/train/tubingen/tubingen_000016_000019_leftImg8bit.png', 'width': 2048, 'height': 1024, 'image': tensor([[[ 37,  36,  35,  ..., 245, 245, 245],
         [ 45,  42,  38,  ..., 245, 245, 245],
         [ 51,  47,  39,  ..., 245, 245, 245],
         ...,
         [ 84,  82,  78,  ...,  92,  92,  93],
         [ 94,  91,  88,  ...,  90,  90,  91],
         [ 99,  98,  96,  ...,  87,  88,  89]],

        [[ 46,  46,  45,  ..., 245, 245, 245],
         [ 54,  52,  49,  ..., 245, 245, 245],
         [ 60,  56,  49,  ..., 245, 245, 245],
         ...,
         [ 86,  84,  81,  ...,  99, 100, 100],
         [ 94,  92,  90,  ...,  98,  99,  99],
         [ 99,  98,  98,  ...,  97,  98,  98]],

        [[ 30,  31,  31,  ..., 245, 245, 245],
         [ 39,  38,  35,  ..., 245, 245, 245],
         [ 46,  43,  36,  ..., 245, 245, 245],
         ...,
         [ 73,  71,  70,  ...,  90,  90,  90],
         [ 85,  84,  83,  ...,  89,  90,  90],
         [ 97,  98,  97,  ...,  87,  88,  88]]], dtype=torch.uint8), 'sem_seg': tensor([[ 8,  8,  8,  ..., 10, 10, 10],
        [ 8,  8,  8,  ..., 10, 10, 10],
        [ 8,  8,  8,  ..., 10, 10, 10],
        ...,
        [ 1,  1,  1,  ...,  0,  0,  0],
        [ 1,  1,  1,  ...,  0,  0,  0],
        [ 1,  1,  1,  ...,  0,  0,  0]]), 'instances': Instances(num_instances=27, image_height=768, image_width=768, fields=[gt_classes: tensor([ 0,  1,  2,  4,  5,  6,  7,  8,  9, 10, 12, 13, 18,  0,  1, 10, 13,  8,
         8,  8,  8,  8,  8,  8,  8,  8,  8]), gt_masks: tensor([[[False, False, False,  ..., False, False, False],
         [False, False, False,  ..., False, False, False],
         [False, False, False,  ..., False, False, False],
         ...,
         [False, False, False,  ..., False, False, False],
         [False, False, False,  ..., False, False, False],
         [False, False, False,  ..., False, False, False]],

        [[False, False, False,  ..., False, False, False],
         [False, False, False,  ..., False, False, False],
         [False, False, False,  ..., False, False, False],
         ...,
         [False, False, False,  ..., False, False, False],
         [False, False, False,  ..., False, False, False],
         [False, False, False,  ..., False, False, False]],

        [[False, False, False,  ..., False, False, False],
         [False, False, False,  ..., False, False, False],
         [False, False, False,  ..., False, False, False],
         ...,
         [False, False, False,  ..., False, False, False],
         [False, False, False,  ..., False, False, False],
         [False, False, False,  ..., False, False, False]],

        ...,

        [[False, False, False,  ..., False, False, False],
         [False, False, False,  ..., False, False, False],
         [False, False, False,  ..., False, False, False],
         ...,
         [False, False, False,  ..., False, False, False],
         [False, False, False,  ..., False, False, False],
         [False, False, False,  ..., False, False, False]],

        [[False, False, False,  ..., False, False, False],
         [False, False, False,  ..., False, False, False],
         [False, False, False,  ..., False, False, False],
         ...,
         [False, False, False,  ..., False, False, False],
         [False, False, False,  ..., False, False, False],
         [False, False, False,  ..., False, False, False]],

        [[False, False, False,  ..., False, False, False],
         [False, False, False,  ..., False, False, False],
         [False, False, False,  ..., False, False, False],
         ...,
         [False, False, False,  ..., False, False, False],
         [False, False, False,  ..., False, False, False],
         [False, False, False,  ..., False, False, False]]])])}
[02/28 06:22:48 mask2former.data.dataset_mappers.mask_former_semantic_dataset_mapper]: None
[02/28 06:22:48 mask2former.data.dataset_mappers.mask_former_semantic_dataset_mapper]: output dataset_dict: {'file_name': '/cpfs01/projects-HDD/pujianxiangmuzu_HDD/public/mr/./leftImg8bit_trainvaltest/leftImg8bit/train/cologne/cologne_000022_000019_leftImg8bit.png', 'width': 2048, 'height': 1024, 'image': tensor([[[ 30,  30,  30,  ..., 178, 178, 178],
         [ 30,  30,  30,  ..., 169, 177, 178],
         [ 30,  30,  30,  ..., 151, 171, 175],
         ...,
         [ 13,  14,  14,  ...,  61,  61,  61],
         [ 14,  13,  13,  ...,  64,  63,  62],
         [ 13,  13,  13,  ...,  62,  62,  62]],

        [[ 33,  33,  33,  ..., 178, 178, 178],
         [ 33,  33,  33,  ..., 173, 178, 178],
         [ 32,  33,  33,  ..., 163, 177, 178],
         ...,
         [ 17,  17,  17,  ...,  69,  69,  69],
         [ 18,  18,  18,  ...,  71,  72,  72],
         [ 18,  18,  18,  ...,  71,  70,  71]],

        [[ 26,  26,  26,  ..., 178, 178, 178],
         [ 26,  26,  26,  ..., 165, 177, 178],
         [ 25,  25,  26,  ..., 145, 172, 177],
         ...,
         [ 13,  13,  13,  ...,  61,  60,  61],
         [ 14,  13,  13,  ...,  62,  62,  63],
         [ 14,  13,  13,  ...,  62,  62,  62]]], dtype=torch.uint8), 'sem_seg': tensor([[8, 8, 8,  ..., 8, 8, 8],
        [8, 8, 8,  ..., 8, 8, 8],
        [8, 8, 8,  ..., 8, 8, 8],
        ...,
        [4, 4, 4,  ..., 0, 0, 0],
        [4, 4, 4,  ..., 0, 0, 0],
        [4, 4, 4,  ..., 0, 0, 0]]), 'instances': Instances(num_instances=35, image_height=768, image_width=768, fields=[gt_classes: tensor([ 0,  1,  2,  4,  5,  6,  8,  9, 10, 11, 12, 13,  0,  2,  4, 13,  2,  2,
         2,  2,  2,  8,  2,  8,  2,  8,  2,  8,  2,  8,  2,  2,  8,  2,  2]), gt_masks: tensor([[[False, False, False,  ..., False, False, False],
         [False, False, False,  ..., False, False, False],
         [False, False, False,  ..., False, False, False],
         ...,
         [False, False, False,  ..., False, False, False],
         [False, False, False,  ..., False, False, False],
         [False, False, False,  ..., False, False, False]],

        [[False, False, False,  ..., False, False, False],
         [False, False, False,  ..., False, False, False],
         [False, False, False,  ..., False, False, False],
         ...,
         [False, False, False,  ..., False, False, False],
         [False, False, False,  ..., False, False, False],
         [False, False, False,  ..., False, False, False]],

        [[False, False, False,  ..., False, False, False],
         [False, False, False,  ..., False, False, False],
         [False, False, False,  ..., False, False, False],
         ...,
         [False, False, False,  ..., False, False, False],
         [False, False, False,  ..., False, False, False],
         [False, False, False,  ..., False, False, False]],

        ...,

        [[False, False, False,  ..., False, False, False],
         [False, False, False,  ..., False, False, False],
         [False, False, False,  ..., False, False, False],
         ...,
         [False, False, False,  ..., False, False, False],
         [False, False, False,  ..., False, False, False],
         [False, False, False,  ..., False, False, False]],

        [[False, False, False,  ..., False, False, False],
         [False, False, False,  ..., False, False, False],
         [False, False, False,  ..., False, False, False],
         ...,
         [False, False, False,  ..., False, False, False],
         [False, False, False,  ..., False, False, False],
         [False, False, False,  ..., False, False, False]],

        [[False, False, False,  ..., False, False, False],
         [False, False, False,  ..., False, False, False],
         [False, False, False,  ..., False, False, False],
         ...,
         [False, False, False,  ..., False, False, False],
         [False, False, False,  ..., False, False, False],
         [False, False, False,  ..., False, False, False]]])])}
[02/28 06:22:48 mask2former.data.dataset_mappers.mask_former_semantic_dataset_mapper]: None
[02/28 06:22:48 d2.utils.events]:  eta: 1:21:02  iter: 119  total_loss: 77.51  loss_ce: 2.724  loss_mask: 0.77  loss_dice: 4.377  loss_ce_0: 5  loss_mask_0: 0.7276  loss_dice_0: 4.36  loss_ce_1: 2.374  loss_mask_1: 0.7119  loss_dice_1: 4.314  loss_ce_2: 2.177  loss_mask_2: 0.7276  loss_dice_2: 4.339  loss_ce_3: 2.21  loss_mask_3: 0.7668  loss_dice_3: 4.33  loss_ce_4: 2.225  loss_mask_4: 0.7564  loss_dice_4: 4.364  loss_ce_5: 2.238  loss_mask_5: 0.7524  loss_dice_5: 4.369  loss_ce_6: 2.34  loss_mask_6: 0.7544  loss_dice_6: 4.429  loss_ce_7: 2.367  loss_mask_7: 0.7724  loss_dice_7: 4.391  loss_ce_8: 2.471  loss_mask_8: 0.7259  loss_dice_8: 4.376    time: 0.5130  last_time: 0.5838  data_time: 0.0113  last_data_time: 0.0126   lr: 9.8928e-05  max_mem: 5889M
[02/28 06:22:48 mask2former.data.dataset_mappers.mask_former_semantic_dataset_mapper]: output dataset_dict: {'file_name': '/cpfs01/projects-HDD/pujianxiangmuzu_HDD/public/mr/./leftImg8bit_trainvaltest/leftImg8bit/train/dusseldorf/dusseldorf_000122_000019_leftImg8bit.png', 'width': 2048, 'height': 1024, 'image': tensor([[[34, 33, 31,  ..., 50, 51, 52],
         [43, 42, 41,  ..., 52, 53, 53],
         [52, 51, 49,  ..., 53, 53, 52],
         ...,
         [59, 59, 59,  ..., 51, 52, 53],
         [58, 58, 59,  ..., 52, 52, 51],
         [58, 58, 58,  ..., 48, 51, 51]],

        [[41, 40, 39,  ..., 62, 63, 64],
         [50, 50, 49,  ..., 64, 65, 65],
         [60, 59, 58,  ..., 65, 64, 64],
         ...,
         [69, 69, 69,  ..., 63, 63, 64],
         [68, 68, 68,  ..., 64, 64, 62],
         [67, 67, 68,  ..., 60, 62, 62]],

        [[38, 36, 36,  ..., 58, 57, 58],
         [47, 46, 45,  ..., 59, 59, 59],
         [55, 54, 54,  ..., 61, 60, 58],
         ...,
         [65, 65, 65,  ..., 55, 55, 55],
         [63, 63, 63,  ..., 56, 56, 54],
         [61, 61, 62,  ..., 51, 54, 54]]], dtype=torch.uint8), 'sem_seg': tensor([[  2,   2,   2,  ...,   2,   2,   2],
        [  2,   2,   2,  ...,   2,   2,   2],
        [  2,   2,   2,  ...,   2,   2,   2],
        ...,
        [255, 255, 255,  ...,   0,   0,   0],
        [255, 255, 255,  ...,   0,   0,   0],
        [255, 255, 255,  ...,   0,   0,   0]]), 'instances': Instances(num_instances=37, image_height=768, image_width=768, fields=[gt_classes: tensor([ 0,  1,  2,  5,  6,  7,  8, 10, 11, 13, 18,  0,  2,  5, 10,  0,  1,  2,
         5,  0,  1,  8,  0,  2,  8,  0,  8,  0,  2,  8,  0,  2,  2,  2,  2,  2,
         2]), gt_masks: tensor([[[False, False, False,  ..., False, False, False],
         [False, False, False,  ..., False, False, False],
         [False, False, False,  ..., False, False, False],
         ...,
         [False, False, False,  ..., False, False, False],
         [False, False, False,  ..., False, False, False],
         [False, False, False,  ..., False, False, False]],

        [[False, False, False,  ..., False, False, False],
         [False, False, False,  ..., False, False, False],
         [False, False, False,  ..., False, False, False],
         ...,
         [False, False, False,  ..., False, False, False],
         [False, False, False,  ..., False, False, False],
         [False, False, False,  ..., False, False, False]],

        [[False, False, False,  ..., False, False, False],
         [False, False, False,  ..., False, False, False],
         [False, False, False,  ..., False, False, False],
         ...,
         [False, False, False,  ..., False, False, False],
         [False, False, False,  ..., False, False, False],
         [False, False, False,  ..., False, False, False]],

        ...,

        [[False, False, False,  ..., False, False, False],
         [False, False, False,  ..., False, False, False],
         [False, False, False,  ..., False, False, False],
         ...,
         [False, False, False,  ..., False, False, False],
         [False, False, False,  ..., False, False, False],
         [False, False, False,  ..., False, False, False]],

        [[False, False, False,  ..., False, False, False],
         [False, False, False,  ..., False, False, False],
         [False, False, False,  ..., False, False, False],
         ...,
         [False, False, False,  ..., False, False, False],
         [False, False, False,  ..., False, False, False],
         [False, False, False,  ..., False, False, False]],

        [[False, False, False,  ..., False, False, False],
         [False, False, False,  ..., False, False, False],
         [False, False, False,  ..., False, False, False],
         ...,
         [False, False, False,  ..., False, False, False],
         [False, False, False,  ..., False, False, False],
         [False, False, False,  ..., False, False, False]]])])}
[02/28 06:22:48 mask2former.data.dataset_mappers.mask_former_semantic_dataset_mapper]: None
[02/28 06:22:48 mask2former.data.dataset_mappers.mask_former_semantic_dataset_mapper]: output dataset_dict: {'file_name': '/cpfs01/projects-HDD/pujianxiangmuzu_HDD/public/mr/./leftImg8bit_trainvaltest/leftImg8bit/train/stuttgart/stuttgart_000086_000019_leftImg8bit.png', 'width': 2048, 'height': 1024, 'image': tensor([[[223, 228, 231,  ..., 141, 187, 210],
         [186, 190, 201,  ..., 139, 186, 210],
         [129, 133, 137,  ..., 139, 185, 210],
         ...,
         [ 35,  36,  36,  ..., 104, 104, 103],
         [ 37,  38,  35,  ..., 102, 100,  99],
         [ 38,  40,  37,  ..., 101, 100, 100]],

        [[214, 222, 225,  ..., 146, 188, 212],
         [188, 197, 207,  ..., 144, 186, 210],
         [142, 151, 162,  ..., 144, 186, 210],
         ...,
         [ 43,  43,  44,  ..., 107, 107, 106],
         [ 44,  44,  45,  ..., 103, 102, 102],
         [ 44,  45,  45,  ..., 103, 102, 103]],

        [[179, 185, 188,  ..., 124, 163, 188],
         [143, 149, 163,  ..., 123, 161, 186],
         [109, 110, 123,  ..., 123, 161, 186],
         ...,
         [ 35,  35,  37,  ...,  86,  85,  83],
         [ 36,  36,  36,  ...,  84,  82,  80],
         [ 36,  37,  37,  ...,  84,  84,  82]]], dtype=torch.uint8), 'sem_seg': tensor([[2, 2, 2,  ..., 2, 2, 2],
        [2, 2, 2,  ..., 2, 2, 2],
        [2, 2, 2,  ..., 2, 2, 2],
        ...,
        [0, 0, 0,  ..., 0, 0, 0],
        [0, 0, 0,  ..., 0, 0, 0],
        [0, 0, 0,  ..., 0, 0, 0]]), 'instances': Instances(num_instances=27, image_height=768, image_width=768, fields=[gt_classes: tensor([ 0,  1,  2,  5,  6,  7,  8, 13,  0,  1,  2,  8,  0,  8,  0,  8, 13,  2,
         2,  2,  2,  2,  2,  2,  2,  2,  2]), gt_masks: tensor([[[False, False, False,  ..., False, False, False],
         [False, False, False,  ..., False, False, False],
         [False, False, False,  ..., False, False, False],
         ...,
         [False, False, False,  ..., False, False, False],
         [False, False, False,  ..., False, False, False],
         [False, False, False,  ..., False, False, False]],

        [[False, False, False,  ..., False, False, False],
         [False, False, False,  ..., False, False, False],
         [False, False, False,  ..., False, False, False],
         ...,
         [False, False, False,  ..., False, False, False],
         [False, False, False,  ..., False, False, False],
         [False, False, False,  ..., False, False, False]],

        [[False, False, False,  ..., False, False, False],
         [False, False, False,  ..., False, False, False],
         [False, False, False,  ..., False, False, False],
         ...,
         [False, False, False,  ..., False, False, False],
         [False, False, False,  ..., False, False, False],
         [False, False, False,  ..., False, False, False]],

        ...,

        [[False, False, False,  ...,  True,  True,  True],
         [False, False, False,  ...,  True,  True,  True],
         [False, False, False,  ...,  True,  True,  True],
         ...,
         [False, False, False,  ..., False, False, False],
         [False, False, False,  ..., False, False, False],
         [False, False, False,  ..., False, False, False]],

        [[False, False, False,  ..., False, False, False],
         [False, False, False,  ..., False, False, False],
         [False, False, False,  ..., False, False, False],
         ...,
         [False, False, False,  ..., False, False, False],
         [False, False, False,  ..., False, False, False],
         [False, False, False,  ..., False, False, False]],

        [[False, False, False,  ..., False, False, False],
         [False, False, False,  ..., False, False, False],
         [False, False, False,  ..., False, False, False],
         ...,
         [False, False, False,  ..., False, False, False],
         [False, False, False,  ..., False, False, False],
         [False, False, False,  ..., False, False, False]]])])}
[02/28 06:22:48 mask2former.data.dataset_mappers.mask_former_semantic_dataset_mapper]: None
[02/28 06:22:49 mask2former.data.dataset_mappers.mask_former_semantic_dataset_mapper]: output dataset_dict: {'file_name': '/cpfs01/projects-HDD/pujianxiangmuzu_HDD/public/mr/./leftImg8bit_trainvaltest/leftImg8bit/train/jena/jena_000083_000019_leftImg8bit.png', 'width': 2048, 'height': 1024, 'image': tensor([[[123, 124, 125,  ..., 255, 255, 255],
         [122, 123, 124,  ..., 255, 254, 255],
         [122, 124, 123,  ..., 252, 251, 254],
         ...,
         [ 28,  20,  17,  ...,  69,  68,  67],
         [ 29,  18,  17,  ...,  67,  66,  67],
         [ 30,  20,  20,  ...,  66,  67,  67]],

        [[142, 144, 145,  ..., 255, 255, 255],
         [141, 143, 144,  ..., 255, 254, 255],
         [141, 142, 143,  ..., 253, 253, 254],
         ...,
         [ 35,  23,  20,  ...,  79,  78,  78],
         [ 39,  27,  23,  ...,  76,  76,  76],
         [ 43,  33,  30,  ...,  74,  75,  76]],

        [[123, 124, 127,  ..., 255, 255, 255],
         [122, 123, 124,  ..., 255, 255, 255],
         [122, 124, 125,  ..., 255, 255, 255],
         ...,
         [ 31,  27,  24,  ...,  61,  60,  62],
         [ 34,  30,  27,  ...,  61,  59,  61],
         [ 35,  32,  31,  ...,  62,  62,  62]]], dtype=torch.uint8), 'sem_seg': tensor([[  2,   2,   2,  ...,  10,  10,  10],
        [  2,   2,   2,  ...,  10,  10,  10],
        [  2,   2,   2,  ...,  10,  10,  10],
        ...,
        [ 18,  18,  18,  ..., 255, 255, 255],
        [ 18,  18,  18,  ..., 255, 255, 255],
        [ 18,  18,  18,  ..., 255, 255, 255]]), 'instances': Instances(num_instances=29, image_height=768, image_width=768, fields=[gt_classes: tensor([ 2,  5,  7,  8, 10, 11, 12, 13, 18,  2, 10, 12, 18, 10, 12,  2,  8,  2,
         8,  2,  2,  2,  2,  2,  2,  2,  2,  2,  2]), gt_masks: tensor([[[False, False, False,  ..., False, False, False],
         [False, False, False,  ..., False, False, False],
         [False, False, False,  ..., False, False, False],
         ...,
         [False, False, False,  ..., False, False, False],
         [False, False, False,  ..., False, False, False],
         [False, False, False,  ..., False, False, False]],

        [[False, False, False,  ..., False, False, False],
         [False, False, False,  ..., False, False, False],
         [False, False, False,  ..., False, False, False],
         ...,
         [False, False, False,  ..., False, False, False],
         [False, False, False,  ..., False, False, False],
         [False, False, False,  ..., False, False, False]],

        [[False, False, False,  ..., False, False, False],
         [False, False, False,  ..., False, False, False],
         [False, False, False,  ..., False, False, False],
         ...,
         [False, False, False,  ..., False, False, False],
         [False, False, False,  ..., False, False, False],
         [False, False, False,  ..., False, False, False]],

        ...,

        [[False, False, False,  ..., False, False, False],
         [False, False, False,  ..., False, False, False],
         [False, False, False,  ..., False, False, False],
         ...,
         [False, False, False,  ..., False, False, False],
         [False, False, False,  ..., False, False, False],
         [False, False, False,  ..., False, False, False]],

        [[False, False, False,  ..., False, False, False],
         [False, False, False,  ..., False, False, False],
         [False, False, False,  ..., False, False, False],
         ...,
         [False, False, False,  ..., False, False, False],
         [False, False, False,  ..., False, False, False],
         [False, False, False,  ..., False, False, False]],

        [[False, False, False,  ..., False, False, False],
         [False, False, False,  ..., False, False, False],
         [False, False, False,  ..., False, False, False],
         ...,
         [False, False, False,  ..., False, False, False],
         [False, False, False,  ..., False, False, False],
         [False, False, False,  ..., False, False, False]]])])}
[02/28 06:22:49 mask2former.data.dataset_mappers.mask_former_semantic_dataset_mapper]: None
[02/28 06:22:49 mask2former.data.dataset_mappers.mask_former_semantic_dataset_mapper]: output dataset_dict: {'file_name': '/cpfs01/projects-HDD/pujianxiangmuzu_HDD/public/mr/./leftImg8bit_trainvaltest/leftImg8bit/train/hamburg/hamburg_000000_043944_leftImg8bit.png', 'width': 2048, 'height': 1024, 'image': tensor([[[ 74,  74,  73,  ...,  86,  85,  86],
         [ 73,  74,  73,  ...,  87,  86,  87],
         [ 73,  74,  73,  ...,  87,  87,  87],
         ...,
         [120, 120, 120,  ..., 106, 106, 106],
         [120, 120, 120,  ..., 108, 108, 108],
         [119, 120, 120,  ..., 110, 110, 110]],

        [[ 79,  79,  78,  ...,  92,  93,  93],
         [ 79,  80,  79,  ...,  93,  94,  94],
         [ 79,  80,  79,  ...,  93,  94,  94],
         ...,
         [127, 127, 127,  ..., 113, 112, 112],
         [127, 127, 127,  ..., 115, 114, 114],
         [126, 126, 126,  ..., 116, 116, 116]],

        [[ 73,  72,  71,  ...,  81,  82,  84],
         [ 72,  72,  71,  ...,  81,  82,  84],
         [ 71,  72,  71,  ...,  81,  82,  84],
         ...,
         [114, 113, 113,  ..., 101, 101, 101],
         [114, 113, 113,  ..., 101, 101, 101],
         [113, 113, 112,  ..., 101, 101, 101]]], dtype=torch.uint8), 'sem_seg': tensor([[  0,   0,   0,  ...,   0,   0,   0],
        [  0,   0,   0,  ...,   0,   0,   0],
        [  0,   0,   0,  ...,   0,   0,   0],
        ...,
        [255, 255, 255,  ..., 255, 255, 255],
        [255, 255, 255,  ..., 255, 255, 255],
        [255, 255, 255,  ..., 255, 255, 255]]), 'instances': Instances(num_instances=6, image_height=768, image_width=768, fields=[gt_classes: tensor([0, 0, 0, 0, 0, 0]), gt_masks: tensor([[[ True,  True,  True,  ...,  True,  True,  True],
         [ True,  True,  True,  ...,  True,  True,  True],
         [ True,  True,  True,  ...,  True,  True,  True],
         ...,
         [False, False, False,  ..., False, False, False],
         [False, False, False,  ..., False, False, False],
         [False, False, False,  ..., False, False, False]],

        [[False, False, False,  ..., False, False, False],
         [False, False, False,  ..., False, False, False],
         [False, False, False,  ..., False, False, False],
         ...,
         [False, False, False,  ..., False, False, False],
         [False, False, False,  ..., False, False, False],
         [False, False, False,  ..., False, False, False]],

        [[False, False, False,  ..., False, False, False],
         [False, False, False,  ..., False, False, False],
         [False, False, False,  ..., False, False, False],
         ...,
         [False, False, False,  ..., False, False, False],
         [False, False, False,  ..., False, False, False],
         [False, False, False,  ..., False, False, False]],

        [[False, False, False,  ..., False, False, False],
         [False, False, False,  ..., False, False, False],
         [False, False, False,  ..., False, False, False],
         ...,
         [False, False, False,  ..., False, False, False],
         [False, False, False,  ..., False, False, False],
         [False, False, False,  ..., False, False, False]],

        [[False, False, False,  ..., False, False, False],
         [False, False, False,  ..., False, False, False],
         [False, False, False,  ..., False, False, False],
         ...,
         [False, False, False,  ..., False, False, False],
         [False, False, False,  ..., False, False, False],
         [False, False, False,  ..., False, False, False]],

        [[False, False, False,  ..., False, False, False],
         [False, False, False,  ..., False, False, False],
         [False, False, False,  ..., False, False, False],
         ...,
         [False, False, False,  ..., False, False, False],
         [False, False, False,  ..., False, False, False],
         [False, False, False,  ..., False, False, False]]])])}
[02/28 06:22:49 mask2former.data.dataset_mappers.mask_former_semantic_dataset_mapper]: None
[02/28 06:22:49 mask2former.data.dataset_mappers.mask_former_semantic_dataset_mapper]: output dataset_dict: {'file_name': '/cpfs01/projects-HDD/pujianxiangmuzu_HDD/public/mr/./leftImg8bit_trainvaltest/leftImg8bit/train/hanover/hanover_000000_021337_leftImg8bit.png', 'width': 2048, 'height': 1024, 'image': tensor([[[ 25,  24,  24,  ...,   9,  48,   6],
         [ 25,  25,  24,  ...,   9,  45,   6],
         [ 25,  25,  25,  ...,   8,  43,   5],
         ...,
         [ 90,  90,  90,  ...,  89,  89,  90],
         [ 90,  90,  90,  ...,  89,  89,  90],
         [ 90,  90,  90,  ...,  89,  89,  90]],

        [[ 32,  33,  35,  ...,   6,  24,   2],
         [ 32,  34,  35,  ...,   8,  25,   2],
         [ 33,  34,  35,  ...,  12,  27,   2],
         ...,
         [110, 111, 111,  ..., 102, 101, 101],
         [110, 111, 111,  ..., 102, 101, 101],
         [110, 111, 111,  ..., 102, 101, 101]],

        [[ 29,  31,  31,  ...,   4,  14,   0],
         [ 29,  31,  29,  ...,   4,  14,   0],
         [ 28,  31,  29,  ...,   5,  16,   0],
         ...,
         [100, 100, 101,  ...,  90,  89,  89],
         [100, 100, 101,  ...,  90,  89,  89],
         [100, 100, 101,  ...,  90,  89,  89]]], dtype=torch.uint8), 'sem_seg': tensor([[255, 255, 255,  ..., 255, 255, 255],
        [255, 255, 255,  ..., 255, 255, 255],
        [255, 255, 255,  ..., 255, 255, 255],
        ...,
        [255, 255, 255,  ..., 255, 255, 255],
        [255, 255, 255,  ..., 255, 255, 255],
        [255, 255, 255,  ..., 255, 255, 255]]), 'instances': Instances(num_instances=28, image_height=512, image_width=768, fields=[gt_classes: tensor([ 0,  2,  5,  6,  7,  8,  9, 10, 11, 12, 13, 18,  0,  8,  9,  0,  8,  0,
         8,  0,  8,  8,  8,  8,  8,  8,  8,  8]), gt_masks: tensor([[[False, False, False,  ..., False, False, False],
         [False, False, False,  ..., False, False, False],
         [False, False, False,  ..., False, False, False],
         ...,
         [False, False, False,  ..., False, False, False],
         [False, False, False,  ..., False, False, False],
         [False, False, False,  ..., False, False, False]],

        [[False, False, False,  ..., False, False, False],
         [False, False, False,  ..., False, False, False],
         [False, False, False,  ..., False, False, False],
         ...,
         [False, False, False,  ..., False, False, False],
         [False, False, False,  ..., False, False, False],
         [False, False, False,  ..., False, False, False]],

        [[False, False, False,  ..., False, False, False],
         [False, False, False,  ..., False, False, False],
         [False, False, False,  ..., False, False, False],
         ...,
         [False, False, False,  ..., False, False, False],
         [False, False, False,  ..., False, False, False],
         [False, False, False,  ..., False, False, False]],

        ...,

        [[False, False, False,  ..., False, False, False],
         [False, False, False,  ..., False, False, False],
         [False, False, False,  ..., False, False, False],
         ...,
         [False, False, False,  ..., False, False, False],
         [False, False, False,  ..., False, False, False],
         [False, False, False,  ..., False, False, False]],

        [[False, False, False,  ..., False, False, False],
         [False, False, False,  ..., False, False, False],
         [False, False, False,  ..., False, False, False],
         ...,
         [False, False, False,  ..., False, False, False],
         [False, False, False,  ..., False, False, False],
         [False, False, False,  ..., False, False, False]],

        [[False, False, False,  ..., False, False, False],
         [False, False, False,  ..., False, False, False],
         [False, False, False,  ..., False, False, False],
         ...,
         [False, False, False,  ..., False, False, False],
         [False, False, False,  ..., False, False, False],
         [False, False, False,  ..., False, False, False]]])])}
[02/28 06:22:49 mask2former.data.dataset_mappers.mask_former_semantic_dataset_mapper]: None
[02/28 06:22:49 mask2former.data.dataset_mappers.mask_former_semantic_dataset_mapper]: output dataset_dict: {'file_name': '/cpfs01/projects-HDD/pujianxiangmuzu_HDD/public/mr/./leftImg8bit_trainvaltest/leftImg8bit/train/bremen/bremen_000312_000019_leftImg8bit.png', 'width': 2048, 'height': 1024, 'image': tensor([[[145, 145, 147,  ...,  30,  30,  29],
         [145, 145, 145,  ...,  29,  29,  28],
         [146, 145, 144,  ...,  30,  29,  27],
         ...,
         [ 48,  48,  48,  ...,  44,  44,  44],
         [ 48,  48,  49,  ...,  44,  44,  44],
         [ 48,  48,  49,  ...,  44,  43,  44]],

        [[158, 158, 158,  ...,  36,  35,  34],
         [158, 158, 158,  ...,  34,  34,  33],
         [158, 158, 158,  ...,  34,  33,  32],
         ...,
         [ 55,  55,  54,  ...,  52,  52,  52],
         [ 55,  55,  55,  ...,  52,  52,  52],
         [ 55,  55,  55,  ...,  52,  51,  52]],

        [[153, 154, 154,  ...,  31,  31,  30],
         [152, 153, 152,  ...,  31,  29,  29],
         [152, 152, 152,  ...,  31,  30,  29],
         ...,
         [ 48,  48,  48,  ...,  46,  46,  46],
         [ 48,  48,  48,  ...,  45,  45,  46],
         [ 49,  49,  49,  ...,  45,  45,  45]]], dtype=torch.uint8), 'sem_seg': tensor([[10, 10, 10,  ...,  2,  2,  2],
        [10, 10, 10,  ...,  2,  2,  2],
        [10, 10, 10,  ...,  2,  2,  2],
        ...,
        [ 0,  0,  0,  ...,  0,  0,  0],
        [ 0,  0,  0,  ...,  0,  0,  0],
        [ 0,  0,  0,  ...,  0,  0,  0]]), 'instances': Instances(num_instances=30, image_height=768, image_width=768, fields=[gt_classes: tensor([ 0,  1,  2, 10, 11, 13,  0,  2,  0,  2, 13, 13,  0, 13,  0,  2, 13, 13,
        13,  2, 13,  2,  2,  2,  2,  2,  2,  2,  2,  2]), gt_masks: tensor([[[False, False, False,  ..., False, False, False],
         [False, False, False,  ..., False, False, False],
         [False, False, False,  ..., False, False, False],
         ...,
         [False, False, False,  ..., False, False, False],
         [False, False, False,  ..., False, False, False],
         [False, False, False,  ..., False, False, False]],

        [[False, False, False,  ..., False, False, False],
         [False, False, False,  ..., False, False, False],
         [False, False, False,  ..., False, False, False],
         ...,
         [False, False, False,  ..., False, False, False],
         [False, False, False,  ..., False, False, False],
         [False, False, False,  ..., False, False, False]],

        [[False, False, False,  ..., False, False, False],
         [False, False, False,  ..., False, False, False],
         [False, False, False,  ..., False, False, False],
         ...,
         [False, False, False,  ..., False, False, False],
         [False, False, False,  ..., False, False, False],
         [False, False, False,  ..., False, False, False]],

        ...,

        [[False, False, False,  ..., False, False, False],
         [False, False, False,  ..., False, False, False],
         [False, False, False,  ..., False, False, False],
         ...,
         [False, False, False,  ..., False, False, False],
         [False, False, False,  ..., False, False, False],
         [False, False, False,  ..., False, False, False]],

        [[False, False, False,  ..., False, False, False],
         [False, False, False,  ..., False, False, False],
         [False, False, False,  ..., False, False, False],
         ...,
         [False, False, False,  ..., False, False, False],
         [False, False, False,  ..., False, False, False],
         [False, False, False,  ..., False, False, False]],

        [[False, False, False,  ..., False, False, False],
         [False, False, False,  ..., False, False, False],
         [False, False, False,  ..., False, False, False],
         ...,
         [False, False, False,  ..., False, False, False],
         [False, False, False,  ..., False, False, False],
         [False, False, False,  ..., False, False, False]]])])}
[02/28 06:22:49 mask2former.data.dataset_mappers.mask_former_semantic_dataset_mapper]: None
[02/28 06:22:50 mask2former.data.dataset_mappers.mask_former_semantic_dataset_mapper]: output dataset_dict: {'file_name': '/cpfs01/projects-HDD/pujianxiangmuzu_HDD/public/mr/./leftImg8bit_trainvaltest/leftImg8bit/train/erfurt/erfurt_000021_000019_leftImg8bit.png', 'width': 2048, 'height': 1024, 'image': tensor([[[ 8,  8,  8,  ..., 13, 13, 13],
         [ 9,  9,  9,  ..., 14, 15, 15],
         [ 9,  9,  9,  ..., 14, 15, 16],
         ...,
         [16, 16, 16,  ..., 21, 21, 21],
         [16, 16, 16,  ..., 20, 21, 21],
         [16, 16, 15,  ..., 20, 20, 20]],

        [[11, 11, 11,  ..., 16, 17, 18],
         [12, 12, 12,  ..., 18, 19, 20],
         [12, 12, 12,  ..., 18, 19, 19],
         ...,
         [24, 24, 23,  ..., 28, 28, 28],
         [24, 24, 23,  ..., 28, 28, 28],
         [24, 24, 23,  ..., 28, 28, 28]],

        [[ 8,  8,  8,  ..., 12, 12, 12],
         [ 8,  8,  8,  ..., 13, 14, 14],
         [ 9,  9,  9,  ..., 12, 13, 13],
         ...,
         [15, 15, 15,  ..., 18, 18, 18],
         [15, 15, 15,  ..., 18, 18, 18],
         [15, 15, 15,  ..., 17, 18, 18]]], dtype=torch.uint8), 'sem_seg': tensor([[8, 8, 8,  ..., 8, 8, 8],
        [8, 8, 8,  ..., 8, 8, 8],
        [8, 8, 8,  ..., 8, 8, 8],
        ...,
        [9, 9, 9,  ..., 9, 9, 9],
        [9, 9, 9,  ..., 9, 9, 9],
        [9, 9, 9,  ..., 9, 9, 9]]), 'instances': Instances(num_instances=20, image_height=768, image_width=768, fields=[gt_classes: tensor([ 1,  2,  5,  8,  9, 13,  9,  8,  8,  8,  8,  8,  8,  8,  8,  8,  8,  8,
         8,  8]), gt_masks: tensor([[[False, False, False,  ..., False, False, False],
         [False, False, False,  ..., False, False, False],
         [False, False, False,  ..., False, False, False],
         ...,
         [False, False, False,  ..., False, False, False],
         [False, False, False,  ..., False, False, False],
         [False, False, False,  ..., False, False, False]],

        [[False, False, False,  ..., False, False, False],
         [False, False, False,  ..., False, False, False],
         [False, False, False,  ..., False, False, False],
         ...,
         [False, False, False,  ..., False, False, False],
         [False, False, False,  ..., False, False, False],
         [False, False, False,  ..., False, False, False]],

        [[False, False, False,  ..., False, False, False],
         [False, False, False,  ..., False, False, False],
         [False, False, False,  ..., False, False, False],
         ...,
         [False, False, False,  ..., False, False, False],
         [False, False, False,  ..., False, False, False],
         [False, False, False,  ..., False, False, False]],

        ...,

        [[False, False, False,  ..., False, False, False],
         [False, False, False,  ..., False, False, False],
         [False, False, False,  ..., False, False, False],
         ...,
         [False, False, False,  ..., False, False, False],
         [False, False, False,  ..., False, False, False],
         [False, False, False,  ..., False, False, False]],

        [[False, False, False,  ..., False, False, False],
         [False, False, False,  ..., False, False, False],
         [False, False, False,  ..., False, False, False],
         ...,
         [False, False, False,  ..., False, False, False],
         [False, False, False,  ..., False, False, False],
         [False, False, False,  ..., False, False, False]],

        [[False, False, False,  ..., False, False, False],
         [False, False, False,  ..., False, False, False],
         [False, False, False,  ..., False, False, False],
         ...,
         [False, False, False,  ..., False, False, False],
         [False, False, False,  ..., False, False, False],
         [False, False, False,  ..., False, False, False]]])])}
[02/28 06:22:50 mask2former.data.dataset_mappers.mask_former_semantic_dataset_mapper]: None
[02/28 06:22:50 mask2former.data.dataset_mappers.mask_former_semantic_dataset_mapper]: output dataset_dict: {'file_name': '/cpfs01/projects-HDD/pujianxiangmuzu_HDD/public/mr/./leftImg8bit_trainvaltest/leftImg8bit/train/hanover/hanover_000000_054276_leftImg8bit.png', 'width': 2048, 'height': 1024, 'image': tensor([[[106, 106, 106,  ..., 180, 175, 167],
         [106, 106, 106,  ..., 195, 190, 181],
         [106, 106, 105,  ..., 199, 192, 182],
         ...,
         [ 56,  56,  56,  ...,  53,  52,  54],
         [ 57,  57,  58,  ...,  53,  53,  54],
         [ 57,  57,  57,  ...,  54,  53,  54]],

        [[117, 117, 117,  ..., 202, 195, 187],
         [117, 117, 117,  ..., 216, 208, 199],
         [116, 116, 116,  ..., 219, 213, 202],
         ...,
         [ 66,  66,  66,  ...,  61,  60,  61],
         [ 67,  67,  67,  ...,  62,  61,  62],
         [ 67,  67,  66,  ...,  63,  62,  61]],

        [[112, 112, 112,  ..., 197, 188, 177],
         [113, 113, 112,  ..., 215, 203, 193],
         [112, 112, 111,  ..., 221, 211, 199],
         ...,
         [ 62,  62,  62,  ...,  59,  58,  59],
         [ 64,  64,  63,  ...,  60,  59,  60],
         [ 65,  65,  62,  ...,  61,  60,  60]]], dtype=torch.uint8), 'sem_seg': tensor([[2, 2, 2,  ..., 8, 8, 8],
        [2, 2, 2,  ..., 8, 8, 8],
        [2, 2, 2,  ..., 8, 8, 8],
        ...,
        [0, 0, 0,  ..., 0, 0, 0],
        [0, 0, 0,  ..., 0, 0, 0],
        [0, 0, 0,  ..., 0, 0, 0]]), 'instances': Instances(num_instances=23, image_height=768, image_width=768, fields=[gt_classes: tensor([ 0,  2,  3,  5,  6,  7,  8, 10, 11, 13,  0,  2,  3,  8, 10, 13, 13, 13,
         2, 13, 13, 13, 13]), gt_masks: tensor([[[False, False, False,  ..., False, False, False],
         [False, False, False,  ..., False, False, False],
         [False, False, False,  ..., False, False, False],
         ...,
         [False, False, False,  ..., False, False, False],
         [False, False, False,  ..., False, False, False],
         [False, False, False,  ..., False, False, False]],

        [[False, False, False,  ..., False, False, False],
         [False, False, False,  ..., False, False, False],
         [False, False, False,  ..., False, False, False],
         ...,
         [False, False, False,  ..., False, False, False],
         [False, False, False,  ..., False, False, False],
         [False, False, False,  ..., False, False, False]],

        [[False, False, False,  ..., False, False, False],
         [False, False, False,  ..., False, False, False],
         [False, False, False,  ..., False, False, False],
         ...,
         [False, False, False,  ..., False, False, False],
         [False, False, False,  ..., False, False, False],
         [False, False, False,  ..., False, False, False]],

        ...,

        [[False, False, False,  ..., False, False, False],
         [False, False, False,  ..., False, False, False],
         [False, False, False,  ..., False, False, False],
         ...,
         [False, False, False,  ..., False, False, False],
         [False, False, False,  ..., False, False, False],
         [False, False, False,  ..., False, False, False]],

        [[False, False, False,  ..., False, False, False],
         [False, False, False,  ..., False, False, False],
         [False, False, False,  ..., False, False, False],
         ...,
         [False, False, False,  ..., False, False, False],
         [False, False, False,  ..., False, False, False],
         [False, False, False,  ..., False, False, False]],

        [[False, False, False,  ..., False, False, False],
         [False, False, False,  ..., False, False, False],
         [False, False, False,  ..., False, False, False],
         ...,
         [False, False, False,  ..., False, False, False],
         [False, False, False,  ..., False, False, False],
         [False, False, False,  ..., False, False, False]]])])}
[02/28 06:22:50 mask2former.data.dataset_mappers.mask_former_semantic_dataset_mapper]: None
[02/28 06:22:50 mask2former.data.dataset_mappers.mask_former_semantic_dataset_mapper]: output dataset_dict: {'file_name': '/cpfs01/projects-HDD/pujianxiangmuzu_HDD/public/mr/./leftImg8bit_trainvaltest/leftImg8bit/train/jena/jena_000016_000019_leftImg8bit.png', 'width': 2048, 'height': 1024, 'image': tensor([[[255, 255, 255,  ..., 215, 214, 215],
         [255, 255, 250,  ..., 215, 216, 216],
         [255, 253, 242,  ..., 216, 215, 213],
         ...,
         [ 74,  74,  74,  ...,  65,  63,  63],
         [ 73,  73,  72,  ...,  63,  64,  62],
         [ 71,  71,  71,  ...,  63,  64,  62]],

        [[255, 255, 255,  ..., 231, 231, 230],
         [255, 255, 255,  ..., 231, 234, 230],
         [255, 255, 255,  ..., 231, 230, 226],
         ...,
         [ 86,  86,  86,  ...,  77,  75,  75],
         [ 85,  85,  85,  ...,  75,  75,  74],
         [ 82,  82,  81,  ...,  75,  75,  74]],

        [[255, 255, 255,  ..., 202, 199, 200],
         [255, 255, 255,  ..., 202, 203, 202],
         [255, 255, 255,  ..., 202, 202, 201],
         ...,
         [ 81,  81,  81,  ...,  71,  70,  70],
         [ 80,  80,  78,  ...,  70,  70,  69],
         [ 77,  76,  74,  ...,  70,  70,  69]]], dtype=torch.uint8), 'sem_seg': tensor([[255, 255, 255,  ..., 255, 255, 255],
        [255, 255, 255,  ..., 255, 255, 255],
        [255, 255, 255,  ..., 255, 255, 255],
        ...,
        [255, 255, 255,  ..., 255, 255, 255],
        [255, 255, 255,  ..., 255, 255, 255],
        [255, 255, 255,  ..., 255, 255, 255]]), 'instances': Instances(num_instances=52, image_height=614, image_width=768, fields=[gt_classes: tensor([ 0,  1,  2,  3,  4,  5,  7,  8, 10, 13,  0,  1,  2,  4, 10,  0,  1,  2,
         3,  4,  7,  8, 10,  1,  2,  4, 10,  1,  2,  4,  8, 10, 13,  1,  2,  8,
        13,  2,  4,  8,  2,  4,  8,  2,  4,  8,  2,  8,  2,  8,  2,  8]), gt_masks: tensor([[[False, False, False,  ..., False, False, False],
         [False, False, False,  ..., False, False, False],
         [False, False, False,  ..., False, False, False],
         ...,
         [False, False, False,  ..., False, False, False],
         [False, False, False,  ..., False, False, False],
         [False, False, False,  ..., False, False, False]],

        [[False, False, False,  ..., False, False, False],
         [False, False, False,  ..., False, False, False],
         [False, False, False,  ..., False, False, False],
         ...,
         [False, False, False,  ..., False, False, False],
         [False, False, False,  ..., False, False, False],
         [False, False, False,  ..., False, False, False]],

        [[False, False, False,  ..., False, False, False],
         [False, False, False,  ..., False, False, False],
         [False, False, False,  ..., False, False, False],
         ...,
         [False, False, False,  ..., False, False, False],
         [False, False, False,  ..., False, False, False],
         [False, False, False,  ..., False, False, False]],

        ...,

        [[False, False, False,  ..., False, False, False],
         [False, False, False,  ..., False, False, False],
         [False, False, False,  ..., False, False, False],
         ...,
         [False, False, False,  ..., False, False, False],
         [False, False, False,  ..., False, False, False],
         [False, False, False,  ..., False, False, False]],

        [[False, False, False,  ..., False, False, False],
         [False, False, False,  ..., False, False, False],
         [False, False, False,  ..., False, False, False],
         ...,
         [False, False, False,  ..., False, False, False],
         [False, False, False,  ..., False, False, False],
         [False, False, False,  ..., False, False, False]],

        [[False, False, False,  ..., False, False, False],
         [False, False, False,  ..., False, False, False],
         [False, False, False,  ..., False, False, False],
         ...,
         [False, False, False,  ..., False, False, False],
         [False, False, False,  ..., False, False, False],
         [False, False, False,  ..., False, False, False]]])])}
[02/28 06:22:50 mask2former.data.dataset_mappers.mask_former_semantic_dataset_mapper]: None
[02/28 06:22:51 mask2former.data.dataset_mappers.mask_former_semantic_dataset_mapper]: output dataset_dict: {'file_name': '/cpfs01/projects-HDD/pujianxiangmuzu_HDD/public/mr/./leftImg8bit_trainvaltest/leftImg8bit/train/hanover/hanover_000000_055937_leftImg8bit.png', 'width': 2048, 'height': 1024, 'image': tensor([[[138, 138, 146,  ...,  12,  12,  12],
         [137, 139, 145,  ...,  12,  12,  12],
         [136, 139, 146,  ...,  14,  14,  12],
         ...,
         [ 95,  94,  92,  ...,  53,  53,  53],
         [ 95,  94,  92,  ...,  50,  50,  51],
         [ 90,  91,  89,  ...,  49,  49,  51]],

        [[160, 158, 159,  ...,  16,  16,  16],
         [159, 160, 161,  ...,  16,  16,  16],
         [158, 161, 161,  ...,  17,  17,  16],
         ...,
         [109, 107, 105,  ...,  63,  63,  63],
         [108, 106, 104,  ...,  61,  61,  61],
         [103, 103, 102,  ...,  60,  60,  60]],

        [[158, 138, 137,  ...,  13,  13,  13],
         [156, 139, 135,  ...,  13,  13,  13],
         [154, 138, 135,  ...,  14,  14,  13],
         ...,
         [ 91,  91,  90,  ...,  59,  59,  59],
         [ 91,  91,  90,  ...,  57,  57,  57],
         [ 86,  88,  88,  ...,  56,  56,  56]]], dtype=torch.uint8), 'sem_seg': tensor([[  2,   2,   2,  ..., 255, 255, 255],
        [  2,   2,   2,  ..., 255, 255, 255],
        [  2,   2,   2,  ..., 255, 255, 255],
        ...,
        [  0,   0,   0,  ...,   0,   0,   0],
        [  0,   0,   0,  ...,   0,   0,   0],
        [  0,   0,   0,  ...,   0,   0,   0]]), 'instances': Instances(num_instances=19, image_height=768, image_width=768, fields=[gt_classes: tensor([ 0,  2,  4,  5,  7,  8, 11, 14,  0,  4, 14,  0, 14,  4,  8, 14,  2,  4,
         2]), gt_masks: tensor([[[False, False, False,  ..., False, False, False],
         [False, False, False,  ..., False, False, False],
         [False, False, False,  ..., False, False, False],
         ...,
         [False, False, False,  ..., False, False, False],
         [False, False, False,  ..., False, False, False],
         [False, False, False,  ..., False, False, False]],

        [[False, False, False,  ..., False, False, False],
         [False, False, False,  ..., False, False, False],
         [False, False, False,  ..., False, False, False],
         ...,
         [False, False, False,  ..., False, False, False],
         [False, False, False,  ..., False, False, False],
         [False, False, False,  ..., False, False, False]],

        [[False, False, False,  ..., False, False, False],
         [False, False, False,  ..., False, False, False],
         [False, False, False,  ..., False, False, False],
         ...,
         [False, False, False,  ..., False, False, False],
         [False, False, False,  ..., False, False, False],
         [False, False, False,  ..., False, False, False]],

        ...,

        [[ True,  True,  True,  ..., False, False, False],
         [ True,  True,  True,  ..., False, False, False],
         [ True,  True,  True,  ..., False, False, False],
         ...,
         [False, False, False,  ..., False, False, False],
         [False, False, False,  ..., False, False, False],
         [False, False, False,  ..., False, False, False]],

        [[False, False, False,  ..., False, False, False],
         [False, False, False,  ..., False, False, False],
         [False, False, False,  ..., False, False, False],
         ...,
         [False, False, False,  ..., False, False, False],
         [False, False, False,  ..., False, False, False],
         [False, False, False,  ..., False, False, False]],

        [[False, False, False,  ..., False, False, False],
         [False, False, False,  ..., False, False, False],
         [False, False, False,  ..., False, False, False],
         ...,
         [False, False, False,  ..., False, False, False],
         [False, False, False,  ..., False, False, False],
         [False, False, False,  ..., False, False, False]]])])}
[02/28 06:22:51 mask2former.data.dataset_mappers.mask_former_semantic_dataset_mapper]: None
[02/28 06:22:51 mask2former.data.dataset_mappers.mask_former_semantic_dataset_mapper]: output dataset_dict: {'file_name': '/cpfs01/projects-HDD/pujianxiangmuzu_HDD/public/mr/./leftImg8bit_trainvaltest/leftImg8bit/train/strasbourg/strasbourg_000001_004106_leftImg8bit.png', 'width': 2048, 'height': 1024, 'image': tensor([[[175, 159, 155,  ..., 242, 242, 242],
         [169, 154, 150,  ..., 242, 242, 242],
         [163, 147, 144,  ..., 242, 242, 242],
         ...,
         [ 13,  15,  14,  ...,  20,  18,  18],
         [ 16,  16,  15,  ...,  20,  18,  18],
         [ 18,  17,  15,  ...,  20,  18,  18]],

        [[132, 131, 124,  ..., 242, 242, 242],
         [130, 127, 120,  ..., 242, 242, 242],
         [125, 124, 117,  ..., 242, 242, 242],
         ...,
         [ 20,  19,  19,  ...,  26,  25,  25],
         [ 22,  20,  20,  ...,  26,  25,  25],
         [ 25,  23,  20,  ...,  26,  25,  25]],

        [[120, 119, 111,  ..., 242, 242, 242],
         [116, 113, 107,  ..., 242, 242, 242],
         [111, 108, 103,  ..., 242, 242, 242],
         ...,
         [ 12,  12,  12,  ...,  17,  18,  18],
         [ 13,  12,  12,  ...,  17,  18,  18],
         [ 15,  14,  12,  ...,  17,  18,  18]]], dtype=torch.uint8), 'sem_seg': tensor([[255, 255, 255,  ..., 255, 255, 255],
        [255, 255, 255,  ..., 255, 255, 255],
        [255, 255, 255,  ..., 255, 255, 255],
        ...,
        [255, 255, 255,  ..., 255, 255, 255],
        [255, 255, 255,  ..., 255, 255, 255],
        [255, 255, 255,  ..., 255, 255, 255]]), 'instances': Instances(num_instances=49, image_height=512, image_width=768, fields=[gt_classes: tensor([ 0,  1,  2,  3,  4,  5,  8, 10, 11,  0,  1,  2,  3,  4,  5,  8, 10, 11,
         1,  2,  3,  8, 10, 11,  1,  3, 10, 11,  4, 11,  3, 11,  3, 11,  3,  4,
        11,  3,  4, 11,  3,  3,  4,  3,  4,  4,  4,  4,  4]), gt_masks: tensor([[[False, False, False,  ..., False, False, False],
         [False, False, False,  ..., False, False, False],
         [False, False, False,  ..., False, False, False],
         ...,
         [False, False, False,  ..., False, False, False],
         [False, False, False,  ..., False, False, False],
         [False, False, False,  ..., False, False, False]],

        [[False, False, False,  ..., False, False, False],
         [False, False, False,  ..., False, False, False],
         [False, False, False,  ..., False, False, False],
         ...,
         [False, False, False,  ..., False, False, False],
         [False, False, False,  ..., False, False, False],
         [False, False, False,  ..., False, False, False]],

        [[False, False, False,  ..., False, False, False],
         [False, False, False,  ..., False, False, False],
         [False, False, False,  ..., False, False, False],
         ...,
         [False, False, False,  ..., False, False, False],
         [False, False, False,  ..., False, False, False],
         [False, False, False,  ..., False, False, False]],

        ...,

        [[False, False, False,  ..., False, False, False],
         [False, False, False,  ..., False, False, False],
         [False, False, False,  ..., False, False, False],
         ...,
         [False, False, False,  ..., False, False, False],
         [False, False, False,  ..., False, False, False],
         [False, False, False,  ..., False, False, False]],

        [[False, False, False,  ..., False, False, False],
         [False, False, False,  ..., False, False, False],
         [False, False, False,  ..., False, False, False],
         ...,
         [False, False, False,  ..., False, False, False],
         [False, False, False,  ..., False, False, False],
         [False, False, False,  ..., False, False, False]],

        [[False, False, False,  ..., False, False, False],
         [False, False, False,  ..., False, False, False],
         [False, False, False,  ..., False, False, False],
         ...,
         [False, False, False,  ..., False, False, False],
         [False, False, False,  ..., False, False, False],
         [False, False, False,  ..., False, False, False]]])])}
[02/28 06:22:51 mask2former.data.dataset_mappers.mask_former_semantic_dataset_mapper]: None
[02/28 06:22:51 mask2former.data.dataset_mappers.mask_former_semantic_dataset_mapper]: output dataset_dict: {'file_name': '/cpfs01/projects-HDD/pujianxiangmuzu_HDD/public/mr/./leftImg8bit_trainvaltest/leftImg8bit/train/dusseldorf/dusseldorf_000059_000019_leftImg8bit.png', 'width': 2048, 'height': 1024, 'image': tensor([[[100, 100,  97,  ...,  89, 112, 121],
         [101, 100,  97,  ...,  92, 116, 118],
         [103, 100, 100,  ...,  97,  93,  87],
         ...,
         [ 47,  47,  48,  ...,  55,  55,  58],
         [ 47,  47,  47,  ...,  54,  56,  56],
         [ 47,  47,  48,  ...,  54,  56,  56]],

        [[120, 120, 120,  ..., 118, 136, 141],
         [118, 120, 120,  ..., 111, 136, 138],
         [121, 120, 120,  ..., 115, 117, 112],
         ...,
         [ 59,  58,  59,  ...,  72,  74,  74],
         [ 59,  58,  58,  ...,  71,  74,  74],
         [ 59,  59,  59,  ...,  71,  74,  74]],

        [[ 99,  99,  97,  ...,  91, 120, 130],
         [ 97,  99,  99,  ...,  88, 121, 126],
         [ 99,  99,  97,  ...,  97, 100,  93],
         ...,
         [ 51,  51,  52,  ...,  63,  62,  60],
         [ 48,  48,  50,  ...,  62,  60,  59],
         [ 50,  48,  51,  ...,  62,  60,  59]]], dtype=torch.uint8), 'sem_seg': tensor([[255, 255, 255,  ..., 255, 255, 255],
        [255, 255, 255,  ..., 255, 255, 255],
        [255, 255, 255,  ..., 255, 255, 255],
        ...,
        [255, 255, 255,  ..., 255, 255, 255],
        [255, 255, 255,  ..., 255, 255, 255],
        [255, 255, 255,  ..., 255, 255, 255]]), 'instances': Instances(num_instances=46, image_height=614, image_width=768, fields=[gt_classes: tensor([ 0,  1,  2,  5,  6,  7,  8, 10, 11, 13, 18,  0,  1,  2,  8, 10, 13,  0,
         1,  2,  8, 10, 13,  0,  2,  8,  0,  2,  8,  2,  8, 13,  2,  8,  2,  8,
         8,  8, 13,  8, 13, 13, 13,  8, 13, 13]), gt_masks: tensor([[[False, False, False,  ..., False, False, False],
         [False, False, False,  ..., False, False, False],
         [False, False, False,  ..., False, False, False],
         ...,
         [False, False, False,  ..., False, False, False],
         [False, False, False,  ..., False, False, False],
         [False, False, False,  ..., False, False, False]],

        [[False, False, False,  ..., False, False, False],
         [False, False, False,  ..., False, False, False],
         [False, False, False,  ..., False, False, False],
         ...,
         [False, False, False,  ..., False, False, False],
         [False, False, False,  ..., False, False, False],
         [False, False, False,  ..., False, False, False]],

        [[False, False, False,  ..., False, False, False],
         [False, False, False,  ..., False, False, False],
         [False, False, False,  ..., False, False, False],
         ...,
         [False, False, False,  ..., False, False, False],
         [False, False, False,  ..., False, False, False],
         [False, False, False,  ..., False, False, False]],

        ...,

        [[False, False, False,  ..., False, False, False],
         [False, False, False,  ..., False, False, False],
         [False, False, False,  ..., False, False, False],
         ...,
         [False, False, False,  ..., False, False, False],
         [False, False, False,  ..., False, False, False],
         [False, False, False,  ..., False, False, False]],

        [[False, False, False,  ..., False, False, False],
         [False, False, False,  ..., False, False, False],
         [False, False, False,  ..., False, False, False],
         ...,
         [False, False, False,  ..., False, False, False],
         [False, False, False,  ..., False, False, False],
         [False, False, False,  ..., False, False, False]],

        [[False, False, False,  ..., False, False, False],
         [False, False, False,  ..., False, False, False],
         [False, False, False,  ..., False, False, False],
         ...,
         [False, False, False,  ..., False, False, False],
         [False, False, False,  ..., False, False, False],
         [False, False, False,  ..., False, False, False]]])])}
[02/28 06:22:51 mask2former.data.dataset_mappers.mask_former_semantic_dataset_mapper]: None
[02/28 06:22:51 mask2former.data.dataset_mappers.mask_former_semantic_dataset_mapper]: output dataset_dict: {'file_name': '/cpfs01/projects-HDD/pujianxiangmuzu_HDD/public/mr/./leftImg8bit_trainvaltest/leftImg8bit/train/cologne/cologne_000080_000019_leftImg8bit.png', 'width': 2048, 'height': 1024, 'image': tensor([[[105, 105, 107,  ..., 233, 233, 233],
         [107, 111, 108,  ..., 233, 233, 233],
         [110, 111, 108,  ..., 233, 233, 233],
         ...,
         [ 27,  31,  32,  ...,  30,  29,  29],
         [ 27,  30,  29,  ...,  32,  30,  29],
         [ 29,  29,  27,  ...,  30,  30,  29]],

        [[129, 129, 124,  ..., 233, 233, 233],
         [130, 130, 125,  ..., 233, 233, 233],
         [131, 129, 125,  ..., 233, 233, 233],
         ...,
         [ 44,  45,  46,  ...,  44,  43,  43],
         [ 44,  45,  43,  ...,  44,  44,  43],
         [ 44,  44,  42,  ...,  44,  44,  44]],

        [[ 90,  90,  85,  ..., 233, 233, 233],
         [ 88,  91,  87,  ..., 233, 233, 233],
         [ 92,  90,  86,  ..., 233, 233, 233],
         ...,
         [ 29,  31,  29,  ...,  33,  31,  31],
         [ 32,  31,  29,  ...,  33,  32,  31],
         [ 31,  31,  28,  ...,  33,  32,  31]]], dtype=torch.uint8), 'sem_seg': tensor([[255, 255, 255,  ..., 255, 255, 255],
        [  2,   2,   2,  ...,  10,  10,  10],
        [  2,   2,   2,  ...,  10,  10,  10],
        ...,
        [  0,   0,   0,  ...,   0,   0,   0],
        [  0,   0,   0,  ...,   0,   0,   0],
        [  0,   0,   0,  ...,   0,   0,   0]]), 'instances': Instances(num_instances=40, image_height=768, image_width=768, fields=[gt_classes: tensor([ 0,  1,  2,  5,  6,  7,  8, 10, 11, 12, 13, 14, 18,  0, 10,  0,  0, 13,
         0,  2,  0,  0,  2,  0,  0,  0,  2, 13,  0, 13, 13,  2,  2, 13, 13,  2,
         2, 13, 13, 13]), gt_masks: tensor([[[False, False, False,  ..., False, False, False],
         [False, False, False,  ..., False, False, False],
         [False, False, False,  ..., False, False, False],
         ...,
         [False, False, False,  ..., False, False, False],
         [False, False, False,  ..., False, False, False],
         [False, False, False,  ..., False, False, False]],

        [[False, False, False,  ..., False, False, False],
         [False, False, False,  ..., False, False, False],
         [False, False, False,  ..., False, False, False],
         ...,
         [False, False, False,  ..., False, False, False],
         [False, False, False,  ..., False, False, False],
         [False, False, False,  ..., False, False, False]],

        [[False, False, False,  ..., False, False, False],
         [False, False, False,  ..., False, False, False],
         [False, False, False,  ..., False, False, False],
         ...,
         [False, False, False,  ..., False, False, False],
         [False, False, False,  ..., False, False, False],
         [False, False, False,  ..., False, False, False]],

        ...,

        [[False, False, False,  ..., False, False, False],
         [False, False, False,  ..., False, False, False],
         [False, False, False,  ..., False, False, False],
         ...,
         [False, False, False,  ..., False, False, False],
         [False, False, False,  ..., False, False, False],
         [False, False, False,  ..., False, False, False]],

        [[False, False, False,  ..., False, False, False],
         [False, False, False,  ..., False, False, False],
         [False, False, False,  ..., False, False, False],
         ...,
         [False, False, False,  ..., False, False, False],
         [False, False, False,  ..., False, False, False],
         [False, False, False,  ..., False, False, False]],

        [[False, False, False,  ..., False, False, False],
         [False, False, False,  ..., False, False, False],
         [False, False, False,  ..., False, False, False],
         ...,
         [False, False, False,  ..., False, False, False],
         [False, False, False,  ..., False, False, False],
         [False, False, False,  ..., False, False, False]]])])}
[02/28 06:22:51 mask2former.data.dataset_mappers.mask_former_semantic_dataset_mapper]: None
[02/28 06:22:52 mask2former.data.dataset_mappers.mask_former_semantic_dataset_mapper]: output dataset_dict: {'file_name': '/cpfs01/projects-HDD/pujianxiangmuzu_HDD/public/mr/./leftImg8bit_trainvaltest/leftImg8bit/train/jena/jena_000092_000019_leftImg8bit.png', 'width': 2048, 'height': 1024, 'image': tensor([[[ 21,  24,  27,  ..., 255, 255, 255],
         [ 21,  21,  24,  ..., 255, 255, 255],
         [ 21,  20,  22,  ..., 255, 255, 255],
         ...,
         [ 36,  37,  39,  ...,  57,  57,  60],
         [ 37,  38,  40,  ...,  56,  57,  60],
         [ 39,  40,  40,  ...,  56,  57,  60]],

        [[ 48,  51,  54,  ..., 255, 255, 255],
         [ 45,  48,  51,  ..., 255, 255, 255],
         [ 42,  43,  46,  ..., 255, 255, 255],
         ...,
         [ 44,  45,  45,  ...,  69,  69,  72],
         [ 45,  46,  46,  ...,  68,  68,  72],
         [ 45,  46,  46,  ...,  68,  68,  72]],

        [[ 36,  37,  38,  ..., 255, 255, 255],
         [ 33,  34,  33,  ..., 255, 255, 255],
         [ 30,  29,  28,  ..., 255, 255, 255],
         ...,
         [ 36,  37,  37,  ...,  51,  54,  60],
         [ 37,  38,  38,  ...,  50,  53,  58],
         [ 37,  38,  38,  ...,  50,  53,  58]]], dtype=torch.uint8), 'sem_seg': tensor([[ 8,  8,  8,  ..., 10, 10, 10],
        [ 8,  8,  8,  ..., 10, 10, 10],
        [ 8,  8,  8,  ..., 10, 10, 10],
        ...,
        [ 4,  4,  4,  ...,  2,  2,  2],
        [ 4,  4,  4,  ...,  2,  2,  2],
        [ 4,  4,  4,  ...,  2,  2,  2]]), 'instances': Instances(num_instances=26, image_height=768, image_width=768, fields=[gt_classes: tensor([ 0,  2,  4,  5,  7,  8, 10, 11, 12, 13,  2,  8, 10,  8, 10, 10,  8,  8,
         8,  8,  8,  8,  8,  8,  8,  8]), gt_masks: tensor([[[False, False, False,  ..., False, False, False],
         [False, False, False,  ..., False, False, False],
         [False, False, False,  ..., False, False, False],
         ...,
         [False, False, False,  ..., False, False, False],
         [False, False, False,  ..., False, False, False],
         [False, False, False,  ..., False, False, False]],

        [[False, False, False,  ..., False, False, False],
         [False, False, False,  ..., False, False, False],
         [False, False, False,  ..., False, False, False],
         ...,
         [False, False, False,  ...,  True,  True,  True],
         [False, False, False,  ...,  True,  True,  True],
         [False, False, False,  ...,  True,  True,  True]],

        [[False, False, False,  ..., False, False, False],
         [False, False, False,  ..., False, False, False],
         [False, False, False,  ..., False, False, False],
         ...,
         [ True,  True,  True,  ..., False, False, False],
         [ True,  True,  True,  ..., False, False, False],
         [ True,  True,  True,  ..., False, False, False]],

        ...,

        [[False, False, False,  ..., False, False, False],
         [False, False, False,  ..., False, False, False],
         [False, False, False,  ..., False, False, False],
         ...,
         [False, False, False,  ..., False, False, False],
         [False, False, False,  ..., False, False, False],
         [False, False, False,  ..., False, False, False]],

        [[False, False, False,  ..., False, False, False],
         [False, False, False,  ..., False, False, False],
         [False, False, False,  ..., False, False, False],
         ...,
         [False, False, False,  ..., False, False, False],
         [False, False, False,  ..., False, False, False],
         [False, False, False,  ..., False, False, False]],

        [[False, False, False,  ..., False, False, False],
         [False, False, False,  ..., False, False, False],
         [False, False, False,  ..., False, False, False],
         ...,
         [False, False, False,  ..., False, False, False],
         [False, False, False,  ..., False, False, False],
         [False, False, False,  ..., False, False, False]]])])}
[02/28 06:22:52 mask2former.data.dataset_mappers.mask_former_semantic_dataset_mapper]: None
[02/28 06:22:52 mask2former.data.dataset_mappers.mask_former_semantic_dataset_mapper]: output dataset_dict: {'file_name': '/cpfs01/projects-HDD/pujianxiangmuzu_HDD/public/mr/./leftImg8bit_trainvaltest/leftImg8bit/train/tubingen/tubingen_000085_000019_leftImg8bit.png', 'width': 2048, 'height': 1024, 'image': tensor([[[61, 62, 62,  ..., 77, 76, 74],
         [61, 63, 63,  ..., 77, 76, 74],
         [61, 63, 63,  ..., 77, 76, 74],
         ...,
         [73, 74, 76,  ..., 44, 44, 44],
         [74, 75, 77,  ..., 44, 44, 44],
         [74, 76, 79,  ..., 43, 44, 44]],

        [[71, 73, 73,  ..., 90, 89, 86],
         [69, 71, 72,  ..., 90, 89, 86],
         [68, 70, 72,  ..., 90, 89, 86],
         ...,
         [78, 79, 80,  ..., 50, 50, 49],
         [79, 80, 81,  ..., 50, 50, 49],
         [79, 80, 83,  ..., 49, 49, 49]],

        [[63, 65, 66,  ..., 81, 80, 77],
         [62, 64, 66,  ..., 81, 80, 77],
         [61, 64, 66,  ..., 80, 79, 77],
         ...,
         [67, 68, 69,  ..., 45, 45, 44],
         [68, 69, 70,  ..., 45, 45, 45],
         [68, 69, 71,  ..., 45, 45, 45]]], dtype=torch.uint8), 'sem_seg': tensor([[ 2,  2,  2,  ...,  2,  2,  2],
        [ 2,  2,  2,  ...,  2,  2,  2],
        [ 2,  2,  2,  ...,  2,  2,  2],
        ...,
        [ 2, 11, 11,  ..., 11, 11, 11],
        [ 2, 11, 11,  ..., 11, 11, 11],
        [11, 11, 11,  ..., 11, 11, 11]]), 'instances': Instances(num_instances=30, image_height=768, image_width=768, fields=[gt_classes: tensor([ 2,  6, 11,  2,  2, 11,  2,  6,  2, 11, 11,  2, 11,  2,  2, 11, 11, 11,
         2,  2,  2,  2,  2,  2,  2,  2,  2,  2,  2,  2]), gt_masks: tensor([[[False, False, False,  ..., False, False, False],
         [False, False, False,  ..., False, False, False],
         [False, False, False,  ..., False, False, False],
         ...,
         [ True, False, False,  ..., False, False, False],
         [ True, False, False,  ..., False, False, False],
         [False, False, False,  ..., False, False, False]],

        [[False, False, False,  ..., False, False, False],
         [False, False, False,  ..., False, False, False],
         [False, False, False,  ..., False, False, False],
         ...,
         [False, False, False,  ..., False, False, False],
         [False, False, False,  ..., False, False, False],
         [False, False, False,  ..., False, False, False]],

        [[False, False, False,  ..., False, False, False],
         [False, False, False,  ..., False, False, False],
         [False, False, False,  ..., False, False, False],
         ...,
         [False,  True,  True,  ...,  True,  True,  True],
         [False,  True,  True,  ...,  True,  True,  True],
         [ True,  True,  True,  ...,  True,  True,  True]],

        ...,

        [[False, False, False,  ..., False, False, False],
         [False, False, False,  ..., False, False, False],
         [False, False, False,  ..., False, False, False],
         ...,
         [False, False, False,  ..., False, False, False],
         [False, False, False,  ..., False, False, False],
         [False, False, False,  ..., False, False, False]],

        [[False, False, False,  ..., False, False, False],
         [False, False, False,  ..., False, False, False],
         [False, False, False,  ..., False, False, False],
         ...,
         [False, False, False,  ..., False, False, False],
         [False, False, False,  ..., False, False, False],
         [False, False, False,  ..., False, False, False]],

        [[False, False, False,  ..., False, False, False],
         [False, False, False,  ..., False, False, False],
         [False, False, False,  ..., False, False, False],
         ...,
         [False, False, False,  ..., False, False, False],
         [False, False, False,  ..., False, False, False],
         [False, False, False,  ..., False, False, False]]])])}
[02/28 06:22:52 mask2former.data.dataset_mappers.mask_former_semantic_dataset_mapper]: None
[02/28 06:22:52 mask2former.data.dataset_mappers.mask_former_semantic_dataset_mapper]: output dataset_dict: {'file_name': '/cpfs01/projects-HDD/pujianxiangmuzu_HDD/public/mr/./leftImg8bit_trainvaltest/leftImg8bit/train/cologne/cologne_000130_000019_leftImg8bit.png', 'width': 2048, 'height': 1024, 'image': tensor([[[ 45,  45,  43,  ...,  58,  59,  60],
         [ 45,  45,  43,  ...,  61,  60,  63],
         [ 46,  43,  40,  ...,  59,  60,  61],
         ...,
         [ 94,  94,  94,  ...,  84,  84,  86],
         [ 94,  94,  95,  ...,  84,  84,  85],
         [ 93,  94,  94,  ...,  85,  85,  85]],

        [[ 52,  53,  50,  ...,  78,  78,  78],
         [ 53,  51,  49,  ...,  80,  79,  80],
         [ 52,  50,  47,  ...,  80,  79,  80],
         ...,
         [103, 102, 101,  ...,  97,  97,  98],
         [102, 102, 102,  ...,  97,  97,  97],
         [101, 101, 102,  ...,  96,  96,  96]],

        [[ 47,  48,  45,  ...,  83,  83,  83],
         [ 47,  46,  44,  ...,  85,  84,  85],
         [ 46,  44,  42,  ...,  85,  84,  85],
         ...,
         [ 92,  92,  91,  ...,  86,  86,  87],
         [ 92,  90,  92,  ...,  86,  86,  86],
         [ 91,  89,  90,  ...,  85,  85,  86]]], dtype=torch.uint8), 'sem_seg': tensor([[13, 13, 13,  ..., 11, 11, 11],
        [13, 13, 13,  ..., 11, 11, 11],
        [13, 13, 13,  ..., 11, 11, 11],
        ...,
        [ 0,  0,  0,  ...,  0,  0,  0],
        [ 0,  0,  0,  ...,  0,  0,  0],
        [ 0,  0,  0,  ...,  0,  0,  0]]), 'instances': Instances(num_instances=30, image_height=768, image_width=768, fields=[gt_classes: tensor([ 0,  1,  2, 11, 13,  0,  1,  2, 11,  0,  1,  2, 11,  0,  2, 11, 13, 11,
        13, 11, 11, 11, 11, 11,  2, 11,  2,  2,  2,  2]), gt_masks: tensor([[[False, False, False,  ..., False, False, False],
         [False, False, False,  ..., False, False, False],
         [False, False, False,  ..., False, False, False],
         ...,
         [False, False, False,  ..., False, False, False],
         [False, False, False,  ..., False, False, False],
         [False, False, False,  ..., False, False, False]],

        [[False, False, False,  ..., False, False, False],
         [False, False, False,  ..., False, False, False],
         [False, False, False,  ..., False, False, False],
         ...,
         [False, False, False,  ..., False, False, False],
         [False, False, False,  ..., False, False, False],
         [False, False, False,  ..., False, False, False]],

        [[False, False, False,  ..., False, False, False],
         [False, False, False,  ..., False, False, False],
         [False, False, False,  ..., False, False, False],
         ...,
         [False, False, False,  ..., False, False, False],
         [False, False, False,  ..., False, False, False],
         [False, False, False,  ..., False, False, False]],

        ...,

        [[False, False, False,  ..., False, False, False],
         [False, False, False,  ..., False, False, False],
         [False, False, False,  ..., False, False, False],
         ...,
         [False, False, False,  ..., False, False, False],
         [False, False, False,  ..., False, False, False],
         [False, False, False,  ..., False, False, False]],

        [[False, False, False,  ..., False, False, False],
         [False, False, False,  ..., False, False, False],
         [False, False, False,  ..., False, False, False],
         ...,
         [False, False, False,  ..., False, False, False],
         [False, False, False,  ..., False, False, False],
         [False, False, False,  ..., False, False, False]],

        [[False, False, False,  ..., False, False, False],
         [False, False, False,  ..., False, False, False],
         [False, False, False,  ..., False, False, False],
         ...,
         [False, False, False,  ..., False, False, False],
         [False, False, False,  ..., False, False, False],
         [False, False, False,  ..., False, False, False]]])])}
[02/28 06:22:52 mask2former.data.dataset_mappers.mask_former_semantic_dataset_mapper]: None
[02/28 06:22:52 mask2former.data.dataset_mappers.mask_former_semantic_dataset_mapper]: output dataset_dict: {'file_name': '/cpfs01/projects-HDD/pujianxiangmuzu_HDD/public/mr/./leftImg8bit_trainvaltest/leftImg8bit/train/strasbourg/strasbourg_000000_021231_leftImg8bit.png', 'width': 2048, 'height': 1024, 'image': tensor([[[ 34,  40,  43,  ..., 230, 230, 230],
         [ 31,  40,  44,  ..., 230, 230, 230],
         [ 32,  34,  36,  ..., 231, 230, 230],
         ...,
         [104, 104, 105,  ...,  76,  74,  76],
         [104, 104, 105,  ...,  77,  78,  77],
         [ 97,  98,  98,  ...,  76,  74,  73]],

        [[ 50,  55,  62,  ..., 235, 235, 235],
         [ 45,  55,  64,  ..., 237, 235, 235],
         [ 43,  51,  55,  ..., 237, 237, 237],
         ...,
         [119, 119, 121,  ...,  86,  84,  86],
         [120, 119, 120,  ...,  87,  88,  87],
         [115, 116, 114,  ...,  87,  87,  86]],

        [[ 38,  43,  46,  ..., 248, 247, 247],
         [ 34,  43,  48,  ..., 248, 247, 247],
         [ 35,  43,  44,  ..., 248, 248, 247],
         ...,
         [101, 105, 112,  ...,  71,  71,  71],
         [104, 104, 109,  ...,  73,  72,  71],
         [ 96,  98, 100,  ...,  73,  71,  70]]], dtype=torch.uint8), 'sem_seg': tensor([[  8,   8,   8,  ...,  10,  10,  10],
        [  8,   8,   8,  ...,  10,  10,  10],
        [  8,   8,   8,  ...,  10,  10,  10],
        ...,
        [255, 255, 255,  ...,   0,   0,   0],
        [255, 255, 255,  ...,   0,   0,   0],
        [255, 255, 255,  ...,   0,   0,   0]]), 'instances': Instances(num_instances=22, image_height=768, image_width=768, fields=[gt_classes: tensor([ 0,  1,  2,  3,  4,  5,  7,  8, 10,  0,  3,  8, 10,  3,  7,  8,  4,  7,
         8,  8,  8,  0]), gt_masks: tensor([[[False, False, False,  ..., False, False, False],
         [False, False, False,  ..., False, False, False],
         [False, False, False,  ..., False, False, False],
         ...,
         [False, False, False,  ...,  True,  True,  True],
         [False, False, False,  ...,  True,  True,  True],
         [False, False, False,  ...,  True,  True,  True]],

        [[False, False, False,  ..., False, False, False],
         [False, False, False,  ..., False, False, False],
         [False, False, False,  ..., False, False, False],
         ...,
         [False, False, False,  ..., False, False, False],
         [False, False, False,  ..., False, False, False],
         [False, False, False,  ..., False, False, False]],

        [[False, False, False,  ..., False, False, False],
         [False, False, False,  ..., False, False, False],
         [False, False, False,  ..., False, False, False],
         ...,
         [False, False, False,  ..., False, False, False],
         [False, False, False,  ..., False, False, False],
         [False, False, False,  ..., False, False, False]],

        ...,

        [[False, False, False,  ..., False, False, False],
         [False, False, False,  ..., False, False, False],
         [False, False, False,  ..., False, False, False],
         ...,
         [False, False, False,  ..., False, False, False],
         [False, False, False,  ..., False, False, False],
         [False, False, False,  ..., False, False, False]],

        [[ True,  True,  True,  ..., False, False, False],
         [ True,  True,  True,  ..., False, False, False],
         [ True,  True,  True,  ..., False, False, False],
         ...,
         [False, False, False,  ..., False, False, False],
         [False, False, False,  ..., False, False, False],
         [False, False, False,  ..., False, False, False]],

        [[False, False, False,  ..., False, False, False],
         [False, False, False,  ..., False, False, False],
         [False, False, False,  ..., False, False, False],
         ...,
         [False, False, False,  ..., False, False, False],
         [False, False, False,  ..., False, False, False],
         [False, False, False,  ..., False, False, False]]])])}
[02/28 06:22:52 mask2former.data.dataset_mappers.mask_former_semantic_dataset_mapper]: None
[02/28 06:22:52 mask2former.data.dataset_mappers.mask_former_semantic_dataset_mapper]: output dataset_dict: {'file_name': '/cpfs01/projects-HDD/pujianxiangmuzu_HDD/public/mr/./leftImg8bit_trainvaltest/leftImg8bit/train/erfurt/erfurt_000096_000019_leftImg8bit.png', 'width': 2048, 'height': 1024, 'image': tensor([[[19, 19, 20,  ..., 26, 26, 26],
         [18, 18, 19,  ..., 25, 25, 25],
         [18, 18, 19,  ..., 24, 25, 25],
         ...,
         [30, 29, 28,  ..., 81, 82, 84],
         [30, 29, 28,  ..., 83, 84, 85],
         [30, 29, 28,  ..., 84, 85, 85]],

        [[27, 27, 28,  ..., 37, 37, 37],
         [26, 26, 27,  ..., 36, 36, 36],
         [26, 26, 26,  ..., 36, 36, 36],
         ...,
         [41, 40, 39,  ..., 94, 95, 96],
         [41, 40, 39,  ..., 96, 97, 97],
         [42, 41, 40,  ..., 97, 98, 98]],

        [[23, 24, 23,  ..., 27, 28, 28],
         [23, 23, 23,  ..., 26, 27, 27],
         [23, 23, 23,  ..., 25, 26, 26],
         ...,
         [37, 36, 35,  ..., 76, 78, 80],
         [37, 36, 35,  ..., 79, 80, 81],
         [37, 36, 35,  ..., 80, 81, 82]]], dtype=torch.uint8), 'sem_seg': tensor([[ 2,  2,  2,  ...,  8,  8,  8],
        [ 2,  2,  2,  ...,  8,  8,  8],
        [ 2,  2,  2,  ...,  8,  8,  8],
        ...,
        [13, 13, 13,  ...,  0,  0,  0],
        [13, 13, 13,  ...,  0,  0,  0],
        [13, 13, 13,  ...,  0,  0,  0]]), 'instances': Instances(num_instances=24, image_height=768, image_width=768, fields=[gt_classes: tensor([ 0,  1,  2,  5,  8,  9, 13,  0,  5,  8,  9, 13,  5,  8,  9,  1,  1,  1,
         8,  1,  8,  8,  2,  8]), gt_masks: tensor([[[False, False, False,  ..., False, False, False],
         [False, False, False,  ..., False, False, False],
         [False, False, False,  ..., False, False, False],
         ...,
         [False, False, False,  ..., False, False, False],
         [False, False, False,  ..., False, False, False],
         [False, False, False,  ..., False, False, False]],

        [[False, False, False,  ..., False, False, False],
         [False, False, False,  ..., False, False, False],
         [False, False, False,  ..., False, False, False],
         ...,
         [False, False, False,  ..., False, False, False],
         [False, False, False,  ..., False, False, False],
         [False, False, False,  ..., False, False, False]],

        [[False, False, False,  ..., False, False, False],
         [False, False, False,  ..., False, False, False],
         [False, False, False,  ..., False, False, False],
         ...,
         [False, False, False,  ..., False, False, False],
         [False, False, False,  ..., False, False, False],
         [False, False, False,  ..., False, False, False]],

        ...,

        [[False, False, False,  ...,  True,  True,  True],
         [False, False, False,  ...,  True,  True,  True],
         [False, False, False,  ...,  True,  True,  True],
         ...,
         [False, False, False,  ..., False, False, False],
         [False, False, False,  ..., False, False, False],
         [False, False, False,  ..., False, False, False]],

        [[ True,  True,  True,  ..., False, False, False],
         [ True,  True,  True,  ..., False, False, False],
         [ True,  True,  True,  ..., False, False, False],
         ...,
         [False, False, False,  ..., False, False, False],
         [False, False, False,  ..., False, False, False],
         [False, False, False,  ..., False, False, False]],

        [[False, False, False,  ..., False, False, False],
         [False, False, False,  ..., False, False, False],
         [False, False, False,  ..., False, False, False],
         ...,
         [False, False, False,  ..., False, False, False],
         [False, False, False,  ..., False, False, False],
         [False, False, False,  ..., False, False, False]]])])}
[02/28 06:22:52 mask2former.data.dataset_mappers.mask_former_semantic_dataset_mapper]: None
[02/28 06:22:53 mask2former.data.dataset_mappers.mask_former_semantic_dataset_mapper]: output dataset_dict: {'file_name': '/cpfs01/projects-HDD/pujianxiangmuzu_HDD/public/mr/./leftImg8bit_trainvaltest/leftImg8bit/train/zurich/zurich_000059_000019_leftImg8bit.png', 'width': 2048, 'height': 1024, 'image': tensor([[[49, 51, 54,  ..., 14, 14, 13],
         [47, 50, 53,  ..., 13, 13, 13],
         [46, 49, 50,  ..., 13, 13, 13],
         ...,
         [43, 41, 40,  ..., 60, 60, 60],
         [41, 42, 42,  ..., 60, 60, 60],
         [43, 43, 43,  ..., 60, 60, 61]],

        [[50, 51, 54,  ..., 26, 26, 26],
         [49, 51, 53,  ..., 26, 26, 26],
         [48, 50, 52,  ..., 26, 26, 26],
         ...,
         [70, 69, 68,  ..., 84, 84, 84],
         [68, 67, 67,  ..., 83, 83, 83],
         [67, 67, 67,  ..., 83, 83, 82]],

        [[38, 40, 42,  ..., 21, 21, 21],
         [39, 40, 41,  ..., 21, 21, 21],
         [38, 39, 42,  ..., 21, 21, 21],
         ...,
         [52, 51, 49,  ..., 65, 65, 65],
         [50, 50, 50,  ..., 64, 64, 64],
         [51, 51, 51,  ..., 64, 64, 65]]], dtype=torch.uint8), 'sem_seg': tensor([[ 11,  11,  11,  ...,   2,   2,   2],
        [ 11,  11,  11,  ...,   2,   2,   2],
        [ 11,  11,  11,  ...,   2,   2,   2],
        ...,
        [255, 255, 255,  ...,   0,   0,   0],
        [255, 255, 255,  ...,   0,   0,   0],
        [255, 255, 255,  ...,   0,   0,   0]]), 'instances': Instances(num_instances=25, image_height=768, image_width=768, fields=[gt_classes: tensor([ 0,  1,  2,  5,  8, 11, 17, 18,  0,  1,  8, 17, 18,  0,  8, 17,  8,  8,
         8,  8, 17,  8, 17, 17, 17]), gt_masks: tensor([[[False, False, False,  ..., False, False, False],
         [False, False, False,  ..., False, False, False],
         [False, False, False,  ..., False, False, False],
         ...,
         [False, False, False,  ..., False, False, False],
         [False, False, False,  ..., False, False, False],
         [False, False, False,  ..., False, False, False]],

        [[False, False, False,  ..., False, False, False],
         [False, False, False,  ..., False, False, False],
         [False, False, False,  ..., False, False, False],
         ...,
         [False, False, False,  ..., False, False, False],
         [False, False, False,  ..., False, False, False],
         [False, False, False,  ..., False, False, False]],

        [[False, False, False,  ...,  True,  True,  True],
         [False, False, False,  ...,  True,  True,  True],
         [False, False, False,  ...,  True,  True,  True],
         ...,
         [False, False, False,  ..., False, False, False],
         [False, False, False,  ..., False, False, False],
         [False, False, False,  ..., False, False, False]],

        ...,

        [[False, False, False,  ..., False, False, False],
         [False, False, False,  ..., False, False, False],
         [False, False, False,  ..., False, False, False],
         ...,
         [False, False, False,  ..., False, False, False],
         [False, False, False,  ..., False, False, False],
         [False, False, False,  ..., False, False, False]],

        [[False, False, False,  ..., False, False, False],
         [False, False, False,  ..., False, False, False],
         [False, False, False,  ..., False, False, False],
         ...,
         [False, False, False,  ..., False, False, False],
         [False, False, False,  ..., False, False, False],
         [False, False, False,  ..., False, False, False]],

        [[False, False, False,  ..., False, False, False],
         [False, False, False,  ..., False, False, False],
         [False, False, False,  ..., False, False, False],
         ...,
         [False, False, False,  ..., False, False, False],
         [False, False, False,  ..., False, False, False],
         [False, False, False,  ..., False, False, False]]])])}
[02/28 06:22:53 mask2former.data.dataset_mappers.mask_former_semantic_dataset_mapper]: None
[02/28 06:22:53 mask2former.data.dataset_mappers.mask_former_semantic_dataset_mapper]: output dataset_dict: {'file_name': '/cpfs01/projects-HDD/pujianxiangmuzu_HDD/public/mr/./leftImg8bit_trainvaltest/leftImg8bit/train/bremen/bremen_000087_000019_leftImg8bit.png', 'width': 2048, 'height': 1024, 'image': tensor([[[ 79,  79,  79,  ..., 106, 106, 101],
         [ 79,  79,  79,  ..., 111, 113, 105],
         [ 77,  77,  77,  ..., 119, 120, 115],
         ...,
         [ 60,  60,  59,  ...,  48,  50,  50],
         [ 61,  59,  59,  ...,  48,  50,  50],
         [ 59,  59,  58,  ...,  50,  50,  50]],

        [[ 97,  97,  97,  ..., 123, 124, 121],
         [ 96,  96,  96,  ..., 128, 131, 128],
         [ 95,  95,  95,  ..., 134, 137, 136],
         ...,
         [ 69,  68,  67,  ...,  51,  52,  53],
         [ 68,  67,  66,  ...,  51,  52,  53],
         [ 67,  66,  65,  ...,  52,  53,  54]],

        [[ 95,  95,  95,  ..., 121, 121, 119],
         [ 94,  94,  94,  ..., 129, 128, 126],
         [ 93,  93,  93,  ..., 132, 134, 133],
         ...,
         [ 66,  65,  64,  ...,  56,  55,  55],
         [ 64,  63,  62,  ...,  56,  55,  55],
         [ 64,  63,  62,  ...,  56,  56,  56]]], dtype=torch.uint8), 'sem_seg': tensor([[ 2,  2,  2,  ...,  2,  2,  2],
        [ 2,  2,  2,  ...,  2,  2,  2],
        [ 2,  2,  2,  ...,  2,  2,  2],
        ...,
        [18, 18, 18,  ..., 18, 18, 18],
        [18, 18, 18,  ..., 18, 18, 18],
        [18, 18, 18,  ..., 18, 18, 18]]), 'instances': Instances(num_instances=15, image_height=768, image_width=768, fields=[gt_classes: tensor([ 2,  5,  7, 11, 18,  2,  7,  7,  2,  2, 18,  2,  2, 18,  2]), gt_masks: tensor([[[False, False, False,  ..., False, False, False],
         [False, False, False,  ..., False, False, False],
         [False, False, False,  ..., False, False, False],
         ...,
         [False, False, False,  ..., False, False, False],
         [False, False, False,  ..., False, False, False],
         [False, False, False,  ..., False, False, False]],

        [[False, False, False,  ..., False, False, False],
         [False, False, False,  ..., False, False, False],
         [False, False, False,  ..., False, False, False],
         ...,
         [False, False, False,  ..., False, False, False],
         [False, False, False,  ..., False, False, False],
         [False, False, False,  ..., False, False, False]],

        [[False, False, False,  ..., False, False, False],
         [False, False, False,  ..., False, False, False],
         [False, False, False,  ..., False, False, False],
         ...,
         [False, False, False,  ..., False, False, False],
         [False, False, False,  ..., False, False, False],
         [False, False, False,  ..., False, False, False]],

        ...,

        [[False, False, False,  ..., False, False, False],
         [False, False, False,  ..., False, False, False],
         [False, False, False,  ..., False, False, False],
         ...,
         [False, False, False,  ..., False, False, False],
         [False, False, False,  ..., False, False, False],
         [False, False, False,  ..., False, False, False]],

        [[False, False, False,  ..., False, False, False],
         [False, False, False,  ..., False, False, False],
         [False, False, False,  ..., False, False, False],
         ...,
         [False, False, False,  ..., False, False, False],
         [False, False, False,  ..., False, False, False],
         [False, False, False,  ..., False, False, False]],

        [[False, False, False,  ..., False, False, False],
         [False, False, False,  ..., False, False, False],
         [False, False, False,  ..., False, False, False],
         ...,
         [False, False, False,  ..., False, False, False],
         [False, False, False,  ..., False, False, False],
         [False, False, False,  ..., False, False, False]]])])}
[02/28 06:22:53 mask2former.data.dataset_mappers.mask_former_semantic_dataset_mapper]: None
[02/28 06:22:54 mask2former.data.dataset_mappers.mask_former_semantic_dataset_mapper]: output dataset_dict: {'file_name': '/cpfs01/projects-HDD/pujianxiangmuzu_HDD/public/mr/./leftImg8bit_trainvaltest/leftImg8bit/train/dusseldorf/dusseldorf_000127_000019_leftImg8bit.png', 'width': 2048, 'height': 1024, 'image': tensor([[[ 0,  0,  0,  ...,  3,  3,  3],
         [ 0,  0,  0,  ...,  6,  7,  6],
         [ 0,  0,  0,  ...,  7,  9,  6],
         ...,
         [ 1,  0,  0,  ...,  5,  6,  6],
         [ 0,  0,  0,  ...,  4,  4,  4],
         [ 0,  0,  0,  ...,  4,  6,  6]],

        [[ 0,  0,  0,  ..., 29, 30, 29],
         [ 0,  0,  0,  ..., 35, 34, 33],
         [ 0,  0,  0,  ..., 33, 34, 35],
         ...,
         [17, 17, 18,  ..., 20, 21, 22],
         [18, 18, 18,  ..., 21, 21, 21],
         [18, 18, 18,  ..., 21, 21, 22]],

        [[ 0,  0,  0,  ...,  0,  0,  0],
         [ 0,  0,  0,  ...,  0,  0,  0],
         [ 0,  0,  0,  ...,  0,  0,  0],
         ...,
         [10, 11, 13,  ..., 15, 13, 12],
         [12, 11, 13,  ..., 17, 15, 15],
         [12, 11, 12,  ..., 15, 14, 15]]], dtype=torch.uint8), 'sem_seg': tensor([[8, 8, 8,  ..., 8, 8, 8],
        [8, 8, 8,  ..., 8, 8, 8],
        [8, 8, 8,  ..., 8, 8, 8],
        ...,
        [0, 0, 0,  ..., 0, 0, 0],
        [0, 0, 0,  ..., 0, 0, 0],
        [0, 0, 0,  ..., 0, 0, 0]]), 'instances': Instances(num_instances=27, image_height=768, image_width=768, fields=[gt_classes: tensor([ 0,  1,  2,  5,  8,  9, 10, 13,  0,  8, 10, 13,  8,  8,  2,  8,  2,  8,
         2, 13,  8,  2, 13,  8,  8, 13, 13]), gt_masks: tensor([[[False, False, False,  ..., False, False, False],
         [False, False, False,  ..., False, False, False],
         [False, False, False,  ..., False, False, False],
         ...,
         [False, False, False,  ..., False, False, False],
         [False, False, False,  ..., False, False, False],
         [False, False, False,  ..., False, False, False]],

        [[False, False, False,  ..., False, False, False],
         [False, False, False,  ..., False, False, False],
         [False, False, False,  ..., False, False, False],
         ...,
         [False, False, False,  ..., False, False, False],
         [False, False, False,  ..., False, False, False],
         [False, False, False,  ..., False, False, False]],

        [[False, False, False,  ..., False, False, False],
         [False, False, False,  ..., False, False, False],
         [False, False, False,  ..., False, False, False],
         ...,
         [False, False, False,  ..., False, False, False],
         [False, False, False,  ..., False, False, False],
         [False, False, False,  ..., False, False, False]],

        ...,

        [[False, False, False,  ..., False, False, False],
         [False, False, False,  ..., False, False, False],
         [False, False, False,  ..., False, False, False],
         ...,
         [False, False, False,  ..., False, False, False],
         [False, False, False,  ..., False, False, False],
         [False, False, False,  ..., False, False, False]],

        [[False, False, False,  ..., False, False, False],
         [False, False, False,  ..., False, False, False],
         [False, False, False,  ..., False, False, False],
         ...,
         [False, False, False,  ..., False, False, False],
         [False, False, False,  ..., False, False, False],
         [False, False, False,  ..., False, False, False]],

        [[False, False, False,  ..., False, False, False],
         [False, False, False,  ..., False, False, False],
         [False, False, False,  ..., False, False, False],
         ...,
         [False, False, False,  ..., False, False, False],
         [False, False, False,  ..., False, False, False],
         [False, False, False,  ..., False, False, False]]])])}
[02/28 06:22:54 mask2former.data.dataset_mappers.mask_former_semantic_dataset_mapper]: None
[02/28 06:22:54 mask2former.data.dataset_mappers.mask_former_semantic_dataset_mapper]: output dataset_dict: {'file_name': '/cpfs01/projects-HDD/pujianxiangmuzu_HDD/public/mr/./leftImg8bit_trainvaltest/leftImg8bit/train/dusseldorf/dusseldorf_000115_000019_leftImg8bit.png', 'width': 2048, 'height': 1024, 'image': tensor([[[ 87,  87,  87,  ..., 231, 230, 226],
         [ 85,  86,  86,  ..., 232, 232, 231],
         [ 85,  86,  86,  ..., 230, 230, 230],
         ...,
         [ 38,  39,  38,  ...,  33,  31,  32],
         [ 39,  38,  38,  ...,  33,  31,  32],
         [ 39,  38,  38,  ...,  33,  32,  33]],

        [[ 82,  82,  82,  ..., 255, 255, 255],
         [ 83,  83,  83,  ..., 255, 255, 255],
         [ 83,  83,  82,  ..., 255, 255, 255],
         ...,
         [ 54,  55,  55,  ...,  43,  43,  44],
         [ 55,  55,  55,  ...,  43,  43,  44],
         [ 55,  54,  55,  ...,  43,  44,  45]],

        [[ 51,  52,  51,  ..., 245, 246, 242],
         [ 53,  52,  52,  ..., 246, 247, 246],
         [ 53,  53,  52,  ..., 246, 245, 245],
         ...,
         [ 44,  46,  46,  ...,  36,  35,  36],
         [ 46,  46,  46,  ...,  37,  37,  37],
         [ 46,  46,  46,  ...,  37,  37,  37]]], dtype=torch.uint8), 'sem_seg': tensor([[ 2,  2,  2,  ..., 10, 10, 10],
        [ 2,  2,  2,  ..., 10, 10, 10],
        [ 2,  2,  2,  ..., 10, 10, 10],
        ...,
        [ 0,  0,  0,  ...,  0,  0,  0],
        [ 0,  0,  0,  ...,  0,  0,  0],
        [ 0,  0,  0,  ...,  0,  0,  0]]), 'instances': Instances(num_instances=34, image_height=768, image_width=768, fields=[gt_classes: tensor([ 0,  1,  2,  5,  6,  7,  8,  9, 10, 11, 13,  0,  2,  6, 10, 13,  0,  2,
         9, 10, 13,  0,  2,  9,  0,  9,  0,  2,  9,  8,  2,  8,  8,  2]), gt_masks: tensor([[[False, False, False,  ..., False, False, False],
         [False, False, False,  ..., False, False, False],
         [False, False, False,  ..., False, False, False],
         ...,
         [False, False, False,  ..., False, False, False],
         [False, False, False,  ..., False, False, False],
         [False, False, False,  ..., False, False, False]],

        [[False, False, False,  ..., False, False, False],
         [False, False, False,  ..., False, False, False],
         [False, False, False,  ..., False, False, False],
         ...,
         [False, False, False,  ..., False, False, False],
         [False, False, False,  ..., False, False, False],
         [False, False, False,  ..., False, False, False]],

        [[False, False, False,  ..., False, False, False],
         [False, False, False,  ..., False, False, False],
         [False, False, False,  ..., False, False, False],
         ...,
         [False, False, False,  ..., False, False, False],
         [False, False, False,  ..., False, False, False],
         [False, False, False,  ..., False, False, False]],

        ...,

        [[False, False, False,  ..., False, False, False],
         [False, False, False,  ..., False, False, False],
         [False, False, False,  ..., False, False, False],
         ...,
         [False, False, False,  ..., False, False, False],
         [False, False, False,  ..., False, False, False],
         [False, False, False,  ..., False, False, False]],

        [[False, False, False,  ..., False, False, False],
         [False, False, False,  ..., False, False, False],
         [False, False, False,  ..., False, False, False],
         ...,
         [False, False, False,  ..., False, False, False],
         [False, False, False,  ..., False, False, False],
         [False, False, False,  ..., False, False, False]],

        [[False, False, False,  ..., False, False, False],
         [False, False, False,  ..., False, False, False],
         [False, False, False,  ..., False, False, False],
         ...,
         [False, False, False,  ..., False, False, False],
         [False, False, False,  ..., False, False, False],
         [False, False, False,  ..., False, False, False]]])])}
[02/28 06:22:54 mask2former.data.dataset_mappers.mask_former_semantic_dataset_mapper]: None
[02/28 06:22:54 mask2former.data.dataset_mappers.mask_former_semantic_dataset_mapper]: output dataset_dict: {'file_name': '/cpfs01/projects-HDD/pujianxiangmuzu_HDD/public/mr/./leftImg8bit_trainvaltest/leftImg8bit/train/strasbourg/strasbourg_000001_010755_leftImg8bit.png', 'width': 2048, 'height': 1024, 'image': tensor([[[  0,  17, 130,  ...,  69,  69,  71],
         [  0,  15, 124,  ...,  86,  86,  86],
         [  0,  13, 119,  ...,  86,  92,  88],
         ...,
         [ 31,  28,  28,  ...,  55,  54,  54],
         [ 32,  28,  28,  ...,  55,  54,  54],
         [ 32,  28,  28,  ...,  55,  54,  54]],

        [[  0,   7, 111,  ...,  82,  84,  86],
         [  0,   6, 106,  ..., 102, 104, 105],
         [  0,   5, 103,  ..., 106, 115, 114],
         ...,
         [ 37,  35,  33,  ...,  62,  61,  61],
         [ 37,  35,  33,  ...,  62,  61,  61],
         [ 37,  35,  33,  ...,  62,  61,  61]],

        [[  0,   9, 115,  ...,  65,  68,  75],
         [  0,   6, 109,  ...,  92,  96,  98],
         [  0,   4, 105,  ...,  97, 105,  99],
         ...,
         [ 30,  28,  27,  ...,  53,  51,  51],
         [ 31,  28,  27,  ...,  53,  51,  51],
         [ 31,  28,  27,  ...,  53,  51,  51]]], dtype=torch.uint8), 'sem_seg': tensor([[255, 255, 255,  ..., 255, 255, 255],
        [255, 255, 255,  ..., 255, 255, 255],
        [255, 255, 255,  ..., 255, 255, 255],
        ...,
        [255, 255, 255,  ..., 255, 255, 255],
        [255, 255, 255,  ..., 255, 255, 255],
        [255, 255, 255,  ..., 255, 255, 255]]), 'instances': Instances(num_instances=41, image_height=716, image_width=768, fields=[gt_classes: tensor([ 0,  1,  2,  3,  4,  5,  6,  7,  8, 10, 13,  0,  8, 10, 13,  0,  8, 10,
        13,  0,  8, 10,  0,  8, 10,  0,  8,  0,  8,  0,  8,  0,  8,  0,  8,  0,
         8,  0,  0,  0,  8]), gt_masks: tensor([[[False, False, False,  ..., False, False, False],
         [False, False, False,  ..., False, False, False],
         [False, False, False,  ..., False, False, False],
         ...,
         [False, False, False,  ..., False, False, False],
         [False, False, False,  ..., False, False, False],
         [False, False, False,  ..., False, False, False]],

        [[False, False, False,  ..., False, False, False],
         [False, False, False,  ..., False, False, False],
         [False, False, False,  ..., False, False, False],
         ...,
         [False, False, False,  ..., False, False, False],
         [False, False, False,  ..., False, False, False],
         [False, False, False,  ..., False, False, False]],

        [[False, False, False,  ..., False, False, False],
         [False, False, False,  ..., False, False, False],
         [False, False, False,  ..., False, False, False],
         ...,
         [False, False, False,  ..., False, False, False],
         [False, False, False,  ..., False, False, False],
         [False, False, False,  ..., False, False, False]],

        ...,

        [[False, False, False,  ..., False, False, False],
         [False, False, False,  ..., False, False, False],
         [False, False, False,  ..., False, False, False],
         ...,
         [False, False, False,  ..., False, False, False],
         [False, False, False,  ..., False, False, False],
         [False, False, False,  ..., False, False, False]],

        [[False, False, False,  ..., False, False, False],
         [False, False, False,  ..., False, False, False],
         [False, False, False,  ..., False, False, False],
         ...,
         [False, False, False,  ..., False, False, False],
         [False, False, False,  ..., False, False, False],
         [False, False, False,  ..., False, False, False]],

        [[False, False, False,  ..., False, False, False],
         [False, False, False,  ..., False, False, False],
         [False, False, False,  ..., False, False, False],
         ...,
         [False, False, False,  ..., False, False, False],
         [False, False, False,  ..., False, False, False],
         [False, False, False,  ..., False, False, False]]])])}
[02/28 06:22:54 mask2former.data.dataset_mappers.mask_former_semantic_dataset_mapper]: None
[02/28 06:22:54 mask2former.data.dataset_mappers.mask_former_semantic_dataset_mapper]: output dataset_dict: {'file_name': '/cpfs01/projects-HDD/pujianxiangmuzu_HDD/public/mr/./leftImg8bit_trainvaltest/leftImg8bit/train/hanover/hanover_000000_056601_leftImg8bit.png', 'width': 2048, 'height': 1024, 'image': tensor([[[ 81,  76,  81,  ..., 106, 121, 128],
         [ 73,  76,  87,  ..., 108, 122, 127],
         [ 73,  72,  78,  ..., 109, 122, 128],
         ...,
         [106, 106, 108,  ...,  65,  65,  66],
         [102, 105, 110,  ...,  65,  65,  66],
         [103, 110, 115,  ...,  65,  65,  66]],

        [[109, 102, 106,  ..., 134, 149, 150],
         [102,  97, 113,  ..., 136, 147, 147],
         [ 96,  97, 109,  ..., 137, 147, 146],
         ...,
         [110, 110, 113,  ...,  76,  78,  78],
         [112, 115, 118,  ...,  76,  78,  78],
         [116, 122, 127,  ...,  76,  78,  78]],

        [[ 63,  48,  53,  ..., 112, 122, 127],
         [ 57,  50,  65,  ..., 113, 121, 124],
         [ 54,  50,  63,  ..., 115, 121, 122],
         ...,
         [ 84,  84,  85,  ...,  68,  65,  65],
         [ 85,  88,  90,  ...,  68,  65,  65],
         [ 90,  94,  97,  ...,  68,  65,  65]]], dtype=torch.uint8), 'sem_seg': tensor([[  8,   8,   8,  ...,   2,   2,   2],
        [  8,   8,   8,  ...,   2,   2,   2],
        [  8,   8,   8,  ...,   2,   2,   2],
        ...,
        [255, 255, 255,  ..., 255, 255, 255],
        [255, 255, 255,  ..., 255, 255, 255],
        [255, 255, 255,  ..., 255, 255, 255]]), 'instances': Instances(num_instances=35, image_height=768, image_width=768, fields=[gt_classes: tensor([ 0,  2,  5,  6,  7,  8,  9, 10, 11, 13, 15,  0,  8, 10, 13, 15,  8, 10,
        13, 15,  0,  2,  8, 13,  0,  8, 13, 15,  8, 13, 15, 13,  8,  8,  8]), gt_masks: tensor([[[False, False, False,  ..., False, False, False],
         [False, False, False,  ..., False, False, False],
         [False, False, False,  ..., False, False, False],
         ...,
         [False, False, False,  ..., False, False, False],
         [False, False, False,  ..., False, False, False],
         [False, False, False,  ..., False, False, False]],

        [[False, False, False,  ..., False, False, False],
         [False, False, False,  ..., False, False, False],
         [False, False, False,  ..., False, False, False],
         ...,
         [False, False, False,  ..., False, False, False],
         [False, False, False,  ..., False, False, False],
         [False, False, False,  ..., False, False, False]],

        [[False, False, False,  ..., False, False, False],
         [False, False, False,  ..., False, False, False],
         [False, False, False,  ..., False, False, False],
         ...,
         [False, False, False,  ..., False, False, False],
         [False, False, False,  ..., False, False, False],
         [False, False, False,  ..., False, False, False]],

        ...,

        [[False, False, False,  ..., False, False, False],
         [False, False, False,  ..., False, False, False],
         [False, False, False,  ..., False, False, False],
         ...,
         [False, False, False,  ..., False, False, False],
         [False, False, False,  ..., False, False, False],
         [False, False, False,  ..., False, False, False]],

        [[False, False, False,  ..., False, False, False],
         [False, False, False,  ..., False, False, False],
         [False, False, False,  ..., False, False, False],
         ...,
         [False, False, False,  ..., False, False, False],
         [False, False, False,  ..., False, False, False],
         [False, False, False,  ..., False, False, False]],

        [[False, False, False,  ..., False, False, False],
         [False, False, False,  ..., False, False, False],
         [False, False, False,  ..., False, False, False],
         ...,
         [False, False, False,  ..., False, False, False],
         [False, False, False,  ..., False, False, False],
         [False, False, False,  ..., False, False, False]]])])}
[02/28 06:22:54 mask2former.data.dataset_mappers.mask_former_semantic_dataset_mapper]: None
[02/28 06:22:54 mask2former.data.dataset_mappers.mask_former_semantic_dataset_mapper]: output dataset_dict: {'file_name': '/cpfs01/projects-HDD/pujianxiangmuzu_HDD/public/mr/./leftImg8bit_trainvaltest/leftImg8bit/train/bochum/bochum_000000_006746_leftImg8bit.png', 'width': 2048, 'height': 1024, 'image': tensor([[[ 52,  49,  44,  ..., 242, 255, 208],
         [ 62,  49,  40,  ..., 241, 254, 203],
         [ 47,  42,  38,  ..., 238, 252, 194],
         ...,
         [ 59,  62,  64,  ...,  61,  58,  57],
         [ 59,  62,  64,  ...,  59,  56,  55],
         [ 59,  62,  64,  ...,  59,  56,  55]],

        [[ 61,  57,  52,  ..., 245, 235, 144],
         [ 72,  60,  49,  ..., 238, 233, 140],
         [ 64,  53,  47,  ..., 229, 229, 136],
         ...,
         [ 72,  74,  73,  ...,  68,  67,  66],
         [ 72,  74,  73,  ...,  67,  66,  65],
         [ 72,  74,  73,  ...,  67,  66,  65]],

        [[ 40,  37,  35,  ..., 242, 241, 163],
         [ 49,  40,  34,  ..., 237, 239, 158],
         [ 40,  35,  32,  ..., 229, 236, 151],
         ...,
         [ 59,  62,  62,  ...,  58,  57,  56],
         [ 59,  62,  62,  ...,  57,  55,  55],
         [ 60,  62,  62,  ...,  57,  55,  55]]], dtype=torch.uint8), 'sem_seg': tensor([[255, 255, 255,  ..., 255, 255, 255],
        [255, 255, 255,  ..., 255, 255, 255],
        [255, 255, 255,  ..., 255, 255, 255],
        ...,
        [255, 255, 255,  ..., 255, 255, 255],
        [255, 255, 255,  ..., 255, 255, 255],
        [255, 255, 255,  ..., 255, 255, 255]]), 'instances': Instances(num_instances=60, image_height=512, image_width=768, fields=[gt_classes: tensor([ 0,  1,  2,  4,  5,  6,  7,  8,  9, 10, 11, 13, 18,  0,  1,  7,  8,  9,
        10, 11, 13,  0,  1,  2,  7,  8,  9, 10, 13,  0,  1,  8, 13,  0,  8, 13,
         0,  8,  0,  8,  0,  8,  2,  8,  8,  8,  8,  8,  8,  8,  8,  8,  8,  8,
         8,  8,  8,  8,  8,  8]), gt_masks: tensor([[[False, False, False,  ..., False, False, False],
         [False, False, False,  ..., False, False, False],
         [False, False, False,  ..., False, False, False],
         ...,
         [False, False, False,  ..., False, False, False],
         [False, False, False,  ..., False, False, False],
         [False, False, False,  ..., False, False, False]],

        [[False, False, False,  ..., False, False, False],
         [False, False, False,  ..., False, False, False],
         [False, False, False,  ..., False, False, False],
         ...,
         [False, False, False,  ..., False, False, False],
         [False, False, False,  ..., False, False, False],
         [False, False, False,  ..., False, False, False]],

        [[False, False, False,  ..., False, False, False],
         [False, False, False,  ..., False, False, False],
         [False, False, False,  ..., False, False, False],
         ...,
         [False, False, False,  ..., False, False, False],
         [False, False, False,  ..., False, False, False],
         [False, False, False,  ..., False, False, False]],

        ...,

        [[False, False, False,  ..., False, False, False],
         [False, False, False,  ..., False, False, False],
         [False, False, False,  ..., False, False, False],
         ...,
         [False, False, False,  ..., False, False, False],
         [False, False, False,  ..., False, False, False],
         [False, False, False,  ..., False, False, False]],

        [[False, False, False,  ..., False, False, False],
         [False, False, False,  ..., False, False, False],
         [False, False, False,  ..., False, False, False],
         ...,
         [False, False, False,  ..., False, False, False],
         [False, False, False,  ..., False, False, False],
         [False, False, False,  ..., False, False, False]],

        [[False, False, False,  ..., False, False, False],
         [False, False, False,  ..., False, False, False],
         [False, False, False,  ..., False, False, False],
         ...,
         [False, False, False,  ..., False, False, False],
         [False, False, False,  ..., False, False, False],
         [False, False, False,  ..., False, False, False]]])])}
[02/28 06:22:54 mask2former.data.dataset_mappers.mask_former_semantic_dataset_mapper]: None
[02/28 06:22:55 mask2former.data.dataset_mappers.mask_former_semantic_dataset_mapper]: output dataset_dict: {'file_name': '/cpfs01/projects-HDD/pujianxiangmuzu_HDD/public/mr/./leftImg8bit_trainvaltest/leftImg8bit/train/hamburg/hamburg_000000_044996_leftImg8bit.png', 'width': 2048, 'height': 1024, 'image': tensor([[[ 67,  67,  66,  ...,  78,  80,  80],
         [ 66,  66,  68,  ...,  78,  78,  78],
         [ 67,  67,  69,  ...,  78,  78,  79],
         ...,
         [ 73,  73,  71,  ..., 100, 102, 105],
         [ 74,  73,  72,  ...,  96,  98,  99],
         [ 74,  73,  73,  ...,  93,  95,  96]],

        [[ 71,  70,  70,  ...,  80,  81,  82],
         [ 71,  71,  71,  ...,  80,  80,  80],
         [ 72,  72,  73,  ...,  81,  81,  81],
         ...,
         [ 81,  81,  80,  ..., 107, 109, 111],
         [ 81,  81,  81,  ..., 103, 105, 106],
         [ 82,  82,  82,  ..., 101, 101, 102]],

        [[ 62,  63,  63,  ...,  70,  71,  72],
         [ 62,  62,  62,  ...,  70,  70,  70],
         [ 62,  62,  62,  ...,  72,  72,  73],
         ...,
         [ 73,  73,  72,  ...,  96,  99, 103],
         [ 74,  73,  72,  ...,  97,  98,  98],
         [ 73,  74,  72,  ...,  96,  96,  96]]], dtype=torch.uint8), 'sem_seg': tensor([[ 2,  2,  2,  ...,  2,  2,  2],
        [ 2,  2,  2,  ...,  2,  2,  2],
        [ 2,  2,  2,  ...,  2,  2,  2],
        ...,
        [11, 11, 11,  ...,  0,  0,  0],
        [11, 11, 11,  ...,  0,  0,  0],
        [11, 11, 11,  ...,  0,  0,  0]]), 'instances': Instances(num_instances=33, image_height=768, image_width=768, fields=[gt_classes: tensor([ 0,  2, 11, 13,  2, 11,  2, 11, 11,  2, 11,  0, 11,  0,  2, 11, 11, 13,
        13, 11, 13, 11, 13, 11, 11, 11, 11,  2,  2, 11, 11, 11, 11]), gt_masks: tensor([[[False, False, False,  ..., False, False, False],
         [False, False, False,  ..., False, False, False],
         [False, False, False,  ..., False, False, False],
         ...,
         [False, False, False,  ..., False,  True,  True],
         [False, False, False,  ..., False, False, False],
         [False, False, False,  ..., False, False, False]],

        [[False, False, False,  ..., False, False, False],
         [False, False, False,  ..., False, False, False],
         [False, False, False,  ..., False, False, False],
         ...,
         [False, False, False,  ..., False, False, False],
         [False, False, False,  ..., False, False, False],
         [False, False, False,  ..., False, False, False]],

        [[False, False, False,  ..., False, False, False],
         [False, False, False,  ..., False, False, False],
         [False, False, False,  ..., False, False, False],
         ...,
         [False, False, False,  ..., False, False, False],
         [False, False, False,  ..., False, False, False],
         [False, False, False,  ..., False, False, False]],

        ...,

        [[False, False, False,  ..., False, False, False],
         [False, False, False,  ..., False, False, False],
         [False, False, False,  ..., False, False, False],
         ...,
         [False, False, False,  ..., False, False, False],
         [False, False, False,  ..., False, False, False],
         [False, False, False,  ..., False, False, False]],

        [[False, False, False,  ..., False, False, False],
         [False, False, False,  ..., False, False, False],
         [False, False, False,  ..., False, False, False],
         ...,
         [False, False, False,  ..., False, False, False],
         [False, False, False,  ..., False, False, False],
         [False, False, False,  ..., False, False, False]],

        [[False, False, False,  ..., False, False, False],
         [False, False, False,  ..., False, False, False],
         [False, False, False,  ..., False, False, False],
         ...,
         [False, False, False,  ..., False, False, False],
         [False, False, False,  ..., False, False, False],
         [False, False, False,  ..., False, False, False]]])])}
[02/28 06:22:55 mask2former.data.dataset_mappers.mask_former_semantic_dataset_mapper]: None
[02/28 06:22:55 mask2former.data.dataset_mappers.mask_former_semantic_dataset_mapper]: output dataset_dict: {'file_name': '/cpfs01/projects-HDD/pujianxiangmuzu_HDD/public/mr/./leftImg8bit_trainvaltest/leftImg8bit/train/zurich/zurich_000057_000019_leftImg8bit.png', 'width': 2048, 'height': 1024, 'image': tensor([[[ 61,  88,  59,  ...,   9,   9,   9],
         [ 34,  47,  38,  ...,   8,   8,   9],
         [ 30,  30,  20,  ...,   8,   9,   9],
         ...,
         [ 23,  23,  23,  ...,  38,  38,  38],
         [ 21,  20,  21,  ...,  40,  38,  39],
         [ 21,  20,  20,  ...,  40,  38,  39]],

        [[ 75, 106,  82,  ...,  19,  16,  16],
         [ 55,  67,  61,  ...,  17,  16,  16],
         [ 48,  48,  43,  ...,  16,  16,  17],
         ...,
         [ 32,  33,  33,  ...,  49,  49,  50],
         [ 31,  30,  31,  ...,  50,  50,  51],
         [ 29,  30,  29,  ...,  50,  50,  51]],

        [[ 65, 103,  97,  ...,  13,  12,  13],
         [ 44,  62,  74,  ...,  13,  13,  13],
         [ 39,  38,  44,  ...,  12,  12,  13],
         ...,
         [ 29,  29,  29,  ...,  45,  44,  45],
         [ 29,  29,  29,  ...,  47,  46,  47],
         [ 28,  29,  28,  ...,  47,  46,  47]]], dtype=torch.uint8), 'sem_seg': tensor([[255, 255, 255,  ..., 255, 255, 255],
        [255, 255, 255,  ..., 255, 255, 255],
        [255, 255, 255,  ..., 255, 255, 255],
        ...,
        [255, 255, 255,  ..., 255, 255, 255],
        [255, 255, 255,  ..., 255, 255, 255],
        [255, 255, 255,  ..., 255, 255, 255]]), 'instances': Instances(num_instances=40, image_height=716, image_width=768, fields=[gt_classes: tensor([ 0,  1,  2,  5,  7,  8,  9, 10, 11, 12, 13, 18,  0,  1,  2, 10, 13,  0,
        13,  0,  8, 13,  8,  2,  8, 13, 13,  8,  8,  8,  8,  8,  8,  8,  8,  8,
         8,  8,  8,  8]), gt_masks: tensor([[[False, False, False,  ..., False, False, False],
         [False, False, False,  ..., False, False, False],
         [False, False, False,  ..., False, False, False],
         ...,
         [False, False, False,  ..., False, False, False],
         [False, False, False,  ..., False, False, False],
         [False, False, False,  ..., False, False, False]],

        [[False, False, False,  ..., False, False, False],
         [False, False, False,  ..., False, False, False],
         [False, False, False,  ..., False, False, False],
         ...,
         [False, False, False,  ..., False, False, False],
         [False, False, False,  ..., False, False, False],
         [False, False, False,  ..., False, False, False]],

        [[False, False, False,  ..., False, False, False],
         [False, False, False,  ..., False, False, False],
         [False, False, False,  ..., False, False, False],
         ...,
         [False, False, False,  ..., False, False, False],
         [False, False, False,  ..., False, False, False],
         [False, False, False,  ..., False, False, False]],

        ...,

        [[False, False, False,  ..., False, False, False],
         [False, False, False,  ..., False, False, False],
         [False, False, False,  ..., False, False, False],
         ...,
         [False, False, False,  ..., False, False, False],
         [False, False, False,  ..., False, False, False],
         [False, False, False,  ..., False, False, False]],

        [[False, False, False,  ..., False, False, False],
         [False, False, False,  ..., False, False, False],
         [False, False, False,  ..., False, False, False],
         ...,
         [False, False, False,  ..., False, False, False],
         [False, False, False,  ..., False, False, False],
         [False, False, False,  ..., False, False, False]],

        [[False, False, False,  ..., False, False, False],
         [False, False, False,  ..., False, False, False],
         [False, False, False,  ..., False, False, False],
         ...,
         [False, False, False,  ..., False, False, False],
         [False, False, False,  ..., False, False, False],
         [False, False, False,  ..., False, False, False]]])])}
[02/28 06:22:55 mask2former.data.dataset_mappers.mask_former_semantic_dataset_mapper]: None
[02/28 06:22:55 mask2former.data.dataset_mappers.mask_former_semantic_dataset_mapper]: output dataset_dict: {'file_name': '/cpfs01/projects-HDD/pujianxiangmuzu_HDD/public/mr/./leftImg8bit_trainvaltest/leftImg8bit/train/krefeld/krefeld_000000_009574_leftImg8bit.png', 'width': 2048, 'height': 1024, 'image': tensor([[[ 3,  4,  5,  ...,  0,  0,  0],
         [ 3,  3,  4,  ...,  0,  0,  0],
         [ 2,  2,  3,  ...,  0,  0,  0],
         ...,
         [69, 69, 69,  ..., 58, 58, 57],
         [69, 69, 68,  ..., 58, 58, 57],
         [68, 68, 66,  ..., 58, 58, 58]],

        [[16, 15, 16,  ...,  2,  2,  1],
         [14, 14, 16,  ...,  4,  3,  2],
         [14, 14, 15,  ...,  5,  4,  2],
         ...,
         [74, 74, 74,  ..., 72, 72, 71],
         [74, 74, 72,  ..., 72, 72, 71],
         [74, 74, 72,  ..., 72, 72, 72]],

        [[ 0,  0,  1,  ...,  0,  0,  0],
         [ 0,  0,  1,  ...,  0,  0,  0],
         [ 0,  0,  1,  ...,  0,  0,  0],
         ...,
         [58, 58, 59,  ..., 60, 60, 59],
         [58, 58, 59,  ..., 60, 60, 59],
         [58, 59, 60,  ..., 59, 59, 59]]], dtype=torch.uint8), 'sem_seg': tensor([[  8,   8,   8,  ..., 255, 255, 255],
        [  8,   8,   8,  ..., 255, 255, 255],
        [  8,   8,   8,  ..., 255, 255, 255],
        ...,
        [  0,   0,   0,  ...,   0,   0,   0],
        [  0,   0,   0,  ...,   0,   0,   0],
        [  0,   0,   0,  ...,   0,   0,   0]]), 'instances': Instances(num_instances=22, image_height=768, image_width=768, fields=[gt_classes: tensor([ 0,  1,  2,  4,  5,  7,  8,  9, 11,  1,  8,  1,  8,  1,  8,  2,  8,  2,
         8,  8,  8,  8]), gt_masks: tensor([[[False, False, False,  ..., False, False, False],
         [False, False, False,  ..., False, False, False],
         [False, False, False,  ..., False, False, False],
         ...,
         [ True,  True,  True,  ...,  True,  True,  True],
         [ True,  True,  True,  ...,  True,  True,  True],
         [ True,  True,  True,  ...,  True,  True,  True]],

        [[False, False, False,  ..., False, False, False],
         [False, False, False,  ..., False, False, False],
         [False, False, False,  ..., False, False, False],
         ...,
         [False, False, False,  ..., False, False, False],
         [False, False, False,  ..., False, False, False],
         [False, False, False,  ..., False, False, False]],

        [[False, False, False,  ..., False, False, False],
         [False, False, False,  ..., False, False, False],
         [False, False, False,  ..., False, False, False],
         ...,
         [False, False, False,  ..., False, False, False],
         [False, False, False,  ..., False, False, False],
         [False, False, False,  ..., False, False, False]],

        ...,

        [[False, False, False,  ..., False, False, False],
         [False, False, False,  ..., False, False, False],
         [False, False, False,  ..., False, False, False],
         ...,
         [False, False, False,  ..., False, False, False],
         [False, False, False,  ..., False, False, False],
         [False, False, False,  ..., False, False, False]],

        [[False, False, False,  ..., False, False, False],
         [False, False, False,  ..., False, False, False],
         [False, False, False,  ..., False, False, False],
         ...,
         [False, False, False,  ..., False, False, False],
         [False, False, False,  ..., False, False, False],
         [False, False, False,  ..., False, False, False]],

        [[False, False, False,  ..., False, False, False],
         [False, False, False,  ..., False, False, False],
         [False, False, False,  ..., False, False, False],
         ...,
         [False, False, False,  ..., False, False, False],
         [False, False, False,  ..., False, False, False],
         [False, False, False,  ..., False, False, False]]])])}
[02/28 06:22:55 mask2former.data.dataset_mappers.mask_former_semantic_dataset_mapper]: None
[02/28 06:22:55 mask2former.data.dataset_mappers.mask_former_semantic_dataset_mapper]: output dataset_dict: {'file_name': '/cpfs01/projects-HDD/pujianxiangmuzu_HDD/public/mr/./leftImg8bit_trainvaltest/leftImg8bit/train/ulm/ulm_000017_000019_leftImg8bit.png', 'width': 2048, 'height': 1024, 'image': tensor([[[248, 248, 248,  ...,  20,  29,  38],
         [248, 248, 248,  ...,  23,  33,  41],
         [249, 248, 248,  ...,  30,  41,  44],
         ...,
         [146, 146, 146,  ..., 146, 146, 147],
         [147, 147, 145,  ..., 147, 146, 146],
         [145, 145, 142,  ..., 150, 151, 151]],

        [[255, 255, 255,  ...,  32,  39,  48],
         [255, 255, 255,  ...,  37,  44,  51],
         [255, 255, 255,  ...,  44,  52,  55],
         ...,
         [159, 159, 159,  ..., 155, 155, 155],
         [159, 159, 155,  ..., 158, 156, 156],
         [158, 156, 152,  ..., 163, 163, 163]],

        [[255, 255, 255,  ...,  26,  34,  42],
         [255, 255, 255,  ...,  32,  39,  44],
         [255, 255, 255,  ...,  39,  44,  46],
         ...,
         [140, 138, 138,  ..., 138, 137, 136],
         [140, 140, 134,  ..., 140, 137, 137],
         [138, 136, 133,  ..., 141, 141, 141]]], dtype=torch.uint8), 'sem_seg': tensor([[ 10,  10,  10,  ...,   8,   8,   8],
        [ 10,  10,  10,  ...,   8,   8,   8],
        [ 10,  10,  10,  ...,   8,   8,   8],
        ...,
        [255, 255, 255,  ..., 255, 255, 255],
        [255, 255, 255,  ..., 255, 255, 255],
        [255, 255, 255,  ..., 255, 255, 255]]), 'instances': Instances(num_instances=30, image_height=768, image_width=768, fields=[gt_classes: tensor([ 2,  5,  7,  8, 10, 11, 13, 17, 18,  2,  8, 10, 17,  8, 10, 13,  8,  2,
         8,  2,  8,  8,  8,  2,  8,  8,  2,  2,  2,  2]), gt_masks: tensor([[[False, False, False,  ..., False, False, False],
         [False, False, False,  ..., False, False, False],
         [False, False, False,  ..., False, False, False],
         ...,
         [False, False, False,  ..., False, False, False],
         [False, False, False,  ..., False, False, False],
         [False, False, False,  ..., False, False, False]],

        [[False, False, False,  ..., False, False, False],
         [False, False, False,  ..., False, False, False],
         [False, False, False,  ..., False, False, False],
         ...,
         [False, False, False,  ..., False, False, False],
         [False, False, False,  ..., False, False, False],
         [False, False, False,  ..., False, False, False]],

        [[False, False, False,  ..., False, False, False],
         [False, False, False,  ..., False, False, False],
         [False, False, False,  ..., False, False, False],
         ...,
         [False, False, False,  ..., False, False, False],
         [False, False, False,  ..., False, False, False],
         [False, False, False,  ..., False, False, False]],

        ...,

        [[False, False, False,  ..., False, False, False],
         [False, False, False,  ..., False, False, False],
         [False, False, False,  ..., False, False, False],
         ...,
         [False, False, False,  ..., False, False, False],
         [False, False, False,  ..., False, False, False],
         [False, False, False,  ..., False, False, False]],

        [[False, False, False,  ..., False, False, False],
         [False, False, False,  ..., False, False, False],
         [False, False, False,  ..., False, False, False],
         ...,
         [False, False, False,  ..., False, False, False],
         [False, False, False,  ..., False, False, False],
         [False, False, False,  ..., False, False, False]],

        [[False, False, False,  ..., False, False, False],
         [False, False, False,  ..., False, False, False],
         [False, False, False,  ..., False, False, False],
         ...,
         [False, False, False,  ..., False, False, False],
         [False, False, False,  ..., False, False, False],
         [False, False, False,  ..., False, False, False]]])])}
[02/28 06:22:55 mask2former.data.dataset_mappers.mask_former_semantic_dataset_mapper]: None
[02/28 06:22:55 mask2former.data.dataset_mappers.mask_former_semantic_dataset_mapper]: output dataset_dict: {'file_name': '/cpfs01/projects-HDD/pujianxiangmuzu_HDD/public/mr/./leftImg8bit_trainvaltest/leftImg8bit/train/weimar/weimar_000115_000019_leftImg8bit.png', 'width': 2048, 'height': 1024, 'image': tensor([[[104, 111, 117,  ...,  43,  51,  54],
         [101, 106, 113,  ...,  44,  53,  56],
         [ 97, 104, 111,  ...,  46,  54,  57],
         ...,
         [  6,   4,   4,  ...,  40,  41,  41],
         [  6,   5,   4,  ...,  40,  40,  41],
         [  6,   5,   4,  ...,  40,  40,  41]],

        [[113, 120, 124,  ...,  50,  57,  59],
         [109, 115, 120,  ...,  52,  58,  60],
         [106, 112, 119,  ...,  54,  60,  61],
         ...,
         [  7,   7,   8,  ...,  49,  48,  48],
         [  6,   8,   7,  ...,  49,  49,  48],
         [  6,   8,   7,  ...,  49,  49,  48]],

        [[115, 121, 125,  ...,  36,  44,  46],
         [112, 117, 121,  ...,  39,  47,  49],
         [110, 114, 118,  ...,  44,  51,  53],
         ...,
         [  6,   6,   6,  ...,  39,  38,  38],
         [  7,   7,   8,  ...,  39,  39,  38],
         [  7,   7,   8,  ...,  39,  39,  38]]], dtype=torch.uint8), 'sem_seg': tensor([[8, 8, 8,  ..., 8, 8, 8],
        [8, 8, 8,  ..., 8, 8, 8],
        [8, 8, 8,  ..., 8, 8, 8],
        ...,
        [0, 0, 0,  ..., 0, 0, 0],
        [0, 0, 0,  ..., 0, 0, 0],
        [0, 0, 0,  ..., 0, 0, 0]]), 'instances': Instances(num_instances=17, image_height=768, image_width=768, fields=[gt_classes: tensor([ 0,  5,  8, 10, 13,  0,  8, 10, 13,  8, 10, 13, 13, 13, 13,  8,  8]), gt_masks: tensor([[[False, False, False,  ..., False, False, False],
         [False, False, False,  ..., False, False, False],
         [False, False, False,  ..., False, False, False],
         ...,
         [False, False, False,  ..., False, False, False],
         [False, False, False,  ..., False, False, False],
         [False, False, False,  ..., False, False, False]],

        [[False, False, False,  ..., False, False, False],
         [False, False, False,  ..., False, False, False],
         [False, False, False,  ..., False, False, False],
         ...,
         [False, False, False,  ..., False, False, False],
         [False, False, False,  ..., False, False, False],
         [False, False, False,  ..., False, False, False]],

        [[False, False, False,  ..., False, False, False],
         [False, False, False,  ..., False, False, False],
         [False, False, False,  ..., False, False, False],
         ...,
         [False, False, False,  ..., False, False, False],
         [False, False, False,  ..., False, False, False],
         [False, False, False,  ..., False, False, False]],

        ...,

        [[False, False, False,  ..., False, False, False],
         [False, False, False,  ..., False, False, False],
         [False, False, False,  ..., False, False, False],
         ...,
         [False, False, False,  ..., False, False, False],
         [False, False, False,  ..., False, False, False],
         [False, False, False,  ..., False, False, False]],

        [[False, False, False,  ..., False, False, False],
         [False, False, False,  ..., False, False, False],
         [False, False, False,  ..., False, False, False],
         ...,
         [False, False, False,  ..., False, False, False],
         [False, False, False,  ..., False, False, False],
         [False, False, False,  ..., False, False, False]],

        [[ True,  True,  True,  ..., False, False, False],
         [ True,  True,  True,  ..., False, False, False],
         [ True,  True,  True,  ..., False, False, False],
         ...,
         [False, False, False,  ..., False, False, False],
         [False, False, False,  ..., False, False, False],
         [False, False, False,  ..., False, False, False]]])])}
[02/28 06:22:55 mask2former.data.dataset_mappers.mask_former_semantic_dataset_mapper]: None
[02/28 06:22:56 mask2former.data.dataset_mappers.mask_former_semantic_dataset_mapper]: output dataset_dict: {'file_name': '/cpfs01/projects-HDD/pujianxiangmuzu_HDD/public/mr/./leftImg8bit_trainvaltest/leftImg8bit/train/aachen/aachen_000064_000019_leftImg8bit.png', 'width': 2048, 'height': 1024, 'image': tensor([[[118, 118, 118,  ...,  40,  40,  40],
         [119, 119, 119,  ...,  41,  41,  41],
         [120, 120, 120,  ...,  39,  39,  39],
         ...,
         [ 51,  51,  51,  ...,  47,  47,  47],
         [ 52,  52,  52,  ...,  47,  47,  48],
         [ 52,  53,  52,  ...,  47,  47,  48]],

        [[132, 132, 131,  ...,  51,  51,  51],
         [133, 133, 132,  ...,  52,  52,  52],
         [133, 134, 133,  ...,  51,  51,  51],
         ...,
         [ 61,  61,  62,  ...,  59,  59,  59],
         [ 62,  62,  62,  ...,  59,  58,  58],
         [ 62,  62,  62,  ...,  59,  58,  58]],

        [[124, 124, 124,  ...,  45,  44,  44],
         [124, 124, 124,  ...,  45,  44,  44],
         [124, 125, 124,  ...,  45,  45,  45],
         ...,
         [ 52,  52,  52,  ...,  49,  49,  49],
         [ 53,  53,  52,  ...,  50,  49,  49],
         [ 53,  53,  52,  ...,  50,  49,  49]]], dtype=torch.uint8), 'sem_seg': tensor([[2, 2, 2,  ..., 2, 2, 2],
        [2, 2, 2,  ..., 2, 2, 2],
        [2, 2, 2,  ..., 2, 2, 2],
        ...,
        [0, 0, 0,  ..., 0, 0, 0],
        [0, 0, 0,  ..., 0, 0, 0],
        [0, 0, 0,  ..., 0, 0, 0]]), 'instances': Instances(num_instances=24, image_height=768, image_width=768, fields=[gt_classes: tensor([ 0,  1,  2,  4,  5,  6,  7,  8, 10, 11, 13,  0,  8, 10,  8,  8,  2,  8,
         0,  8,  0,  8,  2,  2]), gt_masks: tensor([[[False, False, False,  ..., False, False, False],
         [False, False, False,  ..., False, False, False],
         [False, False, False,  ..., False, False, False],
         ...,
         [False, False, False,  ..., False, False, False],
         [False, False, False,  ..., False, False, False],
         [False, False, False,  ..., False, False, False]],

        [[False, False, False,  ..., False, False, False],
         [False, False, False,  ..., False, False, False],
         [False, False, False,  ..., False, False, False],
         ...,
         [False, False, False,  ..., False, False, False],
         [False, False, False,  ..., False, False, False],
         [False, False, False,  ..., False, False, False]],

        [[False, False, False,  ...,  True,  True,  True],
         [False, False, False,  ...,  True,  True,  True],
         [False, False, False,  ...,  True,  True,  True],
         ...,
         [False, False, False,  ..., False, False, False],
         [False, False, False,  ..., False, False, False],
         [False, False, False,  ..., False, False, False]],

        ...,

        [[False, False, False,  ..., False, False, False],
         [False, False, False,  ..., False, False, False],
         [False, False, False,  ..., False, False, False],
         ...,
         [False, False, False,  ..., False, False, False],
         [False, False, False,  ..., False, False, False],
         [False, False, False,  ..., False, False, False]],

        [[False, False, False,  ..., False, False, False],
         [False, False, False,  ..., False, False, False],
         [False, False, False,  ..., False, False, False],
         ...,
         [False, False, False,  ..., False, False, False],
         [False, False, False,  ..., False, False, False],
         [False, False, False,  ..., False, False, False]],

        [[False, False, False,  ..., False, False, False],
         [False, False, False,  ..., False, False, False],
         [False, False, False,  ..., False, False, False],
         ...,
         [False, False, False,  ..., False, False, False],
         [False, False, False,  ..., False, False, False],
         [False, False, False,  ..., False, False, False]]])])}
[02/28 06:22:56 mask2former.data.dataset_mappers.mask_former_semantic_dataset_mapper]: None
[02/28 06:22:56 mask2former.data.dataset_mappers.mask_former_semantic_dataset_mapper]: output dataset_dict: {'file_name': '/cpfs01/projects-HDD/pujianxiangmuzu_HDD/public/mr/./leftImg8bit_trainvaltest/leftImg8bit/train/jena/jena_000085_000019_leftImg8bit.png', 'width': 2048, 'height': 1024, 'image': tensor([[[ 40,  38,  32,  ..., 233, 231, 234],
         [ 40,  37,  31,  ..., 232, 231, 232],
         [ 38,  33,  28,  ..., 230, 228, 229],
         ...,
         [ 73,  70,  71,  ...,  55,  59,  64],
         [ 70,  69,  69,  ...,  61,  65,  68],
         [ 70,  68,  66,  ...,  69,  72,  74]],

        [[ 45,  44,  41,  ..., 254, 253, 255],
         [ 46,  45,  41,  ..., 254, 253, 254],
         [ 44,  43,  39,  ..., 252, 251, 252],
         ...,
         [ 84,  83,  82,  ...,  71,  70,  75],
         [ 82,  81,  80,  ...,  77,  77,  80],
         [ 80,  79,  78,  ...,  83,  84,  85]],

        [[ 33,  32,  31,  ..., 249, 247, 250],
         [ 35,  34,  31,  ..., 248, 247, 248],
         [ 34,  32,  30,  ..., 248, 247, 248],
         ...,
         [ 73,  72,  72,  ...,  59,  57,  61],
         [ 70,  69,  70,  ...,  61,  60,  63],
         [ 68,  67,  66,  ...,  65,  65,  68]]], dtype=torch.uint8), 'sem_seg': tensor([[  2,   2, 255,  ...,  10,  10,  10],
        [  2,   2, 255,  ...,  10,  10,  10],
        [  2,   2, 255,  ...,  10,  10,  10],
        ...,
        [255, 255, 255,  ..., 255, 255, 255],
        [255, 255, 255,  ..., 255, 255, 255],
        [255, 255, 255,  ..., 255, 255, 255]]), 'instances': Instances(num_instances=24, image_height=768, image_width=768, fields=[gt_classes: tensor([ 2,  5,  7,  8, 10, 11, 13, 18,  2,  8, 10, 13,  8, 10,  2,  8,  8,  8,
         2,  8,  2,  2,  2,  2]), gt_masks: tensor([[[False, False, False,  ..., False, False, False],
         [False, False, False,  ..., False, False, False],
         [False, False, False,  ..., False, False, False],
         ...,
         [False, False, False,  ..., False, False, False],
         [False, False, False,  ..., False, False, False],
         [False, False, False,  ..., False, False, False]],

        [[False, False, False,  ..., False, False, False],
         [False, False, False,  ..., False, False, False],
         [False, False, False,  ..., False, False, False],
         ...,
         [False, False, False,  ..., False, False, False],
         [False, False, False,  ..., False, False, False],
         [False, False, False,  ..., False, False, False]],

        [[False, False, False,  ..., False, False, False],
         [False, False, False,  ..., False, False, False],
         [False, False, False,  ..., False, False, False],
         ...,
         [False, False, False,  ..., False, False, False],
         [False, False, False,  ..., False, False, False],
         [False, False, False,  ..., False, False, False]],

        ...,

        [[False, False, False,  ..., False, False, False],
         [False, False, False,  ..., False, False, False],
         [False, False, False,  ..., False, False, False],
         ...,
         [False, False, False,  ..., False, False, False],
         [False, False, False,  ..., False, False, False],
         [False, False, False,  ..., False, False, False]],

        [[False, False, False,  ..., False, False, False],
         [False, False, False,  ..., False, False, False],
         [False, False, False,  ..., False, False, False],
         ...,
         [False, False, False,  ..., False, False, False],
         [False, False, False,  ..., False, False, False],
         [False, False, False,  ..., False, False, False]],

        [[False, False, False,  ..., False, False, False],
         [False, False, False,  ..., False, False, False],
         [False, False, False,  ..., False, False, False],
         ...,
         [False, False, False,  ..., False, False, False],
         [False, False, False,  ..., False, False, False],
         [False, False, False,  ..., False, False, False]]])])}
[02/28 06:22:56 mask2former.data.dataset_mappers.mask_former_semantic_dataset_mapper]: None
[02/28 06:22:57 mask2former.data.dataset_mappers.mask_former_semantic_dataset_mapper]: output dataset_dict: {'file_name': '/cpfs01/projects-HDD/pujianxiangmuzu_HDD/public/mr/./leftImg8bit_trainvaltest/leftImg8bit/train/hanover/hanover_000000_005288_leftImg8bit.png', 'width': 2048, 'height': 1024, 'image': tensor([[[197, 191, 185,  ..., 201, 199, 198],
         [195, 188, 185,  ..., 200, 200, 198],
         [190, 185, 184,  ..., 200, 200, 198],
         ...,
         [ 58,  58,  57,  ...,  87,  85,  88],
         [ 56,  56,  55,  ...,  87,  86,  87],
         [ 52,  52,  52,  ...,  86,  86,  86]],

        [[181, 159, 142,  ..., 204, 203, 202],
         [177, 155, 141,  ..., 204, 203, 202],
         [170, 151, 140,  ..., 204, 204, 202],
         ...,
         [ 63,  63,  62,  ...,  91,  89,  91],
         [ 61,  61,  60,  ...,  91,  90,  89],
         [ 58,  58,  57,  ...,  90,  90,  90]],

        [[174, 157, 145,  ..., 201, 199, 198],
         [171, 153, 142,  ..., 200, 199, 197],
         [165, 150, 140,  ..., 200, 199, 196],
         ...,
         [ 55,  55,  54,  ...,  82,  80,  82],
         [ 54,  53,  52,  ...,  82,  80,  80],
         [ 52,  52,  51,  ...,  81,  80,  80]]], dtype=torch.uint8), 'sem_seg': tensor([[  2,   2,   2,  ...,   2,   2,   2],
        [  2,   2,   2,  ...,   2,   2,   2],
        [  2,   2,   2,  ...,   2,   2,   2],
        ...,
        [255, 255, 255,  ..., 255, 255, 255],
        [255, 255, 255,  ..., 255, 255, 255],
        [255, 255, 255,  ..., 255, 255, 255]]), 'instances': Instances(num_instances=32, image_height=768, image_width=768, fields=[gt_classes: tensor([ 0,  1,  2,  5,  7,  8,  9, 11, 13, 18,  0,  2, 18,  0,  8,  0, 13,  0,
         0,  8, 13,  0,  0,  8,  0,  8,  0,  0,  0,  0,  0,  0]), gt_masks: tensor([[[False, False, False,  ..., False, False, False],
         [False, False, False,  ..., False, False, False],
         [False, False, False,  ..., False, False, False],
         ...,
         [False, False, False,  ..., False, False, False],
         [False, False, False,  ..., False, False, False],
         [False, False, False,  ..., False, False, False]],

        [[False, False, False,  ..., False, False, False],
         [False, False, False,  ..., False, False, False],
         [False, False, False,  ..., False, False, False],
         ...,
         [False, False, False,  ..., False, False, False],
         [False, False, False,  ..., False, False, False],
         [False, False, False,  ..., False, False, False]],

        [[ True,  True,  True,  ..., False, False, False],
         [ True,  True,  True,  ..., False, False, False],
         [ True,  True,  True,  ..., False, False, False],
         ...,
         [False, False, False,  ..., False, False, False],
         [False, False, False,  ..., False, False, False],
         [False, False, False,  ..., False, False, False]],

        ...,

        [[False, False, False,  ..., False, False, False],
         [False, False, False,  ..., False, False, False],
         [False, False, False,  ..., False, False, False],
         ...,
         [False, False, False,  ..., False, False, False],
         [False, False, False,  ..., False, False, False],
         [False, False, False,  ..., False, False, False]],

        [[False, False, False,  ..., False, False, False],
         [False, False, False,  ..., False, False, False],
         [False, False, False,  ..., False, False, False],
         ...,
         [False, False, False,  ..., False, False, False],
         [False, False, False,  ..., False, False, False],
         [False, False, False,  ..., False, False, False]],

        [[False, False, False,  ..., False, False, False],
         [False, False, False,  ..., False, False, False],
         [False, False, False,  ..., False, False, False],
         ...,
         [False, False, False,  ..., False, False, False],
         [False, False, False,  ..., False, False, False],
         [False, False, False,  ..., False, False, False]]])])}
[02/28 06:22:57 mask2former.data.dataset_mappers.mask_former_semantic_dataset_mapper]: None
[02/28 06:22:57 mask2former.data.dataset_mappers.mask_former_semantic_dataset_mapper]: output dataset_dict: {'file_name': '/cpfs01/projects-HDD/pujianxiangmuzu_HDD/public/mr/./leftImg8bit_trainvaltest/leftImg8bit/train/krefeld/krefeld_000000_021814_leftImg8bit.png', 'width': 2048, 'height': 1024, 'image': tensor([[[48, 47, 46,  ..., 37, 37, 37],
         [49, 48, 46,  ..., 40, 40, 38],
         [51, 49, 47,  ..., 41, 40, 39],
         ...,
         [59, 59, 59,  ..., 47, 46, 44],
         [57, 57, 57,  ..., 52, 50, 48],
         [56, 56, 56,  ..., 54, 53, 51]],

        [[53, 53, 52,  ..., 43, 44, 44],
         [53, 53, 52,  ..., 45, 44, 44],
         [54, 53, 52,  ..., 45, 43, 44],
         ...,
         [66, 66, 66,  ..., 53, 52, 52],
         [64, 64, 65,  ..., 58, 57, 56],
         [64, 64, 65,  ..., 61, 60, 59]],

        [[33, 33, 32,  ..., 32, 32, 31],
         [34, 33, 32,  ..., 33, 32, 31],
         [36, 34, 32,  ..., 33, 31, 31],
         ...,
         [56, 56, 56,  ..., 38, 37, 37],
         [54, 54, 55,  ..., 42, 41, 39],
         [53, 53, 54,  ..., 44, 43, 41]]], dtype=torch.uint8), 'sem_seg': tensor([[8, 8, 8,  ..., 8, 8, 8],
        [8, 8, 8,  ..., 8, 8, 8],
        [8, 8, 8,  ..., 8, 8, 8],
        ...,
        [0, 0, 0,  ..., 0, 0, 0],
        [0, 0, 0,  ..., 0, 0, 0],
        [0, 0, 0,  ..., 0, 0, 0]]), 'instances': Instances(num_instances=29, image_height=768, image_width=768, fields=[gt_classes: tensor([ 0,  2,  5,  7,  8, 11, 12, 18,  0, 11,  8,  8,  8,  8,  8,  8,  8,  8,
         8,  8,  8,  8,  8,  8,  8,  8,  8,  8,  8]), gt_masks: tensor([[[False, False, False,  ..., False, False, False],
         [False, False, False,  ..., False, False, False],
         [False, False, False,  ..., False, False, False],
         ...,
         [False, False, False,  ...,  True,  True,  True],
         [False, False, False,  ...,  True,  True,  True],
         [False, False, False,  ...,  True,  True,  True]],

        [[False, False, False,  ..., False, False, False],
         [False, False, False,  ..., False, False, False],
         [False, False, False,  ..., False, False, False],
         ...,
         [False, False, False,  ..., False, False, False],
         [False, False, False,  ..., False, False, False],
         [False, False, False,  ..., False, False, False]],

        [[False, False, False,  ..., False, False, False],
         [False, False, False,  ..., False, False, False],
         [False, False, False,  ..., False, False, False],
         ...,
         [False, False, False,  ..., False, False, False],
         [False, False, False,  ..., False, False, False],
         [False, False, False,  ..., False, False, False]],

        ...,

        [[False, False, False,  ..., False, False, False],
         [False, False, False,  ..., False, False, False],
         [False, False, False,  ..., False, False, False],
         ...,
         [False, False, False,  ..., False, False, False],
         [False, False, False,  ..., False, False, False],
         [False, False, False,  ..., False, False, False]],

        [[False, False, False,  ..., False, False, False],
         [False, False, False,  ..., False, False, False],
         [False, False, False,  ..., False, False, False],
         ...,
         [False, False, False,  ..., False, False, False],
         [False, False, False,  ..., False, False, False],
         [False, False, False,  ..., False, False, False]],

        [[False, False, False,  ..., False, False, False],
         [False, False, False,  ..., False, False, False],
         [False, False, False,  ..., False, False, False],
         ...,
         [False, False, False,  ..., False, False, False],
         [False, False, False,  ..., False, False, False],
         [False, False, False,  ..., False, False, False]]])])}
[02/28 06:22:57 mask2former.data.dataset_mappers.mask_former_semantic_dataset_mapper]: None
[02/28 06:22:57 mask2former.data.dataset_mappers.mask_former_semantic_dataset_mapper]: output dataset_dict: {'file_name': '/cpfs01/projects-HDD/pujianxiangmuzu_HDD/public/mr/./leftImg8bit_trainvaltest/leftImg8bit/train/tubingen/tubingen_000007_000019_leftImg8bit.png', 'width': 2048, 'height': 1024, 'image': tensor([[[ 10,  13,  13,  ..., 136, 136, 136],
         [ 10,  12,  12,  ..., 136, 136, 136],
         [ 11,  12,  12,  ..., 136, 136, 136],
         ...,
         [ 21,  21,  21,  ...,  41,  40,  39],
         [ 22,  22,  24,  ...,  42,  42,  42],
         [ 23,  24,  23,  ...,  40,  40,  40]],

        [[ 16,  20,  20,  ..., 136, 136, 136],
         [ 15,  18,  19,  ..., 136, 136, 136],
         [ 15,  17,  18,  ..., 136, 136, 136],
         ...,
         [ 29,  29,  29,  ...,  48,  47,  47],
         [ 30,  30,  30,  ...,  48,  47,  47],
         [ 31,  32,  32,  ...,  45,  45,  45]],

        [[ 12,  14,  16,  ..., 136, 136, 136],
         [ 10,  13,  14,  ..., 136, 136, 136],
         [ 12,  13,  13,  ..., 136, 136, 136],
         ...,
         [ 28,  28,  28,  ...,  45,  44,  45],
         [ 29,  29,  28,  ...,  44,  44,  43],
         [ 30,  30,  29,  ...,  40,  40,  41]]], dtype=torch.uint8), 'sem_seg': tensor([[  8,   8,   8,  ...,  10,  10,  10],
        [  8,   8,   8,  ...,  10,  10,  10],
        [  8,   8,   8,  ...,  10,  10,  10],
        ...,
        [255, 255, 255,  ..., 255, 255, 255],
        [255, 255, 255,  ..., 255, 255, 255],
        [255, 255, 255,  ..., 255, 255, 255]]), 'instances': Instances(num_instances=44, image_height=768, image_width=768, fields=[gt_classes: tensor([ 0,  1,  2,  5,  7,  8,  9, 10, 11, 12, 13, 18,  0,  8, 11, 12, 18,  0,
         8, 11, 13, 18,  0,  8, 13,  0,  0, 13,  0,  0,  8,  0,  8,  8,  8,  8,
         8,  8,  8,  8,  8,  8,  8,  8]), gt_masks: tensor([[[False, False, False,  ..., False, False, False],
         [False, False, False,  ..., False, False, False],
         [False, False, False,  ..., False, False, False],
         ...,
         [False, False, False,  ..., False, False, False],
         [False, False, False,  ..., False, False, False],
         [False, False, False,  ..., False, False, False]],

        [[False, False, False,  ..., False, False, False],
         [False, False, False,  ..., False, False, False],
         [False, False, False,  ..., False, False, False],
         ...,
         [False, False, False,  ..., False, False, False],
         [False, False, False,  ..., False, False, False],
         [False, False, False,  ..., False, False, False]],

        [[False, False, False,  ..., False, False, False],
         [False, False, False,  ..., False, False, False],
         [False, False, False,  ..., False, False, False],
         ...,
         [False, False, False,  ..., False, False, False],
         [False, False, False,  ..., False, False, False],
         [False, False, False,  ..., False, False, False]],

        ...,

        [[False, False, False,  ..., False, False, False],
         [False, False, False,  ..., False, False, False],
         [False, False, False,  ..., False, False, False],
         ...,
         [False, False, False,  ..., False, False, False],
         [False, False, False,  ..., False, False, False],
         [False, False, False,  ..., False, False, False]],

        [[False, False, False,  ..., False, False, False],
         [False, False, False,  ..., False, False, False],
         [False, False, False,  ..., False, False, False],
         ...,
         [False, False, False,  ..., False, False, False],
         [False, False, False,  ..., False, False, False],
         [False, False, False,  ..., False, False, False]],

        [[False, False, False,  ..., False, False, False],
         [False, False, False,  ..., False, False, False],
         [False, False, False,  ..., False, False, False],
         ...,
         [False, False, False,  ..., False, False, False],
         [False, False, False,  ..., False, False, False],
         [False, False, False,  ..., False, False, False]]])])}
[02/28 06:22:57 mask2former.data.dataset_mappers.mask_former_semantic_dataset_mapper]: None
[02/28 06:22:57 mask2former.data.dataset_mappers.mask_former_semantic_dataset_mapper]: output dataset_dict: {'file_name': '/cpfs01/projects-HDD/pujianxiangmuzu_HDD/public/mr/./leftImg8bit_trainvaltest/leftImg8bit/train/aachen/aachen_000004_000019_leftImg8bit.png', 'width': 2048, 'height': 1024, 'image': tensor([[[109, 109, 109,  ...,  29,  27,  27],
         [112, 112, 111,  ...,  28,  27,  27],
         [106, 104, 103,  ...,  26,  26,  26],
         ...,
         [103, 103, 104,  ...,  54,  53,  53],
         [103, 103, 104,  ...,  54,  53,  53],
         [103, 103, 104,  ...,  54,  53,  53]],

        [[126, 126, 126,  ...,  34,  32,  32],
         [128, 128, 127,  ...,  33,  32,  32],
         [118, 117, 116,  ...,  31,  31,  31],
         ...,
         [116, 116, 116,  ...,  64,  63,  63],
         [116, 116, 116,  ...,  64,  63,  63],
         [116, 116, 116,  ...,  64,  63,  63]],

        [[112, 113, 114,  ...,  31,  30,  30],
         [113, 113, 114,  ...,  31,  30,  30],
         [102, 101,  99,  ...,  30,  30,  30],
         ...,
         [101, 101, 101,  ...,  55,  55,  55],
         [101, 101, 101,  ...,  54,  54,  54],
         [101, 101, 101,  ...,  53,  53,  53]]], dtype=torch.uint8), 'sem_seg': tensor([[13, 13, 13,  ..., 13, 13, 13],
        [13, 13, 13,  ..., 13, 13, 13],
        [13, 13, 13,  ..., 13, 13, 13],
        ...,
        [ 0,  0,  0,  ...,  0,  0,  0],
        [ 0,  0,  0,  ...,  0,  0,  0],
        [ 0,  0,  0,  ...,  0,  0,  0]]), 'instances': Instances(num_instances=15, image_height=768, image_width=768, fields=[gt_classes: tensor([ 0,  1,  2,  5,  7,  8,  9, 13, 17,  0,  0, 13,  0,  0,  2]), gt_masks: tensor([[[False, False, False,  ..., False, False, False],
         [False, False, False,  ..., False, False, False],
         [False, False, False,  ..., False, False, False],
         ...,
         [False, False, False,  ..., False, False, False],
         [False, False, False,  ..., False, False, False],
         [False, False, False,  ..., False, False, False]],

        [[False, False, False,  ..., False, False, False],
         [False, False, False,  ..., False, False, False],
         [False, False, False,  ..., False, False, False],
         ...,
         [False, False, False,  ..., False, False, False],
         [False, False, False,  ..., False, False, False],
         [False, False, False,  ..., False, False, False]],

        [[False, False, False,  ..., False, False, False],
         [False, False, False,  ..., False, False, False],
         [False, False, False,  ..., False, False, False],
         ...,
         [False, False, False,  ..., False, False, False],
         [False, False, False,  ..., False, False, False],
         [False, False, False,  ..., False, False, False]],

        ...,

        [[False, False, False,  ..., False, False, False],
         [False, False, False,  ..., False, False, False],
         [False, False, False,  ..., False, False, False],
         ...,
         [ True,  True,  True,  ..., False, False, False],
         [ True,  True,  True,  ..., False, False, False],
         [ True,  True,  True,  ..., False, False, False]],

        [[False, False, False,  ..., False, False, False],
         [False, False, False,  ..., False, False, False],
         [False, False, False,  ..., False, False, False],
         ...,
         [False, False, False,  ..., False, False, False],
         [False, False, False,  ..., False, False, False],
         [False, False, False,  ..., False, False, False]],

        [[False, False, False,  ..., False, False, False],
         [False, False, False,  ..., False, False, False],
         [False, False, False,  ..., False, False, False],
         ...,
         [False, False, False,  ..., False, False, False],
         [False, False, False,  ..., False, False, False],
         [False, False, False,  ..., False, False, False]]])])}
[02/28 06:22:57 mask2former.data.dataset_mappers.mask_former_semantic_dataset_mapper]: None
[02/28 06:22:58 mask2former.data.dataset_mappers.mask_former_semantic_dataset_mapper]: output dataset_dict: {'file_name': '/cpfs01/projects-HDD/pujianxiangmuzu_HDD/public/mr/./leftImg8bit_trainvaltest/leftImg8bit/train/strasbourg/strasbourg_000000_029481_leftImg8bit.png', 'width': 2048, 'height': 1024, 'image': tensor([[[ 35,  27,  26,  ..., 106, 102, 106],
         [ 39,  32,  29,  ..., 105, 105, 105],
         [ 39,  35,  36,  ..., 106, 105, 105],
         ...,
         [ 45,  44,  45,  ...,  26,  27,  28],
         [ 44,  44,  44,  ...,  27,  28,  29],
         [ 45,  42,  42,  ...,  27,  28,  29]],

        [[ 42,  32,  29,  ..., 118, 114, 116],
         [ 49,  39,  35,  ..., 117, 116, 116],
         [ 52,  46,  45,  ..., 118, 116, 115],
         ...,
         [ 54,  53,  54,  ...,  31,  31,  32],
         [ 53,  53,  52,  ...,  32,  32,  32],
         [ 54,  52,  51,  ...,  32,  32,  32]],

        [[ 36,  27,  23,  ..., 126, 126, 126],
         [ 43,  34,  28,  ..., 125, 125, 125],
         [ 47,  42,  38,  ..., 127, 126, 126],
         ...,
         [ 47,  46,  47,  ...,  26,  27,  27],
         [ 46,  46,  46,  ...,  27,  27,  27],
         [ 47,  46,  46,  ...,  26,  27,  27]]], dtype=torch.uint8), 'sem_seg': tensor([[  2,   2,   2,  ...,  10,  10,  10],
        [  2,   2,   2,  ...,  10,  10,  10],
        [  2,   2,   2,  ...,  10,  10,  10],
        ...,
        [255, 255, 255,  ..., 255, 255, 255],
        [255, 255, 255,  ..., 255, 255, 255],
        [255, 255, 255,  ..., 255, 255, 255]]), 'instances': Instances(num_instances=69, image_height=768, image_width=768, fields=[gt_classes: tensor([ 0,  1,  2,  5,  7,  8, 10, 11, 13, 18,  2,  7, 10, 11,  0,  2,  7, 11,
         2, 11, 11,  2, 11,  2, 11,  2, 11, 11,  2,  2, 11,  2, 11,  2, 11,  2,
         2, 11, 11,  2,  2, 11,  2, 11,  2, 11, 11,  2, 11, 11, 11, 11, 11, 11,
        11, 11, 11, 11, 11, 11, 11, 11, 11, 11, 11, 11, 11, 11, 11]), gt_masks: tensor([[[False, False, False,  ..., False, False, False],
         [False, False, False,  ..., False, False, False],
         [False, False, False,  ..., False, False, False],
         ...,
         [False, False, False,  ..., False, False, False],
         [False, False, False,  ..., False, False, False],
         [False, False, False,  ..., False, False, False]],

        [[False, False, False,  ..., False, False, False],
         [False, False, False,  ..., False, False, False],
         [False, False, False,  ..., False, False, False],
         ...,
         [False, False, False,  ..., False, False, False],
         [False, False, False,  ..., False, False, False],
         [False, False, False,  ..., False, False, False]],

        [[False, False, False,  ..., False, False, False],
         [False, False, False,  ..., False, False, False],
         [False, False, False,  ..., False, False, False],
         ...,
         [False, False, False,  ..., False, False, False],
         [False, False, False,  ..., False, False, False],
         [False, False, False,  ..., False, False, False]],

        ...,

        [[False, False, False,  ..., False, False, False],
         [False, False, False,  ..., False, False, False],
         [False, False, False,  ..., False, False, False],
         ...,
         [False, False, False,  ..., False, False, False],
         [False, False, False,  ..., False, False, False],
         [False, False, False,  ..., False, False, False]],

        [[False, False, False,  ..., False, False, False],
         [False, False, False,  ..., False, False, False],
         [False, False, False,  ..., False, False, False],
         ...,
         [False, False, False,  ..., False, False, False],
         [False, False, False,  ..., False, False, False],
         [False, False, False,  ..., False, False, False]],

        [[False, False, False,  ..., False, False, False],
         [False, False, False,  ..., False, False, False],
         [False, False, False,  ..., False, False, False],
         ...,
         [False, False, False,  ..., False, False, False],
         [False, False, False,  ..., False, False, False],
         [False, False, False,  ..., False, False, False]]])])}
[02/28 06:22:58 mask2former.data.dataset_mappers.mask_former_semantic_dataset_mapper]: None
[02/28 06:22:58 mask2former.data.dataset_mappers.mask_former_semantic_dataset_mapper]: output dataset_dict: {'file_name': '/cpfs01/projects-HDD/pujianxiangmuzu_HDD/public/mr/./leftImg8bit_trainvaltest/leftImg8bit/train/dusseldorf/dusseldorf_000093_000019_leftImg8bit.png', 'width': 2048, 'height': 1024, 'image': tensor([[[255, 255, 255,  ..., 255, 255, 255],
         [255, 255, 255,  ..., 255, 255, 255],
         [255, 255, 255,  ..., 255, 255, 255],
         ...,
         [101, 101, 102,  ...,  29,  29,  31],
         [101, 101, 102,  ...,  29,  29,  29],
         [101, 101, 102,  ...,  29,  29,  28]],

        [[255, 255, 255,  ..., 255, 255, 255],
         [255, 255, 255,  ..., 255, 255, 255],
         [255, 255, 255,  ..., 255, 255, 255],
         ...,
         [111, 111, 111,  ...,  33,  33,  35],
         [111, 111, 111,  ...,  32,  32,  33],
         [111, 111, 111,  ...,  32,  32,  32]],

        [[255, 255, 255,  ..., 255, 255, 255],
         [255, 255, 255,  ..., 255, 255, 255],
         [255, 255, 255,  ..., 255, 255, 255],
         ...,
         [103, 103, 103,  ...,  28,  28,  29],
         [103, 103, 103,  ...,  28,  28,  28],
         [103, 103, 103,  ...,  28,  28,  28]]], dtype=torch.uint8), 'sem_seg': tensor([[ 10,  10,  10,  ...,  10,  10,  10],
        [ 10,  10,  10,  ...,  10,  10,  10],
        [ 10,  10,  10,  ...,  10,  10,  10],
        ...,
        [  0,   0,   0,  ..., 255, 255, 255],
        [  0,   0,   0,  ..., 255, 255, 255],
        [  0,   0,   0,  ..., 255, 255, 255]]), 'instances': Instances(num_instances=14, image_height=768, image_width=768, fields=[gt_classes: tensor([ 0,  5,  8, 10, 13, 16,  0,  8, 10,  8, 10, 10,  8,  8]), gt_masks: tensor([[[False, False, False,  ..., False, False, False],
         [False, False, False,  ..., False, False, False],
         [False, False, False,  ..., False, False, False],
         ...,
         [False, False, False,  ..., False, False, False],
         [False, False, False,  ..., False, False, False],
         [False, False, False,  ..., False, False, False]],

        [[False, False, False,  ..., False, False, False],
         [False, False, False,  ..., False, False, False],
         [False, False, False,  ..., False, False, False],
         ...,
         [False, False, False,  ..., False, False, False],
         [False, False, False,  ..., False, False, False],
         [False, False, False,  ..., False, False, False]],

        [[False, False, False,  ..., False, False, False],
         [False, False, False,  ..., False, False, False],
         [False, False, False,  ..., False, False, False],
         ...,
         [False, False, False,  ..., False, False, False],
         [False, False, False,  ..., False, False, False],
         [False, False, False,  ..., False, False, False]],

        ...,

        [[ True,  True,  True,  ...,  True,  True,  True],
         [ True,  True,  True,  ...,  True,  True,  True],
         [ True,  True,  True,  ...,  True,  True,  True],
         ...,
         [False, False, False,  ..., False, False, False],
         [False, False, False,  ..., False, False, False],
         [False, False, False,  ..., False, False, False]],

        [[False, False, False,  ..., False, False, False],
         [False, False, False,  ..., False, False, False],
         [False, False, False,  ..., False, False, False],
         ...,
         [False, False, False,  ..., False, False, False],
         [False, False, False,  ..., False, False, False],
         [False, False, False,  ..., False, False, False]],

        [[False, False, False,  ..., False, False, False],
         [False, False, False,  ..., False, False, False],
         [False, False, False,  ..., False, False, False],
         ...,
         [False, False, False,  ..., False, False, False],
         [False, False, False,  ..., False, False, False],
         [False, False, False,  ..., False, False, False]]])])}
[02/28 06:22:58 mask2former.data.dataset_mappers.mask_former_semantic_dataset_mapper]: None
[02/28 06:22:58 d2.utils.events]:  eta: 1:21:19  iter: 139  total_loss: 77.26  loss_ce: 2.481  loss_mask: 0.811  loss_dice: 4.391  loss_ce_0: 4.931  loss_mask_0: 0.7674  loss_dice_0: 4.325  loss_ce_1: 2.155  loss_mask_1: 0.8019  loss_dice_1: 4.36  loss_ce_2: 2.05  loss_mask_2: 0.8078  loss_dice_2: 4.303  loss_ce_3: 2.031  loss_mask_3: 0.7871  loss_dice_3: 4.357  loss_ce_4: 2.127  loss_mask_4: 0.8056  loss_dice_4: 4.324  loss_ce_5: 2.326  loss_mask_5: 0.7874  loss_dice_5: 4.349  loss_ce_6: 2.33  loss_mask_6: 0.7755  loss_dice_6: 4.358  loss_ce_7: 2.247  loss_mask_7: 0.7921  loss_dice_7: 4.381  loss_ce_8: 2.242  loss_mask_8: 0.7931  loss_dice_8: 4.394    time: 0.5115  last_time: 0.3168  data_time: 0.0120  last_data_time: 0.0082   lr: 9.8748e-05  max_mem: 5889M
[02/28 06:22:58 mask2former.data.dataset_mappers.mask_former_semantic_dataset_mapper]: output dataset_dict: {'file_name': '/cpfs01/projects-HDD/pujianxiangmuzu_HDD/public/mr/./leftImg8bit_trainvaltest/leftImg8bit/train/tubingen/tubingen_000002_000019_leftImg8bit.png', 'width': 2048, 'height': 1024, 'image': tensor([[[255, 255, 255,  ...,  65,  69,  82],
         [255, 255, 255,  ...,  69,  69,  78],
         [255, 255, 255,  ...,  74,  68,  74],
         ...,
         [ 55,  55,  55,  ...,  82,  82,  83],
         [ 55,  57,  55,  ...,  82,  82,  86],
         [ 53,  55,  53,  ...,  83,  82,  85]],

        [[255, 255, 255,  ...,  93,  97, 107],
         [255, 255, 255,  ...,  99,  96, 103],
         [255, 255, 255,  ..., 104,  95,  93],
         ...,
         [ 69,  69,  69,  ..., 104, 106, 111],
         [ 69,  69,  68,  ..., 106, 106, 110],
         [ 68,  69,  68,  ..., 109, 106, 109]],

        [[255, 255, 255,  ...,  58,  60,  68],
         [255, 255, 255,  ...,  60,  57,  62],
         [255, 255, 255,  ...,  61,  51,  51],
         ...,
         [ 58,  60,  60,  ...,  64,  65,  68],
         [ 58,  60,  61,  ...,  67,  67,  67],
         [ 58,  60,  60,  ...,  68,  65,  64]]], dtype=torch.uint8), 'sem_seg': tensor([[10, 10, 10,  ...,  8,  8,  8],
        [10, 10, 10,  ...,  8,  8,  8],
        [10, 10, 10,  ...,  8,  8,  8],
        ...,
        [ 0,  0,  0,  ...,  9,  9,  9],
        [ 0,  0,  0,  ...,  9,  9,  9],
        [ 0,  0,  0,  ...,  9,  9,  9]]), 'instances': Instances(num_instances=36, image_height=768, image_width=768, fields=[gt_classes: tensor([ 0,  1,  2,  5,  6,  8,  9, 10, 11, 12, 13, 18,  0,  9, 10,  0,  9, 10,
         0,  8,  9, 10,  0,  9,  8,  8,  8,  8,  8,  8,  8,  8,  8,  8,  8,  8]), gt_masks: tensor([[[False, False, False,  ..., False, False, False],
         [False, False, False,  ..., False, False, False],
         [False, False, False,  ..., False, False, False],
         ...,
         [False, False, False,  ..., False, False, False],
         [False, False, False,  ..., False, False, False],
         [False, False, False,  ..., False, False, False]],

        [[False, False, False,  ..., False, False, False],
         [False, False, False,  ..., False, False, False],
         [False, False, False,  ..., False, False, False],
         ...,
         [False, False, False,  ..., False, False, False],
         [False, False, False,  ..., False, False, False],
         [False, False, False,  ..., False, False, False]],

        [[False, False, False,  ..., False, False, False],
         [False, False, False,  ..., False, False, False],
         [False, False, False,  ..., False, False, False],
         ...,
         [False, False, False,  ..., False, False, False],
         [False, False, False,  ..., False, False, False],
         [False, False, False,  ..., False, False, False]],

        ...,

        [[False, False, False,  ..., False, False, False],
         [False, False, False,  ..., False, False, False],
         [False, False, False,  ..., False, False, False],
         ...,
         [False, False, False,  ..., False, False, False],
         [False, False, False,  ..., False, False, False],
         [False, False, False,  ..., False, False, False]],

        [[False, False, False,  ..., False, False, False],
         [False, False, False,  ..., False, False, False],
         [False, False, False,  ..., False, False, False],
         ...,
         [False, False, False,  ..., False, False, False],
         [False, False, False,  ..., False, False, False],
         [False, False, False,  ..., False, False, False]],

        [[False, False, False,  ..., False, False, False],
         [False, False, False,  ..., False, False, False],
         [False, False, False,  ..., False, False, False],
         ...,
         [False, False, False,  ..., False, False, False],
         [False, False, False,  ..., False, False, False],
         [False, False, False,  ..., False, False, False]]])])}
[02/28 06:22:58 mask2former.data.dataset_mappers.mask_former_semantic_dataset_mapper]: None
[02/28 06:22:58 mask2former.data.dataset_mappers.mask_former_semantic_dataset_mapper]: output dataset_dict: {'file_name': '/cpfs01/projects-HDD/pujianxiangmuzu_HDD/public/mr/./leftImg8bit_trainvaltest/leftImg8bit/train/jena/jena_000091_000019_leftImg8bit.png', 'width': 2048, 'height': 1024, 'image': tensor([[[ 77,  74,  70,  ...,  34,  33,  30],
         [ 72,  70,  71,  ...,  35,  34,  31],
         [ 67,  67,  68,  ...,  29,  31,  28],
         ...,
         [ 79,  78,  78,  ...,  84,  83,  82],
         [ 79,  78,  78,  ..., 100, 102, 100],
         [ 78,  78,  78,  ..., 124, 125, 125]],

        [[101,  98,  99,  ...,  49,  43,  40],
         [100,  96,  98,  ...,  46,  41,  40],
         [100,  96,  96,  ...,  41,  40,  39],
         ...,
         [106, 106, 107,  ..., 100, 101, 102],
         [106, 106, 107,  ..., 113, 114, 116],
         [106, 106, 107,  ..., 137, 137, 138]],

        [[ 72,  69,  67,  ...,  28,  24,  26],
         [ 69,  68,  69,  ...,  27,  22,  27],
         [ 68,  67,  69,  ...,  27,  27,  27],
         ...,
         [ 89,  88,  89,  ...,  74,  76,  78],
         [ 89,  88,  89,  ...,  85,  85,  90],
         [ 88,  88,  89,  ..., 110, 110, 112]]], dtype=torch.uint8), 'sem_seg': tensor([[2, 2, 2,  ..., 8, 8, 8],
        [2, 2, 2,  ..., 8, 8, 8],
        [2, 2, 2,  ..., 8, 8, 8],
        ...,
        [0, 0, 0,  ..., 0, 0, 0],
        [0, 0, 0,  ..., 0, 0, 0],
        [0, 0, 0,  ..., 0, 0, 0]]), 'instances': Instances(num_instances=31, image_height=768, image_width=768, fields=[gt_classes: tensor([ 0,  1,  2,  5,  7,  8,  9, 12, 18,  0,  1,  2,  1,  2,  1,  2, 12,  2,
         2,  2,  8,  8,  2,  8,  8,  2,  8,  2,  2,  2,  2]), gt_masks: tensor([[[False, False, False,  ..., False, False, False],
         [False, False, False,  ..., False, False, False],
         [False, False, False,  ..., False, False, False],
         ...,
         [False, False, False,  ..., False, False, False],
         [False, False, False,  ..., False, False, False],
         [False, False, False,  ..., False, False, False]],

        [[False, False, False,  ..., False, False, False],
         [False, False, False,  ..., False, False, False],
         [False, False, False,  ..., False, False, False],
         ...,
         [False, False, False,  ..., False, False, False],
         [False, False, False,  ..., False, False, False],
         [False, False, False,  ..., False, False, False]],

        [[False, False, False,  ..., False, False, False],
         [False, False, False,  ..., False, False, False],
         [False, False, False,  ..., False, False, False],
         ...,
         [False, False, False,  ..., False, False, False],
         [False, False, False,  ..., False, False, False],
         [False, False, False,  ..., False, False, False]],

        ...,

        [[False, False, False,  ..., False, False, False],
         [False, False, False,  ..., False, False, False],
         [False, False, False,  ..., False, False, False],
         ...,
         [False, False, False,  ..., False, False, False],
         [False, False, False,  ..., False, False, False],
         [False, False, False,  ..., False, False, False]],

        [[False, False, False,  ..., False, False, False],
         [False, False, False,  ..., False, False, False],
         [False, False, False,  ..., False, False, False],
         ...,
         [False, False, False,  ..., False, False, False],
         [False, False, False,  ..., False, False, False],
         [False, False, False,  ..., False, False, False]],

        [[False, False, False,  ..., False, False, False],
         [False, False, False,  ..., False, False, False],
         [False, False, False,  ..., False, False, False],
         ...,
         [False, False, False,  ..., False, False, False],
         [False, False, False,  ..., False, False, False],
         [False, False, False,  ..., False, False, False]]])])}
[02/28 06:22:58 mask2former.data.dataset_mappers.mask_former_semantic_dataset_mapper]: None
[02/28 06:22:58 mask2former.data.dataset_mappers.mask_former_semantic_dataset_mapper]: output dataset_dict: {'file_name': '/cpfs01/projects-HDD/pujianxiangmuzu_HDD/public/mr/./leftImg8bit_trainvaltest/leftImg8bit/train/hamburg/hamburg_000000_103856_leftImg8bit.png', 'width': 2048, 'height': 1024, 'image': tensor([[[ 62,  77,  49,  ...,  37,  35,  35],
         [ 66,  81,  59,  ...,  32,  34,  37],
         [ 72,  84,  69,  ...,  35,  35,  35],
         ...,
         [ 90,  99, 107,  ..., 120, 129, 121],
         [ 90,  99, 107,  ..., 120, 130, 121],
         [ 90,  99, 107,  ..., 120, 130, 121]],

        [[ 26,  98,  69,  ...,  52,  47,  47],
         [ 31,  98,  78,  ...,  46,  47,  47],
         [ 34,  98,  86,  ...,  44,  47,  47],
         ...,
         [101, 105, 108,  ..., 142, 147, 139],
         [101, 105, 108,  ..., 142, 147, 139],
         [101, 105, 108,  ..., 142, 147, 139]],

        [[ 16,  74,  44,  ...,  35,  32,  34],
         [ 19,  75,  53,  ...,  32,  32,  34],
         [ 22,  77,  62,  ...,  32,  34,  34],
         ...,
         [ 87,  92,  93,  ..., 124, 130, 126],
         [ 87,  92,  93,  ..., 123, 130, 126],
         [ 87,  92,  93,  ..., 123, 130, 126]]], dtype=torch.uint8), 'sem_seg': tensor([[255, 255, 255,  ..., 255, 255, 255],
        [255, 255, 255,  ..., 255, 255, 255],
        [255, 255, 255,  ..., 255, 255, 255],
        ...,
        [255, 255, 255,  ..., 255, 255, 255],
        [255, 255, 255,  ..., 255, 255, 255],
        [255, 255, 255,  ..., 255, 255, 255]]), 'instances': Instances(num_instances=41, image_height=614, image_width=768, fields=[gt_classes: tensor([ 0,  1,  2,  3,  4,  5,  6,  7,  8,  9, 10, 11, 12, 13, 18,  0,  3,  5,
         8,  9, 13,  0,  2,  8,  0,  2,  4,  8,  8, 13,  8,  2,  8,  2,  8,  1,
         2,  8, 13,  1, 13]), gt_masks: tensor([[[False, False, False,  ..., False, False, False],
         [False, False, False,  ..., False, False, False],
         [False, False, False,  ..., False, False, False],
         ...,
         [False, False, False,  ..., False, False, False],
         [False, False, False,  ..., False, False, False],
         [False, False, False,  ..., False, False, False]],

        [[False, False, False,  ..., False, False, False],
         [False, False, False,  ..., False, False, False],
         [False, False, False,  ..., False, False, False],
         ...,
         [False, False, False,  ..., False, False, False],
         [False, False, False,  ..., False, False, False],
         [False, False, False,  ..., False, False, False]],

        [[False, False, False,  ..., False, False, False],
         [False, False, False,  ..., False, False, False],
         [False, False, False,  ..., False, False, False],
         ...,
         [False, False, False,  ..., False, False, False],
         [False, False, False,  ..., False, False, False],
         [False, False, False,  ..., False, False, False]],

        ...,

        [[False, False, False,  ..., False, False, False],
         [False, False, False,  ..., False, False, False],
         [False, False, False,  ..., False, False, False],
         ...,
         [False, False, False,  ..., False, False, False],
         [False, False, False,  ..., False, False, False],
         [False, False, False,  ..., False, False, False]],

        [[False, False, False,  ..., False, False, False],
         [False, False, False,  ..., False, False, False],
         [False, False, False,  ..., False, False, False],
         ...,
         [False, False, False,  ..., False, False, False],
         [False, False, False,  ..., False, False, False],
         [False, False, False,  ..., False, False, False]],

        [[False, False, False,  ..., False, False, False],
         [False, False, False,  ..., False, False, False],
         [False, False, False,  ..., False, False, False],
         ...,
         [False, False, False,  ..., False, False, False],
         [False, False, False,  ..., False, False, False],
         [False, False, False,  ..., False, False, False]]])])}
[02/28 06:22:58 mask2former.data.dataset_mappers.mask_former_semantic_dataset_mapper]: None
[02/28 06:22:59 mask2former.data.dataset_mappers.mask_former_semantic_dataset_mapper]: output dataset_dict: {'file_name': '/cpfs01/projects-HDD/pujianxiangmuzu_HDD/public/mr/./leftImg8bit_trainvaltest/leftImg8bit/train/monchengladbach/monchengladbach_000000_020856_leftImg8bit.png', 'width': 2048, 'height': 1024, 'image': tensor([[[ 91,  88,  87,  ...,  80,  80,  80],
         [ 86,  87,  86,  ...,  78,  78,  80],
         [ 82,  81,  79,  ...,  79,  79,  80],
         ...,
         [190, 189, 192,  ..., 133, 133, 133],
         [192, 192, 192,  ..., 130, 130, 132],
         [194, 194, 192,  ..., 136, 140, 142]],

        [[108, 103, 101,  ...,  85,  85,  83],
         [102, 101,  98,  ...,  83,  83,  83],
         [ 93,  92,  91,  ...,  83,  82,  83],
         ...,
         [199, 197, 199,  ..., 142, 142, 142],
         [200, 199, 200,  ..., 140, 140, 140],
         [202, 202, 202,  ..., 148, 150, 152]],

        [[ 97,  94,  92,  ...,  80,  80,  80],
         [ 95,  93,  91,  ...,  78,  78,  80],
         [ 86,  85,  85,  ...,  79,  79,  80],
         ...,
         [181, 180, 181,  ..., 129, 129, 129],
         [181, 181, 181,  ..., 125, 125, 125],
         [182, 182, 182,  ..., 127, 130, 131]]], dtype=torch.uint8), 'sem_seg': tensor([[8, 8, 8,  ..., 8, 8, 8],
        [8, 8, 8,  ..., 8, 8, 8],
        [8, 8, 8,  ..., 8, 8, 8],
        ...,
        [1, 1, 1,  ..., 1, 1, 1],
        [1, 1, 1,  ..., 1, 1, 1],
        [1, 1, 1,  ..., 1, 1, 1]]), 'instances': Instances(num_instances=25, image_height=768, image_width=768, fields=[gt_classes: tensor([ 1,  2,  5,  7,  8,  9, 11, 13, 11, 13,  2,  8, 11,  8, 11, 13,  8,  2,
        13,  8,  8,  8,  8,  8,  8]), gt_masks: tensor([[[False, False, False,  ..., False, False, False],
         [False, False, False,  ..., False, False, False],
         [False, False, False,  ..., False, False, False],
         ...,
         [ True,  True,  True,  ...,  True,  True,  True],
         [ True,  True,  True,  ...,  True,  True,  True],
         [ True,  True,  True,  ...,  True,  True,  True]],

        [[False, False, False,  ..., False, False, False],
         [False, False, False,  ..., False, False, False],
         [False, False, False,  ..., False, False, False],
         ...,
         [False, False, False,  ..., False, False, False],
         [False, False, False,  ..., False, False, False],
         [False, False, False,  ..., False, False, False]],

        [[False, False, False,  ..., False, False, False],
         [False, False, False,  ..., False, False, False],
         [False, False, False,  ..., False, False, False],
         ...,
         [False, False, False,  ..., False, False, False],
         [False, False, False,  ..., False, False, False],
         [False, False, False,  ..., False, False, False]],

        ...,

        [[False, False, False,  ..., False, False, False],
         [False, False, False,  ..., False, False, False],
         [False, False, False,  ..., False, False, False],
         ...,
         [False, False, False,  ..., False, False, False],
         [False, False, False,  ..., False, False, False],
         [False, False, False,  ..., False, False, False]],

        [[False, False, False,  ...,  True,  True,  True],
         [False, False, False,  ...,  True,  True,  True],
         [False, False, False,  ...,  True,  True,  True],
         ...,
         [False, False, False,  ..., False, False, False],
         [False, False, False,  ..., False, False, False],
         [False, False, False,  ..., False, False, False]],

        [[False, False, False,  ..., False, False, False],
         [False, False, False,  ..., False, False, False],
         [False, False, False,  ..., False, False, False],
         ...,
         [False, False, False,  ..., False, False, False],
         [False, False, False,  ..., False, False, False],
         [False, False, False,  ..., False, False, False]]])])}
[02/28 06:22:59 mask2former.data.dataset_mappers.mask_former_semantic_dataset_mapper]: None
[02/28 06:22:59 mask2former.data.dataset_mappers.mask_former_semantic_dataset_mapper]: output dataset_dict: {'file_name': '/cpfs01/projects-HDD/pujianxiangmuzu_HDD/public/mr/./leftImg8bit_trainvaltest/leftImg8bit/train/dusseldorf/dusseldorf_000021_000019_leftImg8bit.png', 'width': 2048, 'height': 1024, 'image': tensor([[[158, 159, 157,  ..., 166, 163, 163],
         [158, 159, 157,  ..., 164, 163, 163],
         [158, 159, 159,  ..., 164, 160, 164],
         ...,
         [ 62,  63,  63,  ...,  45,  45,  45],
         [ 63,  64,  65,  ...,  45,  45,  45],
         [ 65,  65,  65,  ...,  45,  45,  46]],

        [[181, 182, 183,  ..., 186, 185, 184],
         [180, 182, 182,  ..., 186, 184, 185],
         [180, 182, 182,  ..., 186, 184, 187],
         ...,
         [ 68,  69,  69,  ...,  53,  53,  54],
         [ 70,  71,  71,  ...,  53,  54,  54],
         [ 70,  71,  71,  ...,  54,  53,  53]],

        [[165, 166, 166,  ..., 174, 173, 172],
         [165, 167, 166,  ..., 171, 172, 174],
         [166, 167, 166,  ..., 171, 170, 174],
         ...,
         [ 53,  54,  53,  ...,  45,  45,  45],
         [ 54,  55,  55,  ...,  45,  45,  45],
         [ 54,  55,  55,  ...,  45,  45,  45]]], dtype=torch.uint8), 'sem_seg': tensor([[10, 10, 10,  ..., 10, 10, 10],
        [10, 10, 10,  ..., 10, 10, 10],
        [10, 10, 10,  ..., 10, 10, 10],
        ...,
        [ 9,  9,  9,  ...,  0,  0,  0],
        [ 9,  9,  9,  ...,  0,  0,  0],
        [ 9,  9,  9,  ...,  0,  0,  0]]), 'instances': Instances(num_instances=36, image_height=768, image_width=768, fields=[gt_classes: tensor([ 0,  1,  2,  5,  6,  7,  8,  9, 10, 11, 13,  0,  8,  9, 10,  0,  2,  8,
        10,  0,  2,  8, 10,  0,  9,  0,  8,  8,  8,  8,  8,  8,  8,  8,  8,  8]), gt_masks: tensor([[[False, False, False,  ..., False, False, False],
         [False, False, False,  ..., False, False, False],
         [False, False, False,  ..., False, False, False],
         ...,
         [False, False, False,  ..., False, False, False],
         [False, False, False,  ..., False, False, False],
         [False, False, False,  ..., False, False, False]],

        [[False, False, False,  ..., False, False, False],
         [False, False, False,  ..., False, False, False],
         [False, False, False,  ..., False, False, False],
         ...,
         [False, False, False,  ..., False, False, False],
         [False, False, False,  ..., False, False, False],
         [False, False, False,  ..., False, False, False]],

        [[False, False, False,  ..., False, False, False],
         [False, False, False,  ..., False, False, False],
         [False, False, False,  ..., False, False, False],
         ...,
         [False, False, False,  ..., False, False, False],
         [False, False, False,  ..., False, False, False],
         [False, False, False,  ..., False, False, False]],

        ...,

        [[False, False, False,  ..., False, False, False],
         [False, False, False,  ..., False, False, False],
         [False, False, False,  ..., False, False, False],
         ...,
         [False, False, False,  ..., False, False, False],
         [False, False, False,  ..., False, False, False],
         [False, False, False,  ..., False, False, False]],

        [[False, False, False,  ..., False, False, False],
         [False, False, False,  ..., False, False, False],
         [False, False, False,  ..., False, False, False],
         ...,
         [False, False, False,  ..., False, False, False],
         [False, False, False,  ..., False, False, False],
         [False, False, False,  ..., False, False, False]],

        [[False, False, False,  ..., False, False, False],
         [False, False, False,  ..., False, False, False],
         [False, False, False,  ..., False, False, False],
         ...,
         [False, False, False,  ..., False, False, False],
         [False, False, False,  ..., False, False, False],
         [False, False, False,  ..., False, False, False]]])])}
[02/28 06:22:59 mask2former.data.dataset_mappers.mask_former_semantic_dataset_mapper]: None
[02/28 06:22:59 mask2former.data.dataset_mappers.mask_former_semantic_dataset_mapper]: output dataset_dict: {'file_name': '/cpfs01/projects-HDD/pujianxiangmuzu_HDD/public/mr/./leftImg8bit_trainvaltest/leftImg8bit/train/weimar/weimar_000015_000019_leftImg8bit.png', 'width': 2048, 'height': 1024, 'image': tensor([[[ 90,  90,  90,  ...,  32,  32,  37],
         [ 88,  88,  88,  ...,  29,  32,  33],
         [ 88,  88,  88,  ...,  27,  29,  31],
         ...,
         [ 71,  72,  71,  ...,  14,  16,  19],
         [ 65,  69,  67,  ...,  14,  16,  19],
         [ 61,  67,  66,  ...,  15,  18,  19]],

        [[110, 110, 110,  ...,  41,  42,  44],
         [109, 110, 110,  ...,  39,  40,  41],
         [109, 110, 110,  ...,  38,  39,  40],
         ...,
         [ 73,  74,  73,  ...,  25,  27,  30],
         [ 69,  71,  71,  ...,  25,  27,  30],
         [ 64,  67,  69,  ...,  26,  28,  30]],

        [[ 95,  96,  96,  ...,  17,  17,  19],
         [ 94,  95,  95,  ...,  14,  14,  16],
         [ 94,  95,  95,  ...,  15,  13,  14],
         ...,
         [ 25,  27,  26,  ...,  17,  19,  24],
         [ 24,  28,  26,  ...,  17,  19,  24],
         [ 23,  26,  25,  ...,  18,  21,  24]]], dtype=torch.uint8), 'sem_seg': tensor([[  2,   2,   2,  ...,   2,   2,   2],
        [  2,   2,   2,  ...,   2,   2,   2],
        [  2,   2,   2,  ...,   2,   2,   2],
        ...,
        [255, 255, 255,  ...,   2,   2,   2],
        [255, 255, 255,  ...,   2,   2,   2],
        [255, 255, 255,  ...,   2,   2,   2]]), 'instances': Instances(num_instances=24, image_height=768, image_width=768, fields=[gt_classes: tensor([ 2, 11,  2, 11, 11,  2,  2, 11,  2,  2,  2,  2,  2,  2,  2,  2,  2,  2,
         2,  2,  2,  2,  2,  2]), gt_masks: tensor([[[False, False, False,  ..., False, False, False],
         [False, False, False,  ..., False, False, False],
         [False, False, False,  ..., False, False, False],
         ...,
         [False, False, False,  ..., False, False, False],
         [False, False, False,  ..., False, False, False],
         [False, False, False,  ..., False, False, False]],

        [[False, False, False,  ..., False, False, False],
         [False, False, False,  ..., False, False, False],
         [False, False, False,  ..., False, False, False],
         ...,
         [False, False, False,  ..., False, False, False],
         [False, False, False,  ..., False, False, False],
         [False, False, False,  ..., False, False, False]],

        [[False, False, False,  ..., False, False, False],
         [False, False, False,  ..., False, False, False],
         [False, False, False,  ..., False, False, False],
         ...,
         [False, False, False,  ..., False, False, False],
         [False, False, False,  ..., False, False, False],
         [False, False, False,  ..., False, False, False]],

        ...,

        [[False, False, False,  ..., False, False, False],
         [False, False, False,  ..., False, False, False],
         [False, False, False,  ..., False, False, False],
         ...,
         [False, False, False,  ..., False, False, False],
         [False, False, False,  ..., False, False, False],
         [False, False, False,  ..., False, False, False]],

        [[False, False, False,  ..., False, False, False],
         [False, False, False,  ..., False, False, False],
         [False, False, False,  ..., False, False, False],
         ...,
         [False, False, False,  ..., False, False, False],
         [False, False, False,  ..., False, False, False],
         [False, False, False,  ..., False, False, False]],

        [[False, False, False,  ..., False, False, False],
         [False, False, False,  ..., False, False, False],
         [False, False, False,  ..., False, False, False],
         ...,
         [False, False, False,  ..., False, False, False],
         [False, False, False,  ..., False, False, False],
         [False, False, False,  ..., False, False, False]]])])}
[02/28 06:22:59 mask2former.data.dataset_mappers.mask_former_semantic_dataset_mapper]: None
[02/28 06:23:00 mask2former.data.dataset_mappers.mask_former_semantic_dataset_mapper]: output dataset_dict: {'file_name': '/cpfs01/projects-HDD/pujianxiangmuzu_HDD/public/mr/./leftImg8bit_trainvaltest/leftImg8bit/train/zurich/zurich_000090_000019_leftImg8bit.png', 'width': 2048, 'height': 1024, 'image': tensor([[[102, 102, 102,  ...,  42,  18,  14],
         [103, 103, 102,  ...,  44,  20,  16],
         [104, 103, 102,  ...,  46,  28,  20],
         ...,
         [  1,   1,   1,  ...,   7,   7,   7],
         [  2,   2,   2,  ...,   6,   7,   7],
         [  2,   2,   2,  ...,   6,   7,   7]],

        [[116, 116, 116,  ...,  53,  37,  34],
         [116, 116, 116,  ...,  52,  37,  35],
         [116, 116, 116,  ...,  53,  42,  39],
         ...,
         [  5,   5,   5,  ...,  13,  13,  13],
         [  5,   5,   6,  ...,  13,  13,  13],
         [  5,   5,   6,  ...,  12,  13,  12]],

        [[116, 116, 116,  ...,  43,  33,  23],
         [116, 116, 116,  ...,  42,  31,  25],
         [116, 116, 116,  ...,  42,  33,  29],
         ...,
         [  2,   2,   3,  ...,   7,   7,   7],
         [  3,   3,   3,  ...,   7,   7,   6],
         [  3,   3,   3,  ...,   7,   7,   6]]], dtype=torch.uint8), 'sem_seg': tensor([[255, 255, 255,  ..., 255, 255, 255],
        [255, 255, 255,  ..., 255, 255, 255],
        [255, 255, 255,  ..., 255, 255, 255],
        ...,
        [255, 255, 255,  ..., 255, 255, 255],
        [255, 255, 255,  ..., 255, 255, 255],
        [255, 255, 255,  ..., 255, 255, 255]]), 'instances': Instances(num_instances=36, image_height=716, image_width=768, fields=[gt_classes: tensor([ 0,  2,  5,  7,  8, 10, 11, 13, 17,  0,  8, 10,  2,  8, 10, 13,  2,  2,
         2,  2, 13,  2, 13,  2,  2, 13,  2,  2, 13, 13,  2,  2,  2,  2,  2,  2]), gt_masks: tensor([[[False, False, False,  ..., False, False, False],
         [False, False, False,  ..., False, False, False],
         [False, False, False,  ..., False, False, False],
         ...,
         [False, False, False,  ..., False, False, False],
         [False, False, False,  ..., False, False, False],
         [False, False, False,  ..., False, False, False]],

        [[False, False, False,  ..., False, False, False],
         [False, False, False,  ..., False, False, False],
         [False, False, False,  ..., False, False, False],
         ...,
         [False, False, False,  ..., False, False, False],
         [False, False, False,  ..., False, False, False],
         [False, False, False,  ..., False, False, False]],

        [[False, False, False,  ..., False, False, False],
         [False, False, False,  ..., False, False, False],
         [False, False, False,  ..., False, False, False],
         ...,
         [False, False, False,  ..., False, False, False],
         [False, False, False,  ..., False, False, False],
         [False, False, False,  ..., False, False, False]],

        ...,

        [[False, False, False,  ..., False, False, False],
         [False, False, False,  ..., False, False, False],
         [False, False, False,  ..., False, False, False],
         ...,
         [False, False, False,  ..., False, False, False],
         [False, False, False,  ..., False, False, False],
         [False, False, False,  ..., False, False, False]],

        [[False, False, False,  ..., False, False, False],
         [False, False, False,  ..., False, False, False],
         [False, False, False,  ..., False, False, False],
         ...,
         [False, False, False,  ..., False, False, False],
         [False, False, False,  ..., False, False, False],
         [False, False, False,  ..., False, False, False]],

        [[False, False, False,  ..., False, False, False],
         [False, False, False,  ..., False, False, False],
         [False, False, False,  ..., False, False, False],
         ...,
         [False, False, False,  ..., False, False, False],
         [False, False, False,  ..., False, False, False],
         [False, False, False,  ..., False, False, False]]])])}
[02/28 06:23:00 mask2former.data.dataset_mappers.mask_former_semantic_dataset_mapper]: None
[02/28 06:23:00 mask2former.data.dataset_mappers.mask_former_semantic_dataset_mapper]: output dataset_dict: {'file_name': '/cpfs01/projects-HDD/pujianxiangmuzu_HDD/public/mr/./leftImg8bit_trainvaltest/leftImg8bit/train/darmstadt/darmstadt_000060_000019_leftImg8bit.png', 'width': 2048, 'height': 1024, 'image': tensor([[[163, 160, 157,  ...,  43,  40,  37],
         [163, 161, 160,  ...,  44,  41,  37],
         [163, 161, 160,  ...,  44,  41,  37],
         ...,
         [ 59,  59,  58,  ...,  21,  21,  21],
         [ 60,  59,  59,  ...,  20,  20,  20],
         [ 60,  60,  59,  ...,  20,  20,  20]],

        [[195, 190, 187,  ...,  59,  54,  48],
         [195, 192, 190,  ...,  60,  54,  48],
         [195, 192, 190,  ...,  60,  54,  48],
         ...,
         [ 87,  88,  89,  ...,  38,  38,  38],
         [ 87,  87,  87,  ...,  37,  37,  37],
         [ 87,  87,  87,  ...,  37,  36,  36]],

        [[179, 176, 171,  ...,  52,  47,  43],
         [177, 173, 171,  ...,  54,  48,  43],
         [176, 173, 171,  ...,  53,  48,  43],
         ...,
         [ 80,  82,  82,  ...,  36,  36,  36],
         [ 80,  79,  80,  ...,  35,  35,  35],
         [ 80,  80,  80,  ...,  35,  33,  33]]], dtype=torch.uint8), 'sem_seg': tensor([[  2,   2,   2,  ...,   2,   2,   2],
        [  2,   2,   2,  ...,   2,   2,   2],
        [  2,   2,   2,  ...,   2,   2,   2],
        ...,
        [255, 255, 255,  ...,   0,   0,   0],
        [255, 255, 255,  ...,   0,   0,   0],
        [255, 255, 255,  ...,   0,   0,   0]]), 'instances': Instances(num_instances=24, image_height=768, image_width=768, fields=[gt_classes: tensor([ 0,  1,  2,  3,  5,  7,  8, 12, 13, 18,  2,  1,  2, 13,  2,  2,  2,  2,
         2,  2,  2,  2,  2,  2]), gt_masks: tensor([[[False, False, False,  ..., False, False, False],
         [False, False, False,  ..., False, False, False],
         [False, False, False,  ..., False, False, False],
         ...,
         [False, False, False,  ...,  True,  True,  True],
         [False, False, False,  ...,  True,  True,  True],
         [False, False, False,  ...,  True,  True,  True]],

        [[False, False, False,  ..., False, False, False],
         [False, False, False,  ..., False, False, False],
         [False, False, False,  ..., False, False, False],
         ...,
         [False, False, False,  ..., False, False, False],
         [False, False, False,  ..., False, False, False],
         [False, False, False,  ..., False, False, False]],

        [[False, False, False,  ..., False, False, False],
         [False, False, False,  ..., False, False, False],
         [False, False, False,  ..., False, False, False],
         ...,
         [False, False, False,  ..., False, False, False],
         [False, False, False,  ..., False, False, False],
         [False, False, False,  ..., False, False, False]],

        ...,

        [[False, False, False,  ..., False, False, False],
         [False, False, False,  ..., False, False, False],
         [False, False, False,  ..., False, False, False],
         ...,
         [False, False, False,  ..., False, False, False],
         [False, False, False,  ..., False, False, False],
         [False, False, False,  ..., False, False, False]],

        [[False, False, False,  ...,  True,  True,  True],
         [False, False, False,  ...,  True,  True,  True],
         [False, False, False,  ..., False,  True,  True],
         ...,
         [False, False, False,  ..., False, False, False],
         [False, False, False,  ..., False, False, False],
         [False, False, False,  ..., False, False, False]],

        [[False, False, False,  ..., False, False, False],
         [False, False, False,  ..., False, False, False],
         [False, False, False,  ..., False, False, False],
         ...,
         [False, False, False,  ..., False, False, False],
         [False, False, False,  ..., False, False, False],
         [False, False, False,  ..., False, False, False]]])])}
[02/28 06:23:00 mask2former.data.dataset_mappers.mask_former_semantic_dataset_mapper]: None
[02/28 06:23:00 mask2former.data.dataset_mappers.mask_former_semantic_dataset_mapper]: output dataset_dict: {'file_name': '/cpfs01/projects-HDD/pujianxiangmuzu_HDD/public/mr/./leftImg8bit_trainvaltest/leftImg8bit/train/cologne/cologne_000011_000019_leftImg8bit.png', 'width': 2048, 'height': 1024, 'image': tensor([[[ 83,  86,  90,  ...,  17,  32,  27],
         [ 76,  78,  81,  ...,  24,  37,  27],
         [ 74,  74,  78,  ...,  17,  25,  18],
         ...,
         [ 29,  29,  26,  ...,  23,  22,  25],
         [ 24,  23,  23,  ...,  26,  24,  27],
         [ 22,  22,  22,  ...,  27,  24,  27]],

        [[ 98,  99, 102,  ...,  32,  44,  34],
         [ 94,  96,  97,  ...,  39,  49,  38],
         [ 92,  95,  99,  ...,  35,  42,  34],
         ...,
         [ 38,  38,  36,  ...,  36,  37,  38],
         [ 33,  32,  32,  ...,  40,  40,  42],
         [ 32,  32,  31,  ...,  41,  40,  42]],

        [[101, 102, 106,  ...,  20,  33,  24],
         [ 97,  99, 101,  ...,  24,  37,  23],
         [ 95,  97,  99,  ...,  17,  26,  14],
         ...,
         [ 29,  31,  29,  ...,  26,  27,  28],
         [ 27,  27,  28,  ...,  32,  31,  31],
         [ 28,  28,  28,  ...,  33,  31,  30]]], dtype=torch.uint8), 'sem_seg': tensor([[255, 255, 255,  ..., 255, 255, 255],
        [255, 255, 255,  ..., 255, 255, 255],
        [255, 255, 255,  ..., 255, 255, 255],
        ...,
        [255, 255, 255,  ..., 255, 255, 255],
        [255, 255, 255,  ..., 255, 255, 255],
        [255, 255, 255,  ..., 255, 255, 255]]), 'instances': Instances(num_instances=52, image_height=614, image_width=768, fields=[gt_classes: tensor([ 0,  1,  2,  3,  5,  6,  7,  8,  9, 10, 11, 13,  0,  1,  2,  7,  8,  9,
        10, 11, 13,  0,  1,  2,  8,  9, 10, 13,  2,  9, 10, 13,  2,  9, 10, 13,
         2,  9, 13,  2,  8,  9,  2,  8,  9,  2,  8,  9,  2,  2,  8,  8]), gt_masks: tensor([[[False, False, False,  ..., False, False, False],
         [False, False, False,  ..., False, False, False],
         [False, False, False,  ..., False, False, False],
         ...,
         [False, False, False,  ..., False, False, False],
         [False, False, False,  ..., False, False, False],
         [False, False, False,  ..., False, False, False]],

        [[False, False, False,  ..., False, False, False],
         [False, False, False,  ..., False, False, False],
         [False, False, False,  ..., False, False, False],
         ...,
         [False, False, False,  ..., False, False, False],
         [False, False, False,  ..., False, False, False],
         [False, False, False,  ..., False, False, False]],

        [[False, False, False,  ..., False, False, False],
         [False, False, False,  ..., False, False, False],
         [False, False, False,  ..., False, False, False],
         ...,
         [False, False, False,  ..., False, False, False],
         [False, False, False,  ..., False, False, False],
         [False, False, False,  ..., False, False, False]],

        ...,

        [[False, False, False,  ..., False, False, False],
         [False, False, False,  ..., False, False, False],
         [False, False, False,  ..., False, False, False],
         ...,
         [False, False, False,  ..., False, False, False],
         [False, False, False,  ..., False, False, False],
         [False, False, False,  ..., False, False, False]],

        [[False, False, False,  ..., False, False, False],
         [False, False, False,  ..., False, False, False],
         [False, False, False,  ..., False, False, False],
         ...,
         [False, False, False,  ..., False, False, False],
         [False, False, False,  ..., False, False, False],
         [False, False, False,  ..., False, False, False]],

        [[False, False, False,  ..., False, False, False],
         [False, False, False,  ..., False, False, False],
         [False, False, False,  ..., False, False, False],
         ...,
         [False, False, False,  ..., False, False, False],
         [False, False, False,  ..., False, False, False],
         [False, False, False,  ..., False, False, False]]])])}
[02/28 06:23:00 mask2former.data.dataset_mappers.mask_former_semantic_dataset_mapper]: None
[02/28 06:23:00 mask2former.data.dataset_mappers.mask_former_semantic_dataset_mapper]: output dataset_dict: {'file_name': '/cpfs01/projects-HDD/pujianxiangmuzu_HDD/public/mr/./leftImg8bit_trainvaltest/leftImg8bit/train/strasbourg/strasbourg_000001_008771_leftImg8bit.png', 'width': 2048, 'height': 1024, 'image': tensor([[[ 71,  65,  64,  ...,  35,  33,  32],
         [ 91,  90,  88,  ...,  34,  32,  31],
         [116, 116, 116,  ...,  33,  31,  29],
         ...,
         [ 70,  68,  68,  ...,  46,  47,  47],
         [ 71,  69,  69,  ...,  47,  48,  48],
         [ 71,  70,  69,  ...,  48,  49,  49]],

        [[ 92,  84,  79,  ...,  33,  31,  30],
         [112, 106, 102,  ...,  32,  30,  30],
         [134, 130, 127,  ...,  31,  30,  30],
         ...,
         [ 74,  72,  71,  ...,  51,  51,  51],
         [ 75,  73,  72,  ...,  52,  53,  53],
         [ 75,  73,  72,  ...,  53,  53,  53]],

        [[ 78,  71,  68,  ...,  24,  23,  21],
         [101,  97,  93,  ...,  24,  21,  22],
         [126, 124, 122,  ...,  23,  22,  22],
         ...,
         [ 60,  59,  59,  ...,  41,  41,  41],
         [ 62,  60,  59,  ...,  42,  41,  41],
         [ 62,  60,  59,  ...,  41,  41,  41]]], dtype=torch.uint8), 'sem_seg': tensor([[13, 13, 13,  ...,  2,  2,  2],
        [13, 13, 13,  ...,  2,  2,  2],
        [13, 13, 13,  ...,  2,  2,  2],
        ...,
        [ 0,  0,  0,  ...,  0,  0,  0],
        [ 0,  0,  0,  ...,  0,  0,  0],
        [ 0,  0,  0,  ...,  0,  0,  0]]), 'instances': Instances(num_instances=13, image_height=768, image_width=768, fields=[gt_classes: tensor([ 0,  1,  2,  5, 11, 13, 18,  0,  1,  2,  2,  2,  2]), gt_masks: tensor([[[False, False, False,  ..., False, False, False],
         [False, False, False,  ..., False, False, False],
         [False, False, False,  ..., False, False, False],
         ...,
         [False, False, False,  ..., False, False, False],
         [False, False, False,  ..., False, False, False],
         [False, False, False,  ..., False, False, False]],

        [[False, False, False,  ..., False, False, False],
         [False, False, False,  ..., False, False, False],
         [False, False, False,  ..., False, False, False],
         ...,
         [False, False, False,  ..., False, False, False],
         [False, False, False,  ..., False, False, False],
         [False, False, False,  ..., False, False, False]],

        [[False, False, False,  ..., False, False, False],
         [False, False, False,  ..., False, False, False],
         [False, False, False,  ..., False, False, False],
         ...,
         [False, False, False,  ..., False, False, False],
         [False, False, False,  ..., False, False, False],
         [False, False, False,  ..., False, False, False]],

        ...,

        [[False, False, False,  ...,  True,  True,  True],
         [False, False, False,  ...,  True,  True,  True],
         [False, False, False,  ...,  True,  True,  True],
         ...,
         [False, False, False,  ..., False, False, False],
         [False, False, False,  ..., False, False, False],
         [False, False, False,  ..., False, False, False]],

        [[False, False, False,  ..., False, False, False],
         [False, False, False,  ..., False, False, False],
         [False, False, False,  ..., False, False, False],
         ...,
         [False, False, False,  ..., False, False, False],
         [False, False, False,  ..., False, False, False],
         [False, False, False,  ..., False, False, False]],

        [[False, False, False,  ..., False, False, False],
         [False, False, False,  ..., False, False, False],
         [False, False, False,  ..., False, False, False],
         ...,
         [False, False, False,  ..., False, False, False],
         [False, False, False,  ..., False, False, False],
         [False, False, False,  ..., False, False, False]]])])}
[02/28 06:23:00 mask2former.data.dataset_mappers.mask_former_semantic_dataset_mapper]: None
[02/28 06:23:00 mask2former.data.dataset_mappers.mask_former_semantic_dataset_mapper]: output dataset_dict: {'file_name': '/cpfs01/projects-HDD/pujianxiangmuzu_HDD/public/mr/./leftImg8bit_trainvaltest/leftImg8bit/train/jena/jena_000088_000019_leftImg8bit.png', 'width': 2048, 'height': 1024, 'image': tensor([[[ 97, 101, 100,  ..., 116, 115, 117],
         [ 96, 101, 103,  ..., 116, 115, 117],
         [ 97,  99,  99,  ..., 111, 114, 114],
         ...,
         [ 60,  58,  56,  ...,  66,  65,  65],
         [ 60,  59,  59,  ...,  66,  66,  64],
         [ 61,  61,  62,  ...,  63,  62,  61]],

        [[108, 111, 110,  ..., 134, 133, 134],
         [106, 110, 111,  ..., 131, 131, 133],
         [107, 108, 108,  ..., 131, 132, 133],
         ...,
         [ 71,  70,  68,  ...,  78,  77,  76],
         [ 72,  72,  72,  ...,  77,  77,  76],
         [ 73,  73,  74,  ...,  74,  74,  73]],

        [[ 87,  90,  87,  ..., 124, 123, 124],
         [ 87,  90,  89,  ..., 119, 118, 120],
         [ 87,  87,  86,  ..., 115, 116, 118],
         ...,
         [ 61,  59,  57,  ...,  67,  67,  65],
         [ 63,  62,  61,  ...,  67,  67,  65],
         [ 64,  63,  64,  ...,  66,  64,  63]]], dtype=torch.uint8), 'sem_seg': tensor([[  2,   2,   2,  ...,   2,   2,   2],
        [  2,   2,   2,  ...,   2,   2,   2],
        [  2,   2,   2,  ...,   2,   2,   8],
        ...,
        [255, 255, 255,  ..., 255, 255, 255],
        [255, 255, 255,  ..., 255, 255, 255],
        [255, 255, 255,  ..., 255, 255, 255]]), 'instances': Instances(num_instances=36, image_height=768, image_width=768, fields=[gt_classes: tensor([ 2,  5,  7,  8, 10, 11, 12, 13, 18,  2,  8, 10, 11,  2,  8, 11,  2,  8,
        11,  8, 11,  8, 11,  2,  2,  2,  2,  2,  2,  2,  2,  2,  2,  2,  2,  2]), gt_masks: tensor([[[False, False, False,  ...,  True,  True,  True],
         [False, False, False,  ...,  True,  True,  True],
         [False, False, False,  ...,  True,  True, False],
         ...,
         [False, False, False,  ..., False, False, False],
         [False, False, False,  ..., False, False, False],
         [False, False, False,  ..., False, False, False]],

        [[False, False, False,  ..., False, False, False],
         [False, False, False,  ..., False, False, False],
         [False, False, False,  ..., False, False, False],
         ...,
         [False, False, False,  ..., False, False, False],
         [False, False, False,  ..., False, False, False],
         [False, False, False,  ..., False, False, False]],

        [[False, False, False,  ..., False, False, False],
         [False, False, False,  ..., False, False, False],
         [False, False, False,  ..., False, False, False],
         ...,
         [False, False, False,  ..., False, False, False],
         [False, False, False,  ..., False, False, False],
         [False, False, False,  ..., False, False, False]],

        ...,

        [[False, False, False,  ..., False, False, False],
         [False, False, False,  ..., False, False, False],
         [False, False, False,  ..., False, False, False],
         ...,
         [False, False, False,  ..., False, False, False],
         [False, False, False,  ..., False, False, False],
         [False, False, False,  ..., False, False, False]],

        [[False, False, False,  ..., False, False, False],
         [False, False, False,  ..., False, False, False],
         [False, False, False,  ..., False, False, False],
         ...,
         [False, False, False,  ..., False, False, False],
         [False, False, False,  ..., False, False, False],
         [False, False, False,  ..., False, False, False]],

        [[False, False, False,  ..., False, False, False],
         [False, False, False,  ..., False, False, False],
         [False, False, False,  ..., False, False, False],
         ...,
         [False, False, False,  ..., False, False, False],
         [False, False, False,  ..., False, False, False],
         [False, False, False,  ..., False, False, False]]])])}
[02/28 06:23:00 mask2former.data.dataset_mappers.mask_former_semantic_dataset_mapper]: None
[02/28 06:23:00 mask2former.data.dataset_mappers.mask_former_semantic_dataset_mapper]: output dataset_dict: {'file_name': '/cpfs01/projects-HDD/pujianxiangmuzu_HDD/public/mr/./leftImg8bit_trainvaltest/leftImg8bit/train/stuttgart/stuttgart_000189_000019_leftImg8bit.png', 'width': 2048, 'height': 1024, 'image': tensor([[[ 63,  63,  62,  ...,  18,  19,  20],
         [ 80,  79,  80,  ...,  18,  21,  21],
         [ 96,  95,  96,  ...,  19,  21,  21],
         ...,
         [102, 102, 102,  ...,  82,  80,  81],
         [101, 102, 103,  ...,  82,  79,  80],
         [104, 104, 104,  ...,  81,  81,  80]],

        [[ 70,  70,  71,  ...,  30,  31,  32],
         [ 92,  91,  91,  ...,  29,  32,  33],
         [115, 115, 115,  ...,  30,  32,  33],
         ...,
         [112, 112, 113,  ...,  95,  94,  94],
         [112, 113, 114,  ...,  95,  94,  94],
         [115, 115, 115,  ...,  94,  96,  94]],

        [[ 77,  75,  72,  ...,  21,  21,  23],
         [100,  97,  94,  ...,  21,  23,  24],
         [123, 121, 119,  ...,  21,  22,  22],
         ...,
         [ 99,  99, 100,  ...,  82,  81,  81],
         [ 98,  99, 101,  ...,  82,  80,  80],
         [102, 102, 103,  ...,  80,  82,  81]]], dtype=torch.uint8), 'sem_seg': tensor([[  2,   2,   2,  ...,   8,   8,   8],
        [  2,   2,   2,  ...,   8,   8,   8],
        [  2,   2,   2,  ...,   8,   8,   8],
        ...,
        [  0,   0,   0,  ..., 255, 255, 255],
        [  0,   0,   0,  ..., 255, 255, 255],
        [  0,   0,   0,  ..., 255, 255, 255]]), 'instances': Instances(num_instances=39, image_height=768, image_width=768, fields=[gt_classes: tensor([ 0,  2,  3,  5,  6,  7,  8,  9, 10, 11, 13, 17, 18,  8, 10, 17, 18,  8,
        18,  2,  5,  8, 17, 18,  5, 18,  2, 18,  8, 18,  2,  2,  8,  2,  8,  2,
         8,  8,  8]), gt_masks: tensor([[[False, False, False,  ..., False, False, False],
         [False, False, False,  ..., False, False, False],
         [False, False, False,  ..., False, False, False],
         ...,
         [ True,  True,  True,  ..., False, False, False],
         [ True,  True,  True,  ..., False, False, False],
         [ True,  True,  True,  ..., False, False, False]],

        [[False, False, False,  ..., False, False, False],
         [False, False, False,  ..., False, False, False],
         [False, False, False,  ..., False, False, False],
         ...,
         [False, False, False,  ..., False, False, False],
         [False, False, False,  ..., False, False, False],
         [False, False, False,  ..., False, False, False]],

        [[False, False, False,  ..., False, False, False],
         [False, False, False,  ..., False, False, False],
         [False, False, False,  ..., False, False, False],
         ...,
         [False, False, False,  ..., False, False, False],
         [False, False, False,  ..., False, False, False],
         [False, False, False,  ..., False, False, False]],

        ...,

        [[False, False, False,  ..., False, False, False],
         [False, False, False,  ..., False, False, False],
         [False, False, False,  ..., False, False, False],
         ...,
         [False, False, False,  ..., False, False, False],
         [False, False, False,  ..., False, False, False],
         [False, False, False,  ..., False, False, False]],

        [[False, False, False,  ..., False, False, False],
         [False, False, False,  ..., False, False, False],
         [False, False, False,  ..., False, False, False],
         ...,
         [False, False, False,  ..., False, False, False],
         [False, False, False,  ..., False, False, False],
         [False, False, False,  ..., False, False, False]],

        [[False, False, False,  ..., False, False, False],
         [False, False, False,  ..., False, False, False],
         [False, False, False,  ..., False, False, False],
         ...,
         [False, False, False,  ..., False, False, False],
         [False, False, False,  ..., False, False, False],
         [False, False, False,  ..., False, False, False]]])])}
[02/28 06:23:00 mask2former.data.dataset_mappers.mask_former_semantic_dataset_mapper]: None
[02/28 06:23:01 mask2former.data.dataset_mappers.mask_former_semantic_dataset_mapper]: output dataset_dict: {'file_name': '/cpfs01/projects-HDD/pujianxiangmuzu_HDD/public/mr/./leftImg8bit_trainvaltest/leftImg8bit/train/weimar/weimar_000049_000019_leftImg8bit.png', 'width': 2048, 'height': 1024, 'image': tensor([[[222, 223, 223,  ..., 143, 185, 214],
         [222, 223, 223,  ..., 144, 185, 214],
         [222, 223, 223,  ..., 146, 185, 216],
         ...,
         [ 15,  15,  15,  ...,  20,  18,  19],
         [ 18,  18,  20,  ...,  22,  21,  21],
         [ 19,  20,  20,  ...,  22,  22,  22]],

        [[196, 196, 196,  ..., 208, 229, 233],
         [199, 196, 196,  ..., 208, 229, 233],
         [197, 198, 197,  ..., 207, 229, 233],
         ...,
         [ 28,  28,  28,  ...,  35,  35,  34],
         [ 27,  28,  29,  ...,  36,  36,  36],
         [ 28,  29,  29,  ...,  36,  37,  37]],

        [[171, 170, 170,  ..., 184, 207, 223],
         [170, 170, 170,  ..., 182, 207, 223],
         [169, 170, 168,  ..., 184, 207, 224],
         ...,
         [ 15,  15,  17,  ...,  22,  23,  21],
         [ 17,  18,  20,  ...,  22,  22,  22],
         [ 18,  19,  19,  ...,  22,  22,  22]]], dtype=torch.uint8), 'sem_seg': tensor([[  2,   2,   2,  ...,   2,   2, 255],
        [  2,   2,   2,  ...,   2,   2, 255],
        [  2,   2,   2,  ...,   2,   2, 255],
        ...,
        [  0,   0,   0,  ...,   0,   0, 255],
        [  0,   0,   0,  ...,   0,   0, 255],
        [  0,   0,   0,  ...,   0,   0, 255]]), 'instances': Instances(num_instances=21, image_height=768, image_width=768, fields=[gt_classes: tensor([ 0,  1,  2,  5,  7, 11,  0,  1,  2, 11,  0,  1,  2, 11,  0, 11,  2, 11,
         0,  2,  2]), gt_masks: tensor([[[False, False, False,  ..., False, False, False],
         [False, False, False,  ..., False, False, False],
         [False, False, False,  ..., False, False, False],
         ...,
         [False, False, False,  ..., False, False, False],
         [False, False, False,  ..., False, False, False],
         [False, False, False,  ..., False, False, False]],

        [[False, False, False,  ..., False, False, False],
         [False, False, False,  ..., False, False, False],
         [False, False, False,  ..., False, False, False],
         ...,
         [False, False, False,  ..., False, False, False],
         [False, False, False,  ..., False, False, False],
         [False, False, False,  ..., False, False, False]],

        [[False, False, False,  ..., False, False, False],
         [False, False, False,  ..., False, False, False],
         [False, False, False,  ..., False, False, False],
         ...,
         [False, False, False,  ..., False, False, False],
         [False, False, False,  ..., False, False, False],
         [False, False, False,  ..., False, False, False]],

        ...,

        [[False, False, False,  ..., False, False, False],
         [False, False, False,  ..., False, False, False],
         [False, False, False,  ..., False, False, False],
         ...,
         [False, False, False,  ..., False, False, False],
         [False, False, False,  ..., False, False, False],
         [False, False, False,  ..., False, False, False]],

        [[False, False, False,  ..., False, False, False],
         [False, False, False,  ..., False, False, False],
         [False, False, False,  ..., False, False, False],
         ...,
         [False, False, False,  ..., False, False, False],
         [False, False, False,  ..., False, False, False],
         [False, False, False,  ..., False, False, False]],

        [[False, False, False,  ..., False, False, False],
         [False, False, False,  ..., False, False, False],
         [False, False, False,  ..., False, False, False],
         ...,
         [False, False, False,  ..., False, False, False],
         [False, False, False,  ..., False, False, False],
         [False, False, False,  ..., False, False, False]]])])}
[02/28 06:23:01 mask2former.data.dataset_mappers.mask_former_semantic_dataset_mapper]: None
[02/28 06:23:01 mask2former.data.dataset_mappers.mask_former_semantic_dataset_mapper]: output dataset_dict: {'file_name': '/cpfs01/projects-HDD/pujianxiangmuzu_HDD/public/mr/./leftImg8bit_trainvaltest/leftImg8bit/train/monchengladbach/monchengladbach_000000_031005_leftImg8bit.png', 'width': 2048, 'height': 1024, 'image': tensor([[[148, 148, 148,  ..., 146, 146, 146],
         [148, 148, 148,  ..., 146, 146, 146],
         [147, 147, 147,  ..., 146, 146, 146],
         ...,
         [ 23,  23,  23,  ...,  46,  46,  46],
         [ 26,  26,  25,  ...,  45,  45,  45],
         [ 27,  27,  27,  ...,  46,  46,  46]],

        [[149, 149, 149,  ..., 149, 149, 149],
         [149, 149, 149,  ..., 149, 149, 149],
         [149, 149, 149,  ..., 149, 149, 149],
         ...,
         [ 25,  25,  25,  ...,  45,  45,  45],
         [ 27,  27,  27,  ...,  43,  44,  44],
         [ 29,  29,  29,  ...,  44,  44,  44]],

        [[149, 149, 149,  ..., 149, 149, 148],
         [149, 149, 149,  ..., 149, 149, 148],
         [149, 149, 149,  ..., 149, 149, 149],
         ...,
         [ 23,  23,  22,  ...,  41,  41,  41],
         [ 25,  25,  24,  ...,  40,  40,  40],
         [ 26,  26,  26,  ...,  41,  41,  41]]], dtype=torch.uint8), 'sem_seg': tensor([[10, 10, 10,  ..., 10, 10, 10],
        [10, 10, 10,  ..., 10, 10, 10],
        [10, 10, 10,  ..., 10, 10, 10],
        ...,
        [13, 13, 13,  ...,  0,  0,  0],
        [13, 13, 13,  ...,  0,  0,  0],
        [13, 13, 13,  ...,  0,  0,  0]]), 'instances': Instances(num_instances=29, image_height=768, image_width=768, fields=[gt_classes: tensor([ 0,  1,  2,  3,  5,  6,  8, 10, 11, 13, 14,  0,  8, 10, 13, 14, 10, 14,
         2, 10, 14,  2, 10, 14, 10, 13, 14,  8, 13]), gt_masks: tensor([[[False, False, False,  ..., False, False, False],
         [False, False, False,  ..., False, False, False],
         [False, False, False,  ..., False, False, False],
         ...,
         [False, False, False,  ..., False, False, False],
         [False, False, False,  ..., False, False, False],
         [False, False, False,  ..., False, False, False]],

        [[False, False, False,  ..., False, False, False],
         [False, False, False,  ..., False, False, False],
         [False, False, False,  ..., False, False, False],
         ...,
         [False, False, False,  ..., False, False, False],
         [False, False, False,  ..., False, False, False],
         [False, False, False,  ..., False, False, False]],

        [[False, False, False,  ..., False, False, False],
         [False, False, False,  ..., False, False, False],
         [False, False, False,  ..., False, False, False],
         ...,
         [False, False, False,  ..., False, False, False],
         [False, False, False,  ..., False, False, False],
         [False, False, False,  ..., False, False, False]],

        ...,

        [[False, False, False,  ..., False, False, False],
         [False, False, False,  ..., False, False, False],
         [False, False, False,  ..., False, False, False],
         ...,
         [False, False, False,  ..., False, False, False],
         [False, False, False,  ..., False, False, False],
         [False, False, False,  ..., False, False, False]],

        [[False, False, False,  ..., False, False, False],
         [False, False, False,  ..., False, False, False],
         [False, False, False,  ..., False, False, False],
         ...,
         [False, False, False,  ..., False, False, False],
         [False, False, False,  ..., False, False, False],
         [False, False, False,  ..., False, False, False]],

        [[False, False, False,  ..., False, False, False],
         [False, False, False,  ..., False, False, False],
         [False, False, False,  ..., False, False, False],
         ...,
         [False, False, False,  ..., False, False, False],
         [False, False, False,  ..., False, False, False],
         [False, False, False,  ..., False, False, False]]])])}
[02/28 06:23:01 mask2former.data.dataset_mappers.mask_former_semantic_dataset_mapper]: None
[02/28 06:23:01 mask2former.data.dataset_mappers.mask_former_semantic_dataset_mapper]: output dataset_dict: {'file_name': '/cpfs01/projects-HDD/pujianxiangmuzu_HDD/public/mr/./leftImg8bit_trainvaltest/leftImg8bit/train/bochum/bochum_000000_021393_leftImg8bit.png', 'width': 2048, 'height': 1024, 'image': tensor([[[44, 46, 44,  ..., 70, 70, 70],
         [44, 46, 46,  ..., 69, 70, 70],
         [44, 46, 46,  ..., 68, 68, 68],
         ...,
         [73, 74, 74,  ..., 84, 84, 84],
         [73, 74, 74,  ..., 83, 84, 83],
         [73, 73, 73,  ..., 83, 83, 82]],

        [[50, 50, 50,  ..., 78, 79, 79],
         [50, 51, 50,  ..., 77, 78, 78],
         [50, 51, 50,  ..., 76, 77, 77],
         ...,
         [81, 81, 81,  ..., 88, 89, 89],
         [81, 81, 81,  ..., 89, 89, 89],
         [81, 81, 80,  ..., 89, 89, 88]],

        [[47, 47, 45,  ..., 66, 66, 66],
         [47, 48, 46,  ..., 64, 66, 66],
         [47, 48, 46,  ..., 64, 64, 64],
         ...,
         [74, 76, 76,  ..., 79, 78, 78],
         [74, 76, 76,  ..., 78, 78, 78],
         [75, 76, 75,  ..., 78, 78, 79]]], dtype=torch.uint8), 'sem_seg': tensor([[255, 255, 255,  ...,   4,   4,   4],
        [255, 255, 255,  ...,   4,   4,   4],
        [255, 255, 255,  ...,   4,   4,   4],
        ...,
        [255, 255, 255,  ..., 255, 255, 255],
        [255, 255, 255,  ..., 255, 255, 255],
        [255, 255, 255,  ..., 255, 255, 255]]), 'instances': Instances(num_instances=16, image_height=768, image_width=768, fields=[gt_classes: tensor([0, 1, 2, 3, 4, 5, 1, 3, 1, 4, 1, 1, 3, 2, 2, 2]), gt_masks: tensor([[[False, False, False,  ..., False, False, False],
         [False, False, False,  ..., False, False, False],
         [False, False, False,  ..., False, False, False],
         ...,
         [False, False, False,  ..., False, False, False],
         [False, False, False,  ..., False, False, False],
         [False, False, False,  ..., False, False, False]],

        [[False, False, False,  ..., False, False, False],
         [False, False, False,  ..., False, False, False],
         [False, False, False,  ..., False, False, False],
         ...,
         [False, False, False,  ..., False, False, False],
         [False, False, False,  ..., False, False, False],
         [False, False, False,  ..., False, False, False]],

        [[False, False, False,  ..., False, False, False],
         [False, False, False,  ..., False, False, False],
         [False, False, False,  ..., False, False, False],
         ...,
         [False, False, False,  ..., False, False, False],
         [False, False, False,  ..., False, False, False],
         [False, False, False,  ..., False, False, False]],

        ...,

        [[False, False, False,  ..., False, False, False],
         [False, False, False,  ..., False, False, False],
         [False, False, False,  ..., False, False, False],
         ...,
         [False, False, False,  ..., False, False, False],
         [False, False, False,  ..., False, False, False],
         [False, False, False,  ..., False, False, False]],

        [[False, False, False,  ..., False, False, False],
         [False, False, False,  ..., False, False, False],
         [False, False, False,  ..., False, False, False],
         ...,
         [False, False, False,  ..., False, False, False],
         [False, False, False,  ..., False, False, False],
         [False, False, False,  ..., False, False, False]],

        [[False, False, False,  ..., False, False, False],
         [False, False, False,  ..., False, False, False],
         [False, False, False,  ..., False, False, False],
         ...,
         [False, False, False,  ..., False, False, False],
         [False, False, False,  ..., False, False, False],
         [False, False, False,  ..., False, False, False]]])])}
[02/28 06:23:01 mask2former.data.dataset_mappers.mask_former_semantic_dataset_mapper]: None
[02/28 06:23:01 mask2former.data.dataset_mappers.mask_former_semantic_dataset_mapper]: output dataset_dict: {'file_name': '/cpfs01/projects-HDD/pujianxiangmuzu_HDD/public/mr/./leftImg8bit_trainvaltest/leftImg8bit/train/hanover/hanover_000000_014919_leftImg8bit.png', 'width': 2048, 'height': 1024, 'image': tensor([[[ 45,  44,  44,  ...,  86,  86,  86],
         [ 45,  44,  44,  ...,  86,  86,  86],
         [ 45,  45,  45,  ...,  85,  85,  85],
         ...,
         [ 50,  51,  51,  ...,  65,  65,  65],
         [ 50,  51,  51,  ...,  65,  66,  66],
         [ 50,  50,  50,  ...,  66,  65,  65]],

        [[ 56,  57,  57,  ..., 103, 102, 102],
         [ 56,  57,  57,  ..., 103, 102, 102],
         [ 56,  56,  56,  ..., 102, 102, 102],
         ...,
         [ 60,  61,  62,  ...,  75,  75,  75],
         [ 60,  61,  62,  ...,  75,  76,  76],
         [ 60,  61,  61,  ...,  76,  77,  78]],

        [[ 48,  47,  47,  ...,  84,  84,  84],
         [ 48,  47,  47,  ...,  84,  84,  84],
         [ 48,  47,  47,  ...,  82,  84,  84],
         ...,
         [ 48,  49,  49,  ...,  62,  60,  60],
         [ 48,  49,  49,  ...,  62,  61,  61],
         [ 48,  48,  48,  ...,  62,  61,  62]]], dtype=torch.uint8), 'sem_seg': tensor([[2, 2, 2,  ..., 2, 2, 2],
        [2, 2, 2,  ..., 2, 2, 2],
        [2, 2, 2,  ..., 2, 2, 2],
        ...,
        [1, 1, 1,  ..., 1, 1, 1],
        [1, 1, 1,  ..., 1, 1, 1],
        [1, 1, 1,  ..., 1, 1, 1]]), 'instances': Instances(num_instances=17, image_height=768, image_width=768, fields=[gt_classes: tensor([1, 2, 4, 8, 1, 2, 4, 2, 4, 1, 2, 4, 4, 2, 2, 2, 8]), gt_masks: tensor([[[False, False, False,  ..., False, False, False],
         [False, False, False,  ..., False, False, False],
         [False, False, False,  ..., False, False, False],
         ...,
         [False, False, False,  ..., False, False, False],
         [False, False, False,  ..., False, False, False],
         [False, False, False,  ..., False, False, False]],

        [[False, False, False,  ..., False, False, False],
         [False, False, False,  ..., False, False, False],
         [False, False, False,  ..., False, False, False],
         ...,
         [False, False, False,  ..., False, False, False],
         [False, False, False,  ..., False, False, False],
         [False, False, False,  ..., False, False, False]],

        [[False, False, False,  ..., False, False, False],
         [False, False, False,  ..., False, False, False],
         [False, False, False,  ..., False, False, False],
         ...,
         [False, False, False,  ..., False, False, False],
         [False, False, False,  ..., False, False, False],
         [False, False, False,  ..., False, False, False]],

        ...,

        [[False, False, False,  ..., False, False, False],
         [False, False, False,  ..., False, False, False],
         [False, False, False,  ..., False, False, False],
         ...,
         [False, False, False,  ..., False, False, False],
         [False, False, False,  ..., False, False, False],
         [False, False, False,  ..., False, False, False]],

        [[False, False, False,  ..., False, False, False],
         [False, False, False,  ..., False, False, False],
         [False, False, False,  ..., False, False, False],
         ...,
         [False, False, False,  ..., False, False, False],
         [False, False, False,  ..., False, False, False],
         [False, False, False,  ..., False, False, False]],

        [[False, False, False,  ..., False, False, False],
         [False, False, False,  ..., False, False, False],
         [False, False, False,  ..., False, False, False],
         ...,
         [False, False, False,  ..., False, False, False],
         [False, False, False,  ..., False, False, False],
         [False, False, False,  ..., False, False, False]]])])}
[02/28 06:23:01 mask2former.data.dataset_mappers.mask_former_semantic_dataset_mapper]: None
[02/28 06:23:02 mask2former.data.dataset_mappers.mask_former_semantic_dataset_mapper]: output dataset_dict: {'file_name': '/cpfs01/projects-HDD/pujianxiangmuzu_HDD/public/mr/./leftImg8bit_trainvaltest/leftImg8bit/train/hanover/hanover_000000_052887_leftImg8bit.png', 'width': 2048, 'height': 1024, 'image': tensor([[[134, 132, 114,  ..., 103,  87,  85],
         [129, 130, 109,  ..., 101,  90,  85],
         [123, 127, 103,  ..., 101,  90,  88],
         ...,
         [101, 101, 100,  ...,  74,  73,  75],
         [ 94, 101, 105,  ...,  74,  73,  75],
         [ 91, 101, 106,  ...,  74,  73,  75]],

        [[146, 122, 106,  ..., 102,  93,  87],
         [142, 120, 104,  ..., 103,  94,  91],
         [137, 120, 101,  ..., 102,  95,  93],
         ...,
         [108, 110, 113,  ...,  86,  85,  85],
         [101, 109, 115,  ...,  86,  85,  85],
         [ 99, 109, 115,  ...,  86,  85,  85]],

        [[133, 105,  87,  ...,  86,  75,  70],
         [129, 102,  84,  ...,  86,  78,  74],
         [123, 101,  79,  ...,  86,  81,  76],
         ...,
         [ 85,  88,  89,  ...,  77,  77,  78],
         [ 83,  90,  93,  ...,  77,  77,  78],
         [ 85,  94,  96,  ...,  77,  77,  78]]], dtype=torch.uint8), 'sem_seg': tensor([[255, 255, 255,  ..., 255, 255, 255],
        [255, 255, 255,  ..., 255, 255, 255],
        [255, 255, 255,  ..., 255, 255, 255],
        ...,
        [255, 255, 255,  ..., 255, 255, 255],
        [255, 255, 255,  ..., 255, 255, 255],
        [255, 255, 255,  ..., 255, 255, 255]]), 'instances': Instances(num_instances=59, image_height=512, image_width=768, fields=[gt_classes: tensor([ 0,  1,  2,  5,  6,  7,  8, 10, 11, 12, 13, 14, 18,  0,  1,  2,  8, 10,
        11, 12, 13, 14,  0,  1,  2,  8, 10, 11, 13, 14,  1,  2,  8, 11, 13, 14,
         1,  2, 11, 13,  2, 11,  2, 11, 13, 11, 13, 11, 11,  2,  2,  2,  2,  2,
         2,  2,  2,  2,  2]), gt_masks: tensor([[[False, False, False,  ..., False, False, False],
         [False, False, False,  ..., False, False, False],
         [False, False, False,  ..., False, False, False],
         ...,
         [False, False, False,  ..., False, False, False],
         [False, False, False,  ..., False, False, False],
         [False, False, False,  ..., False, False, False]],

        [[False, False, False,  ..., False, False, False],
         [False, False, False,  ..., False, False, False],
         [False, False, False,  ..., False, False, False],
         ...,
         [False, False, False,  ..., False, False, False],
         [False, False, False,  ..., False, False, False],
         [False, False, False,  ..., False, False, False]],

        [[False, False, False,  ..., False, False, False],
         [False, False, False,  ..., False, False, False],
         [False, False, False,  ..., False, False, False],
         ...,
         [False, False, False,  ..., False, False, False],
         [False, False, False,  ..., False, False, False],
         [False, False, False,  ..., False, False, False]],

        ...,

        [[False, False, False,  ..., False, False, False],
         [False, False, False,  ..., False, False, False],
         [False, False, False,  ..., False, False, False],
         ...,
         [False, False, False,  ..., False, False, False],
         [False, False, False,  ..., False, False, False],
         [False, False, False,  ..., False, False, False]],

        [[False, False, False,  ..., False, False, False],
         [False, False, False,  ..., False, False, False],
         [False, False, False,  ..., False, False, False],
         ...,
         [False, False, False,  ..., False, False, False],
         [False, False, False,  ..., False, False, False],
         [False, False, False,  ..., False, False, False]],

        [[False, False, False,  ..., False, False, False],
         [False, False, False,  ..., False, False, False],
         [False, False, False,  ..., False, False, False],
         ...,
         [False, False, False,  ..., False, False, False],
         [False, False, False,  ..., False, False, False],
         [False, False, False,  ..., False, False, False]]])])}
[02/28 06:23:02 mask2former.data.dataset_mappers.mask_former_semantic_dataset_mapper]: None
[02/28 06:23:02 mask2former.data.dataset_mappers.mask_former_semantic_dataset_mapper]: output dataset_dict: {'file_name': '/cpfs01/projects-HDD/pujianxiangmuzu_HDD/public/mr/./leftImg8bit_trainvaltest/leftImg8bit/train/bochum/bochum_000000_003674_leftImg8bit.png', 'width': 2048, 'height': 1024, 'image': tensor([[[127, 127, 127,  ...,  27,  26,  27],
         [127, 127, 126,  ...,  26,  24,  26],
         [126, 126, 126,  ...,  24,  22,  24],
         ...,
         [ 74,  74,  76,  ...,  70,  70,  68],
         [ 73,  73,  74,  ...,  71,  71,  68],
         [ 73,  73,  72,  ...,  71,  71,  69]],

        [[ 97,  97,  97,  ...,  30,  29,  30],
         [ 98,  98,  98,  ...,  30,  29,  30],
         [ 96,  97,  96,  ...,  30,  29,  29],
         ...,
         [ 74,  74,  75,  ...,  74,  74,  73],
         [ 73,  74,  74,  ...,  74,  74,  73],
         [ 71,  72,  73,  ...,  74,  74,  73]],

        [[ 95,  96,  97,  ...,  24,  23,  24],
         [ 95,  96,  96,  ...,  24,  22,  22],
         [ 94,  95,  95,  ...,  22,  21,  22],
         ...,
         [ 65,  65,  65,  ...,  65,  65,  64],
         [ 64,  65,  65,  ...,  65,  65,  64],
         [ 64,  64,  64,  ...,  65,  65,  64]]], dtype=torch.uint8), 'sem_seg': tensor([[  2,   2,   2,  ...,   8,   8,   8],
        [  2,   2,   2,  ...,   8,   8,   8],
        [  2,   2,   2,  ...,   8,   8,   8],
        ...,
        [255, 255, 255,  ..., 255, 255, 255],
        [255, 255, 255,  ..., 255, 255, 255],
        [255, 255, 255,  ..., 255, 255, 255]]), 'instances': Instances(num_instances=29, image_height=768, image_width=768, fields=[gt_classes: tensor([ 0,  1,  2,  3,  4,  5,  8, 11, 13,  0,  1,  2, 11,  0,  1,  2,  1,  8,
         2,  8, 13,  2,  8,  1,  2,  8,  1,  8, 13]), gt_masks: tensor([[[False, False, False,  ..., False, False, False],
         [False, False, False,  ..., False, False, False],
         [False, False, False,  ..., False, False, False],
         ...,
         [False, False, False,  ..., False, False, False],
         [False, False, False,  ..., False, False, False],
         [False, False, False,  ..., False, False, False]],

        [[False, False, False,  ..., False, False, False],
         [False, False, False,  ..., False, False, False],
         [False, False, False,  ..., False, False, False],
         ...,
         [False, False, False,  ..., False, False, False],
         [False, False, False,  ..., False, False, False],
         [False, False, False,  ..., False, False, False]],

        [[False, False, False,  ..., False, False, False],
         [False, False, False,  ..., False, False, False],
         [False, False, False,  ..., False, False, False],
         ...,
         [False, False, False,  ..., False, False, False],
         [False, False, False,  ..., False, False, False],
         [False, False, False,  ..., False, False, False]],

        ...,

        [[False, False, False,  ..., False, False, False],
         [False, False, False,  ..., False, False, False],
         [False, False, False,  ..., False, False, False],
         ...,
         [False, False, False,  ..., False, False, False],
         [False, False, False,  ..., False, False, False],
         [False, False, False,  ..., False, False, False]],

        [[False, False, False,  ..., False, False, False],
         [False, False, False,  ..., False, False, False],
         [False, False, False,  ..., False, False, False],
         ...,
         [False, False, False,  ..., False, False, False],
         [False, False, False,  ..., False, False, False],
         [False, False, False,  ..., False, False, False]],

        [[False, False, False,  ..., False, False, False],
         [False, False, False,  ..., False, False, False],
         [False, False, False,  ..., False, False, False],
         ...,
         [False, False, False,  ..., False, False, False],
         [False, False, False,  ..., False, False, False],
         [False, False, False,  ..., False, False, False]]])])}
[02/28 06:23:02 mask2former.data.dataset_mappers.mask_former_semantic_dataset_mapper]: None
[02/28 06:23:03 mask2former.data.dataset_mappers.mask_former_semantic_dataset_mapper]: output dataset_dict: {'file_name': '/cpfs01/projects-HDD/pujianxiangmuzu_HDD/public/mr/./leftImg8bit_trainvaltest/leftImg8bit/train/hanover/hanover_000000_024989_leftImg8bit.png', 'width': 2048, 'height': 1024, 'image': tensor([[[ 13,  13,  13,  ...,  57,  89, 122],
         [ 13,  13,  13,  ...,  60,  90, 120],
         [ 13,  12,  14,  ...,  64,  92, 118],
         ...,
         [ 31,  32,  32,  ...,  33,  38,  40],
         [ 31,  32,  32,  ...,  33,  38,  40],
         [ 31,  32,  32,  ...,  33,  38,  40]],

        [[ 18,  18,  18,  ...,  18,  57,  96],
         [ 19,  20,  19,  ...,  31,  64,  96],
         [ 19,  19,  19,  ...,  42,  70,  96],
         ...,
         [ 41,  41,  40,  ...,  42,  47,  49],
         [ 41,  41,  40,  ...,  42,  47,  49],
         [ 41,  41,  40,  ...,  42,  47,  49]],

        [[ 13,  12,  12,  ...,  15,  55,  98],
         [ 12,  13,  12,  ...,  24,  61,  97],
         [ 12,  12,  13,  ...,  35,  66,  96],
         ...,
         [ 33,  33,  32,  ...,  36,  39,  41],
         [ 33,  33,  32,  ...,  36,  39,  41],
         [ 33,  33,  32,  ...,  36,  39,  41]]], dtype=torch.uint8), 'sem_seg': tensor([[255, 255, 255,  ..., 255, 255, 255],
        [255, 255, 255,  ..., 255, 255, 255],
        [255, 255, 255,  ..., 255, 255, 255],
        ...,
        [255, 255, 255,  ..., 255, 255, 255],
        [255, 255, 255,  ..., 255, 255, 255],
        [255, 255, 255,  ..., 255, 255, 255]]), 'instances': Instances(num_instances=44, image_height=512, image_width=768, fields=[gt_classes: tensor([ 0,  1,  2,  5,  6,  7,  8, 10, 11, 12, 13, 14, 18,  0,  1,  2,  8, 10,
        14,  1,  2,  8, 13, 14,  2,  8, 14,  2,  8, 13, 14, 14,  2, 13, 13, 13,
        13,  2, 13, 13, 13, 13, 13, 13]), gt_masks: tensor([[[False, False, False,  ..., False, False, False],
         [False, False, False,  ..., False, False, False],
         [False, False, False,  ..., False, False, False],
         ...,
         [False, False, False,  ..., False, False, False],
         [False, False, False,  ..., False, False, False],
         [False, False, False,  ..., False, False, False]],

        [[False, False, False,  ..., False, False, False],
         [False, False, False,  ..., False, False, False],
         [False, False, False,  ..., False, False, False],
         ...,
         [False, False, False,  ..., False, False, False],
         [False, False, False,  ..., False, False, False],
         [False, False, False,  ..., False, False, False]],

        [[False, False, False,  ..., False, False, False],
         [False, False, False,  ..., False, False, False],
         [False, False, False,  ..., False, False, False],
         ...,
         [False, False, False,  ..., False, False, False],
         [False, False, False,  ..., False, False, False],
         [False, False, False,  ..., False, False, False]],

        ...,

        [[False, False, False,  ..., False, False, False],
         [False, False, False,  ..., False, False, False],
         [False, False, False,  ..., False, False, False],
         ...,
         [False, False, False,  ..., False, False, False],
         [False, False, False,  ..., False, False, False],
         [False, False, False,  ..., False, False, False]],

        [[False, False, False,  ..., False, False, False],
         [False, False, False,  ..., False, False, False],
         [False, False, False,  ..., False, False, False],
         ...,
         [False, False, False,  ..., False, False, False],
         [False, False, False,  ..., False, False, False],
         [False, False, False,  ..., False, False, False]],

        [[False, False, False,  ..., False, False, False],
         [False, False, False,  ..., False, False, False],
         [False, False, False,  ..., False, False, False],
         ...,
         [False, False, False,  ..., False, False, False],
         [False, False, False,  ..., False, False, False],
         [False, False, False,  ..., False, False, False]]])])}
[02/28 06:23:03 mask2former.data.dataset_mappers.mask_former_semantic_dataset_mapper]: None
[02/28 06:23:03 mask2former.data.dataset_mappers.mask_former_semantic_dataset_mapper]: output dataset_dict: {'file_name': '/cpfs01/projects-HDD/pujianxiangmuzu_HDD/public/mr/./leftImg8bit_trainvaltest/leftImg8bit/train/stuttgart/stuttgart_000104_000019_leftImg8bit.png', 'width': 2048, 'height': 1024, 'image': tensor([[[ 56,  56,  56,  ..., 138, 140, 136],
         [ 58,  58,  58,  ..., 138, 144, 143],
         [ 60,  60,  61,  ..., 134, 143, 146],
         ...,
         [199, 198, 198,  ..., 196, 193, 188],
         [199, 198, 200,  ..., 185, 183, 172],
         [200, 198, 200,  ..., 190, 191, 185]],

        [[ 64,  64,  64,  ..., 167, 165, 163],
         [ 65,  65,  65,  ..., 168, 168, 167],
         [ 66,  66,  68,  ..., 167, 168, 171],
         ...,
         [212, 215, 217,  ..., 208, 205, 203],
         [212, 215, 220,  ..., 199, 196, 189],
         [213, 215, 219,  ..., 200, 205, 204]],

        [[ 57,  58,  57,  ..., 123, 119, 116],
         [ 59,  61,  59,  ..., 121, 121, 119],
         [ 60,  60,  61,  ..., 117, 121, 122],
         ...,
         [180, 182, 184,  ..., 181, 180, 175],
         [180, 182, 188,  ..., 173, 170, 160],
         [181, 182, 188,  ..., 177, 180, 176]]], dtype=torch.uint8), 'sem_seg': tensor([[2, 2, 2,  ..., 8, 8, 8],
        [2, 2, 2,  ..., 8, 8, 8],
        [2, 2, 2,  ..., 8, 8, 8],
        ...,
        [0, 0, 0,  ..., 0, 0, 0],
        [0, 0, 0,  ..., 0, 0, 0],
        [0, 0, 0,  ..., 0, 0, 0]]), 'instances': Instances(num_instances=23, image_height=768, image_width=768, fields=[gt_classes: tensor([ 0,  1,  2,  8, 11, 13, 14,  0,  1,  2,  1,  2, 11,  2, 11, 11, 13, 11,
         8, 11, 11, 11, 11]), gt_masks: tensor([[[False, False, False,  ..., False, False, False],
         [False, False, False,  ..., False, False, False],
         [False, False, False,  ..., False, False, False],
         ...,
         [False, False, False,  ..., False, False, False],
         [False, False, False,  ..., False, False, False],
         [False, False, False,  ..., False, False, False]],

        [[False, False, False,  ..., False, False, False],
         [False, False, False,  ..., False, False, False],
         [False, False, False,  ..., False, False, False],
         ...,
         [False, False, False,  ..., False, False, False],
         [False, False, False,  ..., False, False, False],
         [False, False, False,  ..., False, False, False]],

        [[False, False, False,  ..., False, False, False],
         [False, False, False,  ..., False, False, False],
         [False, False, False,  ..., False, False, False],
         ...,
         [False, False, False,  ..., False, False, False],
         [False, False, False,  ..., False, False, False],
         [False, False, False,  ..., False, False, False]],

        ...,

        [[False, False, False,  ..., False, False, False],
         [False, False, False,  ..., False, False, False],
         [False, False, False,  ..., False, False, False],
         ...,
         [False, False, False,  ..., False, False, False],
         [False, False, False,  ..., False, False, False],
         [False, False, False,  ..., False, False, False]],

        [[False, False, False,  ..., False, False, False],
         [False, False, False,  ..., False, False, False],
         [False, False, False,  ..., False, False, False],
         ...,
         [False, False, False,  ..., False, False, False],
         [False, False, False,  ..., False, False, False],
         [False, False, False,  ..., False, False, False]],

        [[False, False, False,  ..., False, False, False],
         [False, False, False,  ..., False, False, False],
         [False, False, False,  ..., False, False, False],
         ...,
         [False, False, False,  ..., False, False, False],
         [False, False, False,  ..., False, False, False],
         [False, False, False,  ..., False, False, False]]])])}
[02/28 06:23:03 mask2former.data.dataset_mappers.mask_former_semantic_dataset_mapper]: None
[02/28 06:23:03 mask2former.data.dataset_mappers.mask_former_semantic_dataset_mapper]: output dataset_dict: {'file_name': '/cpfs01/projects-HDD/pujianxiangmuzu_HDD/public/mr/./leftImg8bit_trainvaltest/leftImg8bit/train/zurich/zurich_000008_000019_leftImg8bit.png', 'width': 2048, 'height': 1024, 'image': tensor([[[ 54,  54,  65,  ..., 255, 255, 255],
         [ 78,  92,  97,  ..., 255, 255, 255],
         [ 90, 110, 116,  ..., 255, 255, 255],
         ...,
         [ 46,  46,  42,  ...,  63,  65,  63],
         [ 44,  45,  43,  ...,  60,  60,  63],
         [ 44,  45,  43,  ...,  61,  61,  63]],

        [[ 66,  66,  79,  ..., 255, 255, 255],
         [ 89,  98,  99,  ..., 255, 255, 255],
         [104, 113, 110,  ..., 255, 255, 255],
         ...,
         [ 57,  57,  58,  ...,  78,  79,  78],
         [ 57,  56,  56,  ...,  77,  77,  78],
         [ 57,  56,  56,  ...,  76,  76,  78]],

        [[ 73,  73,  74,  ..., 255, 255, 255],
         [ 94, 104, 104,  ..., 255, 255, 255],
         [106, 121, 122,  ..., 255, 255, 255],
         ...,
         [ 54,  54,  55,  ...,  73,  75,  74],
         [ 54,  52,  52,  ...,  73,  73,  75],
         [ 54,  52,  52,  ...,  73,  73,  74]]], dtype=torch.uint8), 'sem_seg': tensor([[255, 255, 255,  ..., 255, 255, 255],
        [255, 255, 255,  ..., 255, 255, 255],
        [255, 255, 255,  ..., 255, 255, 255],
        ...,
        [255, 255, 255,  ..., 255, 255, 255],
        [255, 255, 255,  ..., 255, 255, 255],
        [255, 255, 255,  ..., 255, 255, 255]]), 'instances': Instances(num_instances=44, image_height=716, image_width=768, fields=[gt_classes: tensor([ 0,  1,  2,  3,  4,  5,  7,  8, 10, 11, 13, 18,  0,  1,  2,  3,  4,  8,
        13,  0,  1,  2,  4,  8, 10, 13,  1,  2,  8, 10, 13,  1,  2,  8, 10,  0,
         2,  8, 10,  2,  8,  2,  2,  2]), gt_masks: tensor([[[False, False, False,  ..., False, False, False],
         [False, False, False,  ..., False, False, False],
         [False, False, False,  ..., False, False, False],
         ...,
         [False, False, False,  ..., False, False, False],
         [False, False, False,  ..., False, False, False],
         [False, False, False,  ..., False, False, False]],

        [[False, False, False,  ..., False, False, False],
         [False, False, False,  ..., False, False, False],
         [False, False, False,  ..., False, False, False],
         ...,
         [False, False, False,  ..., False, False, False],
         [False, False, False,  ..., False, False, False],
         [False, False, False,  ..., False, False, False]],

        [[False, False, False,  ..., False, False, False],
         [False, False, False,  ..., False, False, False],
         [False, False, False,  ..., False, False, False],
         ...,
         [False, False, False,  ..., False, False, False],
         [False, False, False,  ..., False, False, False],
         [False, False, False,  ..., False, False, False]],

        ...,

        [[False, False, False,  ..., False, False, False],
         [False, False, False,  ..., False, False, False],
         [False, False, False,  ..., False, False, False],
         ...,
         [False, False, False,  ..., False, False, False],
         [False, False, False,  ..., False, False, False],
         [False, False, False,  ..., False, False, False]],

        [[False, False, False,  ..., False, False, False],
         [False, False, False,  ..., False, False, False],
         [False, False, False,  ..., False, False, False],
         ...,
         [False, False, False,  ..., False, False, False],
         [False, False, False,  ..., False, False, False],
         [False, False, False,  ..., False, False, False]],

        [[False, False, False,  ..., False, False, False],
         [False, False, False,  ..., False, False, False],
         [False, False, False,  ..., False, False, False],
         ...,
         [False, False, False,  ..., False, False, False],
         [False, False, False,  ..., False, False, False],
         [False, False, False,  ..., False, False, False]]])])}
[02/28 06:23:03 mask2former.data.dataset_mappers.mask_former_semantic_dataset_mapper]: None
[02/28 06:23:03 mask2former.data.dataset_mappers.mask_former_semantic_dataset_mapper]: output dataset_dict: {'file_name': '/cpfs01/projects-HDD/pujianxiangmuzu_HDD/public/mr/./leftImg8bit_trainvaltest/leftImg8bit/train/strasbourg/strasbourg_000001_024379_leftImg8bit.png', 'width': 2048, 'height': 1024, 'image': tensor([[[ 56,  57,  53,  ...,  66,  67,  71],
         [ 58,  57,  53,  ...,  64,  67,  74],
         [ 58,  55,  52,  ...,  66,  70,  78],
         ...,
         [114, 113, 115,  ...,  70,  71,  69],
         [113, 112, 114,  ...,  70,  70,  69],
         [112, 111, 114,  ...,  70,  70,  69]],

        [[ 61,  60,  57,  ...,  73,  73,  75],
         [ 63,  60,  57,  ...,  69,  72,  76],
         [ 62,  59,  56,  ...,  68,  72,  79],
         ...,
         [112, 111, 114,  ...,  73,  73,  71],
         [111, 110, 112,  ...,  73,  72,  70],
         [109, 108, 112,  ...,  73,  72,  70]],

        [[ 38,  37,  38,  ...,  46,  46,  47],
         [ 41,  37,  37,  ...,  41,  42,  47],
         [ 38,  36,  36,  ...,  41,  44,  51],
         ...,
         [ 98,  97,  99,  ...,  60,  60,  59],
         [ 97,  96,  97,  ...,  60,  59,  59],
         [ 96,  94,  97,  ...,  60,  59,  59]]], dtype=torch.uint8), 'sem_seg': tensor([[8, 8, 8,  ..., 8, 8, 8],
        [8, 8, 8,  ..., 8, 8, 8],
        [8, 8, 8,  ..., 8, 8, 8],
        ...,
        [0, 0, 0,  ..., 0, 0, 0],
        [0, 0, 0,  ..., 0, 0, 0],
        [0, 0, 0,  ..., 0, 0, 0]]), 'instances': Instances(num_instances=26, image_height=768, image_width=768, fields=[gt_classes: tensor([ 0,  1,  2,  5,  6,  7,  8, 13, 17,  0,  1,  8, 13,  0,  8, 13,  8, 13,
         1,  8,  8,  8,  8,  8,  8,  8]), gt_masks: tensor([[[False, False, False,  ..., False, False, False],
         [False, False, False,  ..., False, False, False],
         [False, False, False,  ..., False, False, False],
         ...,
         [False, False, False,  ..., False, False, False],
         [False, False, False,  ..., False, False, False],
         [False, False, False,  ..., False, False, False]],

        [[False, False, False,  ..., False, False, False],
         [False, False, False,  ..., False, False, False],
         [False, False, False,  ..., False, False, False],
         ...,
         [False, False, False,  ..., False, False, False],
         [False, False, False,  ..., False, False, False],
         [False, False, False,  ..., False, False, False]],

        [[False, False, False,  ..., False, False, False],
         [False, False, False,  ..., False, False, False],
         [False, False, False,  ..., False, False, False],
         ...,
         [False, False, False,  ..., False, False, False],
         [False, False, False,  ..., False, False, False],
         [False, False, False,  ..., False, False, False]],

        ...,

        [[False, False, False,  ..., False, False, False],
         [False, False, False,  ..., False, False, False],
         [False, False, False,  ..., False, False, False],
         ...,
         [False, False, False,  ..., False, False, False],
         [False, False, False,  ..., False, False, False],
         [False, False, False,  ..., False, False, False]],

        [[False, False, False,  ..., False, False, False],
         [False, False, False,  ..., False, False, False],
         [False, False, False,  ..., False, False, False],
         ...,
         [False, False, False,  ..., False, False, False],
         [False, False, False,  ..., False, False, False],
         [False, False, False,  ..., False, False, False]],

        [[False, False, False,  ..., False, False, False],
         [False, False, False,  ..., False, False, False],
         [False, False, False,  ..., False, False, False],
         ...,
         [False, False, False,  ..., False, False, False],
         [False, False, False,  ..., False, False, False],
         [False, False, False,  ..., False, False, False]]])])}
[02/28 06:23:03 mask2former.data.dataset_mappers.mask_former_semantic_dataset_mapper]: None
[02/28 06:23:03 mask2former.data.dataset_mappers.mask_former_semantic_dataset_mapper]: output dataset_dict: {'file_name': '/cpfs01/projects-HDD/pujianxiangmuzu_HDD/public/mr/./leftImg8bit_trainvaltest/leftImg8bit/train/ulm/ulm_000090_000019_leftImg8bit.png', 'width': 2048, 'height': 1024, 'image': tensor([[[  0,   0,   7,  ..., 153, 153, 155],
         [  0,   3,  10,  ..., 154, 154, 153],
         [  0,   2,   9,  ..., 155, 155, 154],
         ...,
         [ 30,  30,  30,  ...,  14,  14,  14],
         [ 28,  28,  29,  ...,  14,  14,  14],
         [ 28,  28,  29,  ...,  14,  14,  14]],

        [[ 10,  12,  17,  ..., 175, 176, 176],
         [ 12,  16,  22,  ..., 175, 177, 176],
         [  8,  13,  20,  ..., 175, 177, 177],
         ...,
         [ 47,  45,  45,  ...,  23,  23,  23],
         [ 45,  44,  44,  ...,  22,  22,  23],
         [ 45,  44,  44,  ...,  22,  22,  23]],

        [[  3,   5,   8,  ..., 182, 182, 180],
         [  4,   8,  14,  ..., 183, 182, 180],
         [  0,   4,  11,  ..., 183, 183, 182],
         ...,
         [ 37,  36,  37,  ...,  20,  21,  21],
         [ 36,  35,  36,  ...,  20,  20,  21],
         [ 36,  35,  36,  ...,  20,  20,  21]]], dtype=torch.uint8), 'sem_seg': tensor([[255, 255, 255,  ..., 255, 255, 255],
        [255, 255, 255,  ..., 255, 255, 255],
        [255, 255, 255,  ..., 255, 255, 255],
        ...,
        [255, 255, 255,  ..., 255, 255, 255],
        [255, 255, 255,  ..., 255, 255, 255],
        [255, 255, 255,  ..., 255, 255, 255]]), 'instances': Instances(num_instances=39, image_height=716, image_width=768, fields=[gt_classes: tensor([ 0,  1,  2,  4,  5,  7,  8,  9, 10, 13,  0,  2,  4,  9, 10, 13,  0,  2,
         4,  8, 13,  0,  4,  4,  9,  4,  8,  9,  8,  9,  9,  9,  2,  2,  2,  2,
         2,  2,  2]), gt_masks: tensor([[[False, False, False,  ..., False, False, False],
         [False, False, False,  ..., False, False, False],
         [False, False, False,  ..., False, False, False],
         ...,
         [False, False, False,  ..., False, False, False],
         [False, False, False,  ..., False, False, False],
         [False, False, False,  ..., False, False, False]],

        [[False, False, False,  ..., False, False, False],
         [False, False, False,  ..., False, False, False],
         [False, False, False,  ..., False, False, False],
         ...,
         [False, False, False,  ..., False, False, False],
         [False, False, False,  ..., False, False, False],
         [False, False, False,  ..., False, False, False]],

        [[False, False, False,  ..., False, False, False],
         [False, False, False,  ..., False, False, False],
         [False, False, False,  ..., False, False, False],
         ...,
         [False, False, False,  ..., False, False, False],
         [False, False, False,  ..., False, False, False],
         [False, False, False,  ..., False, False, False]],

        ...,

        [[False, False, False,  ..., False, False, False],
         [False, False, False,  ..., False, False, False],
         [False, False, False,  ..., False, False, False],
         ...,
         [False, False, False,  ..., False, False, False],
         [False, False, False,  ..., False, False, False],
         [False, False, False,  ..., False, False, False]],

        [[False, False, False,  ..., False, False, False],
         [False, False, False,  ..., False, False, False],
         [False, False, False,  ..., False, False, False],
         ...,
         [False, False, False,  ..., False, False, False],
         [False, False, False,  ..., False, False, False],
         [False, False, False,  ..., False, False, False]],

        [[False, False, False,  ..., False, False, False],
         [False, False, False,  ..., False, False, False],
         [False, False, False,  ..., False, False, False],
         ...,
         [False, False, False,  ..., False, False, False],
         [False, False, False,  ..., False, False, False],
         [False, False, False,  ..., False, False, False]]])])}
[02/28 06:23:03 mask2former.data.dataset_mappers.mask_former_semantic_dataset_mapper]: None
[02/28 06:23:03 mask2former.data.dataset_mappers.mask_former_semantic_dataset_mapper]: output dataset_dict: {'file_name': '/cpfs01/projects-HDD/pujianxiangmuzu_HDD/public/mr/./leftImg8bit_trainvaltest/leftImg8bit/train/erfurt/erfurt_000067_000019_leftImg8bit.png', 'width': 2048, 'height': 1024, 'image': tensor([[[ 54,  56,  60,  ..., 216, 216, 215],
         [ 52,  52,  54,  ..., 217, 216, 215],
         [ 53,  51,  51,  ..., 217, 216, 215],
         ...,
         [ 88,  88,  89,  ...,  59,  60,  62],
         [ 86,  88,  87,  ...,  61,  61,  61],
         [ 87,  88,  87,  ...,  61,  61,  61]],

        [[ 71,  76,  81,  ..., 234, 234, 235],
         [ 68,  69,  72,  ..., 234, 234, 234],
         [ 69,  67,  68,  ..., 234, 234, 234],
         ...,
         [ 99,  99,  99,  ...,  68,  68,  69],
         [ 98,  99,  98,  ...,  68,  68,  68],
         [ 99, 100,  99,  ...,  68,  68,  68]],

        [[ 58,  62,  66,  ..., 223, 223, 223],
         [ 53,  56,  59,  ..., 223, 223, 223],
         [ 53,  53,  55,  ..., 223, 223, 223],
         ...,
         [ 83,  83,  83,  ...,  60,  61,  62],
         [ 82,  84,  83,  ...,  61,  61,  61],
         [ 83,  84,  84,  ...,  61,  61,  61]]], dtype=torch.uint8), 'sem_seg': tensor([[ 2,  2,  2,  ..., 10, 10, 10],
        [ 2,  2,  2,  ..., 10, 10, 10],
        [ 2,  2,  2,  ..., 10, 10, 10],
        ...,
        [ 1,  1,  1,  ...,  0,  0,  0],
        [ 1,  1,  1,  ...,  0,  0,  0],
        [ 1,  1,  1,  ...,  0,  0,  0]]), 'instances': Instances(num_instances=30, image_height=768, image_width=768, fields=[gt_classes: tensor([ 0,  1,  2,  8, 10, 11, 12, 18,  0,  1,  8, 10, 11,  0,  8, 10,  0,  2,
         8, 10, 11,  2,  8, 11,  2, 11,  2, 11,  2,  2]), gt_masks: tensor([[[False, False, False,  ..., False, False, False],
         [False, False, False,  ..., False, False, False],
         [False, False, False,  ..., False, False, False],
         ...,
         [False, False, False,  ..., False, False, False],
         [False, False, False,  ..., False, False, False],
         [False, False, False,  ..., False, False, False]],

        [[False, False, False,  ..., False, False, False],
         [False, False, False,  ..., False, False, False],
         [False, False, False,  ..., False, False, False],
         ...,
         [False, False, False,  ..., False, False, False],
         [False, False, False,  ..., False, False, False],
         [False, False, False,  ..., False, False, False]],

        [[False, False, False,  ..., False, False, False],
         [False, False, False,  ..., False, False, False],
         [False, False, False,  ..., False, False, False],
         ...,
         [False, False, False,  ..., False, False, False],
         [False, False, False,  ..., False, False, False],
         [False, False, False,  ..., False, False, False]],

        ...,

        [[False, False, False,  ..., False, False, False],
         [False, False, False,  ..., False, False, False],
         [False, False, False,  ..., False, False, False],
         ...,
         [False, False, False,  ..., False, False, False],
         [False, False, False,  ..., False, False, False],
         [False, False, False,  ..., False, False, False]],

        [[False, False, False,  ..., False, False, False],
         [False, False, False,  ..., False, False, False],
         [False, False, False,  ..., False, False, False],
         ...,
         [False, False, False,  ..., False, False, False],
         [False, False, False,  ..., False, False, False],
         [False, False, False,  ..., False, False, False]],

        [[False, False, False,  ..., False, False, False],
         [False, False, False,  ..., False, False, False],
         [False, False, False,  ..., False, False, False],
         ...,
         [False, False, False,  ..., False, False, False],
         [False, False, False,  ..., False, False, False],
         [False, False, False,  ..., False, False, False]]])])}
[02/28 06:23:03 mask2former.data.dataset_mappers.mask_former_semantic_dataset_mapper]: None
[02/28 06:23:04 mask2former.data.dataset_mappers.mask_former_semantic_dataset_mapper]: output dataset_dict: {'file_name': '/cpfs01/projects-HDD/pujianxiangmuzu_HDD/public/mr/./leftImg8bit_trainvaltest/leftImg8bit/train/hanover/hanover_000000_027007_leftImg8bit.png', 'width': 2048, 'height': 1024, 'image': tensor([[[100,  93,  85,  ...,  34,  34,  29],
         [ 96,  89,  82,  ...,  36,  32,  27],
         [ 90,  84,  78,  ...,  37,  32,  28],
         ...,
         [ 66,  71,  68,  ...,  37,  37,  41],
         [ 66,  71,  68,  ...,  37,  37,  41],
         [ 66,  71,  68,  ...,  37,  37,  41]],

        [[101,  85,  61,  ...,  50,  48,  44],
         [ 97,  82,  60,  ...,  50,  44,  41],
         [ 92,  79,  58,  ...,  50,  45,  39],
         ...,
         [ 78,  83,  79,  ...,  50,  51,  52],
         [ 78,  84,  80,  ...,  50,  50,  52],
         [ 78,  84,  80,  ...,  50,  50,  52]],

        [[101,  86,  63,  ...,  34,  33,  30],
         [ 96,  83,  61,  ...,  34,  32,  29],
         [ 91,  80,  59,  ...,  34,  33,  30],
         ...,
         [ 76,  80,  75,  ...,  48,  47,  51],
         [ 76,  80,  75,  ...,  48,  47,  51],
         [ 76,  81,  75,  ...,  48,  47,  51]]], dtype=torch.uint8), 'sem_seg': tensor([[255, 255, 255,  ..., 255, 255, 255],
        [255, 255, 255,  ..., 255, 255, 255],
        [255, 255, 255,  ..., 255, 255, 255],
        ...,
        [255, 255, 255,  ..., 255, 255, 255],
        [255, 255, 255,  ..., 255, 255, 255],
        [255, 255, 255,  ..., 255, 255, 255]]), 'instances': Instances(num_instances=52, image_height=512, image_width=768, fields=[gt_classes: tensor([ 0,  1,  2,  5,  7,  8,  9, 10, 11, 12, 13, 17, 18,  0,  1,  2,  5,  7,
         8, 11,  0,  1,  2,  5,  8, 13,  0,  2,  8, 13,  2,  8,  2,  8,  2,  8,
        13,  2,  8,  2,  8,  8, 13,  2,  8,  2,  8,  8,  2,  2,  2,  2]), gt_masks: tensor([[[False, False, False,  ..., False, False, False],
         [False, False, False,  ..., False, False, False],
         [False, False, False,  ..., False, False, False],
         ...,
         [False, False, False,  ..., False, False, False],
         [False, False, False,  ..., False, False, False],
         [False, False, False,  ..., False, False, False]],

        [[False, False, False,  ..., False, False, False],
         [False, False, False,  ..., False, False, False],
         [False, False, False,  ..., False, False, False],
         ...,
         [False, False, False,  ..., False, False, False],
         [False, False, False,  ..., False, False, False],
         [False, False, False,  ..., False, False, False]],

        [[False, False, False,  ..., False, False, False],
         [False, False, False,  ..., False, False, False],
         [False, False, False,  ..., False, False, False],
         ...,
         [False, False, False,  ..., False, False, False],
         [False, False, False,  ..., False, False, False],
         [False, False, False,  ..., False, False, False]],

        ...,

        [[False, False, False,  ..., False, False, False],
         [False, False, False,  ..., False, False, False],
         [False, False, False,  ..., False, False, False],
         ...,
         [False, False, False,  ..., False, False, False],
         [False, False, False,  ..., False, False, False],
         [False, False, False,  ..., False, False, False]],

        [[False, False, False,  ..., False, False, False],
         [False, False, False,  ..., False, False, False],
         [False, False, False,  ..., False, False, False],
         ...,
         [False, False, False,  ..., False, False, False],
         [False, False, False,  ..., False, False, False],
         [False, False, False,  ..., False, False, False]],

        [[False, False, False,  ..., False, False, False],
         [False, False, False,  ..., False, False, False],
         [False, False, False,  ..., False, False, False],
         ...,
         [False, False, False,  ..., False, False, False],
         [False, False, False,  ..., False, False, False],
         [False, False, False,  ..., False, False, False]]])])}
[02/28 06:23:04 mask2former.data.dataset_mappers.mask_former_semantic_dataset_mapper]: None
[02/28 06:23:04 mask2former.data.dataset_mappers.mask_former_semantic_dataset_mapper]: output dataset_dict: {'file_name': '/cpfs01/projects-HDD/pujianxiangmuzu_HDD/public/mr/./leftImg8bit_trainvaltest/leftImg8bit/train/cologne/cologne_000137_000019_leftImg8bit.png', 'width': 2048, 'height': 1024, 'image': tensor([[[15, 15, 15,  ..., 15, 15, 15],
         [15, 15, 14,  ..., 16, 16, 16],
         [15, 15, 14,  ..., 16, 16, 16],
         ...,
         [15, 15, 14,  ..., 46, 45, 47],
         [15, 15, 14,  ..., 48, 48, 49],
         [14, 14, 14,  ..., 48, 48, 50]],

        [[21, 21, 21,  ..., 21, 21, 22],
         [20, 20, 20,  ..., 22, 22, 22],
         [20, 20, 20,  ..., 22, 22, 22],
         ...,
         [21, 20, 20,  ..., 53, 53, 54],
         [20, 20, 20,  ..., 55, 56, 56],
         [20, 20, 20,  ..., 57, 57, 57]],

        [[17, 17, 17,  ..., 17, 17, 16],
         [16, 16, 17,  ..., 17, 17, 17],
         [16, 16, 16,  ..., 17, 17, 17],
         ...,
         [18, 17, 17,  ..., 45, 46, 47],
         [17, 17, 17,  ..., 48, 48, 48],
         [17, 17, 17,  ..., 49, 49, 50]]], dtype=torch.uint8), 'sem_seg': tensor([[8, 8, 8,  ..., 8, 8, 8],
        [8, 8, 8,  ..., 8, 8, 8],
        [8, 8, 8,  ..., 8, 8, 8],
        ...,
        [8, 8, 8,  ..., 0, 0, 0],
        [8, 8, 8,  ..., 0, 0, 0],
        [8, 8, 8,  ..., 0, 0, 0]]), 'instances': Instances(num_instances=12, image_height=768, image_width=768, fields=[gt_classes: tensor([ 0,  3,  8,  9, 13,  0,  8,  0,  8,  8,  8,  8]), gt_masks: tensor([[[False, False, False,  ..., False, False, False],
         [False, False, False,  ..., False, False, False],
         [False, False, False,  ..., False, False, False],
         ...,
         [False, False, False,  ...,  True,  True,  True],
         [False, False, False,  ...,  True,  True,  True],
         [False, False, False,  ...,  True, False, False]],

        [[False, False, False,  ..., False, False, False],
         [False, False, False,  ..., False, False, False],
         [False, False, False,  ..., False, False, False],
         ...,
         [False, False, False,  ..., False, False, False],
         [False, False, False,  ..., False, False, False],
         [False, False, False,  ..., False, False, False]],

        [[False, False, False,  ..., False, False, False],
         [False, False, False,  ..., False, False, False],
         [False, False, False,  ..., False, False, False],
         ...,
         [False, False, False,  ..., False, False, False],
         [False, False, False,  ..., False, False, False],
         [False, False, False,  ..., False, False, False]],

        ...,

        [[False, False, False,  ..., False, False, False],
         [False, False, False,  ..., False, False, False],
         [False, False, False,  ..., False, False, False],
         ...,
         [False, False, False,  ..., False, False, False],
         [False, False, False,  ..., False, False, False],
         [False, False, False,  ..., False, False, False]],

        [[False, False, False,  ..., False, False, False],
         [False, False, False,  ..., False, False, False],
         [False, False, False,  ..., False, False, False],
         ...,
         [ True,  True,  True,  ..., False, False, False],
         [ True,  True,  True,  ..., False, False, False],
         [ True,  True,  True,  ..., False, False, False]],

        [[False, False, False,  ..., False, False, False],
         [False, False, False,  ..., False, False, False],
         [False, False, False,  ..., False, False, False],
         ...,
         [False, False, False,  ..., False, False, False],
         [False, False, False,  ..., False, False, False],
         [False, False, False,  ..., False, False, False]]])])}
[02/28 06:23:04 mask2former.data.dataset_mappers.mask_former_semantic_dataset_mapper]: None
[02/28 06:23:04 mask2former.data.dataset_mappers.mask_former_semantic_dataset_mapper]: output dataset_dict: {'file_name': '/cpfs01/projects-HDD/pujianxiangmuzu_HDD/public/mr/./leftImg8bit_trainvaltest/leftImg8bit/train/strasbourg/strasbourg_000001_063385_leftImg8bit.png', 'width': 2048, 'height': 1024, 'image': tensor([[[41, 42, 42,  ..., 70, 70, 70],
         [42, 42, 42,  ..., 70, 70, 70],
         [41, 42, 43,  ..., 70, 70, 70],
         ...,
         [26, 25, 24,  ..., 27, 27, 27],
         [28, 26, 25,  ..., 27, 28, 27],
         [28, 28, 27,  ..., 27, 28, 27]],

        [[47, 49, 49,  ..., 74, 74, 74],
         [49, 49, 49,  ..., 74, 74, 74],
         [49, 49, 49,  ..., 74, 74, 74],
         ...,
         [32, 32, 31,  ..., 34, 34, 33],
         [31, 32, 31,  ..., 34, 34, 33],
         [31, 32, 31,  ..., 34, 34, 33]],

        [[38, 39, 42,  ..., 59, 59, 59],
         [41, 41, 42,  ..., 60, 58, 58],
         [42, 42, 42,  ..., 60, 60, 60],
         ...,
         [28, 27, 26,  ..., 27, 27, 27],
         [28, 28, 26,  ..., 27, 28, 27],
         [28, 28, 25,  ..., 27, 28, 27]]], dtype=torch.uint8), 'sem_seg': tensor([[2, 2, 2,  ..., 2, 2, 2],
        [2, 2, 2,  ..., 2, 2, 2],
        [2, 2, 2,  ..., 2, 2, 2],
        ...,
        [0, 0, 0,  ..., 0, 0, 0],
        [0, 0, 0,  ..., 0, 0, 0],
        [0, 0, 0,  ..., 0, 0, 0]]), 'instances': Instances(num_instances=16, image_height=768, image_width=768, fields=[gt_classes: tensor([0, 1, 2, 5, 7, 2, 2, 2, 2, 2, 2, 2, 2, 2, 2, 2]), gt_masks: tensor([[[False, False, False,  ..., False, False, False],
         [False, False, False,  ..., False, False, False],
         [False, False, False,  ..., False, False, False],
         ...,
         [ True,  True,  True,  ...,  True,  True,  True],
         [ True,  True,  True,  ...,  True,  True,  True],
         [ True,  True,  True,  ...,  True,  True,  True]],

        [[False, False, False,  ..., False, False, False],
         [False, False, False,  ..., False, False, False],
         [False, False, False,  ..., False, False, False],
         ...,
         [False, False, False,  ..., False, False, False],
         [False, False, False,  ..., False, False, False],
         [False, False, False,  ..., False, False, False]],

        [[False, False, False,  ..., False, False, False],
         [False, False, False,  ..., False, False, False],
         [False, False, False,  ..., False, False, False],
         ...,
         [False, False, False,  ..., False, False, False],
         [False, False, False,  ..., False, False, False],
         [False, False, False,  ..., False, False, False]],

        ...,

        [[False, False, False,  ..., False, False, False],
         [False, False, False,  ..., False, False, False],
         [False, False, False,  ..., False, False, False],
         ...,
         [False, False, False,  ..., False, False, False],
         [False, False, False,  ..., False, False, False],
         [False, False, False,  ..., False, False, False]],

        [[False, False, False,  ..., False, False, False],
         [False, False, False,  ..., False, False, False],
         [False, False, False,  ..., False, False, False],
         ...,
         [False, False, False,  ..., False, False, False],
         [False, False, False,  ..., False, False, False],
         [False, False, False,  ..., False, False, False]],

        [[False, False, False,  ..., False, False, False],
         [False, False, False,  ..., False, False, False],
         [False, False, False,  ..., False, False, False],
         ...,
         [False, False, False,  ..., False, False, False],
         [False, False, False,  ..., False, False, False],
         [False, False, False,  ..., False, False, False]]])])}
[02/28 06:23:04 mask2former.data.dataset_mappers.mask_former_semantic_dataset_mapper]: None
[02/28 06:23:04 mask2former.data.dataset_mappers.mask_former_semantic_dataset_mapper]: output dataset_dict: {'file_name': '/cpfs01/projects-HDD/pujianxiangmuzu_HDD/public/mr/./leftImg8bit_trainvaltest/leftImg8bit/train/hanover/hanover_000000_005599_leftImg8bit.png', 'width': 2048, 'height': 1024, 'image': tensor([[[72, 73, 75,  ..., 55, 56, 55],
         [71, 72, 72,  ..., 56, 57, 57],
         [70, 69, 69,  ..., 56, 58, 58],
         ...,
         [39, 48, 56,  ..., 52, 51, 53],
         [38, 44, 52,  ..., 49, 51, 53],
         [41, 41, 42,  ..., 54, 52, 53]],

        [[77, 77, 78,  ..., 76, 76, 77],
         [80, 82, 82,  ..., 76, 77, 77],
         [80, 81, 82,  ..., 76, 77, 77],
         ...,
         [36, 44, 53,  ..., 53, 53, 53],
         [34, 40, 46,  ..., 48, 50, 52],
         [37, 37, 35,  ..., 51, 50, 52]],

        [[66, 66, 65,  ..., 66, 66, 64],
         [67, 69, 70,  ..., 66, 67, 65],
         [67, 68, 68,  ..., 67, 67, 68],
         ...,
         [27, 37, 44,  ..., 41, 41, 39],
         [25, 33, 41,  ..., 33, 35, 39],
         [29, 32, 30,  ..., 37, 37, 41]]], dtype=torch.uint8), 'sem_seg': tensor([[10, 10,  8,  ..., 10, 10, 10],
        [10, 10,  8,  ..., 10, 10, 10],
        [10,  8,  8,  ..., 10, 10, 10],
        ...,
        [ 0,  0,  0,  ...,  0,  0,  0],
        [ 0,  0,  0,  ...,  0,  0,  0],
        [ 0,  0,  0,  ...,  0,  0,  0]]), 'instances': Instances(num_instances=46, image_height=768, image_width=768, fields=[gt_classes: tensor([ 0,  2,  5,  6,  8, 10, 13, 14,  0,  8, 10, 13, 14,  2,  8, 10, 14,  8,
        10, 14,  8, 10, 14,  8, 10, 14,  8, 10, 14,  8, 10, 14, 14, 13, 14,  8,
        13, 14,  8, 14,  8, 13, 14,  8, 13, 13]), gt_masks: tensor([[[False, False, False,  ..., False, False, False],
         [False, False, False,  ..., False, False, False],
         [False, False, False,  ..., False, False, False],
         ...,
         [ True,  True,  True,  ...,  True,  True,  True],
         [ True,  True,  True,  ...,  True,  True,  True],
         [ True,  True,  True,  ...,  True,  True,  True]],

        [[False, False, False,  ..., False, False, False],
         [False, False, False,  ..., False, False, False],
         [False, False, False,  ..., False, False, False],
         ...,
         [False, False, False,  ..., False, False, False],
         [False, False, False,  ..., False, False, False],
         [False, False, False,  ..., False, False, False]],

        [[False, False, False,  ..., False, False, False],
         [False, False, False,  ..., False, False, False],
         [False, False, False,  ..., False, False, False],
         ...,
         [False, False, False,  ..., False, False, False],
         [False, False, False,  ..., False, False, False],
         [False, False, False,  ..., False, False, False]],

        ...,

        [[False, False, False,  ..., False, False, False],
         [False, False, False,  ..., False, False, False],
         [False, False, False,  ..., False, False, False],
         ...,
         [False, False, False,  ..., False, False, False],
         [False, False, False,  ..., False, False, False],
         [False, False, False,  ..., False, False, False]],

        [[False, False, False,  ..., False, False, False],
         [False, False, False,  ..., False, False, False],
         [False, False, False,  ..., False, False, False],
         ...,
         [False, False, False,  ..., False, False, False],
         [False, False, False,  ..., False, False, False],
         [False, False, False,  ..., False, False, False]],

        [[False, False, False,  ..., False, False, False],
         [False, False, False,  ..., False, False, False],
         [False, False, False,  ..., False, False, False],
         ...,
         [False, False, False,  ..., False, False, False],
         [False, False, False,  ..., False, False, False],
         [False, False, False,  ..., False, False, False]]])])}
[02/28 06:23:04 mask2former.data.dataset_mappers.mask_former_semantic_dataset_mapper]: None
[02/28 06:23:05 mask2former.data.dataset_mappers.mask_former_semantic_dataset_mapper]: output dataset_dict: {'file_name': '/cpfs01/projects-HDD/pujianxiangmuzu_HDD/public/mr/./leftImg8bit_trainvaltest/leftImg8bit/train/erfurt/erfurt_000036_000019_leftImg8bit.png', 'width': 2048, 'height': 1024, 'image': tensor([[[ 37,  35,  35,  ..., 238, 232, 232],
         [ 37,  35,  32,  ..., 232, 230, 234],
         [ 41,  39,  35,  ..., 230, 230, 232],
         ...,
         [117, 116, 117,  ...,  79,  79,  81],
         [120, 117, 117,  ...,  73,  73,  74],
         [120, 117, 117,  ...,  73,  71,  70]],

        [[ 39,  37,  39,  ..., 255, 255, 255],
         [ 40,  39,  37,  ..., 255, 255, 255],
         [ 45,  44,  40,  ..., 255, 255, 255],
         ...,
         [133, 132, 134,  ...,  85,  85,  87],
         [133, 130, 136,  ...,  79,  79,  81],
         [133, 130, 136,  ...,  78,  78,  78]],

        [[ 26,  27,  28,  ..., 243, 239, 239],
         [ 28,  28,  27,  ..., 240, 239, 242],
         [ 30,  31,  28,  ..., 239, 238, 239],
         ...,
         [112, 111, 112,  ...,  73,  74,  75],
         [112, 111, 112,  ...,  65,  65,  69],
         [112, 111, 112,  ...,  64,  64,  68]]], dtype=torch.uint8), 'sem_seg': tensor([[255, 255, 255,  ..., 255, 255, 255],
        [255, 255, 255,  ..., 255, 255, 255],
        [255, 255, 255,  ..., 255, 255, 255],
        ...,
        [255, 255, 255,  ..., 255, 255, 255],
        [255, 255, 255,  ..., 255, 255, 255],
        [255, 255, 255,  ..., 255, 255, 255]]), 'instances': Instances(num_instances=39, image_height=716, image_width=768, fields=[gt_classes: tensor([ 0,  1,  2,  4,  5,  7,  8, 10, 11, 13, 15,  0,  1,  2,  4,  8, 10, 13,
         0,  1,  4,  8, 10, 13,  0,  2,  4,  8,  0,  2,  8,  8,  8,  8,  8, 15,
         8,  8,  8]), gt_masks: tensor([[[False, False, False,  ..., False, False, False],
         [False, False, False,  ..., False, False, False],
         [False, False, False,  ..., False, False, False],
         ...,
         [False, False, False,  ..., False, False, False],
         [False, False, False,  ..., False, False, False],
         [False, False, False,  ..., False, False, False]],

        [[False, False, False,  ..., False, False, False],
         [False, False, False,  ..., False, False, False],
         [False, False, False,  ..., False, False, False],
         ...,
         [False, False, False,  ..., False, False, False],
         [False, False, False,  ..., False, False, False],
         [False, False, False,  ..., False, False, False]],

        [[False, False, False,  ..., False, False, False],
         [False, False, False,  ..., False, False, False],
         [False, False, False,  ..., False, False, False],
         ...,
         [False, False, False,  ..., False, False, False],
         [False, False, False,  ..., False, False, False],
         [False, False, False,  ..., False, False, False]],

        ...,

        [[False, False, False,  ..., False, False, False],
         [False, False, False,  ..., False, False, False],
         [False, False, False,  ..., False, False, False],
         ...,
         [False, False, False,  ..., False, False, False],
         [False, False, False,  ..., False, False, False],
         [False, False, False,  ..., False, False, False]],

        [[False, False, False,  ..., False, False, False],
         [False, False, False,  ..., False, False, False],
         [False, False, False,  ..., False, False, False],
         ...,
         [False, False, False,  ..., False, False, False],
         [False, False, False,  ..., False, False, False],
         [False, False, False,  ..., False, False, False]],

        [[False, False, False,  ..., False, False, False],
         [False, False, False,  ..., False, False, False],
         [False, False, False,  ..., False, False, False],
         ...,
         [False, False, False,  ..., False, False, False],
         [False, False, False,  ..., False, False, False],
         [False, False, False,  ..., False, False, False]]])])}
[02/28 06:23:05 mask2former.data.dataset_mappers.mask_former_semantic_dataset_mapper]: None
[02/28 06:23:05 mask2former.data.dataset_mappers.mask_former_semantic_dataset_mapper]: output dataset_dict: {'file_name': '/cpfs01/projects-HDD/pujianxiangmuzu_HDD/public/mr/./leftImg8bit_trainvaltest/leftImg8bit/train/stuttgart/stuttgart_000181_000019_leftImg8bit.png', 'width': 2048, 'height': 1024, 'image': tensor([[[38, 37, 38,  ..., 38, 38, 42],
         [38, 37, 38,  ..., 38, 38, 42],
         [36, 36, 36,  ..., 38, 38, 41],
         ...,
         [71, 72, 71,  ..., 69, 69, 68],
         [72, 73, 71,  ..., 71, 71, 71],
         [74, 72, 73,  ..., 72, 72, 72]],

        [[48, 46, 46,  ..., 50, 52, 55],
         [48, 46, 47,  ..., 50, 52, 55],
         [45, 45, 44,  ..., 50, 52, 54],
         ...,
         [86, 85, 86,  ..., 83, 83, 84],
         [86, 85, 86,  ..., 84, 84, 84],
         [87, 86, 85,  ..., 85, 85, 85]],

        [[47, 47, 48,  ..., 49, 51, 53],
         [47, 47, 48,  ..., 49, 51, 53],
         [46, 46, 46,  ..., 49, 51, 52],
         ...,
         [80, 79, 80,  ..., 77, 77, 79],
         [81, 80, 80,  ..., 77, 77, 78],
         [82, 81, 81,  ..., 77, 77, 77]]], dtype=torch.uint8), 'sem_seg': tensor([[  5,   5,   5,  ..., 255, 255, 255],
        [  5,   5,   5,  ..., 255, 255, 255],
        [  5,   5,   5,  ..., 255, 255, 255],
        ...,
        [  0,   0,   0,  ...,   0,   0,   0],
        [  0,   0,   0,  ...,   0,   0,   0],
        [  0,   0,   0,  ...,   0,   0,   0]]), 'instances': Instances(num_instances=21, image_height=768, image_width=768, fields=[gt_classes: tensor([ 0,  5, 11,  0,  0, 11,  0, 11,  0,  0, 11, 11, 11, 11, 11, 11, 11, 11,
        11, 11, 11]), gt_masks: tensor([[[False, False, False,  ..., False, False, False],
         [False, False, False,  ..., False, False, False],
         [False, False, False,  ..., False, False, False],
         ...,
         [ True,  True,  True,  ...,  True,  True,  True],
         [ True,  True,  True,  ...,  True,  True,  True],
         [ True,  True,  True,  ...,  True,  True,  True]],

        [[ True,  True,  True,  ..., False, False, False],
         [ True,  True,  True,  ..., False, False, False],
         [ True,  True,  True,  ..., False, False, False],
         ...,
         [False, False, False,  ..., False, False, False],
         [False, False, False,  ..., False, False, False],
         [False, False, False,  ..., False, False, False]],

        [[False, False, False,  ..., False, False, False],
         [False, False, False,  ..., False, False, False],
         [False, False, False,  ..., False, False, False],
         ...,
         [False, False, False,  ..., False, False, False],
         [False, False, False,  ..., False, False, False],
         [False, False, False,  ..., False, False, False]],

        ...,

        [[False, False, False,  ..., False, False, False],
         [False, False, False,  ..., False, False, False],
         [False, False, False,  ..., False, False, False],
         ...,
         [False, False, False,  ..., False, False, False],
         [False, False, False,  ..., False, False, False],
         [False, False, False,  ..., False, False, False]],

        [[False, False, False,  ..., False, False, False],
         [False, False, False,  ..., False, False, False],
         [False, False, False,  ..., False, False, False],
         ...,
         [False, False, False,  ..., False, False, False],
         [False, False, False,  ..., False, False, False],
         [False, False, False,  ..., False, False, False]],

        [[False, False, False,  ..., False, False, False],
         [False, False, False,  ..., False, False, False],
         [False, False, False,  ..., False, False, False],
         ...,
         [False, False, False,  ..., False, False, False],
         [False, False, False,  ..., False, False, False],
         [False, False, False,  ..., False, False, False]]])])}
[02/28 06:23:05 mask2former.data.dataset_mappers.mask_former_semantic_dataset_mapper]: None
[02/28 06:23:06 mask2former.data.dataset_mappers.mask_former_semantic_dataset_mapper]: output dataset_dict: {'file_name': '/cpfs01/projects-HDD/pujianxiangmuzu_HDD/public/mr/./leftImg8bit_trainvaltest/leftImg8bit/train/aachen/aachen_000001_000019_leftImg8bit.png', 'width': 2048, 'height': 1024, 'image': tensor([[[36, 36, 37,  ..., 27, 28, 28],
         [36, 36, 37,  ..., 29, 29, 29],
         [36, 36, 37,  ..., 29, 28, 29],
         ...,
         [51, 50, 49,  ..., 48, 48, 48],
         [50, 49, 49,  ..., 48, 48, 48],
         [48, 48, 48,  ..., 49, 49, 49]],

        [[38, 38, 39,  ..., 27, 29, 29],
         [39, 38, 39,  ..., 27, 29, 29],
         [39, 38, 39,  ..., 27, 28, 30],
         ...,
         [60, 60, 59,  ..., 58, 58, 58],
         [59, 59, 58,  ..., 58, 58, 58],
         [57, 57, 57,  ..., 59, 58, 58]],

        [[32, 32, 33,  ..., 24, 25, 25],
         [33, 32, 33,  ..., 24, 25, 24],
         [32, 32, 33,  ..., 23, 23, 25],
         ...,
         [51, 52, 51,  ..., 49, 50, 50],
         [50, 51, 50,  ..., 49, 50, 50],
         [49, 49, 49,  ..., 50, 49, 49]]], dtype=torch.uint8), 'sem_seg': tensor([[2, 2, 2,  ..., 8, 8, 8],
        [2, 2, 2,  ..., 8, 8, 8],
        [2, 2, 2,  ..., 8, 8, 8],
        ...,
        [0, 0, 0,  ..., 0, 0, 0],
        [0, 0, 0,  ..., 0, 0, 0],
        [0, 0, 0,  ..., 0, 0, 0]]), 'instances': Instances(num_instances=22, image_height=768, image_width=768, fields=[gt_classes: tensor([ 0,  1,  2,  3,  4,  5,  8,  9, 13,  0,  1,  2,  9,  0,  2,  9,  0,  2,
         8,  0,  8,  8]), gt_masks: tensor([[[False, False, False,  ..., False, False, False],
         [False, False, False,  ..., False, False, False],
         [False, False, False,  ..., False, False, False],
         ...,
         [False, False, False,  ..., False, False, False],
         [False, False, False,  ..., False, False, False],
         [False, False, False,  ..., False, False, False]],

        [[False, False, False,  ..., False, False, False],
         [False, False, False,  ..., False, False, False],
         [False, False, False,  ..., False, False, False],
         ...,
         [False, False, False,  ..., False, False, False],
         [False, False, False,  ..., False, False, False],
         [False, False, False,  ..., False, False, False]],

        [[False, False, False,  ..., False, False, False],
         [False, False, False,  ..., False, False, False],
         [False, False, False,  ..., False, False, False],
         ...,
         [False, False, False,  ..., False, False, False],
         [False, False, False,  ..., False, False, False],
         [False, False, False,  ..., False, False, False]],

        ...,

        [[False, False, False,  ..., False, False, False],
         [False, False, False,  ..., False, False, False],
         [False, False, False,  ..., False, False, False],
         ...,
         [False, False, False,  ..., False, False, False],
         [False, False, False,  ..., False, False, False],
         [False, False, False,  ..., False, False, False]],

        [[False, False, False,  ...,  True,  True,  True],
         [False, False, False,  ..., False, False, False],
         [False, False, False,  ..., False, False, False],
         ...,
         [False, False, False,  ..., False, False, False],
         [False, False, False,  ..., False, False, False],
         [False, False, False,  ..., False, False, False]],

        [[False, False, False,  ..., False, False, False],
         [False, False, False,  ..., False, False, False],
         [False, False, False,  ..., False, False, False],
         ...,
         [False, False, False,  ..., False, False, False],
         [False, False, False,  ..., False, False, False],
         [False, False, False,  ..., False, False, False]]])])}
[02/28 06:23:06 mask2former.data.dataset_mappers.mask_former_semantic_dataset_mapper]: None
[02/28 06:23:06 mask2former.data.dataset_mappers.mask_former_semantic_dataset_mapper]: output dataset_dict: {'file_name': '/cpfs01/projects-HDD/pujianxiangmuzu_HDD/public/mr/./leftImg8bit_trainvaltest/leftImg8bit/train/erfurt/erfurt_000018_000019_leftImg8bit.png', 'width': 2048, 'height': 1024, 'image': tensor([[[ 0,  0,  0,  ...,  0,  0,  0],
         [ 0,  0,  0,  ...,  0,  0,  0],
         [ 4,  5,  5,  ...,  0,  0,  0],
         ...,
         [16, 15, 14,  ..., 21, 21, 21],
         [16, 15, 14,  ..., 21, 21, 21],
         [17, 16, 15,  ..., 21, 21, 22]],

        [[ 1,  2,  2,  ...,  6,  6,  7],
         [ 7,  8,  8,  ...,  6,  6,  7],
         [13, 14, 14,  ...,  7,  7,  8],
         ...,
         [26, 25, 24,  ..., 34, 34, 34],
         [26, 25, 24,  ..., 34, 34, 34],
         [27, 25, 24,  ..., 34, 34, 35]],

        [[ 0,  0,  0,  ...,  0,  0,  0],
         [ 1,  1,  1,  ...,  0,  0,  0],
         [ 2,  3,  3,  ...,  0,  0,  0],
         ...,
         [19, 18, 18,  ..., 21, 21, 21],
         [19, 18, 18,  ..., 21, 21, 21],
         [18, 18, 17,  ..., 22, 22, 23]]], dtype=torch.uint8), 'sem_seg': tensor([[ 13,  13,  13,  ...,   8,   8,   8],
        [ 13,  13,  13,  ...,   8,   8,   8],
        [ 13,  13,  13,  ...,   8,   8,   8],
        ...,
        [255, 255, 255,  ...,   0,   0,   0],
        [255, 255, 255,  ...,   0,   0,   0],
        [255, 255, 255,  ...,   0,   0,   0]]), 'instances': Instances(num_instances=12, image_height=768, image_width=768, fields=[gt_classes: tensor([ 0,  1,  8, 13,  0,  1,  0,  0, 13,  8,  8,  8]), gt_masks: tensor([[[False, False, False,  ..., False, False, False],
         [False, False, False,  ..., False, False, False],
         [False, False, False,  ..., False, False, False],
         ...,
         [False, False, False,  ..., False, False, False],
         [False, False, False,  ..., False, False, False],
         [False, False, False,  ..., False, False, False]],

        [[False, False, False,  ..., False, False, False],
         [False, False, False,  ..., False, False, False],
         [False, False, False,  ..., False, False, False],
         ...,
         [False, False, False,  ..., False, False, False],
         [False, False, False,  ..., False, False, False],
         [False, False, False,  ..., False, False, False]],

        [[False, False, False,  ..., False, False, False],
         [False, False, False,  ..., False, False, False],
         [False, False, False,  ..., False, False, False],
         ...,
         [False, False, False,  ..., False, False, False],
         [False, False, False,  ..., False, False, False],
         [False, False, False,  ..., False, False, False]],

        ...,

        [[False, False, False,  ..., False, False, False],
         [False, False, False,  ..., False, False, False],
         [False, False, False,  ..., False, False, False],
         ...,
         [False, False, False,  ..., False, False, False],
         [False, False, False,  ..., False, False, False],
         [False, False, False,  ..., False, False, False]],

        [[False, False, False,  ...,  True,  True,  True],
         [False, False, False,  ...,  True,  True,  True],
         [False, False, False,  ...,  True,  True,  True],
         ...,
         [False, False, False,  ..., False, False, False],
         [False, False, False,  ..., False, False, False],
         [False, False, False,  ..., False, False, False]],

        [[False, False, False,  ..., False, False, False],
         [False, False, False,  ..., False, False, False],
         [False, False, False,  ..., False, False, False],
         ...,
         [False, False, False,  ..., False, False, False],
         [False, False, False,  ..., False, False, False],
         [False, False, False,  ..., False, False, False]]])])}
[02/28 06:23:06 mask2former.data.dataset_mappers.mask_former_semantic_dataset_mapper]: None
[02/28 06:23:06 mask2former.data.dataset_mappers.mask_former_semantic_dataset_mapper]: output dataset_dict: {'file_name': '/cpfs01/projects-HDD/pujianxiangmuzu_HDD/public/mr/./leftImg8bit_trainvaltest/leftImg8bit/train/hanover/hanover_000000_058189_leftImg8bit.png', 'width': 2048, 'height': 1024, 'image': tensor([[[ 37,  35,  34,  ...,   8,   8,   6],
         [ 37,  37,  35,  ...,   8,   8,   6],
         [ 37,  41,  39,  ...,   6,   6,   6],
         ...,
         [121, 121, 121,  ..., 117, 116, 116],
         [123, 122, 122,  ..., 119, 117, 120],
         [125, 123, 122,  ..., 119, 117, 120]],

        [[ 58,  57,  55,  ...,  15,  15,  13],
         [ 61,  61,  56,  ...,  15,  15,  13],
         [ 63,  64,  59,  ...,  14,  14,  13],
         ...,
         [129, 129, 130,  ..., 136, 136, 136],
         [131, 131, 131,  ..., 138, 138, 137],
         [132, 132, 131,  ..., 139, 138, 136]],

        [[ 37,  35,  35,  ...,  10,  10,   8],
         [ 39,  37,  34,  ...,  10,  10,   8],
         [ 37,  37,  34,  ...,   9,   9,   8],
         ...,
         [107, 106, 106,  ..., 120, 119, 119],
         [109, 108, 108,  ..., 121, 117, 118],
         [112, 111, 111,  ..., 122, 116, 117]]], dtype=torch.uint8), 'sem_seg': tensor([[8, 8, 8,  ..., 8, 8, 8],
        [8, 8, 8,  ..., 8, 8, 8],
        [8, 8, 8,  ..., 8, 8, 8],
        ...,
        [0, 0, 0,  ..., 1, 1, 1],
        [0, 0, 0,  ..., 1, 1, 1],
        [0, 0, 0,  ..., 1, 1, 1]]), 'instances': Instances(num_instances=34, image_height=768, image_width=768, fields=[gt_classes: tensor([ 0,  1,  3,  4,  5,  8,  9, 10, 12, 13, 18,  5,  9, 13,  1,  4,  8,  9,
         0,  1,  9,  9,  1,  8,  1,  1,  8,  1,  8,  1,  8,  8,  8,  8]), gt_masks: tensor([[[False, False, False,  ..., False, False, False],
         [False, False, False,  ..., False, False, False],
         [False, False, False,  ..., False, False, False],
         ...,
         [False, False, False,  ..., False, False, False],
         [False, False, False,  ..., False, False, False],
         [False, False, False,  ..., False, False, False]],

        [[False, False, False,  ..., False, False, False],
         [False, False, False,  ..., False, False, False],
         [False, False, False,  ..., False, False, False],
         ...,
         [False, False, False,  ..., False, False, False],
         [False, False, False,  ..., False, False, False],
         [False, False, False,  ..., False, False, False]],

        [[False, False, False,  ..., False, False, False],
         [False, False, False,  ..., False, False, False],
         [False, False, False,  ..., False, False, False],
         ...,
         [False, False, False,  ..., False, False, False],
         [False, False, False,  ..., False, False, False],
         [False, False, False,  ..., False, False, False]],

        ...,

        [[False, False, False,  ..., False, False, False],
         [False, False, False,  ..., False, False, False],
         [False, False, False,  ..., False, False, False],
         ...,
         [False, False, False,  ..., False, False, False],
         [False, False, False,  ..., False, False, False],
         [False, False, False,  ..., False, False, False]],

        [[ True,  True,  True,  ..., False, False, False],
         [ True,  True,  True,  ..., False, False, False],
         [ True,  True,  True,  ..., False, False, False],
         ...,
         [False, False, False,  ..., False, False, False],
         [False, False, False,  ..., False, False, False],
         [False, False, False,  ..., False, False, False]],

        [[False, False, False,  ..., False, False, False],
         [False, False, False,  ..., False, False, False],
         [False, False, False,  ..., False, False, False],
         ...,
         [False, False, False,  ..., False, False, False],
         [False, False, False,  ..., False, False, False],
         [False, False, False,  ..., False, False, False]]])])}
[02/28 06:23:06 mask2former.data.dataset_mappers.mask_former_semantic_dataset_mapper]: None
[02/28 06:23:06 mask2former.data.dataset_mappers.mask_former_semantic_dataset_mapper]: output dataset_dict: {'file_name': '/cpfs01/projects-HDD/pujianxiangmuzu_HDD/public/mr/./leftImg8bit_trainvaltest/leftImg8bit/train/bremen/bremen_000260_000019_leftImg8bit.png', 'width': 2048, 'height': 1024, 'image': tensor([[[25, 26, 26,  ..., 34, 34, 34],
         [27, 27, 27,  ..., 34, 34, 34],
         [28, 27, 27,  ..., 34, 34, 34],
         ...,
         [69, 69, 68,  ..., 68, 69, 69],
         [69, 69, 68,  ..., 68, 69, 69],
         [69, 69, 68,  ..., 68, 69, 69]],

        [[30, 29, 29,  ..., 37, 37, 37],
         [31, 29, 29,  ..., 37, 37, 37],
         [31, 29, 29,  ..., 37, 37, 37],
         ...,
         [76, 76, 75,  ..., 74, 75, 76],
         [76, 76, 75,  ..., 74, 75, 76],
         [75, 76, 75,  ..., 75, 75, 75]],

        [[31, 30, 30,  ..., 32, 32, 32],
         [32, 30, 30,  ..., 33, 33, 33],
         [32, 30, 30,  ..., 33, 33, 33],
         ...,
         [69, 69, 69,  ..., 68, 69, 70],
         [69, 69, 68,  ..., 68, 69, 70],
         [67, 68, 67,  ..., 68, 69, 69]]], dtype=torch.uint8), 'sem_seg': tensor([[13, 13, 13,  ..., 13, 13, 13],
        [13, 13, 13,  ..., 13, 13, 13],
        [13, 13, 13,  ..., 13, 13, 13],
        ...,
        [ 0,  0,  0,  ...,  0,  0,  0],
        [ 0,  0,  0,  ...,  0,  0,  0],
        [ 0,  0,  0,  ...,  0,  0,  0]]), 'instances': Instances(num_instances=14, image_height=768, image_width=768, fields=[gt_classes: tensor([ 0,  9, 13,  0,  9, 13,  0,  9, 13,  0, 13, 13,  0, 13]), gt_masks: tensor([[[False, False, False,  ..., False, False, False],
         [False, False, False,  ..., False, False, False],
         [False, False, False,  ..., False, False, False],
         ...,
         [False, False, False,  ..., False, False, False],
         [False, False, False,  ..., False, False, False],
         [False, False, False,  ..., False, False, False]],

        [[False, False, False,  ..., False, False, False],
         [False, False, False,  ..., False, False, False],
         [False, False, False,  ..., False, False, False],
         ...,
         [False, False, False,  ..., False, False, False],
         [False, False, False,  ..., False, False, False],
         [False, False, False,  ..., False, False, False]],

        [[ True,  True,  True,  ..., False, False, False],
         [ True,  True,  True,  ..., False, False, False],
         [ True,  True,  True,  ..., False, False, False],
         ...,
         [False, False, False,  ..., False, False, False],
         [False, False, False,  ..., False, False, False],
         [False, False, False,  ..., False, False, False]],

        ...,

        [[False, False, False,  ..., False, False, False],
         [False, False, False,  ..., False, False, False],
         [False, False, False,  ..., False, False, False],
         ...,
         [False, False, False,  ..., False, False, False],
         [False, False, False,  ..., False, False, False],
         [False, False, False,  ..., False, False, False]],

        [[False, False, False,  ..., False, False, False],
         [False, False, False,  ..., False, False, False],
         [False, False, False,  ..., False, False, False],
         ...,
         [False, False, False,  ..., False, False, False],
         [False, False, False,  ..., False, False, False],
         [False, False, False,  ..., False, False, False]],

        [[False, False, False,  ..., False, False, False],
         [False, False, False,  ..., False, False, False],
         [False, False, False,  ..., False, False, False],
         ...,
         [False, False, False,  ..., False, False, False],
         [False, False, False,  ..., False, False, False],
         [False, False, False,  ..., False, False, False]]])])}
[02/28 06:23:06 mask2former.data.dataset_mappers.mask_former_semantic_dataset_mapper]: None
[02/28 06:23:06 mask2former.data.dataset_mappers.mask_former_semantic_dataset_mapper]: output dataset_dict: {'file_name': '/cpfs01/projects-HDD/pujianxiangmuzu_HDD/public/mr/./leftImg8bit_trainvaltest/leftImg8bit/train/jena/jena_000094_000019_leftImg8bit.png', 'width': 2048, 'height': 1024, 'image': tensor([[[ 65,  56,  48,  ..., 122, 129, 151],
         [ 73,  61,  46,  ..., 120, 117, 133],
         [ 73,  70,  48,  ..., 111, 104, 116],
         ...,
         [ 62,  66,  69,  ...,  67,  66,  67],
         [ 65,  70,  71,  ...,  67,  67,  67],
         [ 66,  71,  72,  ...,  67,  67,  67]],

        [[ 81,  71,  61,  ..., 145, 152, 174],
         [ 88,  75,  59,  ..., 140, 140, 158],
         [ 89,  84,  61,  ..., 129, 126, 140],
         ...,
         [ 74,  77,  80,  ...,  80,  80,  81],
         [ 77,  82,  83,  ...,  80,  80,  80],
         [ 78,  83,  83,  ...,  80,  80,  80]],

        [[ 64,  59,  51,  ..., 135, 142, 166],
         [ 72,  61,  48,  ..., 127, 129, 153],
         [ 72,  69,  51,  ..., 118, 118, 135],
         ...,
         [ 67,  70,  72,  ...,  74,  74,  75],
         [ 69,  74,  74,  ...,  74,  74,  73],
         [ 71,  75,  74,  ...,  74,  74,  74]]], dtype=torch.uint8), 'sem_seg': tensor([[255, 255, 255,  ..., 255, 255, 255],
        [255, 255, 255,  ..., 255, 255, 255],
        [255, 255, 255,  ..., 255, 255, 255],
        ...,
        [255, 255, 255,  ...,   0,   0,   0],
        [255, 255, 255,  ..., 255, 255, 255],
        [255, 255, 255,  ..., 255, 255, 255]]), 'instances': Instances(num_instances=63, image_height=512, image_width=768, fields=[gt_classes: tensor([ 0,  1,  2,  4,  5,  6,  7,  8,  9, 10, 11, 13,  0,  2,  5,  7,  8,  9,
        10, 11, 13,  0,  2,  5,  7,  8,  9, 10, 11, 13,  0,  1,  2,  5,  8,  9,
        11,  0,  1,  2,  5,  8,  9, 11,  0,  1,  5,  8, 11,  1,  2,  1,  2,  2,
         2,  2,  2,  2,  2,  2,  2,  2,  2]), gt_masks: tensor([[[False, False, False,  ..., False, False, False],
         [False, False, False,  ..., False, False, False],
         [False, False, False,  ..., False, False, False],
         ...,
         [False, False, False,  ..., False, False, False],
         [False, False, False,  ..., False, False, False],
         [False, False, False,  ..., False, False, False]],

        [[False, False, False,  ..., False, False, False],
         [False, False, False,  ..., False, False, False],
         [False, False, False,  ..., False, False, False],
         ...,
         [False, False, False,  ..., False, False, False],
         [False, False, False,  ..., False, False, False],
         [False, False, False,  ..., False, False, False]],

        [[False, False, False,  ..., False, False, False],
         [False, False, False,  ..., False, False, False],
         [False, False, False,  ..., False, False, False],
         ...,
         [False, False, False,  ..., False, False, False],
         [False, False, False,  ..., False, False, False],
         [False, False, False,  ..., False, False, False]],

        ...,

        [[False, False, False,  ..., False, False, False],
         [False, False, False,  ..., False, False, False],
         [False, False, False,  ..., False, False, False],
         ...,
         [False, False, False,  ..., False, False, False],
         [False, False, False,  ..., False, False, False],
         [False, False, False,  ..., False, False, False]],

        [[False, False, False,  ..., False, False, False],
         [False, False, False,  ..., False, False, False],
         [False, False, False,  ..., False, False, False],
         ...,
         [False, False, False,  ..., False, False, False],
         [False, False, False,  ..., False, False, False],
         [False, False, False,  ..., False, False, False]],

        [[False, False, False,  ..., False, False, False],
         [False, False, False,  ..., False, False, False],
         [False, False, False,  ..., False, False, False],
         ...,
         [False, False, False,  ..., False, False, False],
         [False, False, False,  ..., False, False, False],
         [False, False, False,  ..., False, False, False]]])])}
[02/28 06:23:06 mask2former.data.dataset_mappers.mask_former_semantic_dataset_mapper]: None
[02/28 06:23:06 mask2former.data.dataset_mappers.mask_former_semantic_dataset_mapper]: output dataset_dict: {'file_name': '/cpfs01/projects-HDD/pujianxiangmuzu_HDD/public/mr/./leftImg8bit_trainvaltest/leftImg8bit/train/bremen/bremen_000041_000019_leftImg8bit.png', 'width': 2048, 'height': 1024, 'image': tensor([[[156, 152, 132,  ...,  54,  54,  53],
         [156, 154, 144,  ...,  54,  55,  54],
         [156, 156, 148,  ...,  54,  57,  56],
         ...,
         [ 54,  57,  55,  ...,  38,  40,  40],
         [ 56,  58,  58,  ...,  38,  37,  37],
         [ 56,  58,  58,  ...,  39,  39,  38]],

        [[169, 164, 145,  ...,  56,  55,  53],
         [166, 166, 156,  ...,  54,  54,  52],
         [167, 167, 163,  ...,  54,  55,  53],
         ...,
         [ 68,  68,  68,  ...,  51,  51,  51],
         [ 68,  69,  69,  ...,  49,  50,  50],
         [ 68,  69,  69,  ...,  50,  50,  51]],

        [[133, 129, 113,  ...,  47,  45,  44],
         [129, 129, 122,  ...,  43,  43,  42],
         [131, 132, 127,  ...,  44,  45,  42],
         ...,
         [ 63,  62,  61,  ...,  46,  47,  45],
         [ 62,  63,  63,  ...,  43,  45,  44],
         [ 62,  63,  63,  ...,  43,  44,  44]]], dtype=torch.uint8), 'sem_seg': tensor([[255, 255, 255,  ..., 255, 255, 255],
        [255, 255, 255,  ..., 255, 255, 255],
        [255, 255, 255,  ..., 255, 255, 255],
        ...,
        [255, 255, 255,  ..., 255, 255, 255],
        [255, 255, 255,  ..., 255, 255, 255],
        [255, 255, 255,  ..., 255, 255, 255]]), 'instances': Instances(num_instances=40, image_height=614, image_width=768, fields=[gt_classes: tensor([ 0,  1,  2,  4,  5,  6,  7, 11, 13, 18,  0,  1,  2,  7, 13, 18,  0,  2,
        18,  2,  2,  2,  2,  2,  2,  2,  2,  2,  2,  2,  2,  2,  2,  2,  2,  2,
         2,  2,  2,  2]), gt_masks: tensor([[[False, False, False,  ..., False, False, False],
         [False, False, False,  ..., False, False, False],
         [False, False, False,  ..., False, False, False],
         ...,
         [False, False, False,  ..., False, False, False],
         [False, False, False,  ..., False, False, False],
         [False, False, False,  ..., False, False, False]],

        [[False, False, False,  ..., False, False, False],
         [False, False, False,  ..., False, False, False],
         [False, False, False,  ..., False, False, False],
         ...,
         [False, False, False,  ..., False, False, False],
         [False, False, False,  ..., False, False, False],
         [False, False, False,  ..., False, False, False]],

        [[False, False, False,  ..., False, False, False],
         [False, False, False,  ..., False, False, False],
         [False, False, False,  ..., False, False, False],
         ...,
         [False, False, False,  ..., False, False, False],
         [False, False, False,  ..., False, False, False],
         [False, False, False,  ..., False, False, False]],

        ...,

        [[False, False, False,  ..., False, False, False],
         [False, False, False,  ..., False, False, False],
         [False, False, False,  ..., False, False, False],
         ...,
         [False, False, False,  ..., False, False, False],
         [False, False, False,  ..., False, False, False],
         [False, False, False,  ..., False, False, False]],

        [[False, False, False,  ..., False, False, False],
         [False, False, False,  ..., False, False, False],
         [False, False, False,  ..., False, False, False],
         ...,
         [False, False, False,  ..., False, False, False],
         [False, False, False,  ..., False, False, False],
         [False, False, False,  ..., False, False, False]],

        [[False, False, False,  ..., False, False, False],
         [False, False, False,  ..., False, False, False],
         [False, False, False,  ..., False, False, False],
         ...,
         [False, False, False,  ..., False, False, False],
         [False, False, False,  ..., False, False, False],
         [False, False, False,  ..., False, False, False]]])])}
[02/28 06:23:06 mask2former.data.dataset_mappers.mask_former_semantic_dataset_mapper]: None
[02/28 06:23:07 mask2former.data.dataset_mappers.mask_former_semantic_dataset_mapper]: output dataset_dict: {'file_name': '/cpfs01/projects-HDD/pujianxiangmuzu_HDD/public/mr/./leftImg8bit_trainvaltest/leftImg8bit/train/darmstadt/darmstadt_000062_000019_leftImg8bit.png', 'width': 2048, 'height': 1024, 'image': tensor([[[50, 50, 50,  ..., 31, 31, 31],
         [50, 51, 50,  ..., 32, 32, 32],
         [54, 51, 51,  ..., 33, 33, 33],
         ...,
         [54, 55, 55,  ..., 42, 40, 42],
         [54, 55, 56,  ..., 43, 39, 40],
         [55, 55, 55,  ..., 42, 40, 40]],

        [[73, 73, 71,  ..., 41, 40, 39],
         [71, 72, 71,  ..., 36, 37, 37],
         [73, 72, 70,  ..., 38, 38, 38],
         ...,
         [65, 65, 66,  ..., 52, 52, 54],
         [65, 66, 66,  ..., 52, 50, 51],
         [66, 66, 64,  ..., 53, 50, 51]],

        [[64, 65, 61,  ..., 39, 37, 37],
         [61, 62, 61,  ..., 37, 35, 37],
         [61, 61, 59,  ..., 36, 35, 35],
         ...,
         [73, 74, 75,  ..., 55, 55, 57],
         [73, 75, 76,  ..., 56, 56, 58],
         [76, 75, 75,  ..., 58, 57, 58]]], dtype=torch.uint8), 'sem_seg': tensor([[  8,   8,   8,  ...,   2,   2,   2],
        [  8,   8,   8,  ...,   2,   2,   2],
        [  8,   8,   8,  ...,   2,   2,   2],
        ...,
        [255, 255, 255,  ...,   0,   0,   0],
        [255, 255, 255,  ...,   0,   0,   0],
        [255, 255, 255,  ...,   0,   0,   0]]), 'instances': Instances(num_instances=38, image_height=768, image_width=768, fields=[gt_classes: tensor([ 0,  1,  2,  5,  7,  8,  9, 13, 18,  0,  2,  8, 13,  0,  8,  0,  2,  8,
        13,  0, 13,  0,  2, 13,  0, 13,  0, 13,  0,  2, 13,  2,  2,  2,  2,  2,
         2,  2]), gt_masks: tensor([[[False, False, False,  ..., False, False, False],
         [False, False, False,  ..., False, False, False],
         [False, False, False,  ..., False, False, False],
         ...,
         [False, False, False,  ..., False, False, False],
         [False, False, False,  ..., False, False, False],
         [False, False, False,  ..., False, False, False]],

        [[False, False, False,  ..., False, False, False],
         [False, False, False,  ..., False, False, False],
         [False, False, False,  ..., False, False, False],
         ...,
         [False, False, False,  ..., False, False, False],
         [False, False, False,  ..., False, False, False],
         [False, False, False,  ..., False, False, False]],

        [[False, False, False,  ..., False, False, False],
         [False, False, False,  ..., False, False, False],
         [False, False, False,  ..., False, False, False],
         ...,
         [False, False, False,  ..., False, False, False],
         [False, False, False,  ..., False, False, False],
         [False, False, False,  ..., False, False, False]],

        ...,

        [[False, False, False,  ..., False, False, False],
         [False, False, False,  ..., False, False, False],
         [False, False, False,  ..., False, False, False],
         ...,
         [False, False, False,  ..., False, False, False],
         [False, False, False,  ..., False, False, False],
         [False, False, False,  ..., False, False, False]],

        [[False, False, False,  ..., False, False, False],
         [False, False, False,  ..., False, False, False],
         [False, False, False,  ..., False, False, False],
         ...,
         [False, False, False,  ..., False, False, False],
         [False, False, False,  ..., False, False, False],
         [False, False, False,  ..., False, False, False]],

        [[False, False, False,  ..., False, False, False],
         [False, False, False,  ..., False, False, False],
         [False, False, False,  ..., False, False, False],
         ...,
         [False, False, False,  ..., False, False, False],
         [False, False, False,  ..., False, False, False],
         [False, False, False,  ..., False, False, False]]])])}
[02/28 06:23:07 mask2former.data.dataset_mappers.mask_former_semantic_dataset_mapper]: None
[02/28 06:23:07 mask2former.data.dataset_mappers.mask_former_semantic_dataset_mapper]: output dataset_dict: {'file_name': '/cpfs01/projects-HDD/pujianxiangmuzu_HDD/public/mr/./leftImg8bit_trainvaltest/leftImg8bit/train/bremen/bremen_000256_000019_leftImg8bit.png', 'width': 2048, 'height': 1024, 'image': tensor([[[34, 36, 40,  ..., 49, 46, 42],
         [36, 37, 40,  ..., 48, 43, 40],
         [37, 39, 42,  ..., 45, 41, 39],
         ...,
         [70, 70, 69,  ..., 32, 32, 31],
         [69, 69, 68,  ..., 33, 33, 32],
         [69, 69, 68,  ..., 34, 34, 32]],

        [[42, 44, 46,  ..., 61, 60, 59],
         [44, 46, 48,  ..., 60, 59, 58],
         [46, 48, 51,  ..., 58, 58, 57],
         ...,
         [79, 79, 79,  ..., 41, 41, 40],
         [79, 79, 80,  ..., 42, 42, 41],
         [79, 79, 80,  ..., 43, 43, 42]],

        [[28, 28, 29,  ..., 37, 36, 34],
         [30, 29, 31,  ..., 36, 34, 33],
         [31, 31, 33,  ..., 33, 33, 33],
         ...,
         [73, 73, 72,  ..., 36, 36, 37],
         [73, 73, 73,  ..., 37, 37, 38],
         [73, 73, 73,  ..., 39, 39, 38]]], dtype=torch.uint8), 'sem_seg': tensor([[8, 8, 8,  ..., 8, 8, 8],
        [8, 8, 8,  ..., 8, 8, 8],
        [8, 8, 8,  ..., 8, 8, 8],
        ...,
        [0, 0, 0,  ..., 0, 0, 0],
        [0, 0, 0,  ..., 0, 0, 0],
        [0, 0, 0,  ..., 0, 0, 0]]), 'instances': Instances(num_instances=16, image_height=768, image_width=768, fields=[gt_classes: tensor([ 0,  1,  2,  5,  6,  7,  8, 13,  0, 13,  8,  8,  8, 13,  8, 13]), gt_masks: tensor([[[False, False, False,  ..., False, False, False],
         [False, False, False,  ..., False, False, False],
         [False, False, False,  ..., False, False, False],
         ...,
         [False, False, False,  ..., False, False, False],
         [False, False, False,  ..., False, False, False],
         [False, False, False,  ..., False, False, False]],

        [[False, False, False,  ..., False, False, False],
         [False, False, False,  ..., False, False, False],
         [False, False, False,  ..., False, False, False],
         ...,
         [False, False, False,  ..., False, False, False],
         [False, False, False,  ..., False, False, False],
         [False, False, False,  ..., False, False, False]],

        [[False, False, False,  ..., False, False, False],
         [False, False, False,  ..., False, False, False],
         [False, False, False,  ..., False, False, False],
         ...,
         [False, False, False,  ..., False, False, False],
         [False, False, False,  ..., False, False, False],
         [False, False, False,  ..., False, False, False]],

        ...,

        [[False, False, False,  ..., False, False, False],
         [False, False, False,  ..., False, False, False],
         [False, False, False,  ..., False, False, False],
         ...,
         [False, False, False,  ..., False, False, False],
         [False, False, False,  ..., False, False, False],
         [False, False, False,  ..., False, False, False]],

        [[False, False, False,  ..., False, False, False],
         [False, False, False,  ..., False, False, False],
         [False, False, False,  ..., False, False, False],
         ...,
         [False, False, False,  ..., False, False, False],
         [False, False, False,  ..., False, False, False],
         [False, False, False,  ..., False, False, False]],

        [[False, False, False,  ..., False, False, False],
         [False, False, False,  ..., False, False, False],
         [False, False, False,  ..., False, False, False],
         ...,
         [False, False, False,  ..., False, False, False],
         [False, False, False,  ..., False, False, False],
         [False, False, False,  ..., False, False, False]]])])}
[02/28 06:23:07 mask2former.data.dataset_mappers.mask_former_semantic_dataset_mapper]: None
[02/28 06:23:08 mask2former.data.dataset_mappers.mask_former_semantic_dataset_mapper]: output dataset_dict: {'file_name': '/cpfs01/projects-HDD/pujianxiangmuzu_HDD/public/mr/./leftImg8bit_trainvaltest/leftImg8bit/train/zurich/zurich_000065_000019_leftImg8bit.png', 'width': 2048, 'height': 1024, 'image': tensor([[[255, 255, 255,  ...,  54,  58,  65],
         [255, 255, 255,  ...,  49,  57,  78],
         [255, 255, 255,  ...,  62,  68,  88],
         ...,
         [ 32,  32,  32,  ...,  25,  25,  27],
         [ 31,  31,  32,  ...,  25,  25,  27],
         [ 32,  31,  32,  ...,  22,  22,  24]],

        [[255, 255, 255,  ...,  77,  79,  84],
         [255, 255, 255,  ...,  67,  75,  95],
         [255, 255, 255,  ...,  81,  87, 111],
         ...,
         [ 45,  45,  44,  ...,  38,  38,  39],
         [ 45,  45,  45,  ...,  38,  38,  39],
         [ 45,  44,  45,  ...,  37,  37,  38]],

        [[255, 255, 255,  ...,  58,  57,  49],
         [255, 255, 255,  ...,  45,  55,  69],
         [255, 255, 255,  ...,  58,  71,  89],
         ...,
         [ 35,  35,  35,  ...,  29,  29,  31],
         [ 35,  37,  37,  ...,  29,  29,  31],
         [ 35,  35,  37,  ...,  28,  28,  29]]], dtype=torch.uint8), 'sem_seg': tensor([[  2,   2,   2,  ...,   2,   2,   2],
        [  2,   2,   2,  ...,   2,   2,   2],
        [  2,   2,   2,  ...,   2,   2,   2],
        ...,
        [255, 255, 255,  ...,   0,   0,   0],
        [255, 255, 255,  ...,   0,   0,   0],
        [255, 255, 255,  ...,   0,   0,   0]]), 'instances': Instances(num_instances=35, image_height=768, image_width=768, fields=[gt_classes: tensor([ 0,  2,  5,  7,  8, 10, 11, 12, 15, 16, 17,  0,  2, 10, 12, 16, 17,  0,
         2, 10,  0,  2,  8, 11,  0,  2,  8,  0,  2,  5,  8,  0,  2,  5,  2]), gt_masks: tensor([[[False, False, False,  ..., False, False, False],
         [False, False, False,  ..., False, False, False],
         [False, False, False,  ..., False, False, False],
         ...,
         [False, False, False,  ..., False, False, False],
         [False, False, False,  ..., False, False, False],
         [False, False, False,  ..., False, False, False]],

        [[False, False, False,  ..., False, False, False],
         [False, False, False,  ..., False, False, False],
         [False, False, False,  ..., False, False, False],
         ...,
         [False, False, False,  ..., False, False, False],
         [False, False, False,  ..., False, False, False],
         [False, False, False,  ..., False, False, False]],

        [[False, False, False,  ..., False, False, False],
         [False, False, False,  ..., False, False, False],
         [False, False, False,  ..., False, False, False],
         ...,
         [False, False, False,  ..., False, False, False],
         [False, False, False,  ..., False, False, False],
         [False, False, False,  ..., False, False, False]],

        ...,

        [[ True,  True,  True,  ..., False, False, False],
         [ True,  True,  True,  ..., False, False, False],
         [ True,  True,  True,  ..., False, False, False],
         ...,
         [False, False, False,  ..., False, False, False],
         [False, False, False,  ..., False, False, False],
         [False, False, False,  ..., False, False, False]],

        [[False, False, False,  ..., False, False, False],
         [False, False, False,  ..., False, False, False],
         [False, False, False,  ..., False, False, False],
         ...,
         [False, False, False,  ..., False, False, False],
         [False, False, False,  ..., False, False, False],
         [False, False, False,  ..., False, False, False]],

        [[False, False, False,  ..., False, False, False],
         [False, False, False,  ..., False, False, False],
         [False, False, False,  ..., False, False, False],
         ...,
         [False, False, False,  ..., False, False, False],
         [False, False, False,  ..., False, False, False],
         [False, False, False,  ..., False, False, False]]])])}
[02/28 06:23:08 mask2former.data.dataset_mappers.mask_former_semantic_dataset_mapper]: None
[02/28 06:23:08 mask2former.data.dataset_mappers.mask_former_semantic_dataset_mapper]: output dataset_dict: {'file_name': '/cpfs01/projects-HDD/pujianxiangmuzu_HDD/public/mr/./leftImg8bit_trainvaltest/leftImg8bit/train/zurich/zurich_000069_000019_leftImg8bit.png', 'width': 2048, 'height': 1024, 'image': tensor([[[ 62,  59,  55,  ...,  87,  86,  86],
         [ 52,  52,  49,  ...,  89,  89,  89],
         [ 48,  48,  47,  ...,  92,  92,  92],
         ...,
         [ 86,  86,  86,  ...,  91,  90,  89],
         [ 86,  86,  86,  ...,  89,  89,  88],
         [ 84,  85,  85,  ...,  87,  86,  86]],

        [[ 71,  70,  68,  ...,  97,  95,  95],
         [ 61,  60,  58,  ...,  99,  99,  98],
         [ 54,  54,  54,  ..., 102, 102, 102],
         ...,
         [ 94,  94,  94,  ..., 100,  99,  98],
         [ 93,  94,  94,  ...,  98,  98,  97],
         [ 92,  93,  93,  ...,  95,  95,  95]],

        [[ 64,  63,  63,  ...,  81,  81,  80],
         [ 50,  53,  52,  ...,  84,  84,  83],
         [ 46,  46,  46,  ...,  86,  87,  87],
         ...,
         [ 80,  80,  80,  ...,  86,  86,  86],
         [ 80,  80,  80,  ...,  86,  85,  83],
         [ 80,  80,  80,  ...,  83,  82,  81]]], dtype=torch.uint8), 'sem_seg': tensor([[2, 2, 2,  ..., 7, 7, 7],
        [2, 2, 2,  ..., 7, 7, 7],
        [2, 2, 2,  ..., 7, 7, 7],
        ...,
        [0, 0, 0,  ..., 0, 0, 0],
        [0, 0, 0,  ..., 0, 0, 0],
        [0, 0, 0,  ..., 0, 0, 0]]), 'instances': Instances(num_instances=19, image_height=768, image_width=768, fields=[gt_classes: tensor([ 0,  1,  2,  5,  7,  8, 11, 13, 17,  0,  2, 17,  0,  2,  2, 13,  2,  2,
         2]), gt_masks: tensor([[[False, False, False,  ..., False, False, False],
         [False, False, False,  ..., False, False, False],
         [False, False, False,  ..., False, False, False],
         ...,
         [False, False, False,  ..., False, False, False],
         [False, False, False,  ..., False, False, False],
         [False, False, False,  ..., False, False, False]],

        [[False, False, False,  ..., False, False, False],
         [False, False, False,  ..., False, False, False],
         [False, False, False,  ..., False, False, False],
         ...,
         [False, False, False,  ..., False, False, False],
         [False, False, False,  ..., False, False, False],
         [False, False, False,  ..., False, False, False]],

        [[False, False, False,  ..., False, False, False],
         [False, False, False,  ..., False, False, False],
         [False, False, False,  ..., False, False, False],
         ...,
         [False, False, False,  ..., False, False, False],
         [False, False, False,  ..., False, False, False],
         [False, False, False,  ..., False, False, False]],

        ...,

        [[False, False, False,  ..., False, False, False],
         [False, False, False,  ..., False, False, False],
         [False, False,  True,  ..., False, False, False],
         ...,
         [False, False, False,  ..., False, False, False],
         [False, False, False,  ..., False, False, False],
         [False, False, False,  ..., False, False, False]],

        [[ True,  True,  True,  ..., False, False, False],
         [ True,  True,  True,  ..., False, False, False],
         [ True,  True, False,  ..., False, False, False],
         ...,
         [False, False, False,  ..., False, False, False],
         [False, False, False,  ..., False, False, False],
         [False, False, False,  ..., False, False, False]],

        [[False, False, False,  ..., False, False, False],
         [False, False, False,  ..., False, False, False],
         [False, False, False,  ..., False, False, False],
         ...,
         [False, False, False,  ..., False, False, False],
         [False, False, False,  ..., False, False, False],
         [False, False, False,  ..., False, False, False]]])])}
[02/28 06:23:08 mask2former.data.dataset_mappers.mask_former_semantic_dataset_mapper]: None
[02/28 06:23:08 mask2former.data.dataset_mappers.mask_former_semantic_dataset_mapper]: output dataset_dict: {'file_name': '/cpfs01/projects-HDD/pujianxiangmuzu_HDD/public/mr/./leftImg8bit_trainvaltest/leftImg8bit/train/strasbourg/strasbourg_000000_017044_leftImg8bit.png', 'width': 2048, 'height': 1024, 'image': tensor([[[90, 90, 90,  ..., 34, 34, 33],
         [90, 90, 90,  ..., 34, 34, 33],
         [90, 90, 89,  ..., 33, 33, 33],
         ...,
         [64, 64, 64,  ..., 72, 71, 71],
         [64, 64, 64,  ..., 71, 71, 70],
         [63, 62, 63,  ..., 70, 69, 68]],

        [[74, 75, 76,  ..., 32, 32, 31],
         [74, 75, 76,  ..., 32, 32, 31],
         [74, 75, 75,  ..., 31, 31, 31],
         ...,
         [71, 71, 72,  ..., 74, 74, 73],
         [71, 71, 71,  ..., 73, 73, 72],
         [71, 70, 70,  ..., 72, 71, 70]],

        [[64, 64, 64,  ..., 26, 26, 26],
         [64, 64, 64,  ..., 26, 26, 26],
         [63, 64, 63,  ..., 26, 27, 26],
         ...,
         [60, 60, 61,  ..., 62, 62, 61],
         [60, 59, 60,  ..., 61, 61, 60],
         [60, 58, 59,  ..., 60, 59, 58]]], dtype=torch.uint8), 'sem_seg': tensor([[  2,   2,   2,  ...,   2,   2,   2],
        [  2,   2,   2,  ...,   2,   2,   2],
        [  2,   2,   2,  ...,   2,   2,   2],
        ...,
        [  0,   0,   0,  ..., 255, 255, 255],
        [  0,   0,   0,  ..., 255, 255, 255],
        [  0,   0,   0,  ..., 255, 255, 255]]), 'instances': Instances(num_instances=21, image_height=768, image_width=768, fields=[gt_classes: tensor([ 0,  1,  2,  5,  6,  8, 11, 18,  0,  5, 11, 18,  0,  2,  5,  0,  2,  0,
         2, 11, 11]), gt_masks: tensor([[[False, False, False,  ..., False, False, False],
         [False, False, False,  ..., False, False, False],
         [False, False, False,  ..., False, False, False],
         ...,
         [False, False, False,  ..., False, False, False],
         [False, False, False,  ..., False, False, False],
         [False, False, False,  ..., False, False, False]],

        [[False, False, False,  ..., False, False, False],
         [False, False, False,  ..., False, False, False],
         [False, False, False,  ..., False, False, False],
         ...,
         [False, False, False,  ..., False, False, False],
         [False, False, False,  ..., False, False, False],
         [False, False, False,  ..., False, False, False]],

        [[ True,  True,  True,  ...,  True,  True,  True],
         [ True,  True,  True,  ...,  True,  True,  True],
         [ True,  True,  True,  ...,  True,  True,  True],
         ...,
         [False, False, False,  ..., False, False, False],
         [False, False, False,  ..., False, False, False],
         [False, False, False,  ..., False, False, False]],

        ...,

        [[False, False, False,  ..., False, False, False],
         [False, False, False,  ..., False, False, False],
         [False, False, False,  ..., False, False, False],
         ...,
         [False, False, False,  ..., False, False, False],
         [False, False, False,  ..., False, False, False],
         [False, False, False,  ..., False, False, False]],

        [[False, False, False,  ..., False, False, False],
         [False, False, False,  ..., False, False, False],
         [False, False, False,  ..., False, False, False],
         ...,
         [False, False, False,  ..., False, False, False],
         [False, False, False,  ..., False, False, False],
         [False, False, False,  ..., False, False, False]],

        [[False, False, False,  ..., False, False, False],
         [False, False, False,  ..., False, False, False],
         [False, False, False,  ..., False, False, False],
         ...,
         [False, False, False,  ..., False, False, False],
         [False, False, False,  ..., False, False, False],
         [False, False, False,  ..., False, False, False]]])])}
[02/28 06:23:08 mask2former.data.dataset_mappers.mask_former_semantic_dataset_mapper]: None
[02/28 06:23:08 mask2former.data.dataset_mappers.mask_former_semantic_dataset_mapper]: output dataset_dict: {'file_name': '/cpfs01/projects-HDD/pujianxiangmuzu_HDD/public/mr/./leftImg8bit_trainvaltest/leftImg8bit/train/hanover/hanover_000000_029325_leftImg8bit.png', 'width': 2048, 'height': 1024, 'image': tensor([[[50, 50, 50,  ..., 41, 42, 42],
         [50, 50, 50,  ..., 42, 42, 42],
         [51, 51, 50,  ..., 44, 41, 41],
         ...,
         [44, 44, 43,  ..., 34, 34, 34],
         [43, 43, 42,  ..., 35, 34, 34],
         [42, 42, 42,  ..., 35, 34, 34]],

        [[63, 63, 62,  ..., 54, 55, 55],
         [63, 63, 62,  ..., 54, 55, 55],
         [64, 64, 63,  ..., 55, 56, 56],
         ...,
         [60, 60, 59,  ..., 49, 50, 50],
         [59, 59, 58,  ..., 48, 49, 49],
         [58, 58, 58,  ..., 48, 49, 49]],

        [[56, 56, 55,  ..., 45, 46, 46],
         [56, 56, 55,  ..., 46, 48, 48],
         [55, 55, 54,  ..., 47, 49, 49],
         ...,
         [53, 53, 53,  ..., 46, 47, 47],
         [53, 53, 55,  ..., 45, 46, 46],
         [54, 54, 55,  ..., 45, 46, 46]]], dtype=torch.uint8), 'sem_seg': tensor([[  1,   1,   1,  ..., 255, 255, 255],
        [  1,   1,   1,  ..., 255, 255, 255],
        [  1,   1,   1,  ..., 255, 255, 255],
        ...,
        [255, 255, 255,  ..., 255, 255, 255],
        [255, 255, 255,  ..., 255, 255, 255],
        [255, 255, 255,  ..., 255, 255, 255]]), 'instances': Instances(num_instances=4, image_height=768, image_width=768, fields=[gt_classes: tensor([0, 1, 1, 1]), gt_masks: tensor([[[False, False, False,  ..., False, False, False],
         [False, False, False,  ..., False, False, False],
         [False, False, False,  ..., False, False, False],
         ...,
         [False, False, False,  ..., False, False, False],
         [False, False, False,  ..., False, False, False],
         [False, False, False,  ..., False, False, False]],

        [[ True,  True,  True,  ..., False, False, False],
         [ True,  True,  True,  ..., False, False, False],
         [ True,  True,  True,  ..., False, False, False],
         ...,
         [False, False, False,  ..., False, False, False],
         [False, False, False,  ..., False, False, False],
         [False, False, False,  ..., False, False, False]],

        [[False, False, False,  ..., False, False, False],
         [False, False, False,  ..., False, False, False],
         [False, False, False,  ..., False, False, False],
         ...,
         [False, False, False,  ..., False, False, False],
         [False, False, False,  ..., False, False, False],
         [False, False, False,  ..., False, False, False]],

        [[False, False, False,  ..., False, False, False],
         [False, False, False,  ..., False, False, False],
         [False, False, False,  ..., False, False, False],
         ...,
         [False, False, False,  ..., False, False, False],
         [False, False, False,  ..., False, False, False],
         [False, False, False,  ..., False, False, False]]])])}
[02/28 06:23:08 mask2former.data.dataset_mappers.mask_former_semantic_dataset_mapper]: None
[02/28 06:23:08 d2.utils.events]:  eta: 1:23:18  iter: 159  total_loss: 76.71  loss_ce: 2.263  loss_mask: 0.7549  loss_dice: 4.408  loss_ce_0: 4.92  loss_mask_0: 0.7326  loss_dice_0: 4.336  loss_ce_1: 2.266  loss_mask_1: 0.7623  loss_dice_1: 4.361  loss_ce_2: 2.149  loss_mask_2: 0.7654  loss_dice_2: 4.331  loss_ce_3: 2.152  loss_mask_3: 0.7937  loss_dice_3: 4.352  loss_ce_4: 2.162  loss_mask_4: 0.7787  loss_dice_4: 4.364  loss_ce_5: 2.167  loss_mask_5: 0.7975  loss_dice_5: 4.354  loss_ce_6: 2.16  loss_mask_6: 0.7894  loss_dice_6: 4.38  loss_ce_7: 2.048  loss_mask_7: 0.7892  loss_dice_7: 4.394  loss_ce_8: 2.157  loss_mask_8: 0.7581  loss_dice_8: 4.399    time: 0.5119  last_time: 0.6085  data_time: 0.0129  last_data_time: 0.0117   lr: 9.8568e-05  max_mem: 5889M
[02/28 06:23:09 mask2former.data.dataset_mappers.mask_former_semantic_dataset_mapper]: output dataset_dict: {'file_name': '/cpfs01/projects-HDD/pujianxiangmuzu_HDD/public/mr/./leftImg8bit_trainvaltest/leftImg8bit/train/erfurt/erfurt_000078_000019_leftImg8bit.png', 'width': 2048, 'height': 1024, 'image': tensor([[[113, 101, 101,  ...,  66,  66,  66],
         [111, 101, 102,  ...,  66,  68,  70],
         [111, 102, 103,  ...,  67,  69,  70],
         ...,
         [ 50,  51,  53,  ...,  67,  68,  68],
         [ 51,  50,  50,  ...,  68,  70,  68],
         [ 51,  52,  51,  ...,  67,  68,  69]],

        [[123,  84,  93,  ...,  69,  70,  73],
         [122,  86,  96,  ...,  69,  71,  75],
         [123,  88,  98,  ...,  71,  73,  75],
         ...,
         [ 56,  57,  57,  ...,  72,  73,  73],
         [ 57,  57,  56,  ...,  73,  74,  73],
         [ 57,  58,  58,  ...,  72,  73,  74]],

        [[109,  76,  83,  ...,  48,  51,  54],
         [109,  76,  84,  ...,  47,  52,  57],
         [109,  78,  84,  ...,  52,  54,  57],
         ...,
         [ 45,  44,  44,  ...,  55,  56,  56],
         [ 46,  46,  45,  ...,  56,  55,  56],
         [ 46,  47,  48,  ...,  55,  54,  56]]], dtype=torch.uint8), 'sem_seg': tensor([[  2,   2,   2,  ...,   2,   2,   2],
        [  2,   2,   2,  ...,   2,   2,   2],
        [  2,   2,   2,  ...,   2,   2,   2],
        ...,
        [255, 255, 255,  ...,   1,   1,   1],
        [255, 255, 255,  ...,   1,   1,   1],
        [255, 255, 255,  ...,   1,   1,   1]]), 'instances': Instances(num_instances=32, image_height=768, image_width=768, fields=[gt_classes: tensor([ 0,  1,  2,  5,  6,  7, 13,  1,  2,  5,  7,  1,  2,  5,  7,  2,  5,  7,
        13,  7,  2,  2,  2,  2,  2,  2,  2,  2,  2,  2,  2,  2]), gt_masks: tensor([[[False, False, False,  ..., False, False, False],
         [False, False, False,  ..., False, False, False],
         [False, False, False,  ..., False, False, False],
         ...,
         [False, False, False,  ..., False, False, False],
         [False, False, False,  ..., False, False, False],
         [False, False, False,  ..., False, False, False]],

        [[False, False, False,  ..., False, False, False],
         [False, False, False,  ..., False, False, False],
         [False, False, False,  ..., False, False, False],
         ...,
         [False, False, False,  ..., False, False, False],
         [False, False, False,  ..., False, False, False],
         [False, False, False,  ..., False, False, False]],

        [[False, False, False,  ..., False, False, False],
         [False, False, False,  ..., False, False, False],
         [False, False, False,  ..., False, False, False],
         ...,
         [False, False, False,  ..., False, False, False],
         [False, False, False,  ..., False, False, False],
         [False, False, False,  ..., False, False, False]],

        ...,

        [[False, False, False,  ..., False, False, False],
         [False, False, False,  ..., False, False, False],
         [False, False, False,  ..., False, False, False],
         ...,
         [False, False, False,  ..., False, False, False],
         [False, False, False,  ..., False, False, False],
         [False, False, False,  ..., False, False, False]],

        [[False, False, False,  ..., False, False, False],
         [False, False, False,  ..., False, False, False],
         [False, False, False,  ..., False, False, False],
         ...,
         [False, False, False,  ..., False, False, False],
         [False, False, False,  ..., False, False, False],
         [False, False, False,  ..., False, False, False]],

        [[False, False, False,  ..., False, False, False],
         [False, False, False,  ..., False, False, False],
         [False, False, False,  ..., False, False, False],
         ...,
         [False, False, False,  ..., False, False, False],
         [False, False, False,  ..., False, False, False],
         [False, False, False,  ..., False, False, False]]])])}
[02/28 06:23:09 mask2former.data.dataset_mappers.mask_former_semantic_dataset_mapper]: None
[02/28 06:23:09 mask2former.data.dataset_mappers.mask_former_semantic_dataset_mapper]: output dataset_dict: {'file_name': '/cpfs01/projects-HDD/pujianxiangmuzu_HDD/public/mr/./leftImg8bit_trainvaltest/leftImg8bit/train/krefeld/krefeld_000000_006686_leftImg8bit.png', 'width': 2048, 'height': 1024, 'image': tensor([[[198, 187, 163,  ..., 183, 179, 162],
         [198, 187, 163,  ..., 178, 165, 144],
         [197, 185, 163,  ..., 167, 145, 126],
         ...,
         [118, 118, 120,  ..., 122, 125, 123],
         [118, 120, 121,  ..., 122, 125, 125],
         [121, 121, 121,  ..., 122, 125, 126]],

        [[210, 200, 180,  ..., 185, 183, 166],
         [210, 200, 180,  ..., 180, 169, 148],
         [209, 200, 181,  ..., 169, 148, 129],
         ...,
         [127, 127, 127,  ..., 129, 132, 131],
         [125, 126, 127,  ..., 129, 131, 131],
         [126, 127, 127,  ..., 129, 130, 131]],

        [[197, 189, 171,  ..., 165, 158, 139],
         [197, 189, 172,  ..., 160, 147, 122],
         [197, 189, 174,  ..., 149, 130, 108],
         ...,
         [118, 118, 118,  ..., 121, 123, 121],
         [116, 117, 118,  ..., 121, 123, 122],
         [117, 118, 120,  ..., 121, 122, 122]]], dtype=torch.uint8), 'sem_seg': tensor([[2, 2, 2,  ..., 2, 2, 2],
        [2, 2, 2,  ..., 2, 2, 2],
        [2, 2, 2,  ..., 2, 2, 2],
        ...,
        [0, 0, 0,  ..., 0, 0, 0],
        [0, 0, 0,  ..., 0, 0, 0],
        [0, 0, 0,  ..., 0, 0, 0]]), 'instances': Instances(num_instances=27, image_height=768, image_width=768, fields=[gt_classes: tensor([ 0,  1,  2,  5,  6,  7,  8, 10, 13,  0,  8, 10,  2, 10,  2,  2,  2,  2,
         2,  2,  2, 13,  2, 13,  2, 13,  2]), gt_masks: tensor([[[False, False, False,  ..., False, False, False],
         [False, False, False,  ..., False, False, False],
         [False, False, False,  ..., False, False, False],
         ...,
         [ True,  True,  True,  ...,  True,  True,  True],
         [ True,  True,  True,  ...,  True,  True,  True],
         [ True,  True,  True,  ...,  True,  True,  True]],

        [[False, False, False,  ..., False, False, False],
         [False, False, False,  ..., False, False, False],
         [False, False, False,  ..., False, False, False],
         ...,
         [False, False, False,  ..., False, False, False],
         [False, False, False,  ..., False, False, False],
         [False, False, False,  ..., False, False, False]],

        [[False, False, False,  ..., False, False, False],
         [False, False, False,  ..., False, False, False],
         [False, False, False,  ..., False, False, False],
         ...,
         [False, False, False,  ..., False, False, False],
         [False, False, False,  ..., False, False, False],
         [False, False, False,  ..., False, False, False]],

        ...,

        [[False, False, False,  ..., False, False, False],
         [False, False, False,  ..., False, False, False],
         [False, False, False,  ..., False, False, False],
         ...,
         [False, False, False,  ..., False, False, False],
         [False, False, False,  ..., False, False, False],
         [False, False, False,  ..., False, False, False]],

        [[False, False, False,  ..., False, False, False],
         [False, False, False,  ..., False, False, False],
         [False, False, False,  ..., False, False, False],
         ...,
         [False, False, False,  ..., False, False, False],
         [False, False, False,  ..., False, False, False],
         [False, False, False,  ..., False, False, False]],

        [[False, False, False,  ..., False, False, False],
         [False, False, False,  ..., False, False, False],
         [False, False, False,  ..., False, False, False],
         ...,
         [False, False, False,  ..., False, False, False],
         [False, False, False,  ..., False, False, False],
         [False, False, False,  ..., False, False, False]]])])}
[02/28 06:23:09 mask2former.data.dataset_mappers.mask_former_semantic_dataset_mapper]: None
[02/28 06:23:09 mask2former.data.dataset_mappers.mask_former_semantic_dataset_mapper]: output dataset_dict: {'file_name': '/cpfs01/projects-HDD/pujianxiangmuzu_HDD/public/mr/./leftImg8bit_trainvaltest/leftImg8bit/train/bremen/bremen_000128_000019_leftImg8bit.png', 'width': 2048, 'height': 1024, 'image': tensor([[[ 43,  41,  41,  ...,  46,  48,  49],
         [ 43,  43,  43,  ...,  45,  48,  50],
         [ 43,  43,  43,  ...,  44,  48,  50],
         ...,
         [ 74,  73,  71,  ...,  88,  88,  88],
         [ 75,  74,  73,  ...,  90,  90,  90],
         [ 75,  74,  73,  ...,  91,  90,  90]],

        [[ 57,  56,  54,  ...,  54,  54,  54],
         [ 57,  56,  56,  ...,  53,  56,  56],
         [ 57,  56,  56,  ...,  53,  56,  57],
         ...,
         [101, 100, 100,  ..., 100, 101, 101],
         [103, 103, 103,  ..., 101, 101, 101],
         [104, 104, 104,  ..., 100, 100, 100]],

        [[ 37,  36,  36,  ...,  40,  39,  39],
         [ 37,  36,  36,  ...,  39,  41,  41],
         [ 37,  36,  36,  ...,  39,  43,  44],
         ...,
         [ 63,  63,  63,  ...,  80,  82,  82],
         [ 67,  66,  66,  ...,  82,  82,  82],
         [ 69,  67,  67,  ...,  82,  82,  82]]], dtype=torch.uint8), 'sem_seg': tensor([[8, 8, 8,  ..., 8, 8, 8],
        [8, 8, 8,  ..., 8, 8, 8],
        [8, 8, 8,  ..., 8, 8, 8],
        ...,
        [9, 9, 9,  ..., 0, 0, 0],
        [9, 9, 9,  ..., 0, 0, 0],
        [9, 9, 9,  ..., 0, 0, 0]]), 'instances': Instances(num_instances=18, image_height=768, image_width=768, fields=[gt_classes: tensor([ 0,  4,  5,  8,  9, 13,  0,  9, 13,  8,  9, 13,  8,  8, 13,  8,  8,  8]), gt_masks: tensor([[[False, False, False,  ..., False, False, False],
         [False, False, False,  ..., False, False, False],
         [False, False, False,  ..., False, False, False],
         ...,
         [False, False, False,  ..., False, False, False],
         [False, False, False,  ..., False, False, False],
         [False, False, False,  ..., False, False, False]],

        [[False, False, False,  ..., False, False, False],
         [False, False, False,  ..., False, False, False],
         [False, False, False,  ..., False, False, False],
         ...,
         [False, False, False,  ..., False, False, False],
         [False, False, False,  ..., False, False, False],
         [False, False, False,  ..., False, False, False]],

        [[False, False, False,  ..., False, False, False],
         [False, False, False,  ..., False, False, False],
         [False, False, False,  ..., False, False, False],
         ...,
         [False, False, False,  ..., False, False, False],
         [False, False, False,  ..., False, False, False],
         [False, False, False,  ..., False, False, False]],

        ...,

        [[ True,  True,  True,  ..., False, False, False],
         [ True,  True,  True,  ..., False, False, False],
         [ True,  True,  True,  ..., False, False, False],
         ...,
         [False, False, False,  ..., False, False, False],
         [False, False, False,  ..., False, False, False],
         [False, False, False,  ..., False, False, False]],

        [[False, False, False,  ..., False, False, False],
         [False, False, False,  ..., False, False, False],
         [False, False, False,  ..., False, False, False],
         ...,
         [False, False, False,  ..., False, False, False],
         [False, False, False,  ..., False, False, False],
         [False, False, False,  ..., False, False, False]],

        [[False, False, False,  ..., False, False, False],
         [False, False, False,  ..., False, False, False],
         [False, False, False,  ..., False, False, False],
         ...,
         [False, False, False,  ..., False, False, False],
         [False, False, False,  ..., False, False, False],
         [False, False, False,  ..., False, False, False]]])])}
[02/28 06:23:09 mask2former.data.dataset_mappers.mask_former_semantic_dataset_mapper]: None
[02/28 06:23:09 mask2former.data.dataset_mappers.mask_former_semantic_dataset_mapper]: output dataset_dict: {'file_name': '/cpfs01/projects-HDD/pujianxiangmuzu_HDD/public/mr/./leftImg8bit_trainvaltest/leftImg8bit/train/hamburg/hamburg_000000_098400_leftImg8bit.png', 'width': 2048, 'height': 1024, 'image': tensor([[[129, 129, 128,  ..., 111, 111, 111],
         [129, 128, 128,  ..., 111, 111, 111],
         [127, 126, 124,  ..., 111, 111, 112],
         ...,
         [ 74,  74,  76,  ..., 104, 104, 104],
         [ 73,  75,  75,  ..., 102, 103, 104],
         [ 73,  75,  75,  ..., 104, 104, 104]],

        [[128, 127, 129,  ..., 109, 108, 107],
         [128, 129, 129,  ..., 108, 104, 104],
         [127, 127, 127,  ..., 104, 104, 105],
         ...,
         [ 81,  81,  81,  ..., 107, 107, 106],
         [ 81,  83,  83,  ..., 107, 106, 107],
         [ 81,  83,  83,  ..., 107, 106, 107]],

        [[ 99, 102, 103,  ...,  84,  84,  81],
         [ 99, 102, 103,  ...,  84,  84,  81],
         [ 99, 100, 103,  ...,  81,  81,  82],
         ...,
         [ 60,  62,  62,  ...,  73,  73,  73],
         [ 62,  63,  63,  ...,  75,  73,  75],
         [ 62,  63,  63,  ...,  75,  73,  75]]], dtype=torch.uint8), 'sem_seg': tensor([[  0,   0,   0,  ...,   0,   0,   0],
        [  0,   0,   0,  ...,   0,   0,   0],
        [  0,   0,   0,  ...,   0,   0,   0],
        ...,
        [255, 255, 255,  ..., 255, 255, 255],
        [255, 255, 255,  ..., 255, 255, 255],
        [255, 255, 255,  ..., 255, 255, 255]]), 'instances': Instances(num_instances=1, image_height=768, image_width=768, fields=[gt_classes: tensor([0]), gt_masks: tensor([[[ True,  True,  True,  ...,  True,  True,  True],
         [ True,  True,  True,  ...,  True,  True,  True],
         [ True,  True,  True,  ...,  True,  True,  True],
         ...,
         [False, False, False,  ..., False, False, False],
         [False, False, False,  ..., False, False, False],
         [False, False, False,  ..., False, False, False]]])])}
[02/28 06:23:09 mask2former.data.dataset_mappers.mask_former_semantic_dataset_mapper]: None
[02/28 06:23:10 mask2former.data.dataset_mappers.mask_former_semantic_dataset_mapper]: output dataset_dict: {'file_name': '/cpfs01/projects-HDD/pujianxiangmuzu_HDD/public/mr/./leftImg8bit_trainvaltest/leftImg8bit/train/hamburg/hamburg_000000_073999_leftImg8bit.png', 'width': 2048, 'height': 1024, 'image': tensor([[[23, 23, 23,  ..., 66, 68, 70],
         [23, 23, 23,  ..., 61, 66, 69],
         [19, 20, 20,  ..., 59, 64, 69],
         ...,
         [39, 39, 39,  ..., 29, 29, 28],
         [39, 39, 39,  ..., 29, 29, 28],
         [39, 39, 40,  ..., 29, 29, 29]],

        [[16, 16, 16,  ..., 70, 71, 73],
         [18, 17, 18,  ..., 66, 69, 70],
         [16, 16, 16,  ..., 63, 66, 68],
         ...,
         [41, 41, 41,  ..., 32, 31, 30],
         [41, 41, 41,  ..., 32, 31, 30],
         [42, 42, 42,  ..., 32, 32, 31]],

        [[10, 10, 10,  ..., 57, 59, 62],
         [11, 11, 11,  ..., 55, 57, 60],
         [ 9, 10, 10,  ..., 55, 56, 57],
         ...,
         [32, 32, 33,  ..., 23, 22, 22],
         [33, 32, 33,  ..., 23, 22, 22],
         [34, 33, 33,  ..., 23, 23, 22]]], dtype=torch.uint8), 'sem_seg': tensor([[ 15,  15,  15,  ...,  15,  15,  15],
        [ 15,  15,  15,  ...,  15,  15,  15],
        [ 15,  15,  15,  ...,  15,  15,  15],
        ...,
        [255, 255, 255,  ..., 255, 255, 255],
        [255, 255, 255,  ..., 255, 255, 255],
        [255, 255, 255,  ..., 255, 255, 255]]), 'instances': Instances(num_instances=16, image_height=768, image_width=768, fields=[gt_classes: tensor([ 0,  1,  5,  7,  9, 11, 13, 15,  0, 15, 15, 15, 15, 15, 13, 15]), gt_masks: tensor([[[False, False, False,  ..., False, False, False],
         [False, False, False,  ..., False, False, False],
         [False, False, False,  ..., False, False, False],
         ...,
         [False, False, False,  ..., False, False, False],
         [False, False, False,  ..., False, False, False],
         [False, False, False,  ..., False, False, False]],

        [[False, False, False,  ..., False, False, False],
         [False, False, False,  ..., False, False, False],
         [False, False, False,  ..., False, False, False],
         ...,
         [False, False, False,  ..., False, False, False],
         [False, False, False,  ..., False, False, False],
         [False, False, False,  ..., False, False, False]],

        [[False, False, False,  ..., False, False, False],
         [False, False, False,  ..., False, False, False],
         [False, False, False,  ..., False, False, False],
         ...,
         [False, False, False,  ..., False, False, False],
         [False, False, False,  ..., False, False, False],
         [False, False, False,  ..., False, False, False]],

        ...,

        [[ True,  True,  True,  ..., False, False, False],
         [ True,  True,  True,  ..., False, False, False],
         [ True,  True,  True,  ..., False, False, False],
         ...,
         [False, False, False,  ..., False, False, False],
         [False, False, False,  ..., False, False, False],
         [False, False, False,  ..., False, False, False]],

        [[False, False, False,  ..., False, False, False],
         [False, False, False,  ..., False, False, False],
         [False, False, False,  ..., False, False, False],
         ...,
         [False, False, False,  ..., False, False, False],
         [False, False, False,  ..., False, False, False],
         [False, False, False,  ..., False, False, False]],

        [[False, False, False,  ..., False, False, False],
         [False, False, False,  ..., False, False, False],
         [False, False, False,  ..., False, False, False],
         ...,
         [False, False, False,  ..., False, False, False],
         [False, False, False,  ..., False, False, False],
         [False, False, False,  ..., False, False, False]]])])}
[02/28 06:23:10 mask2former.data.dataset_mappers.mask_former_semantic_dataset_mapper]: None
[02/28 06:23:10 mask2former.data.dataset_mappers.mask_former_semantic_dataset_mapper]: output dataset_dict: {'file_name': '/cpfs01/projects-HDD/pujianxiangmuzu_HDD/public/mr/./leftImg8bit_trainvaltest/leftImg8bit/train/stuttgart/stuttgart_000183_000019_leftImg8bit.png', 'width': 2048, 'height': 1024, 'image': tensor([[[ 58,  54,  47,  ..., 106, 109, 111],
         [ 60,  58,  53,  ..., 108, 111, 112],
         [ 62,  61,  59,  ..., 109, 112, 111],
         ...,
         [ 96,  96,  98,  ...,  85,  82,  82],
         [ 99,  99,  99,  ...,  87,  85,  85],
         [101, 101,  99,  ...,  88,  85,  85]],

        [[ 66,  60,  54,  ..., 114, 117, 118],
         [ 68,  65,  60,  ..., 115, 118, 120],
         [ 69,  68,  66,  ..., 115, 118, 118],
         ...,
         [111, 111, 112,  ..., 100,  97,  97],
         [114, 114, 114,  ..., 100,  99,  99],
         [115, 115, 114,  ..., 100,  99,  99]],

        [[ 55,  52,  47,  ...,  90,  93,  95],
         [ 55,  54,  49,  ...,  92,  95,  96],
         [ 56,  54,  52,  ...,  93,  96,  97],
         ...,
         [ 98,  98, 101,  ...,  93,  90,  89],
         [101, 101, 103,  ...,  93,  90,  88],
         [105, 105, 104,  ...,  93,  90,  87]]], dtype=torch.uint8), 'sem_seg': tensor([[14, 14, 14,  ...,  2,  2,  2],
        [14, 14, 14,  ...,  2,  2,  2],
        [14, 14, 14,  ...,  2,  2,  2],
        ...,
        [ 0,  0,  0,  ...,  0,  0,  0],
        [ 0,  0,  0,  ...,  0,  0,  0],
        [ 0,  0,  0,  ...,  0,  0,  0]]), 'instances': Instances(num_instances=21, image_height=768, image_width=768, fields=[gt_classes: tensor([ 0,  1,  2,  5, 11, 13, 14,  0,  1,  2, 14,  0,  1, 11,  2,  1,  2,  1,
        11, 11,  2]), gt_masks: tensor([[[False, False, False,  ..., False, False, False],
         [False, False, False,  ..., False, False, False],
         [False, False, False,  ..., False, False, False],
         ...,
         [False, False, False,  ..., False, False, False],
         [False, False, False,  ..., False, False, False],
         [False, False, False,  ..., False, False, False]],

        [[False, False, False,  ..., False, False, False],
         [False, False, False,  ..., False, False, False],
         [False, False, False,  ..., False, False, False],
         ...,
         [False, False, False,  ..., False, False, False],
         [False, False, False,  ..., False, False, False],
         [False, False, False,  ..., False, False, False]],

        [[False, False, False,  ..., False, False, False],
         [False, False, False,  ..., False, False, False],
         [False, False, False,  ..., False, False, False],
         ...,
         [False, False, False,  ..., False, False, False],
         [False, False, False,  ..., False, False, False],
         [False, False, False,  ..., False, False, False]],

        ...,

        [[False, False, False,  ..., False, False, False],
         [False, False, False,  ..., False, False, False],
         [False, False, False,  ..., False, False, False],
         ...,
         [False, False, False,  ..., False, False, False],
         [False, False, False,  ..., False, False, False],
         [False, False, False,  ..., False, False, False]],

        [[False, False, False,  ..., False, False, False],
         [False, False, False,  ..., False, False, False],
         [False, False, False,  ..., False, False, False],
         ...,
         [False, False, False,  ..., False, False, False],
         [False, False, False,  ..., False, False, False],
         [False, False, False,  ..., False, False, False]],

        [[False, False, False,  ..., False, False, False],
         [False, False, False,  ..., False, False, False],
         [False, False, False,  ..., False, False, False],
         ...,
         [False, False, False,  ..., False, False, False],
         [False, False, False,  ..., False, False, False],
         [False, False, False,  ..., False, False, False]]])])}
[02/28 06:23:10 mask2former.data.dataset_mappers.mask_former_semantic_dataset_mapper]: None
[02/28 06:23:10 mask2former.data.dataset_mappers.mask_former_semantic_dataset_mapper]: output dataset_dict: {'file_name': '/cpfs01/projects-HDD/pujianxiangmuzu_HDD/public/mr/./leftImg8bit_trainvaltest/leftImg8bit/train/aachen/aachen_000118_000019_leftImg8bit.png', 'width': 2048, 'height': 1024, 'image': tensor([[[37, 32, 30,  ..., 17, 18, 19],
         [37, 32, 30,  ..., 18, 19, 21],
         [37, 33, 30,  ..., 18, 19, 22],
         ...,
         [37, 37, 37,  ..., 39, 38, 37],
         [37, 37, 37,  ..., 39, 39, 38],
         [37, 37, 37,  ..., 39, 38, 37]],

        [[49, 43, 39,  ..., 21, 21, 22],
         [50, 43, 39,  ..., 21, 22, 23],
         [50, 43, 39,  ..., 21, 23, 25],
         ...,
         [46, 46, 46,  ..., 45, 44, 43],
         [46, 46, 45,  ..., 45, 44, 44],
         [45, 45, 45,  ..., 44, 43, 43]],

        [[44, 39, 37,  ..., 17, 17, 17],
         [44, 39, 36,  ..., 17, 17, 18],
         [44, 39, 36,  ..., 17, 17, 18],
         ...,
         [41, 41, 41,  ..., 38, 37, 37],
         [41, 41, 40,  ..., 37, 37, 37],
         [41, 41, 41,  ..., 37, 37, 37]]], dtype=torch.uint8), 'sem_seg': tensor([[7, 7, 7,  ..., 8, 8, 8],
        [7, 7, 7,  ..., 8, 8, 8],
        [7, 7, 7,  ..., 8, 8, 8],
        ...,
        [0, 0, 0,  ..., 0, 0, 0],
        [0, 0, 0,  ..., 0, 0, 0],
        [0, 0, 0,  ..., 0, 0, 0]]), 'instances': Instances(num_instances=39, image_height=768, image_width=768, fields=[gt_classes: tensor([ 0,  1,  2,  5,  6,  7,  8,  9, 10, 11, 13, 15,  0,  1,  7,  8, 10,  0,
         7,  8, 10,  0,  7,  8, 10,  7,  8,  2,  7,  8,  7,  2,  8,  2,  2,  7,
         8,  2,  8]), gt_masks: tensor([[[False, False, False,  ..., False, False, False],
         [False, False, False,  ..., False, False, False],
         [False, False, False,  ..., False, False, False],
         ...,
         [False, False, False,  ..., False, False, False],
         [False, False, False,  ..., False, False, False],
         [False, False, False,  ..., False, False, False]],

        [[False, False, False,  ..., False, False, False],
         [False, False, False,  ..., False, False, False],
         [False, False, False,  ..., False, False, False],
         ...,
         [False, False, False,  ..., False, False, False],
         [False, False, False,  ..., False, False, False],
         [False, False, False,  ..., False, False, False]],

        [[False, False, False,  ..., False, False, False],
         [False, False, False,  ..., False, False, False],
         [False, False, False,  ..., False, False, False],
         ...,
         [False, False, False,  ..., False, False, False],
         [False, False, False,  ..., False, False, False],
         [False, False, False,  ..., False, False, False]],

        ...,

        [[False, False, False,  ..., False, False, False],
         [False, False, False,  ..., False, False, False],
         [False, False, False,  ..., False, False, False],
         ...,
         [False, False, False,  ..., False, False, False],
         [False, False, False,  ..., False, False, False],
         [False, False, False,  ..., False, False, False]],

        [[False, False, False,  ..., False, False, False],
         [False, False, False,  ..., False, False, False],
         [False, False, False,  ..., False, False, False],
         ...,
         [False, False, False,  ..., False, False, False],
         [False, False, False,  ..., False, False, False],
         [False, False, False,  ..., False, False, False]],

        [[False, False, False,  ..., False, False, False],
         [False, False, False,  ..., False, False, False],
         [False, False, False,  ..., False, False, False],
         ...,
         [False, False, False,  ..., False, False, False],
         [False, False, False,  ..., False, False, False],
         [False, False, False,  ..., False, False, False]]])])}
[02/28 06:23:10 mask2former.data.dataset_mappers.mask_former_semantic_dataset_mapper]: None
[02/28 06:23:10 mask2former.data.dataset_mappers.mask_former_semantic_dataset_mapper]: output dataset_dict: {'file_name': '/cpfs01/projects-HDD/pujianxiangmuzu_HDD/public/mr/./leftImg8bit_trainvaltest/leftImg8bit/train/strasbourg/strasbourg_000000_018874_leftImg8bit.png', 'width': 2048, 'height': 1024, 'image': tensor([[[183, 182, 182,  ..., 255, 246, 226],
         [185, 183, 183,  ..., 242, 217, 195],
         [185, 186, 186,  ..., 224, 197, 177],
         ...,
         [ 61,  62,  62,  ..., 162, 164, 164],
         [ 62,  62,  62,  ..., 160, 162, 162],
         [ 62,  62,  62,  ..., 160, 162, 162]],

        [[175, 175, 175,  ..., 255, 255, 255],
         [175, 175, 175,  ..., 255, 255, 246],
         [177, 179, 179,  ..., 255, 243, 226],
         ...,
         [ 66,  67,  67,  ..., 164, 164, 164],
         [ 67,  67,  67,  ..., 165, 164, 164],
         [ 67,  67,  67,  ..., 165, 164, 164]],

        [[149, 149, 149,  ..., 255, 251, 228],
         [150, 152, 152,  ..., 242, 225, 202],
         [153, 153, 153,  ..., 211, 196, 180],
         ...,
         [ 57,  59,  59,  ..., 138, 138, 138],
         [ 59,  58,  58,  ..., 141, 138, 138],
         [ 59,  58,  58,  ..., 141, 138, 135]]], dtype=torch.uint8), 'sem_seg': tensor([[2, 2, 2,  ..., 2, 2, 2],
        [2, 2, 2,  ..., 2, 2, 2],
        [2, 2, 2,  ..., 2, 2, 2],
        ...,
        [0, 0, 0,  ..., 0, 0, 0],
        [0, 0, 0,  ..., 0, 0, 0],
        [0, 0, 0,  ..., 0, 0, 0]]), 'instances': Instances(num_instances=16, image_height=768, image_width=768, fields=[gt_classes: tensor([ 0,  2, 13,  2,  2,  2,  2,  2,  2,  2,  2, 13, 13,  2,  2,  2]), gt_masks: tensor([[[False, False, False,  ..., False, False, False],
         [False, False, False,  ..., False, False, False],
         [False, False, False,  ..., False, False, False],
         ...,
         [ True,  True,  True,  ...,  True,  True,  True],
         [ True,  True,  True,  ...,  True,  True,  True],
         [ True,  True,  True,  ...,  True,  True,  True]],

        [[False, False, False,  ..., False, False, False],
         [False, False, False,  ..., False, False, False],
         [False, False, False,  ..., False, False, False],
         ...,
         [False, False, False,  ..., False, False, False],
         [False, False, False,  ..., False, False, False],
         [False, False, False,  ..., False, False, False]],

        [[False, False, False,  ..., False, False, False],
         [False, False, False,  ..., False, False, False],
         [False, False, False,  ..., False, False, False],
         ...,
         [False, False, False,  ..., False, False, False],
         [False, False, False,  ..., False, False, False],
         [False, False, False,  ..., False, False, False]],

        ...,

        [[ True,  True,  True,  ..., False, False, False],
         [ True,  True,  True,  ..., False, False, False],
         [ True,  True,  True,  ..., False, False, False],
         ...,
         [False, False, False,  ..., False, False, False],
         [False, False, False,  ..., False, False, False],
         [False, False, False,  ..., False, False, False]],

        [[False, False, False,  ..., False, False, False],
         [False, False, False,  ..., False, False, False],
         [False, False, False,  ..., False, False, False],
         ...,
         [False, False, False,  ..., False, False, False],
         [False, False, False,  ..., False, False, False],
         [False, False, False,  ..., False, False, False]],

        [[False, False, False,  ..., False, False, False],
         [False, False, False,  ..., False, False, False],
         [False, False, False,  ..., False, False, False],
         ...,
         [False, False, False,  ..., False, False, False],
         [False, False, False,  ..., False, False, False],
         [False, False, False,  ..., False, False, False]]])])}
[02/28 06:23:10 mask2former.data.dataset_mappers.mask_former_semantic_dataset_mapper]: None
[02/28 06:23:11 mask2former.data.dataset_mappers.mask_former_semantic_dataset_mapper]: output dataset_dict: {'file_name': '/cpfs01/projects-HDD/pujianxiangmuzu_HDD/public/mr/./leftImg8bit_trainvaltest/leftImg8bit/train/monchengladbach/monchengladbach_000000_034302_leftImg8bit.png', 'width': 2048, 'height': 1024, 'image': tensor([[[ 61,  60,  60,  ..., 113, 113, 112],
         [ 61,  61,  61,  ..., 113, 114, 113],
         [ 61,  61,  61,  ..., 113, 114, 114],
         ...,
         [ 80,  81,  81,  ..., 101, 101, 101],
         [ 80,  81,  81,  ..., 100, 100, 101],
         [ 81,  82,  82,  ..., 100, 101, 100]],

        [[ 67,  66,  67,  ..., 123, 124, 123],
         [ 66,  67,  67,  ..., 124, 124, 124],
         [ 66,  67,  67,  ..., 124, 124, 123],
         ...,
         [ 87,  87,  87,  ..., 105, 105, 104],
         [ 87,  87,  87,  ..., 105, 105, 105],
         [ 87,  88,  88,  ..., 105, 105, 104]],

        [[ 59,  59,  60,  ..., 115, 115, 113],
         [ 59,  59,  59,  ..., 116, 116, 114],
         [ 59,  59,  59,  ..., 115, 115, 114],
         ...,
         [ 77,  77,  78,  ...,  93,  92,  92],
         [ 77,  77,  77,  ...,  93,  93,  93],
         [ 78,  78,  77,  ...,  94,  94,  93]]], dtype=torch.uint8), 'sem_seg': tensor([[  2,   2,   2,  ...,   2,   2,   2],
        [  2,   2,   2,  ...,   2,   2,   2],
        [  2,   2,   2,  ...,   2,   2,   2],
        ...,
        [  2,   2,   2,  ..., 255, 255, 255],
        [  2,   2,   2,  ..., 255, 255, 255],
        [  2,   2,   2,  ..., 255, 255, 255]]), 'instances': Instances(num_instances=17, image_height=768, image_width=768, fields=[gt_classes: tensor([2, 5, 2, 5, 2, 2, 2, 2, 2, 2, 2, 2, 2, 2, 2, 2, 2]), gt_masks: tensor([[[False, False, False,  ..., False, False, False],
         [False, False, False,  ..., False, False, False],
         [False, False, False,  ..., False, False, False],
         ...,
         [ True,  True,  True,  ..., False, False, False],
         [ True,  True,  True,  ..., False, False, False],
         [ True,  True,  True,  ..., False, False, False]],

        [[False, False, False,  ..., False, False, False],
         [False, False, False,  ..., False, False, False],
         [False, False, False,  ..., False, False, False],
         ...,
         [False, False, False,  ..., False, False, False],
         [False, False, False,  ..., False, False, False],
         [False, False, False,  ..., False, False, False]],

        [[False, False, False,  ..., False, False, False],
         [False, False, False,  ..., False, False, False],
         [False, False, False,  ..., False, False, False],
         ...,
         [False, False, False,  ..., False, False, False],
         [False, False, False,  ..., False, False, False],
         [False, False, False,  ..., False, False, False]],

        ...,

        [[False, False, False,  ..., False, False, False],
         [False, False, False,  ..., False, False, False],
         [False, False, False,  ..., False, False, False],
         ...,
         [False, False, False,  ..., False, False, False],
         [False, False, False,  ..., False, False, False],
         [False, False, False,  ..., False, False, False]],

        [[False, False, False,  ..., False, False, False],
         [False, False, False,  ..., False, False, False],
         [False, False, False,  ..., False, False, False],
         ...,
         [False, False, False,  ..., False, False, False],
         [False, False, False,  ..., False, False, False],
         [False, False, False,  ..., False, False, False]],

        [[False, False, False,  ...,  True,  True,  True],
         [False, False, False,  ...,  True,  True,  True],
         [False, False, False,  ...,  True,  True,  True],
         ...,
         [False, False, False,  ..., False, False, False],
         [False, False, False,  ..., False, False, False],
         [False, False, False,  ..., False, False, False]]])])}
[02/28 06:23:11 mask2former.data.dataset_mappers.mask_former_semantic_dataset_mapper]: None
[02/28 06:23:11 mask2former.data.dataset_mappers.mask_former_semantic_dataset_mapper]: output dataset_dict: {'file_name': '/cpfs01/projects-HDD/pujianxiangmuzu_HDD/public/mr/./leftImg8bit_trainvaltest/leftImg8bit/train/dusseldorf/dusseldorf_000004_000019_leftImg8bit.png', 'width': 2048, 'height': 1024, 'image': tensor([[[ 26,  30,  32,  ..., 152, 152, 152],
         [ 31,  34,  35,  ..., 152, 152, 152],
         [ 36,  39,  40,  ..., 153, 152, 152],
         ...,
         [ 14,  14,  13,  ...,  72,  76,  80],
         [ 15,  15,  14,  ...,  65,  68,  72],
         [ 16,  17,  16,  ...,  57,  59,  61]],

        [[ 38,  43,  47,  ..., 183, 183, 183],
         [ 43,  47,  50,  ..., 183, 183, 183],
         [ 49,  51,  53,  ..., 184, 183, 183],
         ...,
         [ 21,  20,  19,  ...,  93,  96, 100],
         [ 23,  22,  21,  ...,  86,  88,  90],
         [ 26,  25,  24,  ...,  77,  78,  80]],

        [[ 21,  24,  29,  ..., 163, 162, 162],
         [ 24,  28,  33,  ..., 162, 162, 162],
         [ 30,  34,  38,  ..., 162, 161, 161],
         ...,
         [ 17,  17,  17,  ...,  70,  71,  71],
         [ 20,  19,  18,  ...,  65,  65,  66],
         [ 23,  22,  21,  ...,  58,  59,  60]]], dtype=torch.uint8), 'sem_seg': tensor([[ 2,  2,  2,  ...,  2,  2,  2],
        [ 2,  2,  2,  ...,  2,  2,  2],
        [ 2,  2,  2,  ...,  2,  2,  2],
        ...,
        [13, 13, 13,  ...,  2,  2,  2],
        [13, 13, 13,  ...,  2,  2,  2],
        [13, 13, 13,  ...,  2,  2,  2]]), 'instances': Instances(num_instances=16, image_height=768, image_width=768, fields=[gt_classes: tensor([ 1,  2,  5,  6,  7, 13, 18,  2,  2,  2,  2,  2,  2,  2,  2, 13]), gt_masks: tensor([[[False, False, False,  ..., False, False, False],
         [False, False, False,  ..., False, False, False],
         [False, False, False,  ..., False, False, False],
         ...,
         [False, False, False,  ..., False, False, False],
         [False, False, False,  ..., False, False, False],
         [False, False, False,  ..., False, False, False]],

        [[False, False, False,  ..., False, False, False],
         [False, False, False,  ..., False, False, False],
         [False, False, False,  ..., False, False, False],
         ...,
         [False, False, False,  ..., False, False, False],
         [False, False, False,  ..., False, False, False],
         [False, False, False,  ..., False, False, False]],

        [[False, False, False,  ..., False, False, False],
         [False, False, False,  ..., False, False, False],
         [False, False, False,  ..., False, False, False],
         ...,
         [False, False, False,  ..., False, False, False],
         [False, False, False,  ..., False, False, False],
         [False, False, False,  ..., False, False, False]],

        ...,

        [[False, False, False,  ..., False, False, False],
         [False, False, False,  ..., False, False, False],
         [False, False, False,  ..., False, False, False],
         ...,
         [False, False, False,  ..., False, False, False],
         [False, False, False,  ..., False, False, False],
         [False, False, False,  ..., False, False, False]],

        [[False, False, False,  ..., False, False, False],
         [False, False, False,  ..., False, False, False],
         [False, False, False,  ..., False, False, False],
         ...,
         [False, False, False,  ..., False, False, False],
         [False, False, False,  ..., False, False, False],
         [False, False, False,  ..., False, False, False]],

        [[False, False, False,  ..., False, False, False],
         [False, False, False,  ..., False, False, False],
         [False, False, False,  ..., False, False, False],
         ...,
         [ True,  True,  True,  ..., False, False, False],
         [ True,  True,  True,  ..., False, False, False],
         [ True,  True,  True,  ..., False, False, False]]])])}
[02/28 06:23:11 mask2former.data.dataset_mappers.mask_former_semantic_dataset_mapper]: None
[02/28 06:23:11 mask2former.data.dataset_mappers.mask_former_semantic_dataset_mapper]: output dataset_dict: {'file_name': '/cpfs01/projects-HDD/pujianxiangmuzu_HDD/public/mr/./leftImg8bit_trainvaltest/leftImg8bit/train/strasbourg/strasbourg_000001_017675_leftImg8bit.png', 'width': 2048, 'height': 1024, 'image': tensor([[[ 82,  83,  85,  ..., 119, 120, 123],
         [ 80,  82,  83,  ..., 121, 123, 124],
         [ 83,  83,  85,  ..., 121, 124, 126],
         ...,
         [134, 134, 135,  ..., 139, 139, 139],
         [134, 134, 135,  ..., 139, 137, 137],
         [132, 134, 134,  ..., 137, 136, 136]],

        [[101, 103, 104,  ..., 127, 129, 132],
         [ 98, 101, 103,  ..., 130, 132, 133],
         [101, 103, 103,  ..., 132, 133, 134],
         ...,
         [150, 150, 150,  ..., 149, 149, 149],
         [150, 150, 150,  ..., 149, 149, 149],
         [150, 150, 150,  ..., 148, 148, 148]],

        [[ 82,  83,  85,  ..., 114, 114, 116],
         [ 85,  86,  85,  ..., 117, 116, 117],
         [ 84,  85,  88,  ..., 118, 119, 119],
         ...,
         [140, 140, 140,  ..., 140, 139, 139],
         [140, 142, 140,  ..., 140, 139, 139],
         [142, 142, 140,  ..., 139, 137, 137]]], dtype=torch.uint8), 'sem_seg': tensor([[255, 255, 255,  ...,   2,   2,   2],
        [255, 255, 255,  ...,   2,   2,   2],
        [255, 255, 255,  ...,   2,   2,   2],
        ...,
        [255, 255, 255,  ...,   0,   0,   0],
        [255, 255, 255,  ...,   0,   0,   0],
        [255, 255, 255,  ...,   0,   0,   0]]), 'instances': Instances(num_instances=28, image_height=768, image_width=768, fields=[gt_classes: tensor([ 0,  1,  2,  4,  5,  7,  8, 11,  0,  2,  5,  8,  5,  5,  0,  1,  5,  8,
         0,  8,  1,  1,  8,  8,  1,  0,  8,  8]), gt_masks: tensor([[[False, False, False,  ..., False, False, False],
         [False, False, False,  ..., False, False, False],
         [False, False, False,  ..., False, False, False],
         ...,
         [False, False, False,  ..., False, False, False],
         [False, False, False,  ..., False, False, False],
         [False, False, False,  ..., False, False, False]],

        [[False, False, False,  ..., False, False, False],
         [False, False, False,  ..., False, False, False],
         [False, False, False,  ..., False, False, False],
         ...,
         [False, False, False,  ..., False, False, False],
         [False, False, False,  ..., False, False, False],
         [False, False, False,  ..., False, False, False]],

        [[False, False, False,  ..., False, False, False],
         [False, False, False,  ..., False, False, False],
         [False, False, False,  ..., False, False, False],
         ...,
         [False, False, False,  ..., False, False, False],
         [False, False, False,  ..., False, False, False],
         [False, False, False,  ..., False, False, False]],

        ...,

        [[False, False, False,  ..., False, False, False],
         [False, False, False,  ..., False, False, False],
         [False, False, False,  ..., False, False, False],
         ...,
         [False, False, False,  ..., False, False, False],
         [False, False, False,  ..., False, False, False],
         [False, False, False,  ..., False, False, False]],

        [[False, False, False,  ..., False, False, False],
         [False, False, False,  ..., False, False, False],
         [False, False, False,  ..., False, False, False],
         ...,
         [False, False, False,  ..., False, False, False],
         [False, False, False,  ..., False, False, False],
         [False, False, False,  ..., False, False, False]],

        [[False, False, False,  ..., False, False, False],
         [False, False, False,  ..., False, False, False],
         [False, False, False,  ..., False, False, False],
         ...,
         [False, False, False,  ..., False, False, False],
         [False, False, False,  ..., False, False, False],
         [False, False, False,  ..., False, False, False]]])])}
[02/28 06:23:11 mask2former.data.dataset_mappers.mask_former_semantic_dataset_mapper]: None
[02/28 06:23:11 mask2former.data.dataset_mappers.mask_former_semantic_dataset_mapper]: output dataset_dict: {'file_name': '/cpfs01/projects-HDD/pujianxiangmuzu_HDD/public/mr/./leftImg8bit_trainvaltest/leftImg8bit/train/krefeld/krefeld_000000_035398_leftImg8bit.png', 'width': 2048, 'height': 1024, 'image': tensor([[[52, 53, 53,  ..., 68, 67, 66],
         [51, 52, 53,  ..., 67, 66, 65],
         [51, 52, 53,  ..., 67, 66, 66],
         ...,
         [63, 63, 63,  ..., 62, 62, 61],
         [63, 63, 63,  ..., 61, 61, 60],
         [62, 62, 62,  ..., 60, 60, 60]],

        [[57, 57, 57,  ..., 70, 70, 69],
         [57, 57, 57,  ..., 69, 69, 69],
         [57, 57, 57,  ..., 69, 69, 69],
         ...,
         [68, 68, 68,  ..., 66, 66, 65],
         [68, 68, 68,  ..., 65, 65, 65],
         [68, 68, 68,  ..., 65, 65, 64]],

        [[51, 51, 51,  ..., 60, 60, 59],
         [51, 51, 52,  ..., 60, 60, 60],
         [51, 51, 52,  ..., 60, 60, 60],
         ...,
         [60, 60, 60,  ..., 61, 61, 60],
         [60, 60, 60,  ..., 60, 60, 60],
         [60, 59, 59,  ..., 59, 59, 59]]], dtype=torch.uint8), 'sem_seg': tensor([[3, 3, 3,  ..., 0, 0, 0],
        [3, 3, 3,  ..., 0, 0, 0],
        [3, 3, 3,  ..., 0, 0, 0],
        ...,
        [0, 0, 0,  ..., 0, 0, 0],
        [0, 0, 0,  ..., 0, 0, 0],
        [0, 0, 0,  ..., 0, 0, 0]]), 'instances': Instances(num_instances=11, image_height=768, image_width=768, fields=[gt_classes: tensor([0, 1, 3, 0, 3, 1, 3, 3, 3, 3, 3]), gt_masks: tensor([[[False, False, False,  ..., False, False, False],
         [False, False, False,  ..., False, False, False],
         [False, False, False,  ..., False, False, False],
         ...,
         [False, False, False,  ...,  True,  True,  True],
         [False, False, False,  ...,  True,  True,  True],
         [False, False, False,  ...,  True,  True,  True]],

        [[False, False, False,  ..., False, False, False],
         [False, False, False,  ..., False, False, False],
         [False, False, False,  ..., False, False, False],
         ...,
         [False, False, False,  ..., False, False, False],
         [False, False, False,  ..., False, False, False],
         [False, False, False,  ..., False, False, False]],

        [[False, False, False,  ..., False, False, False],
         [False, False, False,  ..., False, False, False],
         [False, False, False,  ..., False, False, False],
         ...,
         [False, False, False,  ..., False, False, False],
         [False, False, False,  ..., False, False, False],
         [False, False, False,  ..., False, False, False]],

        ...,

        [[False, False, False,  ..., False, False, False],
         [False, False, False,  ..., False, False, False],
         [False, False, False,  ..., False, False, False],
         ...,
         [False, False, False,  ..., False, False, False],
         [False, False, False,  ..., False, False, False],
         [False, False, False,  ..., False, False, False]],

        [[False, False, False,  ..., False, False, False],
         [False, False, False,  ..., False, False, False],
         [False, False, False,  ..., False, False, False],
         ...,
         [False, False, False,  ..., False, False, False],
         [False, False, False,  ..., False, False, False],
         [False, False, False,  ..., False, False, False]],

        [[ True,  True,  True,  ..., False, False, False],
         [ True,  True,  True,  ..., False, False, False],
         [ True,  True,  True,  ..., False, False, False],
         ...,
         [False, False, False,  ..., False, False, False],
         [False, False, False,  ..., False, False, False],
         [False, False, False,  ..., False, False, False]]])])}
[02/28 06:23:11 mask2former.data.dataset_mappers.mask_former_semantic_dataset_mapper]: None
[02/28 06:23:12 mask2former.data.dataset_mappers.mask_former_semantic_dataset_mapper]: output dataset_dict: {'file_name': '/cpfs01/projects-HDD/pujianxiangmuzu_HDD/public/mr/./leftImg8bit_trainvaltest/leftImg8bit/train/bremen/bremen_000231_000019_leftImg8bit.png', 'width': 2048, 'height': 1024, 'image': tensor([[[130, 130, 129,  ...,  86,  85,  84],
         [130, 130, 129,  ...,  83,  83,  83],
         [130, 129, 129,  ...,  83,  83,  83],
         ...,
         [ 45,  45,  45,  ...,  44,  44,  44],
         [ 45,  45,  45,  ...,  44,  44,  44],
         [ 45,  45,  45,  ...,  44,  44,  44]],

        [[137, 137, 136,  ...,  91,  90,  90],
         [136, 136, 135,  ...,  89,  89,  89],
         [136, 136, 135,  ...,  88,  89,  89],
         ...,
         [ 49,  49,  50,  ...,  49,  50,  50],
         [ 49,  49,  49,  ...,  49,  49,  49],
         [ 49,  49,  49,  ...,  49,  49,  49]],

        [[134, 134, 133,  ...,  84,  84,  84],
         [134, 134, 133,  ...,  83,  83,  83],
         [134, 134, 133,  ...,  83,  83,  83],
         ...,
         [ 46,  47,  47,  ...,  45,  46,  46],
         [ 46,  46,  46,  ...,  45,  45,  45],
         [ 45,  45,  46,  ...,  45,  45,  45]]], dtype=torch.uint8), 'sem_seg': tensor([[10, 10, 10,  ...,  2,  2,  2],
        [10, 10, 10,  ...,  2,  2,  2],
        [10, 10, 10,  ...,  2,  2,  2],
        ...,
        [ 0,  0,  0,  ...,  0,  0,  0],
        [ 0,  0,  0,  ...,  0,  0,  0],
        [ 0,  0,  0,  ...,  0,  0,  0]]), 'instances': Instances(num_instances=25, image_height=768, image_width=768, fields=[gt_classes: tensor([ 0,  1,  2,  5,  8, 10, 12, 13, 18,  0,  2, 10, 13,  2, 10, 13, 13,  2,
        13,  2, 13,  2,  2,  1,  2]), gt_masks: tensor([[[False, False, False,  ..., False, False, False],
         [False, False, False,  ..., False, False, False],
         [False, False, False,  ..., False, False, False],
         ...,
         [False, False, False,  ..., False, False, False],
         [False, False, False,  ..., False, False, False],
         [False, False, False,  ..., False, False, False]],

        [[False, False, False,  ..., False, False, False],
         [False, False, False,  ..., False, False, False],
         [False, False, False,  ..., False, False, False],
         ...,
         [False, False, False,  ..., False, False, False],
         [False, False, False,  ..., False, False, False],
         [False, False, False,  ..., False, False, False]],

        [[False, False, False,  ..., False, False, False],
         [False, False, False,  ..., False, False, False],
         [False, False, False,  ..., False, False, False],
         ...,
         [False, False, False,  ..., False, False, False],
         [False, False, False,  ..., False, False, False],
         [False, False, False,  ..., False, False, False]],

        ...,

        [[False, False, False,  ..., False, False, False],
         [False, False, False,  ..., False, False, False],
         [False, False, False,  ..., False, False, False],
         ...,
         [False, False, False,  ..., False, False, False],
         [False, False, False,  ..., False, False, False],
         [False, False, False,  ..., False, False, False]],

        [[False, False, False,  ..., False, False, False],
         [False, False, False,  ..., False, False, False],
         [False, False, False,  ..., False, False, False],
         ...,
         [False, False, False,  ..., False, False, False],
         [False, False, False,  ..., False, False, False],
         [False, False, False,  ..., False, False, False]],

        [[False, False, False,  ..., False, False, False],
         [False, False, False,  ..., False, False, False],
         [False, False, False,  ..., False, False, False],
         ...,
         [False, False, False,  ..., False, False, False],
         [False, False, False,  ..., False, False, False],
         [False, False, False,  ..., False, False, False]]])])}
[02/28 06:23:12 mask2former.data.dataset_mappers.mask_former_semantic_dataset_mapper]: None
[02/28 06:23:12 mask2former.data.dataset_mappers.mask_former_semantic_dataset_mapper]: output dataset_dict: {'file_name': '/cpfs01/projects-HDD/pujianxiangmuzu_HDD/public/mr/./leftImg8bit_trainvaltest/leftImg8bit/train/tubingen/tubingen_000106_000019_leftImg8bit.png', 'width': 2048, 'height': 1024, 'image': tensor([[[ 35,  35,  34,  ...,  64,  64,  65],
         [ 36,  36,  36,  ...,  62,  60,  63],
         [ 34,  34,  35,  ...,  55,  52,  56],
         ...,
         [133, 133, 132,  ..., 131, 131, 131],
         [132, 132, 131,  ..., 131, 130, 130],
         [131, 131, 130,  ..., 131, 129, 130]],

        [[ 42,  41,  41,  ...,  88,  90,  90],
         [ 43,  42,  42,  ...,  87,  87,  88],
         [ 41,  41,  41,  ...,  84,  83,  84],
         ...,
         [143, 143, 142,  ..., 140, 141, 141],
         [142, 142, 141,  ..., 141, 140, 141],
         [141, 141, 140,  ..., 142, 140, 141]],

        [[ 35,  35,  35,  ...,  57,  57,  58],
         [ 36,  36,  36,  ...,  52,  51,  56],
         [ 36,  36,  36,  ...,  49,  47,  52],
         ...,
         [130, 129, 128,  ..., 124, 125, 125],
         [127, 127, 126,  ..., 126, 125, 124],
         [126, 126, 125,  ..., 127, 125, 125]]], dtype=torch.uint8), 'sem_seg': tensor([[2, 2, 2,  ..., 8, 8, 8],
        [2, 2, 2,  ..., 8, 8, 8],
        [2, 2, 2,  ..., 8, 8, 8],
        ...,
        [0, 0, 0,  ..., 0, 0, 0],
        [0, 0, 0,  ..., 0, 0, 0],
        [0, 0, 0,  ..., 0, 0, 0]]), 'instances': Instances(num_instances=16, image_height=768, image_width=768, fields=[gt_classes: tensor([ 0,  1,  2,  5,  7,  8, 13,  0,  1,  2,  8,  1,  8,  2, 13, 13]), gt_masks: tensor([[[False, False, False,  ..., False, False, False],
         [False, False, False,  ..., False, False, False],
         [False, False, False,  ..., False, False, False],
         ...,
         [False, False, False,  ..., False, False, False],
         [False, False, False,  ..., False, False, False],
         [False, False, False,  ..., False, False, False]],

        [[False, False, False,  ..., False, False, False],
         [False, False, False,  ..., False, False, False],
         [False, False, False,  ..., False, False, False],
         ...,
         [False, False, False,  ..., False, False, False],
         [False, False, False,  ..., False, False, False],
         [False, False, False,  ..., False, False, False]],

        [[False, False, False,  ..., False, False, False],
         [False, False, False,  ..., False, False, False],
         [False, False, False,  ..., False, False, False],
         ...,
         [False, False, False,  ..., False, False, False],
         [False, False, False,  ..., False, False, False],
         [False, False, False,  ..., False, False, False]],

        ...,

        [[ True,  True,  True,  ..., False, False, False],
         [ True,  True,  True,  ..., False, False, False],
         [ True,  True,  True,  ..., False, False, False],
         ...,
         [False, False, False,  ..., False, False, False],
         [False, False, False,  ..., False, False, False],
         [False, False, False,  ..., False, False, False]],

        [[False, False, False,  ..., False, False, False],
         [False, False, False,  ..., False, False, False],
         [False, False, False,  ..., False, False, False],
         ...,
         [False, False, False,  ..., False, False, False],
         [False, False, False,  ..., False, False, False],
         [False, False, False,  ..., False, False, False]],

        [[False, False, False,  ..., False, False, False],
         [False, False, False,  ..., False, False, False],
         [False, False, False,  ..., False, False, False],
         ...,
         [False, False, False,  ..., False, False, False],
         [False, False, False,  ..., False, False, False],
         [False, False, False,  ..., False, False, False]]])])}
[02/28 06:23:12 mask2former.data.dataset_mappers.mask_former_semantic_dataset_mapper]: None
[02/28 06:23:12 mask2former.data.dataset_mappers.mask_former_semantic_dataset_mapper]: output dataset_dict: {'file_name': '/cpfs01/projects-HDD/pujianxiangmuzu_HDD/public/mr/./leftImg8bit_trainvaltest/leftImg8bit/train/bremen/bremen_000201_000019_leftImg8bit.png', 'width': 2048, 'height': 1024, 'image': tensor([[[ 19,  20,  19,  ...,  27,  25,  24],
         [ 20,  20,  18,  ...,  29,  25,  23],
         [ 21,  20,  19,  ...,  30,  27,  23],
         ...,
         [ 61,  61,  60,  ..., 128, 129, 129],
         [ 60,  60,  59,  ..., 129, 130, 130],
         [ 60,  60,  59,  ..., 131, 130, 129]],

        [[ 26,  26,  26,  ...,  36,  35,  34],
         [ 27,  26,  25,  ...,  38,  35,  33],
         [ 27,  26,  25,  ...,  40,  37,  34],
         ...,
         [ 71,  71,  70,  ..., 138, 139, 140],
         [ 70,  70,  69,  ..., 139, 140, 141],
         [ 70,  70,  69,  ..., 138, 140, 140]],

        [[ 19,  19,  18,  ...,  21,  22,  23],
         [ 19,  18,  17,  ...,  22,  22,  23],
         [ 18,  18,  17,  ...,  25,  23,  22],
         ...,
         [ 60,  60,  59,  ..., 128, 128, 128],
         [ 59,  59,  59,  ..., 129, 129, 128],
         [ 59,  59,  59,  ..., 128, 127, 126]]], dtype=torch.uint8), 'sem_seg': tensor([[8, 8, 8,  ..., 8, 8, 8],
        [8, 8, 8,  ..., 8, 8, 8],
        [8, 8, 8,  ..., 8, 8, 8],
        ...,
        [0, 0, 0,  ..., 0, 0, 0],
        [0, 0, 0,  ..., 0, 0, 0],
        [0, 0, 0,  ..., 0, 0, 0]]), 'instances': Instances(num_instances=28, image_height=768, image_width=768, fields=[gt_classes: tensor([ 0,  1,  2,  5,  7,  8,  9, 10, 11, 13,  0,  1,  2,  8, 10, 13,  1,  2,
         8, 13,  8,  8,  8,  8,  8,  8,  8,  8]), gt_masks: tensor([[[False, False, False,  ..., False, False, False],
         [False, False, False,  ..., False, False, False],
         [False, False, False,  ..., False, False, False],
         ...,
         [False, False, False,  ..., False,  True,  True],
         [False, False, False,  ..., False,  True,  True],
         [False, False, False,  ..., False,  True,  True]],

        [[False, False, False,  ..., False, False, False],
         [False, False, False,  ..., False, False, False],
         [False, False, False,  ..., False, False, False],
         ...,
         [False, False, False,  ..., False, False, False],
         [False, False, False,  ..., False, False, False],
         [False, False, False,  ..., False, False, False]],

        [[False, False, False,  ..., False, False, False],
         [False, False, False,  ..., False, False, False],
         [False, False, False,  ..., False, False, False],
         ...,
         [False, False, False,  ..., False, False, False],
         [False, False, False,  ..., False, False, False],
         [False, False, False,  ..., False, False, False]],

        ...,

        [[False, False, False,  ..., False, False, False],
         [False, False, False,  ..., False, False, False],
         [False, False, False,  ..., False, False, False],
         ...,
         [False, False, False,  ..., False, False, False],
         [False, False, False,  ..., False, False, False],
         [False, False, False,  ..., False, False, False]],

        [[False, False, False,  ..., False, False, False],
         [False, False, False,  ..., False, False, False],
         [False, False, False,  ..., False, False, False],
         ...,
         [False, False, False,  ..., False, False, False],
         [False, False, False,  ..., False, False, False],
         [False, False, False,  ..., False, False, False]],

        [[False, False, False,  ..., False, False, False],
         [False, False, False,  ..., False, False, False],
         [False, False, False,  ..., False, False, False],
         ...,
         [False, False, False,  ..., False, False, False],
         [False, False, False,  ..., False, False, False],
         [False, False, False,  ..., False, False, False]]])])}
[02/28 06:23:12 mask2former.data.dataset_mappers.mask_former_semantic_dataset_mapper]: None
[02/28 06:23:12 mask2former.data.dataset_mappers.mask_former_semantic_dataset_mapper]: output dataset_dict: {'file_name': '/cpfs01/projects-HDD/pujianxiangmuzu_HDD/public/mr/./leftImg8bit_trainvaltest/leftImg8bit/train/darmstadt/darmstadt_000014_000019_leftImg8bit.png', 'width': 2048, 'height': 1024, 'image': tensor([[[158, 160, 162,  ...,  85,  85,  85],
         [158, 160, 162,  ...,  85,  85,  84],
         [155, 158, 159,  ...,  85,  85,  84],
         ...,
         [ 62,  62,  62,  ...,  54,  55,  58],
         [ 62,  62,  62,  ...,  58,  58,  59],
         [ 63,  63,  63,  ...,  58,  59,  63]],

        [[154, 157, 157,  ...,  97,  97,  96],
         [154, 157, 158,  ...,  97,  97,  96],
         [154, 157, 158,  ...,  96,  96,  94],
         ...,
         [ 67,  67,  67,  ...,  60,  60,  62],
         [ 68,  68,  68,  ...,  62,  62,  64],
         [ 71,  69,  71,  ...,  63,  64,  68]],

        [[125, 126, 125,  ...,  85,  85,  84],
         [126, 127, 126,  ...,  85,  85,  84],
         [124, 126, 126,  ...,  84,  84,  84],
         ...,
         [ 65,  65,  65,  ...,  65,  64,  67],
         [ 67,  67,  67,  ...,  67,  67,  69],
         [ 69,  68,  69,  ...,  68,  69,  72]]], dtype=torch.uint8), 'sem_seg': tensor([[  8,   8,   8,  ...,   8,   8,   8],
        [  8,   8,   8,  ...,   8,   8,   8],
        [  8,   8,   8,  ...,   8,   8,   8],
        ...,
        [255, 255, 255,  ...,  13,  13,  13],
        [255, 255, 255,  ...,  13,  13,  13],
        [255, 255, 255,  ...,  13,  13,  13]]), 'instances': Instances(num_instances=11, image_height=768, image_width=768, fields=[gt_classes: tensor([ 2,  4,  8, 13,  8, 13,  8,  8,  8,  8,  8]), gt_masks: tensor([[[False, False, False,  ..., False, False, False],
         [False, False, False,  ..., False, False, False],
         [False, False, False,  ..., False, False, False],
         ...,
         [False, False, False,  ..., False, False, False],
         [False, False, False,  ..., False, False, False],
         [False, False, False,  ..., False, False, False]],

        [[False, False, False,  ..., False, False, False],
         [False, False, False,  ..., False, False, False],
         [False, False, False,  ..., False, False, False],
         ...,
         [False, False, False,  ..., False, False, False],
         [False, False, False,  ..., False, False, False],
         [False, False, False,  ..., False, False, False]],

        [[False, False, False,  ..., False, False, False],
         [False, False, False,  ..., False, False, False],
         [False, False, False,  ..., False, False, False],
         ...,
         [False, False, False,  ..., False, False, False],
         [False, False, False,  ..., False, False, False],
         [False, False, False,  ..., False, False, False]],

        ...,

        [[False, False, False,  ...,  True,  True,  True],
         [False, False, False,  ...,  True,  True,  True],
         [False, False, False,  ...,  True,  True,  True],
         ...,
         [False, False, False,  ..., False, False, False],
         [False, False, False,  ..., False, False, False],
         [False, False, False,  ..., False, False, False]],

        [[ True,  True,  True,  ..., False, False, False],
         [ True,  True,  True,  ..., False, False, False],
         [ True,  True,  True,  ..., False, False, False],
         ...,
         [False, False, False,  ..., False, False, False],
         [False, False, False,  ..., False, False, False],
         [False, False, False,  ..., False, False, False]],

        [[False, False, False,  ..., False, False, False],
         [False, False, False,  ..., False, False, False],
         [False, False, False,  ..., False, False, False],
         ...,
         [False, False, False,  ..., False, False, False],
         [False, False, False,  ..., False, False, False],
         [False, False, False,  ..., False, False, False]]])])}
[02/28 06:23:12 mask2former.data.dataset_mappers.mask_former_semantic_dataset_mapper]: None
[02/28 06:23:13 mask2former.data.dataset_mappers.mask_former_semantic_dataset_mapper]: output dataset_dict: {'file_name': '/cpfs01/projects-HDD/pujianxiangmuzu_HDD/public/mr/./leftImg8bit_trainvaltest/leftImg8bit/train/stuttgart/stuttgart_000116_000019_leftImg8bit.png', 'width': 2048, 'height': 1024, 'image': tensor([[[255, 255, 255,  ..., 123, 121, 122],
         [255, 255, 255,  ..., 108, 112, 125],
         [255, 255, 255,  ..., 103, 106, 102],
         ...,
         [ 84,  87,  91,  ..., 108, 105, 105],
         [ 84,  84,  84,  ..., 109, 107, 108],
         [ 88,  88,  90,  ..., 109, 110, 110]],

        [[255, 255, 255,  ..., 149, 137, 135],
         [255, 255, 255,  ..., 143, 135, 135],
         [255, 255, 255,  ..., 140, 130, 122],
         ...,
         [111, 111, 111,  ..., 136, 136, 136],
         [110, 110, 110,  ..., 137, 137, 136],
         [111, 110, 110,  ..., 137, 137, 136]],

        [[255, 255, 255,  ..., 145, 139, 125],
         [255, 255, 255,  ..., 136, 128, 118],
         [255, 255, 255,  ..., 131, 118, 104],
         ...,
         [ 91,  93,  94,  ..., 107, 105, 106],
         [ 87,  85,  85,  ..., 109, 106, 107],
         [ 87,  88,  88,  ..., 109, 109, 108]]], dtype=torch.uint8), 'sem_seg': tensor([[8, 8, 8,  ..., 2, 2, 2],
        [8, 8, 8,  ..., 2, 2, 2],
        [8, 8, 8,  ..., 2, 2, 2],
        ...,
        [0, 0, 0,  ..., 0, 0, 0],
        [0, 0, 0,  ..., 0, 0, 0],
        [0, 0, 0,  ..., 0, 0, 0]]), 'instances': Instances(num_instances=32, image_height=768, image_width=768, fields=[gt_classes: tensor([ 0,  1,  2,  4,  5,  8, 10, 13,  0, 10,  0,  1, 10,  0, 10,  2,  2,  2,
         8,  2,  8,  2,  8,  2,  8,  2,  8, 13,  8,  8,  2, 13]), gt_masks: tensor([[[False, False, False,  ..., False, False, False],
         [False, False, False,  ..., False, False, False],
         [False, False, False,  ..., False, False, False],
         ...,
         [False, False, False,  ..., False, False, False],
         [False, False, False,  ..., False, False, False],
         [False, False, False,  ..., False, False, False]],

        [[False, False, False,  ..., False, False, False],
         [False, False, False,  ..., False, False, False],
         [False, False, False,  ..., False, False, False],
         ...,
         [False, False, False,  ..., False, False, False],
         [False, False, False,  ..., False, False, False],
         [False, False, False,  ..., False, False, False]],

        [[False, False, False,  ...,  True,  True,  True],
         [False, False, False,  ...,  True,  True,  True],
         [False, False, False,  ...,  True,  True,  True],
         ...,
         [False, False, False,  ..., False, False, False],
         [False, False, False,  ..., False, False, False],
         [False, False, False,  ..., False, False, False]],

        ...,

        [[False, False, False,  ..., False, False, False],
         [False, False, False,  ..., False, False, False],
         [False, False, False,  ..., False, False, False],
         ...,
         [False, False, False,  ..., False, False, False],
         [False, False, False,  ..., False, False, False],
         [False, False, False,  ..., False, False, False]],

        [[False, False, False,  ..., False, False, False],
         [False, False, False,  ..., False, False, False],
         [False, False, False,  ..., False, False, False],
         ...,
         [False, False, False,  ..., False, False, False],
         [False, False, False,  ..., False, False, False],
         [False, False, False,  ..., False, False, False]],

        [[False, False, False,  ..., False, False, False],
         [False, False, False,  ..., False, False, False],
         [False, False, False,  ..., False, False, False],
         ...,
         [False, False, False,  ..., False, False, False],
         [False, False, False,  ..., False, False, False],
         [False, False, False,  ..., False, False, False]]])])}
[02/28 06:23:13 mask2former.data.dataset_mappers.mask_former_semantic_dataset_mapper]: None
[02/28 06:23:13 mask2former.data.dataset_mappers.mask_former_semantic_dataset_mapper]: output dataset_dict: {'file_name': '/cpfs01/projects-HDD/pujianxiangmuzu_HDD/public/mr/./leftImg8bit_trainvaltest/leftImg8bit/train/hanover/hanover_000000_019456_leftImg8bit.png', 'width': 2048, 'height': 1024, 'image': tensor([[[101, 101, 101,  ...,  59,  60,  60],
         [ 99,  99, 100,  ...,  58,  59,  59],
         [ 98,  98,  99,  ...,  57,  58,  59],
         ...,
         [113, 112, 110,  ..., 112, 112, 112],
         [112, 112, 110,  ..., 112, 112, 112],
         [111, 112, 111,  ..., 112, 112, 112]],

        [[114, 114, 114,  ...,  70,  71,  71],
         [112, 112, 113,  ...,  69,  70,  70],
         [111, 111, 112,  ...,  68,  69,  69],
         ...,
         [121, 120, 118,  ..., 120, 120, 120],
         [121, 120, 118,  ..., 121, 121, 121],
         [121, 120, 119,  ..., 121, 122, 122]],

        [[ 97,  96,  97,  ...,  63,  62,  61],
         [ 94,  95,  96,  ...,  62,  61,  61],
         [ 92,  94,  95,  ...,  61,  61,  61],
         ...,
         [113, 113, 112,  ..., 112, 112, 112],
         [113, 113, 111,  ..., 113, 113, 113],
         [113, 113, 112,  ..., 114, 113, 113]]], dtype=torch.uint8), 'sem_seg': tensor([[8, 8, 8,  ..., 8, 8, 8],
        [8, 8, 8,  ..., 8, 8, 8],
        [8, 8, 8,  ..., 8, 8, 8],
        ...,
        [0, 0, 0,  ..., 0, 0, 0],
        [0, 0, 0,  ..., 0, 0, 0],
        [0, 0, 0,  ..., 0, 0, 0]]), 'instances': Instances(num_instances=17, image_height=768, image_width=768, fields=[gt_classes: tensor([ 0,  2,  5,  7,  8, 11, 13,  8,  8,  8,  8, 13,  8,  8, 13, 13, 13]), gt_masks: tensor([[[False, False, False,  ..., False, False, False],
         [False, False, False,  ..., False, False, False],
         [False, False, False,  ..., False, False, False],
         ...,
         [ True,  True,  True,  ...,  True,  True,  True],
         [ True,  True,  True,  ...,  True,  True,  True],
         [ True,  True,  True,  ...,  True,  True,  True]],

        [[False, False, False,  ..., False, False, False],
         [False, False, False,  ..., False, False, False],
         [False, False, False,  ..., False, False, False],
         ...,
         [False, False, False,  ..., False, False, False],
         [False, False, False,  ..., False, False, False],
         [False, False, False,  ..., False, False, False]],

        [[False, False, False,  ..., False, False, False],
         [False, False, False,  ..., False, False, False],
         [False, False, False,  ..., False, False, False],
         ...,
         [False, False, False,  ..., False, False, False],
         [False, False, False,  ..., False, False, False],
         [False, False, False,  ..., False, False, False]],

        ...,

        [[False, False, False,  ..., False, False, False],
         [False, False, False,  ..., False, False, False],
         [False, False, False,  ..., False, False, False],
         ...,
         [False, False, False,  ..., False, False, False],
         [False, False, False,  ..., False, False, False],
         [False, False, False,  ..., False, False, False]],

        [[False, False, False,  ..., False, False, False],
         [False, False, False,  ..., False, False, False],
         [False, False, False,  ..., False, False, False],
         ...,
         [False, False, False,  ..., False, False, False],
         [False, False, False,  ..., False, False, False],
         [False, False, False,  ..., False, False, False]],

        [[False, False, False,  ..., False, False, False],
         [False, False, False,  ..., False, False, False],
         [False, False, False,  ..., False, False, False],
         ...,
         [False, False, False,  ..., False, False, False],
         [False, False, False,  ..., False, False, False],
         [False, False, False,  ..., False, False, False]]])])}
[02/28 06:23:13 mask2former.data.dataset_mappers.mask_former_semantic_dataset_mapper]: None
[02/28 06:23:13 mask2former.data.dataset_mappers.mask_former_semantic_dataset_mapper]: output dataset_dict: {'file_name': '/cpfs01/projects-HDD/pujianxiangmuzu_HDD/public/mr/./leftImg8bit_trainvaltest/leftImg8bit/train/strasbourg/strasbourg_000001_001901_leftImg8bit.png', 'width': 2048, 'height': 1024, 'image': tensor([[[131, 131, 130,  ..., 252, 255, 255],
         [132, 132, 132,  ..., 253, 255, 255],
         [132, 132, 133,  ..., 254, 255, 255],
         ...,
         [ 58,  59,  59,  ...,  48,  48,  48],
         [ 59,  58,  59,  ...,  49,  49,  48],
         [ 58,  60,  61,  ...,  47,  49,  47]],

        [[124, 125, 126,  ..., 254, 255, 255],
         [125, 126, 127,  ..., 253, 255, 255],
         [125, 125, 127,  ..., 253, 254, 255],
         ...,
         [ 73,  74,  74,  ...,  54,  54,  54],
         [ 73,  73,  73,  ...,  53,  53,  54],
         [ 72,  72,  72,  ...,  53,  53,  53]],

        [[ 98, 100, 100,  ..., 229, 227, 230],
         [ 98, 100, 101,  ..., 229, 229, 231],
         [ 98,  98,  99,  ..., 226, 227, 231],
         ...,
         [ 60,  60,  60,  ...,  44,  43,  43],
         [ 59,  59,  59,  ...,  45,  45,  43],
         [ 58,  60,  60,  ...,  45,  45,  43]]], dtype=torch.uint8), 'sem_seg': tensor([[  2,   2,   2,  ...,   2,   2,   2],
        [  2,   2,   2,  ...,   2,   2,   2],
        [  2,   2,   2,  ...,   2,   2,   2],
        ...,
        [255, 255, 255,  ..., 255, 255, 255],
        [255, 255, 255,  ..., 255, 255, 255],
        [255, 255, 255,  ..., 255, 255, 255]]), 'instances': Instances(num_instances=19, image_height=768, image_width=768, fields=[gt_classes: tensor([ 2,  5,  7,  8, 10, 11,  2, 10, 11,  2, 11,  2, 11, 11,  2,  2,  8,  2,
         2]), gt_masks: tensor([[[False, False, False,  ..., False, False, False],
         [False, False, False,  ..., False, False, False],
         [False, False, False,  ..., False, False, False],
         ...,
         [False, False, False,  ..., False, False, False],
         [False, False, False,  ..., False, False, False],
         [False, False, False,  ..., False, False, False]],

        [[False, False, False,  ..., False, False, False],
         [False, False, False,  ..., False, False, False],
         [False, False, False,  ..., False, False, False],
         ...,
         [False, False, False,  ..., False, False, False],
         [False, False, False,  ..., False, False, False],
         [False, False, False,  ..., False, False, False]],

        [[False, False, False,  ..., False, False, False],
         [False, False, False,  ..., False, False, False],
         [False, False, False,  ..., False, False, False],
         ...,
         [False, False, False,  ..., False, False, False],
         [False, False, False,  ..., False, False, False],
         [False, False, False,  ..., False, False, False]],

        ...,

        [[False, False, False,  ..., False, False, False],
         [False, False, False,  ..., False, False, False],
         [False, False, False,  ..., False, False, False],
         ...,
         [False, False, False,  ..., False, False, False],
         [False, False, False,  ..., False, False, False],
         [False, False, False,  ..., False, False, False]],

        [[False, False, False,  ..., False, False, False],
         [False, False, False,  ..., False, False, False],
         [False, False, False,  ..., False, False, False],
         ...,
         [False, False, False,  ..., False, False, False],
         [False, False, False,  ..., False, False, False],
         [False, False, False,  ..., False, False, False]],

        [[False, False, False,  ..., False, False, False],
         [False, False, False,  ..., False, False, False],
         [False, False, False,  ..., False, False, False],
         ...,
         [False, False, False,  ..., False, False, False],
         [False, False, False,  ..., False, False, False],
         [False, False, False,  ..., False, False, False]]])])}
[02/28 06:23:13 mask2former.data.dataset_mappers.mask_former_semantic_dataset_mapper]: None
[02/28 06:23:13 mask2former.data.dataset_mappers.mask_former_semantic_dataset_mapper]: output dataset_dict: {'file_name': '/cpfs01/projects-HDD/pujianxiangmuzu_HDD/public/mr/./leftImg8bit_trainvaltest/leftImg8bit/train/krefeld/krefeld_000000_012505_leftImg8bit.png', 'width': 2048, 'height': 1024, 'image': tensor([[[100, 100, 100,  ...,  99,  99, 100],
         [100, 101, 101,  ...,  99,  99, 100],
         [100, 101, 101,  ...,  99,  99, 100],
         ...,
         [ 93,  92,  92,  ..., 114, 114, 114],
         [ 93,  92,  92,  ..., 113, 113, 113],
         [ 94,  92,  91,  ..., 111, 111, 111]],

        [[108, 108, 108,  ..., 104, 104, 105],
         [107, 107, 107,  ..., 103, 103, 104],
         [106, 107, 107,  ..., 103, 103, 104],
         ...,
         [100, 100, 100,  ..., 108, 108, 108],
         [101, 100, 100,  ..., 107, 107, 107],
         [102, 101, 100,  ..., 106, 106, 106]],

        [[ 90,  90,  90,  ...,  93,  94,  95],
         [ 90,  90,  90,  ...,  92,  93,  94],
         [ 90,  90,  90,  ...,  92,  92,  93],
         ...,
         [ 92,  91,  91,  ...,  90,  90,  89],
         [ 93,  92,  91,  ...,  89,  89,  88],
         [ 94,  93,  92,  ...,  88,  88,  87]]], dtype=torch.uint8), 'sem_seg': tensor([[  0,   0,   0,  ...,   0,   0,   0],
        [  0,   0,   0,  ...,   0,   0,   0],
        [  0,   0,   0,  ...,   0,   0,   0],
        ...,
        [255, 255, 255,  ..., 255, 255, 255],
        [255, 255, 255,  ..., 255, 255, 255],
        [255, 255, 255,  ..., 255, 255, 255]]), 'instances': Instances(num_instances=5, image_height=768, image_width=768, fields=[gt_classes: tensor([0, 0, 0, 0, 0]), gt_masks: tensor([[[False, False, False,  ...,  True,  True,  True],
         [False, False, False,  ...,  True,  True,  True],
         [False, False, False,  ...,  True,  True,  True],
         ...,
         [False, False, False,  ..., False, False, False],
         [False, False, False,  ..., False, False, False],
         [False, False, False,  ..., False, False, False]],

        [[ True,  True,  True,  ..., False, False, False],
         [ True,  True,  True,  ..., False, False, False],
         [ True,  True,  True,  ..., False, False, False],
         ...,
         [False, False, False,  ..., False, False, False],
         [False, False, False,  ..., False, False, False],
         [False, False, False,  ..., False, False, False]],

        [[False, False, False,  ..., False, False, False],
         [False, False, False,  ..., False, False, False],
         [False, False, False,  ..., False, False, False],
         ...,
         [False, False, False,  ..., False, False, False],
         [False, False, False,  ..., False, False, False],
         [False, False, False,  ..., False, False, False]],

        [[False, False, False,  ..., False, False, False],
         [False, False, False,  ..., False, False, False],
         [False, False, False,  ..., False, False, False],
         ...,
         [False, False, False,  ..., False, False, False],
         [False, False, False,  ..., False, False, False],
         [False, False, False,  ..., False, False, False]],

        [[False, False, False,  ..., False, False, False],
         [False, False, False,  ..., False, False, False],
         [False, False, False,  ..., False, False, False],
         ...,
         [False, False, False,  ..., False, False, False],
         [False, False, False,  ..., False, False, False],
         [False, False, False,  ..., False, False, False]]])])}
[02/28 06:23:13 mask2former.data.dataset_mappers.mask_former_semantic_dataset_mapper]: None
[02/28 06:23:14 mask2former.data.dataset_mappers.mask_former_semantic_dataset_mapper]: output dataset_dict: {'file_name': '/cpfs01/projects-HDD/pujianxiangmuzu_HDD/public/mr/./leftImg8bit_trainvaltest/leftImg8bit/train/strasbourg/strasbourg_000001_055273_leftImg8bit.png', 'width': 2048, 'height': 1024, 'image': tensor([[[133, 129, 135,  ..., 117, 115, 114],
         [130, 125, 132,  ..., 115, 115, 113],
         [130, 124, 127,  ..., 117, 114, 112],
         ...,
         [125, 126, 129,  ..., 123, 115, 118],
         [125, 126, 129,  ..., 123, 115, 118],
         [125, 126, 129,  ..., 123, 115, 118]],

        [[139, 135, 139,  ..., 111, 108, 108],
         [138, 131, 137,  ..., 109, 109, 107],
         [135, 129, 133,  ..., 111, 108, 107],
         ...,
         [126, 124, 127,  ..., 127, 126, 126],
         [126, 124, 127,  ..., 127, 126, 126],
         [126, 124, 127,  ..., 127, 126, 126]],

        [[134, 129, 134,  ...,  89,  92,  92],
         [131, 126, 131,  ...,  88,  92,  93],
         [129, 122, 126,  ...,  89,  92,  91],
         ...,
         [117, 114, 112,  ..., 110, 110, 112],
         [117, 114, 112,  ..., 110, 110, 112],
         [117, 114, 112,  ..., 110, 110, 112]]], dtype=torch.uint8), 'sem_seg': tensor([[  2,   2,   2,  ...,   2,   2,   2],
        [  2,   2,   2,  ...,   2,   2,   2],
        [  2,   2,   2,  ...,   2,   2,   2],
        ...,
        [255, 255, 255,  ..., 255, 255, 255],
        [255, 255, 255,  ..., 255, 255, 255],
        [255, 255, 255,  ..., 255, 255, 255]]), 'instances': Instances(num_instances=29, image_height=768, image_width=768, fields=[gt_classes: tensor([ 0,  1,  2,  5,  6,  7,  8, 11, 12, 13, 17, 18,  0,  2,  7,  0,  2,  7,
         2,  7,  8,  2,  7,  8,  0,  8,  0,  0,  2]), gt_masks: tensor([[[False, False, False,  ..., False, False, False],
         [False, False, False,  ..., False, False, False],
         [False, False, False,  ..., False, False, False],
         ...,
         [False, False, False,  ..., False, False, False],
         [False, False, False,  ..., False, False, False],
         [False, False, False,  ..., False, False, False]],

        [[False, False, False,  ..., False, False, False],
         [False, False, False,  ..., False, False, False],
         [False, False, False,  ..., False, False, False],
         ...,
         [False, False, False,  ..., False, False, False],
         [False, False, False,  ..., False, False, False],
         [False, False, False,  ..., False, False, False]],

        [[False, False, False,  ..., False, False, False],
         [False, False, False,  ..., False, False, False],
         [False, False, False,  ..., False, False, False],
         ...,
         [False, False, False,  ..., False, False, False],
         [False, False, False,  ..., False, False, False],
         [False, False, False,  ..., False, False, False]],

        ...,

        [[False, False, False,  ..., False, False, False],
         [False, False, False,  ..., False, False, False],
         [False, False, False,  ..., False, False, False],
         ...,
         [False, False, False,  ..., False, False, False],
         [False, False, False,  ..., False, False, False],
         [False, False, False,  ..., False, False, False]],

        [[False, False, False,  ..., False, False, False],
         [False, False, False,  ..., False, False, False],
         [False, False, False,  ..., False, False, False],
         ...,
         [False, False, False,  ..., False, False, False],
         [False, False, False,  ..., False, False, False],
         [False, False, False,  ..., False, False, False]],

        [[False, False, False,  ..., False, False, False],
         [False, False, False,  ..., False, False, False],
         [False, False, False,  ..., False, False, False],
         ...,
         [False, False, False,  ..., False, False, False],
         [False, False, False,  ..., False, False, False],
         [False, False, False,  ..., False, False, False]]])])}
[02/28 06:23:14 mask2former.data.dataset_mappers.mask_former_semantic_dataset_mapper]: None
[02/28 06:23:14 mask2former.data.dataset_mappers.mask_former_semantic_dataset_mapper]: output dataset_dict: {'file_name': '/cpfs01/projects-HDD/pujianxiangmuzu_HDD/public/mr/./leftImg8bit_trainvaltest/leftImg8bit/train/strasbourg/strasbourg_000000_007727_leftImg8bit.png', 'width': 2048, 'height': 1024, 'image': tensor([[[ 88,  88,  86,  ...,  40,  40,  37],
         [ 87,  86,  86,  ...,  39,  37,  35],
         [ 83,  82,  80,  ...,  37,  36,  33],
         ...,
         [ 93,  91,  91,  ...,  85,  84,  84],
         [ 92,  92,  91,  ...,  86,  85,  85],
         [ 93,  93,  92,  ...,  87,  86,  85]],

        [[111, 111, 111,  ...,  56,  55,  55],
         [111, 112, 112,  ...,  54,  53,  52],
         [108, 107, 107,  ...,  53,  51,  50],
         ...,
         [ 99,  99,  99,  ...,  94,  94,  94],
         [ 99,  98,  98,  ...,  95,  95,  95],
         [ 99,  99,  98,  ...,  96,  96,  95]],

        [[ 73,  73,  70,  ...,  37,  37,  34],
         [ 71,  72,  69,  ...,  36,  34,  33],
         [ 69,  68,  67,  ...,  34,  34,  31],
         ...,
         [ 86,  86,  86,  ...,  79,  81,  81],
         [ 85,  84,  84,  ...,  80,  81,  81],
         [ 86,  86,  86,  ...,  82,  82,  81]]], dtype=torch.uint8), 'sem_seg': tensor([[8, 8, 8,  ..., 8, 8, 8],
        [8, 8, 8,  ..., 8, 8, 8],
        [8, 8, 8,  ..., 8, 8, 8],
        ...,
        [0, 0, 0,  ..., 0, 0, 0],
        [0, 0, 0,  ..., 0, 0, 0],
        [0, 0, 0,  ..., 0, 0, 0]]), 'instances': Instances(num_instances=17, image_height=768, image_width=768, fields=[gt_classes: tensor([0, 1, 4, 8, 9, 4, 8, 8, 0, 8, 8, 8, 8, 8, 8, 8, 8]), gt_masks: tensor([[[False, False, False,  ..., False, False, False],
         [False, False, False,  ..., False, False, False],
         [False, False, False,  ..., False, False, False],
         ...,
         [ True,  True,  True,  ...,  True,  True,  True],
         [ True,  True,  True,  ...,  True,  True,  True],
         [ True,  True,  True,  ...,  True,  True,  True]],

        [[False, False, False,  ..., False, False, False],
         [False, False, False,  ..., False, False, False],
         [False, False, False,  ..., False, False, False],
         ...,
         [False, False, False,  ..., False, False, False],
         [False, False, False,  ..., False, False, False],
         [False, False, False,  ..., False, False, False]],

        [[False, False, False,  ..., False, False, False],
         [False, False, False,  ..., False, False, False],
         [False, False, False,  ..., False, False, False],
         ...,
         [False, False, False,  ..., False, False, False],
         [False, False, False,  ..., False, False, False],
         [False, False, False,  ..., False, False, False]],

        ...,

        [[False, False, False,  ...,  True,  True,  True],
         [False, False, False,  ...,  True,  True,  True],
         [False, False, False,  ...,  True,  True,  True],
         ...,
         [False, False, False,  ..., False, False, False],
         [False, False, False,  ..., False, False, False],
         [False, False, False,  ..., False, False, False]],

        [[False, False, False,  ..., False, False, False],
         [False, False, False,  ..., False, False, False],
         [False, False, False,  ..., False, False, False],
         ...,
         [False, False, False,  ..., False, False, False],
         [False, False, False,  ..., False, False, False],
         [False, False, False,  ..., False, False, False]],

        [[False, False, False,  ..., False, False, False],
         [False, False, False,  ..., False, False, False],
         [False, False, False,  ..., False, False, False],
         ...,
         [False, False, False,  ..., False, False, False],
         [False, False, False,  ..., False, False, False],
         [False, False, False,  ..., False, False, False]]])])}
[02/28 06:23:14 mask2former.data.dataset_mappers.mask_former_semantic_dataset_mapper]: None
[02/28 06:23:14 mask2former.data.dataset_mappers.mask_former_semantic_dataset_mapper]: output dataset_dict: {'file_name': '/cpfs01/projects-HDD/pujianxiangmuzu_HDD/public/mr/./leftImg8bit_trainvaltest/leftImg8bit/train/hanover/hanover_000000_046954_leftImg8bit.png', 'width': 2048, 'height': 1024, 'image': tensor([[[ 68,  67,  68,  ..., 136, 133, 127],
         [ 68,  67,  67,  ..., 138, 136, 130],
         [ 69,  68,  67,  ..., 141, 136, 132],
         ...,
         [159, 159, 159,  ..., 154, 153, 152],
         [160, 160, 159,  ..., 155, 154, 154],
         [159, 159, 160,  ..., 157, 155, 154]],

        [[ 76,  76,  76,  ..., 149, 147, 141],
         [ 76,  76,  77,  ..., 152, 149, 143],
         [ 77,  77,  78,  ..., 154, 152, 147],
         ...,
         [170, 170, 170,  ..., 159, 158, 159],
         [169, 169, 170,  ..., 159, 159, 159],
         [168, 168, 169,  ..., 160, 159, 159]],

        [[ 68,  68,  67,  ..., 132, 133, 127],
         [ 67,  67,  68,  ..., 135, 135, 128],
         [ 67,  67,  67,  ..., 136, 135, 130],
         ...,
         [147, 147, 144,  ..., 135, 135, 136],
         [146, 146, 144,  ..., 135, 136, 138],
         [146, 146, 147,  ..., 136, 135, 136]]], dtype=torch.uint8), 'sem_seg': tensor([[  8,   8,   8,  ...,   2,   2,   2],
        [  8,   8,   8,  ...,   2,   2,   2],
        [  8,   8,   8,  ...,   2,   2,   2],
        ...,
        [255, 255, 255,  ..., 255, 255, 255],
        [255, 255, 255,  ..., 255, 255, 255],
        [255, 255, 255,  ..., 255, 255, 255]]), 'instances': Instances(num_instances=28, image_height=768, image_width=768, fields=[gt_classes: tensor([ 0,  2,  5,  7,  8,  9, 13,  0,  2, 13,  2, 13, 13, 13, 13,  8, 13, 13,
         2,  2, 13, 13, 13,  8, 13,  8, 13,  8]), gt_masks: tensor([[[False, False, False,  ..., False, False, False],
         [False, False, False,  ..., False, False, False],
         [False, False, False,  ..., False, False, False],
         ...,
         [False, False, False,  ..., False, False, False],
         [False, False, False,  ..., False, False, False],
         [False, False, False,  ..., False, False, False]],

        [[False, False, False,  ..., False, False, False],
         [False, False, False,  ..., False, False, False],
         [False, False, False,  ..., False, False, False],
         ...,
         [False, False, False,  ..., False, False, False],
         [False, False, False,  ..., False, False, False],
         [False, False, False,  ..., False, False, False]],

        [[False, False, False,  ..., False, False, False],
         [False, False, False,  ..., False, False, False],
         [False, False, False,  ..., False, False, False],
         ...,
         [False, False, False,  ..., False, False, False],
         [False, False, False,  ..., False, False, False],
         [False, False, False,  ..., False, False, False]],

        ...,

        [[ True,  True,  True,  ..., False, False, False],
         [ True,  True,  True,  ..., False, False, False],
         [ True,  True,  True,  ..., False, False, False],
         ...,
         [False, False, False,  ..., False, False, False],
         [False, False, False,  ..., False, False, False],
         [False, False, False,  ..., False, False, False]],

        [[False, False, False,  ..., False, False, False],
         [False, False, False,  ..., False, False, False],
         [False, False, False,  ..., False, False, False],
         ...,
         [False, False, False,  ..., False, False, False],
         [False, False, False,  ..., False, False, False],
         [False, False, False,  ..., False, False, False]],

        [[False, False, False,  ..., False, False, False],
         [False, False, False,  ..., False, False, False],
         [False, False, False,  ..., False, False, False],
         ...,
         [False, False, False,  ..., False, False, False],
         [False, False, False,  ..., False, False, False],
         [False, False, False,  ..., False, False, False]]])])}
[02/28 06:23:14 mask2former.data.dataset_mappers.mask_former_semantic_dataset_mapper]: None
[02/28 06:23:14 mask2former.data.dataset_mappers.mask_former_semantic_dataset_mapper]: output dataset_dict: {'file_name': '/cpfs01/projects-HDD/pujianxiangmuzu_HDD/public/mr/./leftImg8bit_trainvaltest/leftImg8bit/train/darmstadt/darmstadt_000077_000019_leftImg8bit.png', 'width': 2048, 'height': 1024, 'image': tensor([[[29, 29, 30,  ..., 63, 56, 56],
         [28, 28, 29,  ..., 67, 63, 63],
         [25, 25, 27,  ..., 69, 70, 69],
         ...,
         [25, 25, 26,  ..., 47, 56, 59],
         [25, 25, 26,  ..., 41, 48, 55],
         [25, 25, 26,  ..., 39, 42, 53]],

        [[42, 42, 42,  ..., 88, 85, 84],
         [41, 41, 42,  ..., 94, 91, 91],
         [37, 38, 39,  ..., 97, 96, 96],
         ...,
         [39, 40, 41,  ..., 58, 68, 75],
         [40, 40, 41,  ..., 52, 63, 72],
         [40, 40, 41,  ..., 49, 57, 69]],

        [[32, 32, 32,  ..., 54, 49, 49],
         [31, 31, 32,  ..., 57, 53, 53],
         [27, 27, 28,  ..., 58, 59, 56],
         ...,
         [43, 43, 44,  ..., 55, 64, 71],
         [43, 43, 44,  ..., 53, 60, 69],
         [43, 43, 44,  ..., 50, 58, 67]]], dtype=torch.uint8), 'sem_seg': tensor([[  2,   2,   2,  ...,   8,   8,   8],
        [  2,   2,   2,  ...,   8,   8,   8],
        [  2,   2,   2,  ...,   8,   8,   8],
        ...,
        [  0,   0,   0,  ..., 255, 255, 255],
        [  0,   0,   0,  ..., 255, 255, 255],
        [  0,   0,   0,  ..., 255, 255, 255]]), 'instances': Instances(num_instances=19, image_height=768, image_width=768, fields=[gt_classes: tensor([ 0,  1,  2,  5,  7,  8, 13,  0,  8, 13,  2,  8,  8,  8, 13, 13, 13, 13,
        13]), gt_masks: tensor([[[False, False, False,  ..., False, False, False],
         [False, False, False,  ..., False, False, False],
         [False, False, False,  ..., False, False, False],
         ...,
         [False, False, False,  ..., False, False, False],
         [False, False, False,  ..., False, False, False],
         [False, False, False,  ..., False, False, False]],

        [[False, False, False,  ..., False, False, False],
         [False, False, False,  ..., False, False, False],
         [False, False, False,  ..., False, False, False],
         ...,
         [False, False, False,  ..., False, False, False],
         [False, False, False,  ..., False, False, False],
         [False, False, False,  ..., False, False, False]],

        [[ True,  True,  True,  ..., False, False, False],
         [ True,  True,  True,  ..., False, False, False],
         [ True,  True,  True,  ..., False, False, False],
         ...,
         [False, False, False,  ..., False, False, False],
         [False, False, False,  ..., False, False, False],
         [False, False, False,  ..., False, False, False]],

        ...,

        [[False, False, False,  ..., False, False, False],
         [False, False, False,  ..., False, False, False],
         [False, False, False,  ..., False, False, False],
         ...,
         [False, False, False,  ..., False, False, False],
         [False, False, False,  ..., False, False, False],
         [False, False, False,  ..., False, False, False]],

        [[False, False, False,  ..., False, False, False],
         [False, False, False,  ..., False, False, False],
         [False, False, False,  ..., False, False, False],
         ...,
         [False, False, False,  ..., False, False, False],
         [False, False, False,  ..., False, False, False],
         [False, False, False,  ..., False, False, False]],

        [[False, False, False,  ..., False, False, False],
         [False, False, False,  ..., False, False, False],
         [False, False, False,  ..., False, False, False],
         ...,
         [False, False, False,  ..., False, False, False],
         [False, False, False,  ..., False, False, False],
         [False, False, False,  ..., False, False, False]]])])}
[02/28 06:23:14 mask2former.data.dataset_mappers.mask_former_semantic_dataset_mapper]: None
[02/28 06:23:14 mask2former.data.dataset_mappers.mask_former_semantic_dataset_mapper]: output dataset_dict: {'file_name': '/cpfs01/projects-HDD/pujianxiangmuzu_HDD/public/mr/./leftImg8bit_trainvaltest/leftImg8bit/train/bochum/bochum_000000_015038_leftImg8bit.png', 'width': 2048, 'height': 1024, 'image': tensor([[[67, 77, 80,  ..., 12,  7,  8],
         [67, 76, 80,  ..., 12,  7,  8],
         [66, 74, 79,  ..., 12,  8,  8],
         ...,
         [61, 59, 59,  ..., 37, 38, 40],
         [61, 59, 59,  ..., 38, 39, 41],
         [61, 61, 59,  ..., 39, 41, 41]],

        [[82, 87, 94,  ..., 12, 14,  8],
         [82, 88, 94,  ..., 12, 15,  8],
         [83, 88, 91,  ..., 14, 16,  8],
         ...,
         [79, 80, 80,  ..., 50, 51, 50],
         [79, 80, 80,  ..., 51, 51, 51],
         [79, 79, 80,  ..., 52, 51, 51]],

        [[74, 74, 74,  ..., 10, 12,  8],
         [74, 76, 76,  ..., 10, 12,  8],
         [73, 73, 77,  ..., 11, 13,  8],
         ...,
         [68, 71, 71,  ..., 42, 41, 42],
         [68, 71, 71,  ..., 43, 43, 43],
         [69, 71, 71,  ..., 44, 44, 44]]], dtype=torch.uint8), 'sem_seg': tensor([[255, 255, 255,  ..., 255, 255, 255],
        [255, 255, 255,  ..., 255, 255, 255],
        [255, 255, 255,  ..., 255, 255, 255],
        ...,
        [255, 255, 255,  ..., 255, 255, 255],
        [255, 255, 255,  ..., 255, 255, 255],
        [255, 255, 255,  ..., 255, 255, 255]]), 'instances': Instances(num_instances=64, image_height=512, image_width=768, fields=[gt_classes: tensor([ 0,  1,  2,  5,  7,  8, 10, 11, 13, 15,  0,  1,  2,  7,  8, 10, 13,  1,
         2,  8, 10, 13,  2,  8, 10, 13,  1,  2,  8, 10, 13,  2,  8, 13,  2,  8,
         2,  8, 13,  2,  8, 13,  2,  8, 13,  2,  8, 13,  8, 13,  2,  8, 13,  8,
         2,  8,  2,  8, 13,  2,  8,  8,  8,  8]), gt_masks: tensor([[[False, False, False,  ..., False, False, False],
         [False, False, False,  ..., False, False, False],
         [False, False, False,  ..., False, False, False],
         ...,
         [False, False, False,  ..., False, False, False],
         [False, False, False,  ..., False, False, False],
         [False, False, False,  ..., False, False, False]],

        [[False, False, False,  ..., False, False, False],
         [False, False, False,  ..., False, False, False],
         [False, False, False,  ..., False, False, False],
         ...,
         [False, False, False,  ..., False, False, False],
         [False, False, False,  ..., False, False, False],
         [False, False, False,  ..., False, False, False]],

        [[False, False, False,  ..., False, False, False],
         [False, False, False,  ..., False, False, False],
         [False, False, False,  ..., False, False, False],
         ...,
         [False, False, False,  ..., False, False, False],
         [False, False, False,  ..., False, False, False],
         [False, False, False,  ..., False, False, False]],

        ...,

        [[False, False, False,  ..., False, False, False],
         [False, False, False,  ..., False, False, False],
         [False, False, False,  ..., False, False, False],
         ...,
         [False, False, False,  ..., False, False, False],
         [False, False, False,  ..., False, False, False],
         [False, False, False,  ..., False, False, False]],

        [[False, False, False,  ..., False, False, False],
         [False, False, False,  ..., False, False, False],
         [False, False, False,  ..., False, False, False],
         ...,
         [False, False, False,  ..., False, False, False],
         [False, False, False,  ..., False, False, False],
         [False, False, False,  ..., False, False, False]],

        [[False, False, False,  ..., False, False, False],
         [False, False, False,  ..., False, False, False],
         [False, False, False,  ..., False, False, False],
         ...,
         [False, False, False,  ..., False, False, False],
         [False, False, False,  ..., False, False, False],
         [False, False, False,  ..., False, False, False]]])])}
[02/28 06:23:14 mask2former.data.dataset_mappers.mask_former_semantic_dataset_mapper]: None
[02/28 06:23:14 mask2former.data.dataset_mappers.mask_former_semantic_dataset_mapper]: output dataset_dict: {'file_name': '/cpfs01/projects-HDD/pujianxiangmuzu_HDD/public/mr/./leftImg8bit_trainvaltest/leftImg8bit/train/dusseldorf/dusseldorf_000027_000019_leftImg8bit.png', 'width': 2048, 'height': 1024, 'image': tensor([[[52, 56, 58,  ..., 12, 12, 12],
         [56, 58, 59,  ..., 12, 12, 12],
         [59, 59, 59,  ..., 12, 12, 12],
         ...,
         [24, 24, 24,  ..., 18, 18, 18],
         [24, 24, 24,  ..., 18, 18, 18],
         [25, 24, 24,  ..., 18, 18, 17]],

        [[67, 67, 67,  ..., 15, 15, 15],
         [68, 68, 67,  ..., 15, 16, 16],
         [69, 68, 68,  ..., 16, 16, 16],
         ...,
         [32, 32, 32,  ..., 26, 27, 27],
         [32, 32, 32,  ..., 27, 27, 27],
         [31, 32, 32,  ..., 27, 27, 26]],

        [[55, 55, 55,  ..., 11, 11, 11],
         [57, 55, 55,  ..., 11, 11, 11],
         [57, 55, 52,  ..., 12, 12, 12],
         ...,
         [26, 26, 26,  ..., 22, 22, 22],
         [26, 26, 26,  ..., 22, 22, 22],
         [25, 26, 26,  ..., 22, 22, 22]]], dtype=torch.uint8), 'sem_seg': tensor([[2, 2, 2,  ..., 2, 2, 2],
        [2, 2, 2,  ..., 2, 2, 2],
        [2, 2, 2,  ..., 2, 2, 2],
        ...,
        [0, 0, 0,  ..., 0, 0, 0],
        [0, 0, 0,  ..., 0, 0, 0],
        [0, 0, 0,  ..., 0, 0, 0]]), 'instances': Instances(num_instances=22, image_height=768, image_width=768, fields=[gt_classes: tensor([ 0,  1,  2,  5,  6,  9, 11,  0,  1,  2,  0,  2,  2,  2,  2,  2,  2,  2,
         2,  2,  2,  2]), gt_masks: tensor([[[False, False, False,  ..., False, False, False],
         [False, False, False,  ..., False, False, False],
         [False, False, False,  ..., False, False, False],
         ...,
         [False, False, False,  ..., False, False, False],
         [False, False, False,  ..., False, False, False],
         [False, False, False,  ..., False, False, False]],

        [[False, False, False,  ..., False, False, False],
         [False, False, False,  ..., False, False, False],
         [False, False, False,  ..., False, False, False],
         ...,
         [False, False, False,  ..., False, False, False],
         [False, False, False,  ..., False, False, False],
         [False, False, False,  ..., False, False, False]],

        [[False, False, False,  ..., False, False, False],
         [False, False, False,  ..., False, False, False],
         [False, False, False,  ..., False, False, False],
         ...,
         [False, False, False,  ..., False, False, False],
         [False, False, False,  ..., False, False, False],
         [False, False, False,  ..., False, False, False]],

        ...,

        [[False, False, False,  ..., False, False, False],
         [False, False, False,  ..., False, False, False],
         [False, False, False,  ..., False, False, False],
         ...,
         [False, False, False,  ..., False, False, False],
         [False, False, False,  ..., False, False, False],
         [False, False, False,  ..., False, False, False]],

        [[False, False, False,  ..., False, False, False],
         [False, False, False,  ..., False, False, False],
         [False, False, False,  ..., False, False, False],
         ...,
         [False, False, False,  ..., False, False, False],
         [False, False, False,  ..., False, False, False],
         [False, False, False,  ..., False, False, False]],

        [[False, False, False,  ..., False, False, False],
         [False, False, False,  ..., False, False, False],
         [False, False, False,  ..., False, False, False],
         ...,
         [False, False, False,  ..., False, False, False],
         [False, False, False,  ..., False, False, False],
         [False, False, False,  ..., False, False, False]]])])}
[02/28 06:23:14 mask2former.data.dataset_mappers.mask_former_semantic_dataset_mapper]: None
[02/28 06:23:15 mask2former.data.dataset_mappers.mask_former_semantic_dataset_mapper]: output dataset_dict: {'file_name': '/cpfs01/projects-HDD/pujianxiangmuzu_HDD/public/mr/./leftImg8bit_trainvaltest/leftImg8bit/train/stuttgart/stuttgart_000112_000019_leftImg8bit.png', 'width': 2048, 'height': 1024, 'image': tensor([[[44, 39, 33,  ..., 26, 21, 17],
         [45, 38, 31,  ..., 28, 26, 23],
         [46, 39, 33,  ..., 34, 36, 36],
         ...,
         [32, 31, 31,  ..., 24, 24, 24],
         [31, 31, 29,  ..., 23, 24, 24],
         [30, 29, 29,  ..., 23, 24, 24]],

        [[50, 45, 36,  ..., 27, 27, 27],
         [51, 45, 36,  ..., 25, 28, 28],
         [52, 46, 38,  ..., 28, 28, 28],
         ...,
         [41, 40, 40,  ..., 32, 32, 32],
         [40, 40, 40,  ..., 32, 32, 32],
         [38, 39, 39,  ..., 32, 32, 32]],

        [[40, 37, 28,  ..., 18, 18, 17],
         [42, 37, 28,  ..., 18, 18, 19],
         [43, 38, 32,  ..., 22, 22, 22],
         ...,
         [34, 33, 34,  ..., 28, 28, 28],
         [33, 33, 33,  ..., 27, 28, 28],
         [33, 32, 32,  ..., 27, 29, 28]]], dtype=torch.uint8), 'sem_seg': tensor([[  2,   2,   2,  ...,   8,   8,   8],
        [  2,   2,   2,  ...,   8,   8,   8],
        [  2,   2,   2,  ...,   8,   8,   8],
        ...,
        [  0,   0,   0,  ..., 255, 255, 255],
        [  0,   0,   0,  ..., 255, 255, 255],
        [  0,   0,   0,  ..., 255, 255, 255]]), 'instances': Instances(num_instances=36, image_height=768, image_width=768, fields=[gt_classes: tensor([ 0,  1,  2,  5,  7,  8, 10, 11, 13, 17,  0,  2,  7,  8, 10, 13, 17,  0,
         7,  8, 13,  8, 13,  0,  2,  8, 13,  0,  2,  8,  2,  8,  2,  2,  2,  2]), gt_masks: tensor([[[False, False, False,  ..., False, False, False],
         [False, False, False,  ..., False, False, False],
         [False, False, False,  ..., False, False, False],
         ...,
         [False, False, False,  ..., False, False, False],
         [False, False, False,  ..., False, False, False],
         [False, False, False,  ..., False, False, False]],

        [[False, False, False,  ..., False, False, False],
         [False, False, False,  ..., False, False, False],
         [False, False, False,  ..., False, False, False],
         ...,
         [False, False, False,  ..., False, False, False],
         [False, False, False,  ..., False, False, False],
         [False, False, False,  ..., False, False, False]],

        [[False, False, False,  ..., False, False, False],
         [False, False, False,  ..., False, False, False],
         [False, False, False,  ..., False, False, False],
         ...,
         [False, False, False,  ..., False, False, False],
         [False, False, False,  ..., False, False, False],
         [False, False, False,  ..., False, False, False]],

        ...,

        [[False, False, False,  ..., False, False, False],
         [False, False, False,  ..., False, False, False],
         [False, False, False,  ..., False, False, False],
         ...,
         [False, False, False,  ..., False, False, False],
         [False, False, False,  ..., False, False, False],
         [False, False, False,  ..., False, False, False]],

        [[False, False, False,  ..., False, False, False],
         [False, False, False,  ..., False, False, False],
         [False, False, False,  ..., False, False, False],
         ...,
         [False, False, False,  ..., False, False, False],
         [False, False, False,  ..., False, False, False],
         [False, False, False,  ..., False, False, False]],

        [[False, False, False,  ..., False, False, False],
         [False, False, False,  ..., False, False, False],
         [False, False, False,  ..., False, False, False],
         ...,
         [False, False, False,  ..., False, False, False],
         [False, False, False,  ..., False, False, False],
         [False, False, False,  ..., False, False, False]]])])}
[02/28 06:23:15 mask2former.data.dataset_mappers.mask_former_semantic_dataset_mapper]: None
[02/28 06:23:15 mask2former.data.dataset_mappers.mask_former_semantic_dataset_mapper]: output dataset_dict: {'file_name': '/cpfs01/projects-HDD/pujianxiangmuzu_HDD/public/mr/./leftImg8bit_trainvaltest/leftImg8bit/train/bochum/bochum_000000_032169_leftImg8bit.png', 'width': 2048, 'height': 1024, 'image': tensor([[[138, 141, 142,  ..., 110, 105, 101],
         [138, 140, 142,  ..., 112, 105,  99],
         [137, 137, 138,  ..., 112, 102,  96],
         ...,
         [145, 144, 145,  ...,  89,  90,  90],
         [146, 144, 145,  ...,  89,  92,  92],
         [147, 145, 144,  ...,  88,  90,  90]],

        [[151, 153, 153,  ..., 123, 118, 114],
         [151, 153, 153,  ..., 124, 118, 112],
         [151, 153, 151,  ..., 125, 118, 111],
         ...,
         [154, 151, 151,  ...,  93,  94,  94],
         [154, 151, 151,  ...,  93,  94,  94],
         [153, 151, 151,  ...,  92,  93,  93]],

        [[131, 131, 131,  ...,  92,  85,  81],
         [131, 131, 131,  ...,  96,  88,  83],
         [129, 129, 131,  ...,  98,  89,  84],
         ...,
         [132, 129, 129,  ...,  73,  75,  75],
         [129, 129, 129,  ...,  71,  75,  75],
         [129, 129, 131,  ...,  71,  71,  73]]], dtype=torch.uint8), 'sem_seg': tensor([[2, 2, 2,  ..., 8, 8, 8],
        [2, 2, 2,  ..., 8, 8, 8],
        [2, 2, 2,  ..., 8, 8, 8],
        ...,
        [0, 0, 0,  ..., 0, 0, 0],
        [0, 0, 0,  ..., 0, 0, 0],
        [0, 0, 0,  ..., 0, 0, 0]]), 'instances': Instances(num_instances=22, image_height=768, image_width=768, fields=[gt_classes: tensor([ 0,  1,  2,  3,  8,  9, 13,  1,  3, 13,  9,  2, 13,  2,  8,  8,  8,  8,
         2,  8,  8,  8]), gt_masks: tensor([[[False, False, False,  ..., False, False, False],
         [False, False, False,  ..., False, False, False],
         [False, False, False,  ..., False, False, False],
         ...,
         [ True,  True,  True,  ...,  True,  True,  True],
         [ True,  True,  True,  ...,  True,  True,  True],
         [ True,  True,  True,  ...,  True,  True,  True]],

        [[False, False, False,  ..., False, False, False],
         [False, False, False,  ..., False, False, False],
         [False, False, False,  ..., False, False, False],
         ...,
         [False, False, False,  ..., False, False, False],
         [False, False, False,  ..., False, False, False],
         [False, False, False,  ..., False, False, False]],

        [[False, False, False,  ..., False, False, False],
         [False, False, False,  ..., False, False, False],
         [False, False, False,  ..., False, False, False],
         ...,
         [False, False, False,  ..., False, False, False],
         [False, False, False,  ..., False, False, False],
         [False, False, False,  ..., False, False, False]],

        ...,

        [[False, False, False,  ..., False, False, False],
         [False, False, False,  ..., False, False, False],
         [False, False, False,  ..., False, False, False],
         ...,
         [False, False, False,  ..., False, False, False],
         [False, False, False,  ..., False, False, False],
         [False, False, False,  ..., False, False, False]],

        [[False, False, False,  ..., False, False, False],
         [False, False, False,  ..., False, False, False],
         [False, False, False,  ..., False, False, False],
         ...,
         [False, False, False,  ..., False, False, False],
         [False, False, False,  ..., False, False, False],
         [False, False, False,  ..., False, False, False]],

        [[False, False, False,  ..., False, False, False],
         [False, False, False,  ..., False, False, False],
         [False, False, False,  ..., False, False, False],
         ...,
         [False, False, False,  ..., False, False, False],
         [False, False, False,  ..., False, False, False],
         [False, False, False,  ..., False, False, False]]])])}
[02/28 06:23:15 mask2former.data.dataset_mappers.mask_former_semantic_dataset_mapper]: None
[02/28 06:23:15 mask2former.data.dataset_mappers.mask_former_semantic_dataset_mapper]: output dataset_dict: {'file_name': '/cpfs01/projects-HDD/pujianxiangmuzu_HDD/public/mr/./leftImg8bit_trainvaltest/leftImg8bit/train/bochum/bochum_000000_026634_leftImg8bit.png', 'width': 2048, 'height': 1024, 'image': tensor([[[ 92,  94,  99,  ...,  57,  57,  59],
         [ 85,  88,  94,  ...,  56,  53,  57],
         [ 82,  87,  93,  ...,  57,  57,  57],
         ...,
         [ 74,  79,  84,  ..., 155, 155, 155],
         [ 82,  86,  89,  ..., 144, 144, 145],
         [ 89,  92,  92,  ..., 133, 142, 145]],

        [[114, 117, 119,  ...,  71,  71,  72],
         [108, 110, 113,  ...,  68,  68,  68],
         [102, 105, 108,  ...,  69,  69,  69],
         ...,
         [ 98, 102, 106,  ..., 175, 175, 175],
         [105, 109, 110,  ..., 164, 164, 164],
         [112, 113, 113,  ..., 158, 161, 166]],

        [[ 94,  94,  97,  ...,  64,  61,  65],
         [ 88,  88,  93,  ...,  60,  56,  61],
         [ 80,  84,  90,  ...,  63,  62,  62],
         ...,
         [ 75,  78,  79,  ..., 153, 150, 148],
         [ 81,  84,  84,  ..., 140, 140, 138],
         [ 86,  86,  86,  ..., 133, 138, 141]]], dtype=torch.uint8), 'sem_seg': tensor([[2, 2, 2,  ..., 8, 8, 8],
        [2, 2, 2,  ..., 8, 8, 8],
        [2, 2, 2,  ..., 8, 8, 8],
        ...,
        [8, 8, 8,  ..., 0, 0, 0],
        [8, 8, 8,  ..., 0, 0, 0],
        [8, 8, 8,  ..., 0, 0, 0]]), 'instances': Instances(num_instances=29, image_height=768, image_width=768, fields=[gt_classes: tensor([ 0,  1,  2,  3,  5,  7,  8,  9, 13,  0,  2,  3,  8, 13,  0,  8,  9, 13,
         8,  9,  8,  8,  8,  8,  8,  2,  8,  2,  8]), gt_masks: tensor([[[False, False, False,  ..., False, False, False],
         [False, False, False,  ..., False, False, False],
         [False, False, False,  ..., False, False, False],
         ...,
         [False, False, False,  ..., False, False, False],
         [False, False, False,  ..., False, False, False],
         [False, False, False,  ..., False, False, False]],

        [[False, False, False,  ..., False, False, False],
         [False, False, False,  ..., False, False, False],
         [False, False, False,  ..., False, False, False],
         ...,
         [False, False, False,  ..., False, False, False],
         [False, False, False,  ..., False, False, False],
         [False, False, False,  ..., False, False, False]],

        [[False, False, False,  ..., False, False, False],
         [False, False, False,  ..., False, False, False],
         [False, False, False,  ..., False, False, False],
         ...,
         [False, False, False,  ..., False, False, False],
         [False, False, False,  ..., False, False, False],
         [False, False, False,  ..., False, False, False]],

        ...,

        [[False, False, False,  ..., False, False, False],
         [False, False, False,  ..., False, False, False],
         [False, False, False,  ..., False, False, False],
         ...,
         [False, False, False,  ..., False, False, False],
         [False, False, False,  ..., False, False, False],
         [False, False, False,  ..., False, False, False]],

        [[False, False, False,  ..., False, False, False],
         [False, False, False,  ..., False, False, False],
         [False, False, False,  ..., False, False, False],
         ...,
         [False, False, False,  ..., False, False, False],
         [False, False, False,  ..., False, False, False],
         [False, False, False,  ..., False, False, False]],

        [[False, False, False,  ..., False, False, False],
         [False, False, False,  ..., False, False, False],
         [False, False, False,  ..., False, False, False],
         ...,
         [False, False, False,  ..., False, False, False],
         [False, False, False,  ..., False, False, False],
         [False, False, False,  ..., False, False, False]]])])}
[02/28 06:23:15 mask2former.data.dataset_mappers.mask_former_semantic_dataset_mapper]: None
[02/28 06:23:15 mask2former.data.dataset_mappers.mask_former_semantic_dataset_mapper]: output dataset_dict: {'file_name': '/cpfs01/projects-HDD/pujianxiangmuzu_HDD/public/mr/./leftImg8bit_trainvaltest/leftImg8bit/train/bremen/bremen_000237_000019_leftImg8bit.png', 'width': 2048, 'height': 1024, 'image': tensor([[[193, 196, 197,  ...,  86,  84,  89],
         [177, 183, 186,  ...,  91,  89,  87],
         [169, 175, 179,  ...,  93,  90,  85],
         ...,
         [ 57,  56,  56,  ...,  56,  56,  56],
         [ 57,  57,  56,  ...,  54,  54,  54],
         [ 57,  56,  56,  ...,  50,  51,  50]],

        [[223, 225, 223,  ..., 112, 110, 113],
         [206, 211, 214,  ..., 114, 112, 111],
         [195, 198, 200,  ..., 115, 112, 109],
         ...,
         [ 71,  70,  70,  ...,  69,  69,  69],
         [ 71,  70,  70,  ...,  66,  66,  66],
         [ 71,  70,  70,  ...,  64,  63,  64]],

        [[226, 228, 228,  ...,  99,  98, 104],
         [210, 215, 216,  ..., 104,  99, 103],
         [197, 203, 205,  ..., 104, 101, 101],
         ...,
         [ 67,  67,  68,  ...,  62,  64,  64],
         [ 67,  68,  68,  ...,  56,  58,  59],
         [ 67,  68,  68,  ...,  53,  55,  54]]], dtype=torch.uint8), 'sem_seg': tensor([[255, 255, 255,  ..., 255, 255, 255],
        [255, 255, 255,  ..., 255, 255, 255],
        [255, 255, 255,  ..., 255, 255, 255],
        ...,
        [255, 255, 255,  ..., 255, 255, 255],
        [255, 255, 255,  ..., 255, 255, 255],
        [255, 255, 255,  ..., 255, 255, 255]]), 'instances': Instances(num_instances=41, image_height=716, image_width=768, fields=[gt_classes: tensor([ 0,  1,  2,  4,  5,  6,  7,  8,  9, 10, 13, 18,  0,  1,  2, 10,  0,  1,
         2,  8, 10,  0,  2,  2, 13,  2,  8, 13,  8,  2,  8, 13,  8, 13,  8,  8,
         8,  8,  8,  8,  8]), gt_masks: tensor([[[False, False, False,  ..., False, False, False],
         [False, False, False,  ..., False, False, False],
         [False, False, False,  ..., False, False, False],
         ...,
         [False, False, False,  ..., False, False, False],
         [False, False, False,  ..., False, False, False],
         [False, False, False,  ..., False, False, False]],

        [[False, False, False,  ..., False, False, False],
         [False, False, False,  ..., False, False, False],
         [False, False, False,  ..., False, False, False],
         ...,
         [False, False, False,  ..., False, False, False],
         [False, False, False,  ..., False, False, False],
         [False, False, False,  ..., False, False, False]],

        [[False, False, False,  ..., False, False, False],
         [False, False, False,  ..., False, False, False],
         [False, False, False,  ..., False, False, False],
         ...,
         [False, False, False,  ..., False, False, False],
         [False, False, False,  ..., False, False, False],
         [False, False, False,  ..., False, False, False]],

        ...,

        [[False, False, False,  ..., False, False, False],
         [False, False, False,  ..., False, False, False],
         [False, False, False,  ..., False, False, False],
         ...,
         [False, False, False,  ..., False, False, False],
         [False, False, False,  ..., False, False, False],
         [False, False, False,  ..., False, False, False]],

        [[False, False, False,  ..., False, False, False],
         [False, False, False,  ..., False, False, False],
         [False, False, False,  ..., False, False, False],
         ...,
         [False, False, False,  ..., False, False, False],
         [False, False, False,  ..., False, False, False],
         [False, False, False,  ..., False, False, False]],

        [[False, False, False,  ..., False, False, False],
         [False, False, False,  ..., False, False, False],
         [False, False, False,  ..., False, False, False],
         ...,
         [False, False, False,  ..., False, False, False],
         [False, False, False,  ..., False, False, False],
         [False, False, False,  ..., False, False, False]]])])}
[02/28 06:23:15 mask2former.data.dataset_mappers.mask_former_semantic_dataset_mapper]: None
[02/28 06:23:16 mask2former.data.dataset_mappers.mask_former_semantic_dataset_mapper]: output dataset_dict: {'file_name': '/cpfs01/projects-HDD/pujianxiangmuzu_HDD/public/mr/./leftImg8bit_trainvaltest/leftImg8bit/train/hamburg/hamburg_000000_085073_leftImg8bit.png', 'width': 2048, 'height': 1024, 'image': tensor([[[ 7,  5, 23,  ..., 52, 50, 45],
         [ 8,  6, 24,  ..., 54, 55, 53],
         [ 8, 10, 24,  ..., 57, 59, 59],
         ...,
         [18, 18, 18,  ..., 38, 43, 47],
         [18, 18, 20,  ..., 37, 43, 47],
         [19, 21, 24,  ..., 37, 42, 47]],

        [[30, 21, 28,  ..., 61, 61, 75],
         [32, 23, 30,  ..., 62, 64, 78],
         [34, 26, 32,  ..., 65, 68, 80],
         ...,
         [22, 22, 22,  ..., 42, 48, 54],
         [22, 24, 26,  ..., 42, 48, 54],
         [24, 26, 30,  ..., 41, 48, 53]],

        [[14,  5, 18,  ..., 46, 49, 65],
         [16,  5, 18,  ..., 48, 53, 69],
         [17,  9, 19,  ..., 51, 57, 71],
         ...,
         [18, 18, 18,  ..., 33, 41, 48],
         [18, 19, 21,  ..., 33, 41, 48],
         [18, 21, 24,  ..., 33, 41, 47]]], dtype=torch.uint8), 'sem_seg': tensor([[255, 255, 255,  ..., 255, 255, 255],
        [255, 255, 255,  ..., 255, 255, 255],
        [255, 255, 255,  ..., 255, 255, 255],
        ...,
        [255, 255, 255,  ..., 255, 255, 255],
        [255, 255, 255,  ..., 255, 255, 255],
        [255, 255, 255,  ..., 255, 255, 255]]), 'instances': Instances(num_instances=49, image_height=716, image_width=768, fields=[gt_classes: tensor([ 0,  1,  2,  5,  7,  8,  9, 11, 13, 18,  0,  2,  7,  8, 13,  1,  2,  7,
         8, 11, 18,  0,  1,  7,  8, 13,  1,  7,  8, 11, 13,  0,  1,  8,  1,  8,
        11, 13, 18,  1, 13, 18, 13, 11, 13,  1, 11, 11, 11]), gt_masks: tensor([[[False, False, False,  ..., False, False, False],
         [False, False, False,  ..., False, False, False],
         [False, False, False,  ..., False, False, False],
         ...,
         [False, False, False,  ..., False, False, False],
         [False, False, False,  ..., False, False, False],
         [False, False, False,  ..., False, False, False]],

        [[False, False, False,  ..., False, False, False],
         [False, False, False,  ..., False, False, False],
         [False, False, False,  ..., False, False, False],
         ...,
         [False, False, False,  ..., False, False, False],
         [False, False, False,  ..., False, False, False],
         [False, False, False,  ..., False, False, False]],

        [[False, False, False,  ..., False, False, False],
         [False, False, False,  ..., False, False, False],
         [False, False, False,  ..., False, False, False],
         ...,
         [False, False, False,  ..., False, False, False],
         [False, False, False,  ..., False, False, False],
         [False, False, False,  ..., False, False, False]],

        ...,

        [[False, False, False,  ..., False, False, False],
         [False, False, False,  ..., False, False, False],
         [False, False, False,  ..., False, False, False],
         ...,
         [False, False, False,  ..., False, False, False],
         [False, False, False,  ..., False, False, False],
         [False, False, False,  ..., False, False, False]],

        [[False, False, False,  ..., False, False, False],
         [False, False, False,  ..., False, False, False],
         [False, False, False,  ..., False, False, False],
         ...,
         [False, False, False,  ..., False, False, False],
         [False, False, False,  ..., False, False, False],
         [False, False, False,  ..., False, False, False]],

        [[False, False, False,  ..., False, False, False],
         [False, False, False,  ..., False, False, False],
         [False, False, False,  ..., False, False, False],
         ...,
         [False, False, False,  ..., False, False, False],
         [False, False, False,  ..., False, False, False],
         [False, False, False,  ..., False, False, False]]])])}
[02/28 06:23:16 mask2former.data.dataset_mappers.mask_former_semantic_dataset_mapper]: None
[02/28 06:23:16 mask2former.data.dataset_mappers.mask_former_semantic_dataset_mapper]: output dataset_dict: {'file_name': '/cpfs01/projects-HDD/pujianxiangmuzu_HDD/public/mr/./leftImg8bit_trainvaltest/leftImg8bit/train/aachen/aachen_000116_000019_leftImg8bit.png', 'width': 2048, 'height': 1024, 'image': tensor([[[25, 28, 28,  ..., 58, 69, 81],
         [25, 27, 28,  ..., 58, 69, 81],
         [24, 26, 27,  ..., 59, 70, 82],
         ...,
         [ 3,  3,  3,  ..., 58, 59, 59],
         [ 4,  3,  3,  ..., 58, 58, 58],
         [ 4,  3,  3,  ..., 59, 59, 58]],

        [[28, 30, 30,  ..., 66, 78, 88],
         [28, 30, 30,  ..., 66, 78, 88],
         [27, 29, 29,  ..., 67, 79, 89],
         ...,
         [ 6,  6,  6,  ..., 62, 63, 64],
         [ 7,  6,  6,  ..., 63, 63, 63],
         [ 7,  6,  6,  ..., 63, 63, 63]],

        [[24, 26, 25,  ..., 63, 76, 86],
         [24, 26, 25,  ..., 63, 76, 86],
         [23, 25, 25,  ..., 64, 77, 87],
         ...,
         [ 5,  4,  4,  ..., 55, 56, 57],
         [ 5,  4,  4,  ..., 55, 55, 55],
         [ 5,  4,  4,  ..., 55, 55, 55]]], dtype=torch.uint8), 'sem_seg': tensor([[ 2,  2,  2,  ...,  2,  2,  2],
        [ 2,  2,  2,  ...,  2,  2,  2],
        [ 2,  2,  2,  ...,  2,  2,  2],
        ...,
        [13, 13, 13,  ...,  1,  1,  1],
        [13, 13, 13,  ...,  1,  1,  1],
        [13, 13, 13,  ...,  1,  1,  1]]), 'instances': Instances(num_instances=41, image_height=768, image_width=768, fields=[gt_classes: tensor([ 1,  2,  5,  7, 11, 13,  1,  2, 13,  1,  2, 13,  1, 11,  1,  2,  2,  2,
        11,  2,  2,  2, 11, 11, 11, 11,  2, 11,  2,  2,  2, 11,  2,  2,  2,  2,
         2,  2,  2,  2,  2]), gt_masks: tensor([[[False, False, False,  ..., False, False, False],
         [False, False, False,  ..., False, False, False],
         [False, False, False,  ..., False, False, False],
         ...,
         [False, False, False,  ..., False, False, False],
         [False, False, False,  ..., False, False, False],
         [False, False, False,  ..., False, False, False]],

        [[False, False, False,  ..., False, False, False],
         [False, False, False,  ..., False, False, False],
         [False, False, False,  ..., False, False, False],
         ...,
         [False, False, False,  ..., False, False, False],
         [False, False, False,  ..., False, False, False],
         [False, False, False,  ..., False, False, False]],

        [[False, False, False,  ..., False, False, False],
         [False, False, False,  ..., False, False, False],
         [False, False, False,  ..., False, False, False],
         ...,
         [False, False, False,  ..., False, False, False],
         [False, False, False,  ..., False, False, False],
         [False, False, False,  ..., False, False, False]],

        ...,

        [[False, False, False,  ...,  True,  True,  True],
         [False, False, False,  ...,  True,  True,  True],
         [False, False, False,  ...,  True,  True,  True],
         ...,
         [False, False, False,  ..., False, False, False],
         [False, False, False,  ..., False, False, False],
         [False, False, False,  ..., False, False, False]],

        [[False, False, False,  ..., False, False, False],
         [False, False, False,  ..., False, False, False],
         [False, False, False,  ..., False, False, False],
         ...,
         [False, False, False,  ..., False, False, False],
         [False, False, False,  ..., False, False, False],
         [False, False, False,  ..., False, False, False]],

        [[False, False, False,  ..., False, False, False],
         [False, False, False,  ..., False, False, False],
         [False, False, False,  ..., False, False, False],
         ...,
         [False, False, False,  ..., False, False, False],
         [False, False, False,  ..., False, False, False],
         [False, False, False,  ..., False, False, False]]])])}
[02/28 06:23:16 mask2former.data.dataset_mappers.mask_former_semantic_dataset_mapper]: None
[02/28 06:23:16 mask2former.data.dataset_mappers.mask_former_semantic_dataset_mapper]: output dataset_dict: {'file_name': '/cpfs01/projects-HDD/pujianxiangmuzu_HDD/public/mr/./leftImg8bit_trainvaltest/leftImg8bit/train/bremen/bremen_000019_000019_leftImg8bit.png', 'width': 2048, 'height': 1024, 'image': tensor([[[210, 210, 210,  ...,  63,  59,  42],
         [210, 210, 208,  ...,  47,  35,  21],
         [210, 209, 208,  ...,  18,  11,   3],
         ...,
         [ 40,  39,  40,  ...,  13,  13,  12],
         [ 39,  39,  40,  ...,  13,  14,  12],
         [ 42,  42,  43,  ...,  13,  14,  12]],

        [[226, 226, 226,  ...,  86,  73,  51],
         [225, 225, 227,  ...,  62,  46,  32],
         [227, 226, 225,  ...,  30,  23,  24],
         ...,
         [ 43,  42,  43,  ...,  21,  21,  23],
         [ 44,  44,  45,  ...,  21,  21,  21],
         [ 46,  47,  47,  ...,  21,  21,  21]],

        [[218, 216, 216,  ...,  63,  54,  33],
         [217, 217, 215,  ...,  42,  27,  15],
         [216, 215, 214,  ...,  16,  13,  12],
         ...,
         [ 33,  31,  32,  ...,  13,  13,  14],
         [ 33,  32,  34,  ...,  13,  13,  12],
         [ 36,  35,  37,  ...,  13,  13,  12]]], dtype=torch.uint8), 'sem_seg': tensor([[255, 255, 255,  ..., 255, 255, 255],
        [255, 255, 255,  ..., 255, 255, 255],
        [255, 255, 255,  ..., 255, 255, 255],
        ...,
        [255, 255, 255,  ...,   0,   0,   0],
        [255, 255, 255,  ..., 255, 255, 255],
        [255, 255, 255,  ..., 255, 255, 255]]), 'instances': Instances(num_instances=43, image_height=614, image_width=768, fields=[gt_classes: tensor([ 0,  1,  3,  5,  6,  7,  8,  9, 10, 11, 13, 18,  0,  1,  8,  9, 10, 13,
         0,  1,  8,  9, 10, 13,  0,  1,  8, 10, 13,  0,  8, 10,  8,  0,  8,  8,
         8,  8,  8,  8,  8,  8,  8]), gt_masks: tensor([[[False, False, False,  ..., False, False, False],
         [False, False, False,  ..., False, False, False],
         [False, False, False,  ..., False, False, False],
         ...,
         [False, False, False,  ..., False, False, False],
         [False, False, False,  ..., False, False, False],
         [False, False, False,  ..., False, False, False]],

        [[False, False, False,  ..., False, False, False],
         [False, False, False,  ..., False, False, False],
         [False, False, False,  ..., False, False, False],
         ...,
         [False, False, False,  ..., False, False, False],
         [False, False, False,  ..., False, False, False],
         [False, False, False,  ..., False, False, False]],

        [[False, False, False,  ..., False, False, False],
         [False, False, False,  ..., False, False, False],
         [False, False, False,  ..., False, False, False],
         ...,
         [False, False, False,  ..., False, False, False],
         [False, False, False,  ..., False, False, False],
         [False, False, False,  ..., False, False, False]],

        ...,

        [[False, False, False,  ..., False, False, False],
         [False, False, False,  ..., False, False, False],
         [False, False, False,  ..., False, False, False],
         ...,
         [False, False, False,  ..., False, False, False],
         [False, False, False,  ..., False, False, False],
         [False, False, False,  ..., False, False, False]],

        [[False, False, False,  ..., False, False, False],
         [False, False, False,  ..., False, False, False],
         [False, False, False,  ..., False, False, False],
         ...,
         [False, False, False,  ..., False, False, False],
         [False, False, False,  ..., False, False, False],
         [False, False, False,  ..., False, False, False]],

        [[False, False, False,  ..., False, False, False],
         [False, False, False,  ..., False, False, False],
         [False, False, False,  ..., False, False, False],
         ...,
         [False, False, False,  ..., False, False, False],
         [False, False, False,  ..., False, False, False],
         [False, False, False,  ..., False, False, False]]])])}
[02/28 06:23:16 mask2former.data.dataset_mappers.mask_former_semantic_dataset_mapper]: None
[02/28 06:23:17 mask2former.data.dataset_mappers.mask_former_semantic_dataset_mapper]: output dataset_dict: {'file_name': '/cpfs01/projects-HDD/pujianxiangmuzu_HDD/public/mr/./leftImg8bit_trainvaltest/leftImg8bit/train/dusseldorf/dusseldorf_000124_000019_leftImg8bit.png', 'width': 2048, 'height': 1024, 'image': tensor([[[113, 113, 112,  ...,  56,  61,  69],
         [113, 113, 112,  ...,  69,  78,  84],
         [113, 113, 112,  ...,  83,  88,  91],
         ...,
         [ 50,  40,  31,  ...,  33,  33,  33],
         [ 48,  39,  31,  ...,  33,  33,  33],
         [ 46,  39,  31,  ...,  32,  33,  33]],

        [[123, 123, 124,  ...,  71,  78,  86],
         [124, 124, 124,  ...,  83,  92,  98],
         [124, 124, 124,  ...,  96, 101, 104],
         ...,
         [ 56,  46,  36,  ...,  39,  39,  39],
         [ 54,  45,  36,  ...,  39,  39,  39],
         [ 53,  44,  36,  ...,  39,  39,  39]],

        [[119, 119, 119,  ...,  58,  66,  74],
         [120, 119, 119,  ...,  72,  80,  85],
         [119, 119, 119,  ...,  87,  90,  93],
         ...,
         [ 50,  41,  32,  ...,  33,  33,  33],
         [ 47,  40,  32,  ...,  33,  33,  33],
         [ 45,  39,  32,  ...,  33,  33,  33]]], dtype=torch.uint8), 'sem_seg': tensor([[ 10,  10,  10,  ..., 255, 255,   2],
        [ 10,  10,  10,  ...,   2,   2,   2],
        [ 10,  10,  10,  ...,   2,   2,   2],
        ...,
        [  0,   0,   0,  ...,   0,   0,   0],
        [  0,   0,   0,  ...,   0,   0,   0],
        [  0,   0,   0,  ...,   0,   0,   0]]), 'instances': Instances(num_instances=26, image_height=768, image_width=768, fields=[gt_classes: tensor([ 0,  2,  4,  5,  7,  8, 10, 13,  0,  4, 10, 13,  0,  8, 13,  0, 13, 13,
         0,  2,  0,  0,  0,  2,  2,  2]), gt_masks: tensor([[[False, False, False,  ..., False, False, False],
         [False, False, False,  ..., False, False, False],
         [False, False, False,  ..., False, False, False],
         ...,
         [False, False, False,  ..., False, False, False],
         [False, False, False,  ..., False, False, False],
         [False, False, False,  ..., False, False, False]],

        [[False, False, False,  ..., False, False, False],
         [False, False, False,  ..., False, False, False],
         [False, False, False,  ..., False, False, False],
         ...,
         [False, False, False,  ..., False, False, False],
         [False, False, False,  ..., False, False, False],
         [False, False, False,  ..., False, False, False]],

        [[False, False, False,  ..., False, False, False],
         [False, False, False,  ..., False, False, False],
         [False, False, False,  ..., False, False, False],
         ...,
         [False, False, False,  ..., False, False, False],
         [False, False, False,  ..., False, False, False],
         [False, False, False,  ..., False, False, False]],

        ...,

        [[False, False, False,  ..., False, False, False],
         [False, False, False,  ..., False, False, False],
         [False, False, False,  ..., False, False, False],
         ...,
         [False, False, False,  ..., False, False, False],
         [False, False, False,  ..., False, False, False],
         [False, False, False,  ..., False, False, False]],

        [[False, False, False,  ..., False, False, False],
         [False, False, False,  ..., False, False, False],
         [False, False, False,  ..., False, False, False],
         ...,
         [False, False, False,  ..., False, False, False],
         [False, False, False,  ..., False, False, False],
         [False, False, False,  ..., False, False, False]],

        [[False, False, False,  ..., False, False,  True],
         [False, False, False,  ...,  True,  True,  True],
         [False, False, False,  ...,  True,  True,  True],
         ...,
         [False, False, False,  ..., False, False, False],
         [False, False, False,  ..., False, False, False],
         [False, False, False,  ..., False, False, False]]])])}
[02/28 06:23:17 mask2former.data.dataset_mappers.mask_former_semantic_dataset_mapper]: None
[02/28 06:23:17 mask2former.data.dataset_mappers.mask_former_semantic_dataset_mapper]: output dataset_dict: {'file_name': '/cpfs01/projects-HDD/pujianxiangmuzu_HDD/public/mr/./leftImg8bit_trainvaltest/leftImg8bit/train/dusseldorf/dusseldorf_000048_000019_leftImg8bit.png', 'width': 2048, 'height': 1024, 'image': tensor([[[119, 117, 120,  ...,  74,  83,  83],
         [118, 117, 121,  ..., 100, 109,  85],
         [120, 118, 121,  ..., 131, 159, 123],
         ...,
         [ 49,  50,  49,  ...,  59,  57,  56],
         [ 50,  50,  50,  ...,  58,  57,  56],
         [ 49,  49,  50,  ...,  59,  57,  58]],

        [[140, 137, 137,  ...,  88, 104, 107],
         [139, 136, 139,  ..., 101, 107, 109],
         [138, 136, 138,  ..., 130, 159, 150],
         ...,
         [ 62,  64,  63,  ...,  69,  67,  68],
         [ 63,  64,  63,  ...,  69,  69,  68],
         [ 63,  63,  63,  ...,  71,  69,  70]],

        [[127, 125, 124,  ...,  93, 101, 103],
         [124, 124, 125,  ...,  96,  98,  99],
         [122, 122, 123,  ..., 122, 141, 130],
         ...,
         [ 53,  54,  53,  ...,  61,  59,  60],
         [ 54,  54,  53,  ...,  61,  60,  60],
         [ 53,  53,  53,  ...,  62,  61,  61]]], dtype=torch.uint8), 'sem_seg': tensor([[  2,   2,   2,  ...,   8,   8,   8],
        [  2,   2,   2,  ...,   8,   8,   8],
        [  2,   2,   2,  ...,   8,   8,   8],
        ...,
        [  0,   0,   0,  ...,   0,   0,   0],
        [  0,   0,   0,  ...,   0,   0,   0],
        [  0,   0,   0,  ..., 255, 255, 255]]), 'instances': Instances(num_instances=35, image_height=768, image_width=768, fields=[gt_classes: tensor([ 0,  1,  2,  5,  6,  7,  8,  9, 10, 13,  0,  1,  2,  8,  9,  0,  2,  8,
         0,  8,  2,  8,  9,  2,  8,  9,  9,  8,  2,  8,  2,  8,  8,  8,  8]), gt_masks: tensor([[[False, False, False,  ..., False, False, False],
         [False, False, False,  ..., False, False, False],
         [False, False, False,  ..., False, False, False],
         ...,
         [False, False, False,  ..., False, False, False],
         [False, False, False,  ..., False, False, False],
         [False, False, False,  ..., False, False, False]],

        [[False, False, False,  ..., False, False, False],
         [False, False, False,  ..., False, False, False],
         [False, False, False,  ..., False, False, False],
         ...,
         [False, False, False,  ..., False, False, False],
         [False, False, False,  ..., False, False, False],
         [False, False, False,  ..., False, False, False]],

        [[False, False, False,  ..., False, False, False],
         [False, False, False,  ..., False, False, False],
         [False, False, False,  ..., False, False, False],
         ...,
         [False, False, False,  ..., False, False, False],
         [False, False, False,  ..., False, False, False],
         [False, False, False,  ..., False, False, False]],

        ...,

        [[False, False, False,  ..., False, False, False],
         [False, False, False,  ..., False, False, False],
         [False, False, False,  ..., False, False, False],
         ...,
         [False, False, False,  ..., False, False, False],
         [False, False, False,  ..., False, False, False],
         [False, False, False,  ..., False, False, False]],

        [[False, False, False,  ..., False, False, False],
         [False, False, False,  ..., False, False, False],
         [False, False, False,  ..., False, False, False],
         ...,
         [False, False, False,  ..., False, False, False],
         [False, False, False,  ..., False, False, False],
         [False, False, False,  ..., False, False, False]],

        [[False, False, False,  ..., False, False, False],
         [False, False, False,  ..., False, False, False],
         [False, False, False,  ..., False, False, False],
         ...,
         [False, False, False,  ..., False, False, False],
         [False, False, False,  ..., False, False, False],
         [False, False, False,  ..., False, False, False]]])])}
[02/28 06:23:17 mask2former.data.dataset_mappers.mask_former_semantic_dataset_mapper]: None
[02/28 06:23:17 mask2former.data.dataset_mappers.mask_former_semantic_dataset_mapper]: output dataset_dict: {'file_name': '/cpfs01/projects-HDD/pujianxiangmuzu_HDD/public/mr/./leftImg8bit_trainvaltest/leftImg8bit/train/monchengladbach/monchengladbach_000000_026602_leftImg8bit.png', 'width': 2048, 'height': 1024, 'image': tensor([[[117, 116, 115,  ...,  65,  68,  73],
         [119, 119, 119,  ...,  69,  74,  78],
         [121, 122, 120,  ...,  70,  79,  78],
         ...,
         [ 83,  85,  85,  ...,  90,  88,  87],
         [ 82,  83,  83,  ...,  89,  88,  87],
         [ 82,  83,  83,  ...,  88,  88,  87]],

        [[121, 122, 121,  ...,  81,  85,  90],
         [122, 123, 123,  ...,  85,  90,  94],
         [123, 124, 124,  ...,  86,  95,  94],
         ...,
         [ 95,  95,  95,  ...,  98,  96,  95],
         [ 94,  95,  95,  ...,  97,  96,  95],
         [ 94,  95,  95,  ...,  96,  96,  95]],

        [[102, 104, 102,  ...,  56,  60,  62],
         [101, 103, 102,  ...,  59,  64,  67],
         [103, 104, 103,  ...,  60,  70,  69],
         ...,
         [ 87,  87,  87,  ...,  90,  89,  89],
         [ 87,  87,  87,  ...,  89,  88,  88],
         [ 86,  87,  87,  ...,  89,  88,  88]]], dtype=torch.uint8), 'sem_seg': tensor([[  2,   2,   2,  ...,   8,   8,   8],
        [  2,   2,   2,  ...,   8,   8,   8],
        [  2,   2,   2,  ...,   8,   8,   8],
        ...,
        [  0,   0,   0,  ..., 255, 255, 255],
        [  0,   0,   0,  ..., 255, 255, 255],
        [  0,   0,   0,  ..., 255, 255, 255]]), 'instances': Instances(num_instances=28, image_height=768, image_width=768, fields=[gt_classes: tensor([ 0,  1,  2,  3,  4,  5,  6,  7,  8,  9, 10, 13,  0,  1,  2,  3,  8, 10,
         0,  1,  2,  3,  8, 10,  1,  8,  4,  8]), gt_masks: tensor([[[False, False, False,  ..., False, False, False],
         [False, False, False,  ..., False, False, False],
         [False, False, False,  ..., False, False, False],
         ...,
         [ True,  True,  True,  ..., False, False, False],
         [ True,  True,  True,  ..., False, False, False],
         [ True,  True,  True,  ..., False, False, False]],

        [[False, False, False,  ..., False, False, False],
         [False, False, False,  ..., False, False, False],
         [False, False, False,  ..., False, False, False],
         ...,
         [False, False, False,  ..., False, False, False],
         [False, False, False,  ..., False, False, False],
         [False, False, False,  ..., False, False, False]],

        [[False, False, False,  ..., False, False, False],
         [False, False, False,  ..., False, False, False],
         [False, False, False,  ..., False, False, False],
         ...,
         [False, False, False,  ..., False, False, False],
         [False, False, False,  ..., False, False, False],
         [False, False, False,  ..., False, False, False]],

        ...,

        [[False, False, False,  ...,  True,  True,  True],
         [False, False, False,  ...,  True,  True,  True],
         [False, False, False,  ...,  True,  True,  True],
         ...,
         [False, False, False,  ..., False, False, False],
         [False, False, False,  ..., False, False, False],
         [False, False, False,  ..., False, False, False]],

        [[False, False, False,  ..., False, False, False],
         [False, False, False,  ..., False, False, False],
         [False, False, False,  ..., False, False, False],
         ...,
         [False, False, False,  ..., False, False, False],
         [False, False, False,  ..., False, False, False],
         [False, False, False,  ..., False, False, False]],

        [[False, False, False,  ..., False, False, False],
         [False, False, False,  ..., False, False, False],
         [False, False, False,  ..., False, False, False],
         ...,
         [False, False, False,  ..., False, False, False],
         [False, False, False,  ..., False, False, False],
         [False, False, False,  ..., False, False, False]]])])}
[02/28 06:23:17 mask2former.data.dataset_mappers.mask_former_semantic_dataset_mapper]: None
[02/28 06:23:17 mask2former.data.dataset_mappers.mask_former_semantic_dataset_mapper]: output dataset_dict: {'file_name': '/cpfs01/projects-HDD/pujianxiangmuzu_HDD/public/mr/./leftImg8bit_trainvaltest/leftImg8bit/train/krefeld/krefeld_000000_028378_leftImg8bit.png', 'width': 2048, 'height': 1024, 'image': tensor([[[255, 255, 255,  ...,  74,  76,  78],
         [255, 255, 255,  ...,  72,  76,  80],
         [255, 255, 255,  ...,  73,  77,  84],
         ...,
         [ 57,  57,  57,  ...,  76,  70,  67],
         [ 57,  57,  57,  ...,  76,  70,  67],
         [ 57,  57,  57,  ...,  76,  70,  67]],

        [[255, 255, 255,  ...,  74,  76,  76],
         [255, 255, 255,  ...,  74,  75,  78],
         [255, 255, 255,  ...,  73,  74,  82],
         ...,
         [ 66,  67,  66,  ...,  81,  76,  73],
         [ 67,  67,  66,  ...,  81,  76,  73],
         [ 67,  67,  66,  ...,  81,  76,  73]],

        [[255, 255, 255,  ...,  60,  61,  62],
         [255, 255, 255,  ...,  60,  61,  63],
         [255, 255, 255,  ...,  58,  60,  66],
         ...,
         [ 55,  57,  56,  ...,  71,  67,  64],
         [ 57,  57,  56,  ...,  71,  67,  64],
         [ 57,  57,  56,  ...,  71,  67,  64]]], dtype=torch.uint8), 'sem_seg': tensor([[  2,   2,   2,  ...,   2,   2,   2],
        [  2,   2,   2,  ...,   2,   2,   2],
        [  2,   2,   2,  ...,   2,   2,   2],
        ...,
        [255, 255, 255,  ..., 255, 255, 255],
        [255, 255, 255,  ..., 255, 255, 255],
        [255, 255, 255,  ..., 255, 255, 255]]), 'instances': Instances(num_instances=37, image_height=768, image_width=768, fields=[gt_classes: tensor([ 0,  1,  2,  5,  7,  8, 10, 11, 13,  1,  2,  8, 10,  1,  2,  8, 10,  1,
         8,  2, 13,  2, 13,  2, 13,  2,  2,  2,  2,  2,  2,  2,  2,  2,  2,  2,
         2]), gt_masks: tensor([[[False, False, False,  ..., False, False, False],
         [False, False, False,  ..., False, False, False],
         [False, False, False,  ..., False, False, False],
         ...,
         [False, False, False,  ..., False, False, False],
         [False, False, False,  ..., False, False, False],
         [False, False, False,  ..., False, False, False]],

        [[False, False, False,  ..., False, False, False],
         [False, False, False,  ..., False, False, False],
         [False, False, False,  ..., False, False, False],
         ...,
         [False, False, False,  ..., False, False, False],
         [False, False, False,  ..., False, False, False],
         [False, False, False,  ..., False, False, False]],

        [[False, False, False,  ..., False, False, False],
         [False, False, False,  ..., False, False, False],
         [False, False, False,  ..., False, False, False],
         ...,
         [False, False, False,  ..., False, False, False],
         [False, False, False,  ..., False, False, False],
         [False, False, False,  ..., False, False, False]],

        ...,

        [[False, False, False,  ..., False, False, False],
         [False, False, False,  ..., False, False, False],
         [False, False, False,  ..., False, False, False],
         ...,
         [False, False, False,  ..., False, False, False],
         [False, False, False,  ..., False, False, False],
         [False, False, False,  ..., False, False, False]],

        [[False, False, False,  ..., False, False, False],
         [False, False, False,  ..., False, False, False],
         [False, False, False,  ..., False, False, False],
         ...,
         [False, False, False,  ..., False, False, False],
         [False, False, False,  ..., False, False, False],
         [False, False, False,  ..., False, False, False]],

        [[False, False, False,  ..., False, False, False],
         [False, False, False,  ..., False, False, False],
         [False, False, False,  ..., False, False, False],
         ...,
         [False, False, False,  ..., False, False, False],
         [False, False, False,  ..., False, False, False],
         [False, False, False,  ..., False, False, False]]])])}
[02/28 06:23:17 mask2former.data.dataset_mappers.mask_former_semantic_dataset_mapper]: None
[02/28 06:23:17 mask2former.data.dataset_mappers.mask_former_semantic_dataset_mapper]: output dataset_dict: {'file_name': '/cpfs01/projects-HDD/pujianxiangmuzu_HDD/public/mr/./leftImg8bit_trainvaltest/leftImg8bit/train/weimar/weimar_000030_000019_leftImg8bit.png', 'width': 2048, 'height': 1024, 'image': tensor([[[117, 115, 115,  ..., 128, 128, 126],
         [112, 115, 111,  ..., 124, 124, 125],
         [112, 112, 111,  ..., 124, 124, 124],
         ...,
         [ 98,  97,  96,  ...,  87,  87,  88],
         [ 97, 100,  97,  ...,  83,  84,  85],
         [100, 100, 100,  ...,  78,  76,  76]],

        [[150, 151, 150,  ..., 141, 141, 142],
         [151, 151, 150,  ..., 141, 141, 141],
         [148, 148, 147,  ..., 141, 141, 141],
         ...,
         [114, 115, 115,  ..., 114, 114, 114],
         [115, 115, 115,  ..., 108, 110, 111],
         [116, 116, 115,  ..., 101, 102, 102]],

        [[106, 107, 106,  ...,  67,  67,  65],
         [108, 108, 106,  ...,  62,  62,  64],
         [108, 108, 105,  ...,  62,  62,  62],
         ...,
         [106, 106, 102,  ...,  87,  87,  87],
         [106, 107, 106,  ...,  83,  83,  83],
         [107, 108, 107,  ...,  78,  76,  76]]], dtype=torch.uint8), 'sem_seg': tensor([[ 2,  2,  2,  ...,  2,  2,  2],
        [ 2,  2,  2,  ...,  2,  2,  2],
        [ 2,  2,  2,  ...,  2,  2,  2],
        ...,
        [ 0,  0,  0,  ..., 13, 13, 13],
        [ 0,  0,  0,  ..., 13, 13, 13],
        [ 0,  0,  0,  ..., 13, 13, 13]]), 'instances': Instances(num_instances=28, image_height=768, image_width=768, fields=[gt_classes: tensor([ 0,  1,  2,  5,  7,  8, 10, 13,  2, 10,  2,  2,  0,  2, 13,  2, 13, 13,
         2, 13,  2, 13,  2,  2,  2,  2,  2,  2]), gt_masks: tensor([[[False, False, False,  ..., False, False, False],
         [False, False, False,  ..., False, False, False],
         [False, False, False,  ..., False, False, False],
         ...,
         [False, False, False,  ..., False, False, False],
         [False, False, False,  ..., False, False, False],
         [False, False, False,  ..., False, False, False]],

        [[False, False, False,  ..., False, False, False],
         [False, False, False,  ..., False, False, False],
         [False, False, False,  ..., False, False, False],
         ...,
         [False, False, False,  ..., False, False, False],
         [False, False, False,  ..., False, False, False],
         [False, False, False,  ..., False, False, False]],

        [[False, False, False,  ..., False, False, False],
         [False, False, False,  ..., False, False, False],
         [False, False, False,  ..., False, False, False],
         ...,
         [False, False, False,  ..., False, False, False],
         [False, False, False,  ..., False, False, False],
         [False, False, False,  ..., False, False, False]],

        ...,

        [[False, False, False,  ..., False, False, False],
         [False, False, False,  ..., False, False, False],
         [False, False, False,  ..., False, False, False],
         ...,
         [False, False, False,  ..., False, False, False],
         [False, False, False,  ..., False, False, False],
         [False, False, False,  ..., False, False, False]],

        [[False, False, False,  ..., False, False, False],
         [False, False, False,  ..., False, False, False],
         [False, False, False,  ..., False, False, False],
         ...,
         [False, False, False,  ..., False, False, False],
         [False, False, False,  ..., False, False, False],
         [False, False, False,  ..., False, False, False]],

        [[False, False, False,  ..., False, False, False],
         [False, False, False,  ..., False, False, False],
         [False, False, False,  ..., False, False, False],
         ...,
         [False, False, False,  ..., False, False, False],
         [False, False, False,  ..., False, False, False],
         [False, False, False,  ..., False, False, False]]])])}
[02/28 06:23:17 mask2former.data.dataset_mappers.mask_former_semantic_dataset_mapper]: None
[02/28 06:23:18 mask2former.data.dataset_mappers.mask_former_semantic_dataset_mapper]: output dataset_dict: {'file_name': '/cpfs01/projects-HDD/pujianxiangmuzu_HDD/public/mr/./leftImg8bit_trainvaltest/leftImg8bit/train/stuttgart/stuttgart_000011_000019_leftImg8bit.png', 'width': 2048, 'height': 1024, 'image': tensor([[[160, 160, 160,  ...,  19,  18,  18],
         [160, 160, 160,  ...,  19,  18,  18],
         [160, 160, 160,  ...,  19,  19,  18],
         ...,
         [ 58,  58,  58,  ...,  58,  58,  58],
         [ 58,  58,  58,  ...,  58,  58,  58],
         [ 57,  58,  58,  ...,  58,  58,  58]],

        [[160, 160, 160,  ...,  25,  25,  24],
         [160, 160, 160,  ...,  25,  25,  24],
         [160, 160, 160,  ...,  25,  25,  24],
         ...,
         [ 68,  67,  68,  ...,  70,  69,  69],
         [ 67,  67,  67,  ...,  69,  69,  69],
         [ 67,  67,  67,  ...,  69,  69,  69]],

        [[160, 160, 160,  ...,  25,  24,  23],
         [160, 160, 160,  ...,  25,  23,  23],
         [160, 160, 160,  ...,  25,  23,  23],
         ...,
         [ 62,  63,  63,  ...,  63,  63,  62],
         [ 62,  62,  63,  ...,  62,  64,  63],
         [ 63,  62,  62,  ...,  63,  64,  64]]], dtype=torch.uint8), 'sem_seg': tensor([[255, 255, 255,  ..., 255, 255, 255],
        [255, 255, 255,  ..., 255, 255, 255],
        [255, 255, 255,  ..., 255, 255, 255],
        ...,
        [255, 255, 255,  ...,   0,   0,   0],
        [255, 255, 255,  ..., 255, 255, 255],
        [255, 255, 255,  ..., 255, 255, 255]]), 'instances': Instances(num_instances=47, image_height=512, image_width=768, fields=[gt_classes: tensor([ 0,  2,  4,  5,  8,  9, 10, 11, 13,  0,  8, 10,  0,  8, 10,  0,  8,  0,
         8, 13,  0,  8,  0,  8, 13,  0,  8, 13,  0,  8, 13,  0,  8, 13,  0,  8,
         8,  8, 13,  8, 13, 13, 13, 13, 13, 13, 13]), gt_masks: tensor([[[False, False, False,  ..., False, False, False],
         [False, False, False,  ..., False, False, False],
         [False, False, False,  ..., False, False, False],
         ...,
         [False, False, False,  ..., False, False, False],
         [False, False, False,  ..., False, False, False],
         [False, False, False,  ..., False, False, False]],

        [[False, False, False,  ..., False, False, False],
         [False, False, False,  ..., False, False, False],
         [False, False, False,  ..., False, False, False],
         ...,
         [False, False, False,  ..., False, False, False],
         [False, False, False,  ..., False, False, False],
         [False, False, False,  ..., False, False, False]],

        [[False, False, False,  ..., False, False, False],
         [False, False, False,  ..., False, False, False],
         [False, False, False,  ..., False, False, False],
         ...,
         [False, False, False,  ..., False, False, False],
         [False, False, False,  ..., False, False, False],
         [False, False, False,  ..., False, False, False]],

        ...,

        [[False, False, False,  ..., False, False, False],
         [False, False, False,  ..., False, False, False],
         [False, False, False,  ..., False, False, False],
         ...,
         [False, False, False,  ..., False, False, False],
         [False, False, False,  ..., False, False, False],
         [False, False, False,  ..., False, False, False]],

        [[False, False, False,  ..., False, False, False],
         [False, False, False,  ..., False, False, False],
         [False, False, False,  ..., False, False, False],
         ...,
         [False, False, False,  ..., False, False, False],
         [False, False, False,  ..., False, False, False],
         [False, False, False,  ..., False, False, False]],

        [[False, False, False,  ..., False, False, False],
         [False, False, False,  ..., False, False, False],
         [False, False, False,  ..., False, False, False],
         ...,
         [False, False, False,  ..., False, False, False],
         [False, False, False,  ..., False, False, False],
         [False, False, False,  ..., False, False, False]]])])}
[02/28 06:23:18 mask2former.data.dataset_mappers.mask_former_semantic_dataset_mapper]: None
[02/28 06:23:18 mask2former.data.dataset_mappers.mask_former_semantic_dataset_mapper]: output dataset_dict: {'file_name': '/cpfs01/projects-HDD/pujianxiangmuzu_HDD/public/mr/./leftImg8bit_trainvaltest/leftImg8bit/train/cologne/cologne_000094_000019_leftImg8bit.png', 'width': 2048, 'height': 1024, 'image': tensor([[[ 57,  56,  58,  ...,  81,  64,  54],
         [ 64,  65,  66,  ..., 112,  83,  53],
         [ 75,  76,  75,  ..., 155, 143,  87],
         ...,
         [114, 114, 115,  ...,  88,  88,  90],
         [113, 113, 114,  ...,  88,  90,  90],
         [110, 110, 113,  ...,  88,  90,  90]],

        [[ 65,  66,  69,  ..., 110,  94,  88],
         [ 73,  75,  78,  ..., 150, 126, 105],
         [ 83,  85,  86,  ..., 185, 178, 134],
         ...,
         [127, 127, 126,  ..., 102, 103, 103],
         [126, 126, 125,  ..., 102, 104, 104],
         [125, 124, 125,  ..., 102, 104, 104]],

        [[ 59,  60,  60,  ...,  84,  70,  80],
         [ 66,  67,  66,  ..., 127, 108,  99],
         [ 73,  76,  74,  ..., 166, 166, 130],
         ...,
         [117, 116, 116,  ...,  92,  93,  93],
         [116, 115, 115,  ...,  92,  94,  93],
         [114, 113, 113,  ...,  92,  94,  93]]], dtype=torch.uint8), 'sem_seg': tensor([[  8,   8,   8,  ...,  13,  13,  13],
        [  8,   8,   8,  ...,  13,  13,  13],
        [  8,   8,   8,  ...,  13,  13,  13],
        ...,
        [255, 255, 255,  ...,   0,   0,   0],
        [255, 255, 255,  ...,   0,   0,   0],
        [255, 255, 255,  ...,   0,   0,   0]]), 'instances': Instances(num_instances=17, image_height=768, image_width=768, fields=[gt_classes: tensor([ 0,  1,  2,  5,  7,  8, 13,  0,  2,  0, 13,  0,  8, 13,  8, 13, 13]), gt_masks: tensor([[[False, False, False,  ..., False, False, False],
         [False, False, False,  ..., False, False, False],
         [False, False, False,  ..., False, False, False],
         ...,
         [False, False, False,  ..., False, False, False],
         [False, False, False,  ..., False, False, False],
         [False, False, False,  ..., False, False, False]],

        [[False, False, False,  ..., False, False, False],
         [False, False, False,  ..., False, False, False],
         [False, False, False,  ..., False, False, False],
         ...,
         [False, False, False,  ..., False, False, False],
         [False, False, False,  ..., False, False, False],
         [False, False, False,  ..., False, False, False]],

        [[False, False, False,  ..., False, False, False],
         [False, False, False,  ..., False, False, False],
         [False, False, False,  ..., False, False, False],
         ...,
         [False, False, False,  ..., False, False, False],
         [False, False, False,  ..., False, False, False],
         [False, False, False,  ..., False, False, False]],

        ...,

        [[ True,  True,  True,  ..., False, False, False],
         [ True,  True,  True,  ..., False, False, False],
         [ True,  True,  True,  ..., False, False, False],
         ...,
         [False, False, False,  ..., False, False, False],
         [False, False, False,  ..., False, False, False],
         [False, False, False,  ..., False, False, False]],

        [[False, False, False,  ..., False, False, False],
         [False, False, False,  ..., False, False, False],
         [False, False, False,  ..., False, False, False],
         ...,
         [False, False, False,  ..., False, False, False],
         [False, False, False,  ..., False, False, False],
         [False, False, False,  ..., False, False, False]],

        [[False, False, False,  ..., False, False, False],
         [False, False, False,  ..., False, False, False],
         [False, False, False,  ..., False, False, False],
         ...,
         [False, False, False,  ..., False, False, False],
         [False, False, False,  ..., False, False, False],
         [False, False, False,  ..., False, False, False]]])])}
[02/28 06:23:18 mask2former.data.dataset_mappers.mask_former_semantic_dataset_mapper]: None
[02/28 06:23:18 d2.utils.events]:  eta: 1:23:08  iter: 179  total_loss: 75.45  loss_ce: 2.366  loss_mask: 0.9316  loss_dice: 4.276  loss_ce_0: 5.08  loss_mask_0: 0.898  loss_dice_0: 4.222  loss_ce_1: 2.117  loss_mask_1: 0.9661  loss_dice_1: 4.222  loss_ce_2: 2.043  loss_mask_2: 0.9572  loss_dice_2: 4.198  loss_ce_3: 1.971  loss_mask_3: 0.9679  loss_dice_3: 4.236  loss_ce_4: 1.996  loss_mask_4: 0.9574  loss_dice_4: 4.242  loss_ce_5: 2.064  loss_mask_5: 0.9823  loss_dice_5: 4.216  loss_ce_6: 2.154  loss_mask_6: 0.9212  loss_dice_6: 4.215  loss_ce_7: 2.168  loss_mask_7: 1.031  loss_dice_7: 4.24  loss_ce_8: 2.283  loss_mask_8: 0.9549  loss_dice_8: 4.228    time: 0.5082  last_time: 0.3365  data_time: 0.0104  last_data_time: 0.0095   lr: 9.8388e-05  max_mem: 5889M
[02/28 06:23:18 mask2former.data.dataset_mappers.mask_former_semantic_dataset_mapper]: output dataset_dict: {'file_name': '/cpfs01/projects-HDD/pujianxiangmuzu_HDD/public/mr/./leftImg8bit_trainvaltest/leftImg8bit/train/krefeld/krefeld_000000_019697_leftImg8bit.png', 'width': 2048, 'height': 1024, 'image': tensor([[[255, 255, 255,  ...,  91,  91,  91],
         [255, 255, 255,  ...,  92,  92,  92],
         [255, 255, 255,  ...,  93,  92,  89],
         ...,
         [110, 110, 110,  ...,  75,  75,  75],
         [110, 109, 110,  ...,  77,  77,  78],
         [110, 109, 110,  ...,  81,  80,  81]],

        [[255, 255, 255,  ...,  95,  95,  94],
         [255, 255, 255,  ...,  95,  95,  94],
         [255, 255, 255,  ...,  96,  95,  92],
         ...,
         [106, 106, 106,  ...,  77,  78,  79],
         [106, 106, 107,  ...,  80,  81,  82],
         [105, 105, 107,  ...,  83,  83,  84]],

        [[255, 255, 255,  ...,  80,  80,  79],
         [255, 255, 255,  ...,  80,  80,  79],
         [255, 255, 255,  ...,  80,  80,  79],
         ...,
         [ 97,  96,  96,  ...,  64,  66,  66],
         [ 97,  96,  96,  ...,  67,  67,  69],
         [ 96,  94,  94,  ...,  69,  69,  71]]], dtype=torch.uint8), 'sem_seg': tensor([[10, 10, 10,  ...,  2,  2,  2],
        [10, 10, 10,  ...,  2,  2,  2],
        [10, 10, 10,  ...,  2,  2,  2],
        ...,
        [ 0,  0,  0,  ...,  0,  0,  0],
        [ 0,  0,  0,  ...,  0,  0,  0],
        [ 0,  0,  0,  ...,  0,  0,  0]]), 'instances': Instances(num_instances=28, image_height=768, image_width=768, fields=[gt_classes: tensor([ 0,  1,  2,  5,  6,  7,  8, 10, 11, 13, 17,  0,  8, 10,  0,  2,  0,  2,
         0,  0,  0,  2,  2,  2,  2,  2,  2,  2]), gt_masks: tensor([[[False, False, False,  ..., False, False, False],
         [False, False, False,  ..., False, False, False],
         [False, False, False,  ..., False, False, False],
         ...,
         [False, False, False,  ..., False, False, False],
         [False, False, False,  ..., False, False, False],
         [False, False, False,  ..., False, False, False]],

        [[False, False, False,  ..., False, False, False],
         [False, False, False,  ..., False, False, False],
         [False, False, False,  ..., False, False, False],
         ...,
         [False, False, False,  ..., False, False, False],
         [False, False, False,  ..., False, False, False],
         [False, False, False,  ..., False, False, False]],

        [[False, False, False,  ..., False, False, False],
         [False, False, False,  ..., False, False, False],
         [False, False, False,  ..., False, False, False],
         ...,
         [False, False, False,  ..., False, False, False],
         [False, False, False,  ..., False, False, False],
         [False, False, False,  ..., False, False, False]],

        ...,

        [[False, False, False,  ..., False, False, False],
         [False, False, False,  ..., False, False, False],
         [False, False, False,  ..., False, False, False],
         ...,
         [False, False, False,  ..., False, False, False],
         [False, False, False,  ..., False, False, False],
         [False, False, False,  ..., False, False, False]],

        [[False, False, False,  ..., False, False, False],
         [False, False, False,  ..., False, False, False],
         [False, False, False,  ..., False, False, False],
         ...,
         [False, False, False,  ..., False, False, False],
         [False, False, False,  ..., False, False, False],
         [False, False, False,  ..., False, False, False]],

        [[False, False, False,  ..., False, False, False],
         [False, False, False,  ..., False, False, False],
         [False, False, False,  ..., False, False, False],
         ...,
         [False, False, False,  ..., False, False, False],
         [False, False, False,  ..., False, False, False],
         [False, False, False,  ..., False, False, False]]])])}
[02/28 06:23:18 mask2former.data.dataset_mappers.mask_former_semantic_dataset_mapper]: None
[02/28 06:23:18 mask2former.data.dataset_mappers.mask_former_semantic_dataset_mapper]: output dataset_dict: {'file_name': '/cpfs01/projects-HDD/pujianxiangmuzu_HDD/public/mr/./leftImg8bit_trainvaltest/leftImg8bit/train/hamburg/hamburg_000000_080878_leftImg8bit.png', 'width': 2048, 'height': 1024, 'image': tensor([[[ 74,  64,  55,  ...,   0,   0,   0],
         [ 86,  78,  69,  ...,   0,   0,   0],
         [ 99,  98,  96,  ...,   0,   0,   0],
         ...,
         [ 57,  56,  57,  ...,  59,  59,  58],
         [ 56,  56,  55,  ...,  60,  59,  58],
         [ 53,  54,  54,  ...,  57,  57,  58]],

        [[ 99,  93,  85,  ...,   5,   5,   7],
         [116, 110,  99,  ...,   5,   5,   6],
         [128, 126, 122,  ...,   4,   4,   5],
         ...,
         [ 71,  71,  73,  ...,  78,  77,  76],
         [ 69,  69,  71,  ...,  78,  77,  76],
         [ 67,  68,  70,  ...,  77,  75,  75]],

        [[ 75,  67,  57,  ...,   2,   2,   0],
         [ 88,  80,  66,  ...,   2,   2,   2],
         [ 98,  93,  89,  ...,   1,   1,   2],
         ...,
         [ 54,  55,  56,  ...,  56,  57,  58],
         [ 54,  54,  55,  ...,  59,  57,  58],
         [ 52,  53,  52,  ...,  55,  55,  57]]], dtype=torch.uint8), 'sem_seg': tensor([[13, 13, 13,  ..., 13, 13, 13],
        [13, 13, 13,  ..., 13, 13, 13],
        [13, 13, 13,  ..., 13, 13, 13],
        ...,
        [ 0,  0,  0,  ...,  0,  0,  0],
        [ 0,  0,  0,  ...,  0,  0,  0],
        [ 0,  0,  0,  ...,  0,  0,  0]]), 'instances': Instances(num_instances=10, image_height=768, image_width=768, fields=[gt_classes: tensor([ 0, 11, 13, 15, 11, 15,  0, 15, 13, 13]), gt_masks: tensor([[[False, False, False,  ..., False, False, False],
         [False, False, False,  ..., False, False, False],
         [False, False, False,  ..., False, False, False],
         ...,
         [ True,  True,  True,  ...,  True,  True,  True],
         [ True,  True,  True,  ...,  True,  True,  True],
         [ True,  True,  True,  ...,  True,  True,  True]],

        [[False, False, False,  ..., False, False, False],
         [False, False, False,  ..., False, False, False],
         [False, False, False,  ..., False, False, False],
         ...,
         [False, False, False,  ..., False, False, False],
         [False, False, False,  ..., False, False, False],
         [False, False, False,  ..., False, False, False]],

        [[False, False, False,  ..., False, False, False],
         [False, False, False,  ..., False, False, False],
         [False, False, False,  ..., False, False, False],
         ...,
         [False, False, False,  ..., False, False, False],
         [False, False, False,  ..., False, False, False],
         [False, False, False,  ..., False, False, False]],

        ...,

        [[False, False, False,  ..., False, False, False],
         [False, False, False,  ..., False, False, False],
         [False, False, False,  ..., False, False, False],
         ...,
         [False, False, False,  ..., False, False, False],
         [False, False, False,  ..., False, False, False],
         [False, False, False,  ..., False, False, False]],

        [[ True,  True,  True,  ..., False, False, False],
         [ True,  True,  True,  ..., False, False, False],
         [ True,  True,  True,  ..., False, False, False],
         ...,
         [False, False, False,  ..., False, False, False],
         [False, False, False,  ..., False, False, False],
         [False, False, False,  ..., False, False, False]],

        [[False, False, False,  ...,  True,  True,  True],
         [False, False, False,  ...,  True,  True,  True],
         [False, False, False,  ...,  True,  True,  True],
         ...,
         [False, False, False,  ..., False, False, False],
         [False, False, False,  ..., False, False, False],
         [False, False, False,  ..., False, False, False]]])])}
[02/28 06:23:18 mask2former.data.dataset_mappers.mask_former_semantic_dataset_mapper]: None
[02/28 06:23:19 mask2former.data.dataset_mappers.mask_former_semantic_dataset_mapper]: output dataset_dict: {'file_name': '/cpfs01/projects-HDD/pujianxiangmuzu_HDD/public/mr/./leftImg8bit_trainvaltest/leftImg8bit/train/weimar/weimar_000011_000019_leftImg8bit.png', 'width': 2048, 'height': 1024, 'image': tensor([[[57, 58, 58,  ..., 34, 30, 24],
         [58, 57, 57,  ..., 35, 32, 28],
         [58, 57, 57,  ..., 36, 34, 31],
         ...,
         [56, 55, 56,  ..., 34, 34, 34],
         [56, 56, 56,  ..., 34, 34, 34],
         [56, 56, 56,  ..., 34, 34, 34]],

        [[66, 66, 66,  ..., 42, 37, 30],
         [66, 66, 66,  ..., 45, 40, 34],
         [66, 66, 66,  ..., 47, 43, 38],
         ...,
         [63, 62, 62,  ..., 43, 43, 43],
         [63, 62, 63,  ..., 43, 43, 43],
         [63, 62, 63,  ..., 43, 43, 43]],

        [[64, 63, 64,  ..., 39, 36, 30],
         [63, 63, 64,  ..., 42, 39, 34],
         [63, 63, 64,  ..., 43, 40, 36],
         ...,
         [54, 54, 54,  ..., 38, 37, 37],
         [55, 55, 55,  ..., 38, 38, 38],
         [55, 55, 55,  ..., 38, 38, 38]]], dtype=torch.uint8), 'sem_seg': tensor([[255, 255, 255,  ..., 255, 255, 255],
        [255, 255, 255,  ..., 255, 255, 255],
        [255, 255, 255,  ..., 255, 255, 255],
        ...,
        [255, 255, 255,  ..., 255, 255, 255],
        [255, 255, 255,  ..., 255, 255, 255],
        [255, 255, 255,  ..., 255, 255, 255]]), 'instances': Instances(num_instances=42, image_height=716, image_width=768, fields=[gt_classes: tensor([ 0,  1,  2,  4,  5,  6,  7,  8,  9, 10, 13, 14, 15,  0,  2,  4,  7, 10,
        13, 15,  0,  1,  2,  4,  7, 15,  1,  2,  2,  2,  8,  2,  2,  0,  2,  2,
         2,  2,  2,  2,  2,  2]), gt_masks: tensor([[[False, False, False,  ..., False, False, False],
         [False, False, False,  ..., False, False, False],
         [False, False, False,  ..., False, False, False],
         ...,
         [False, False, False,  ..., False, False, False],
         [False, False, False,  ..., False, False, False],
         [False, False, False,  ..., False, False, False]],

        [[False, False, False,  ..., False, False, False],
         [False, False, False,  ..., False, False, False],
         [False, False, False,  ..., False, False, False],
         ...,
         [False, False, False,  ..., False, False, False],
         [False, False, False,  ..., False, False, False],
         [False, False, False,  ..., False, False, False]],

        [[False, False, False,  ..., False, False, False],
         [False, False, False,  ..., False, False, False],
         [False, False, False,  ..., False, False, False],
         ...,
         [False, False, False,  ..., False, False, False],
         [False, False, False,  ..., False, False, False],
         [False, False, False,  ..., False, False, False]],

        ...,

        [[False, False, False,  ..., False, False, False],
         [False, False, False,  ..., False, False, False],
         [False, False, False,  ..., False, False, False],
         ...,
         [False, False, False,  ..., False, False, False],
         [False, False, False,  ..., False, False, False],
         [False, False, False,  ..., False, False, False]],

        [[False, False, False,  ..., False, False, False],
         [False, False, False,  ..., False, False, False],
         [False, False, False,  ..., False, False, False],
         ...,
         [False, False, False,  ..., False, False, False],
         [False, False, False,  ..., False, False, False],
         [False, False, False,  ..., False, False, False]],

        [[False, False, False,  ..., False, False, False],
         [False, False, False,  ..., False, False, False],
         [False, False, False,  ..., False, False, False],
         ...,
         [False, False, False,  ..., False, False, False],
         [False, False, False,  ..., False, False, False],
         [False, False, False,  ..., False, False, False]]])])}
[02/28 06:23:19 mask2former.data.dataset_mappers.mask_former_semantic_dataset_mapper]: None
[02/28 06:23:19 mask2former.data.dataset_mappers.mask_former_semantic_dataset_mapper]: output dataset_dict: {'file_name': '/cpfs01/projects-HDD/pujianxiangmuzu_HDD/public/mr/./leftImg8bit_trainvaltest/leftImg8bit/train/strasbourg/strasbourg_000001_043748_leftImg8bit.png', 'width': 2048, 'height': 1024, 'image': tensor([[[105, 108, 110,  ..., 160, 168, 166],
         [107, 108, 109,  ..., 163, 171, 168],
         [107, 109, 109,  ..., 167, 174, 170],
         ...,
         [ 59,  60,  60,  ...,  66,  66,  66],
         [ 60,  60,  59,  ...,  69,  69,  69],
         [ 61,  61,  61,  ...,  72,  71,  70]],

        [[122, 123, 123,  ..., 172, 182, 173],
         [122, 123, 123,  ..., 175, 185, 176],
         [123, 124, 123,  ..., 179, 188, 179],
         ...,
         [ 64,  65,  64,  ...,  73,  72,  72],
         [ 64,  65,  64,  ...,  76,  76,  76],
         [ 65,  65,  65,  ...,  77,  77,  76]],

        [[134, 135, 136,  ..., 177, 188, 180],
         [134, 136, 136,  ..., 181, 191, 183],
         [135, 136, 136,  ..., 184, 193, 185],
         ...,
         [ 56,  57,  57,  ...,  63,  63,  63],
         [ 57,  57,  58,  ...,  66,  65,  66],
         [ 57,  57,  57,  ...,  67,  67,  66]]], dtype=torch.uint8), 'sem_seg': tensor([[255, 255, 255,  ..., 255, 255, 255],
        [255, 255, 255,  ..., 255, 255, 255],
        [ 10,  10,  10,  ..., 255, 255, 255],
        ...,
        [255, 255, 255,  ..., 255, 255, 255],
        [255, 255, 255,  ..., 255, 255, 255],
        [255, 255, 255,  ..., 255, 255, 255]]), 'instances': Instances(num_instances=32, image_height=768, image_width=768, fields=[gt_classes: tensor([ 0,  1,  2,  3,  4,  5,  6,  7,  8, 10, 13,  0,  1, 10,  0,  1,  0,  1,
         8,  0,  8,  0,  8,  8,  8,  8,  8,  8,  8,  8,  8,  8]), gt_masks: tensor([[[False, False, False,  ..., False, False, False],
         [False, False, False,  ..., False, False, False],
         [False, False, False,  ..., False, False, False],
         ...,
         [False, False, False,  ..., False, False, False],
         [False, False, False,  ..., False, False, False],
         [False, False, False,  ..., False, False, False]],

        [[False, False, False,  ..., False, False, False],
         [False, False, False,  ..., False, False, False],
         [False, False, False,  ..., False, False, False],
         ...,
         [False, False, False,  ..., False, False, False],
         [False, False, False,  ..., False, False, False],
         [False, False, False,  ..., False, False, False]],

        [[False, False, False,  ..., False, False, False],
         [False, False, False,  ..., False, False, False],
         [False, False, False,  ..., False, False, False],
         ...,
         [False, False, False,  ..., False, False, False],
         [False, False, False,  ..., False, False, False],
         [False, False, False,  ..., False, False, False]],

        ...,

        [[False, False, False,  ..., False, False, False],
         [False, False, False,  ..., False, False, False],
         [False, False, False,  ..., False, False, False],
         ...,
         [False, False, False,  ..., False, False, False],
         [False, False, False,  ..., False, False, False],
         [False, False, False,  ..., False, False, False]],

        [[False, False, False,  ..., False, False, False],
         [False, False, False,  ..., False, False, False],
         [False, False, False,  ..., False, False, False],
         ...,
         [False, False, False,  ..., False, False, False],
         [False, False, False,  ..., False, False, False],
         [False, False, False,  ..., False, False, False]],

        [[False, False, False,  ..., False, False, False],
         [False, False, False,  ..., False, False, False],
         [False, False, False,  ..., False, False, False],
         ...,
         [False, False, False,  ..., False, False, False],
         [False, False, False,  ..., False, False, False],
         [False, False, False,  ..., False, False, False]]])])}
[02/28 06:23:19 mask2former.data.dataset_mappers.mask_former_semantic_dataset_mapper]: None
[02/28 06:23:20 mask2former.data.dataset_mappers.mask_former_semantic_dataset_mapper]: output dataset_dict: {'file_name': '/cpfs01/projects-HDD/pujianxiangmuzu_HDD/public/mr/./leftImg8bit_trainvaltest/leftImg8bit/train/erfurt/erfurt_000099_000019_leftImg8bit.png', 'width': 2048, 'height': 1024, 'image': tensor([[[171, 171, 172,  ...,  27,  28,  28],
         [172, 172, 172,  ...,  27,  28,  27],
         [174, 172, 172,  ...,  24,  24,  24],
         ...,
         [ 51,  51,  49,  ...,  50,  51,  54],
         [ 49,  51,  51,  ...,  47,  49,  50],
         [ 51,  51,  49,  ...,  46,  46,  49]],

        [[194, 194, 195,  ...,  41,  42,  42],
         [194, 194, 195,  ...,  41,  42,  41],
         [195, 195, 195,  ...,  40,  40,  39],
         ...,
         [ 60,  60,  60,  ...,  63,  64,  66],
         [ 59,  60,  60,  ...,  60,  61,  63],
         [ 60,  60,  59,  ...,  57,  59,  61]],

        [[181, 181, 184,  ...,  26,  26,  27],
         [184, 184, 185,  ...,  26,  27,  24],
         [186, 185, 185,  ...,  25,  25,  22],
         ...,
         [ 51,  51,  49,  ...,  47,  48,  49],
         [ 49,  51,  51,  ...,  45,  46,  47],
         [ 51,  51,  49,  ...,  44,  44,  46]]], dtype=torch.uint8), 'sem_seg': tensor([[ 10,  10,  10,  ...,   8,   8,   8],
        [ 10,  10,  10,  ...,   8,   8,   8],
        [ 10,  10,  10,  ...,   8,   8,   8],
        ...,
        [  0,   0,   0,  ..., 255, 255, 255],
        [  0,   0,   0,  ..., 255, 255, 255],
        [  0,   0,   0,  ..., 255, 255, 255]]), 'instances': Instances(num_instances=35, image_height=768, image_width=768, fields=[gt_classes: tensor([ 0,  2,  5,  7,  8,  9, 10, 13,  0,  2,  8, 10, 13,  8, 13,  2, 13, 13,
         8,  2,  8,  2, 13, 13,  8, 13, 13, 13,  8,  8, 13,  8, 13,  8, 13]), gt_masks: tensor([[[False, False, False,  ..., False, False, False],
         [False, False, False,  ..., False, False, False],
         [False, False, False,  ..., False, False, False],
         ...,
         [False, False, False,  ..., False, False, False],
         [False, False, False,  ..., False, False, False],
         [False, False, False,  ..., False, False, False]],

        [[False, False, False,  ..., False, False, False],
         [False, False, False,  ..., False, False, False],
         [False, False, False,  ..., False, False, False],
         ...,
         [False, False, False,  ..., False, False, False],
         [False, False, False,  ..., False, False, False],
         [False, False, False,  ..., False, False, False]],

        [[False, False, False,  ..., False, False, False],
         [False, False, False,  ..., False, False, False],
         [False, False, False,  ..., False, False, False],
         ...,
         [False, False, False,  ..., False, False, False],
         [False, False, False,  ..., False, False, False],
         [False, False, False,  ..., False, False, False]],

        ...,

        [[False, False, False,  ..., False, False, False],
         [False, False, False,  ..., False, False, False],
         [False, False, False,  ..., False, False, False],
         ...,
         [False, False, False,  ..., False, False, False],
         [False, False, False,  ..., False, False, False],
         [False, False, False,  ..., False, False, False]],

        [[False, False, False,  ..., False, False, False],
         [False, False, False,  ..., False, False, False],
         [False, False, False,  ..., False, False, False],
         ...,
         [False, False, False,  ..., False, False, False],
         [False, False, False,  ..., False, False, False],
         [False, False, False,  ..., False, False, False]],

        [[False, False, False,  ..., False, False, False],
         [False, False, False,  ..., False, False, False],
         [False, False, False,  ..., False, False, False],
         ...,
         [False, False, False,  ..., False, False, False],
         [False, False, False,  ..., False, False, False],
         [False, False, False,  ..., False, False, False]]])])}
[02/28 06:23:20 mask2former.data.dataset_mappers.mask_former_semantic_dataset_mapper]: None
[02/28 06:23:20 mask2former.data.dataset_mappers.mask_former_semantic_dataset_mapper]: output dataset_dict: {'file_name': '/cpfs01/projects-HDD/pujianxiangmuzu_HDD/public/mr/./leftImg8bit_trainvaltest/leftImg8bit/train/bremen/bremen_000134_000019_leftImg8bit.png', 'width': 2048, 'height': 1024, 'image': tensor([[[70, 70, 70,  ..., 83, 83, 83],
         [70, 70, 70,  ..., 83, 84, 84],
         [70, 70, 70,  ..., 84, 84, 84],
         ...,
         [66, 66, 65,  ..., 62, 60, 59],
         [65, 65, 65,  ..., 61, 59, 58],
         [65, 65, 65,  ..., 60, 58, 58]],

        [[80, 80, 80,  ..., 91, 91, 91],
         [80, 80, 80,  ..., 91, 92, 92],
         [79, 80, 80,  ..., 92, 92, 92],
         ...,
         [77, 77, 76,  ..., 70, 69, 68],
         [76, 76, 75,  ..., 69, 68, 67],
         [75, 75, 75,  ..., 69, 67, 67]],

        [[70, 70, 70,  ..., 82, 82, 82],
         [70, 70, 70,  ..., 82, 82, 82],
         [70, 70, 70,  ..., 82, 82, 82],
         ...,
         [67, 67, 67,  ..., 61, 60, 60],
         [66, 66, 66,  ..., 61, 61, 59],
         [66, 66, 66,  ..., 62, 60, 59]]], dtype=torch.uint8), 'sem_seg': tensor([[0, 0, 0,  ..., 0, 0, 0],
        [0, 0, 0,  ..., 0, 0, 0],
        [0, 0, 0,  ..., 0, 0, 0],
        ...,
        [0, 0, 0,  ..., 0, 0, 0],
        [0, 0, 0,  ..., 0, 0, 0],
        [0, 0, 0,  ..., 0, 0, 0]]), 'instances': Instances(num_instances=4, image_height=768, image_width=768, fields=[gt_classes: tensor([0, 0, 0, 0]), gt_masks: tensor([[[False, False, False,  ..., False, False, False],
         [False, False, False,  ..., False, False, False],
         [False, False, False,  ..., False, False, False],
         ...,
         [False, False, False,  ..., False, False, False],
         [False, False, False,  ..., False, False, False],
         [False, False, False,  ..., False, False, False]],

        [[ True,  True,  True,  ...,  True,  True,  True],
         [ True,  True,  True,  ...,  True,  True,  True],
         [ True,  True,  True,  ...,  True,  True,  True],
         ...,
         [ True,  True,  True,  ...,  True,  True,  True],
         [ True,  True,  True,  ...,  True,  True,  True],
         [ True,  True,  True,  ...,  True,  True,  True]],

        [[False, False, False,  ..., False, False, False],
         [False, False, False,  ..., False, False, False],
         [False, False, False,  ..., False, False, False],
         ...,
         [False, False, False,  ..., False, False, False],
         [False, False, False,  ..., False, False, False],
         [False, False, False,  ..., False, False, False]],

        [[False, False, False,  ..., False, False, False],
         [False, False, False,  ..., False, False, False],
         [False, False, False,  ..., False, False, False],
         ...,
         [False, False, False,  ..., False, False, False],
         [False, False, False,  ..., False, False, False],
         [False, False, False,  ..., False, False, False]]])])}
[02/28 06:23:20 mask2former.data.dataset_mappers.mask_former_semantic_dataset_mapper]: None
[02/28 06:23:20 mask2former.data.dataset_mappers.mask_former_semantic_dataset_mapper]: output dataset_dict: {'file_name': '/cpfs01/projects-HDD/pujianxiangmuzu_HDD/public/mr/./leftImg8bit_trainvaltest/leftImg8bit/train/krefeld/krefeld_000000_018514_leftImg8bit.png', 'width': 2048, 'height': 1024, 'image': tensor([[[144, 242, 255,  ..., 109, 110, 111],
         [147, 240, 255,  ..., 105, 107, 109],
         [149, 237, 255,  ..., 105, 106, 109],
         ...,
         [ 70,  68,  70,  ...,  57,  54,  54],
         [ 70,  69,  70,  ...,  57,  54,  54],
         [ 70,  69,  70,  ...,  57,  54,  54]],

        [[ 54, 227, 255,  ..., 122, 126, 127],
         [ 47, 224, 255,  ..., 125, 125, 127],
         [ 39, 220, 255,  ..., 125, 126, 127],
         ...,
         [ 76,  75,  77,  ...,  68,  67,  67],
         [ 76,  75,  77,  ...,  68,  67,  67],
         [ 76,  75,  77,  ...,  68,  67,  67]],

        [[ 96, 232, 255,  ..., 103, 106, 107],
         [ 93, 228, 255,  ..., 102, 104, 107],
         [ 90, 224, 255,  ..., 102, 104, 107],
         ...,
         [ 67,  65,  67,  ...,  56,  54,  54],
         [ 67,  65,  67,  ...,  56,  54,  54],
         [ 67,  65,  67,  ...,  56,  54,  54]]], dtype=torch.uint8), 'sem_seg': tensor([[255, 255, 255,  ..., 255, 255, 255],
        [255, 255, 255,  ..., 255, 255, 255],
        [255, 255, 255,  ..., 255, 255, 255],
        ...,
        [255, 255, 255,  ..., 255, 255, 255],
        [255, 255, 255,  ..., 255, 255, 255],
        [255, 255, 255,  ..., 255, 255, 255]]), 'instances': Instances(num_instances=62, image_height=614, image_width=768, fields=[gt_classes: tensor([ 0,  1,  2,  5,  7,  8, 10, 11, 13,  0,  1,  2,  5,  7, 10, 13,  2,  5,
         7,  8, 13,  1,  2,  5,  7,  2,  5,  7,  1,  2, 13,  1,  2,  7, 13,  1,
         2, 13,  2, 13,  2,  7,  2,  2, 13, 13,  2, 13,  2, 13,  2,  2,  2, 13,
         2, 13,  2, 13,  2, 13,  2,  2]), gt_masks: tensor([[[False, False, False,  ..., False, False, False],
         [False, False, False,  ..., False, False, False],
         [False, False, False,  ..., False, False, False],
         ...,
         [False, False, False,  ..., False, False, False],
         [False, False, False,  ..., False, False, False],
         [False, False, False,  ..., False, False, False]],

        [[False, False, False,  ..., False, False, False],
         [False, False, False,  ..., False, False, False],
         [False, False, False,  ..., False, False, False],
         ...,
         [False, False, False,  ..., False, False, False],
         [False, False, False,  ..., False, False, False],
         [False, False, False,  ..., False, False, False]],

        [[False, False, False,  ..., False, False, False],
         [False, False, False,  ..., False, False, False],
         [False, False, False,  ..., False, False, False],
         ...,
         [False, False, False,  ..., False, False, False],
         [False, False, False,  ..., False, False, False],
         [False, False, False,  ..., False, False, False]],

        ...,

        [[False, False, False,  ..., False, False, False],
         [False, False, False,  ..., False, False, False],
         [False, False, False,  ..., False, False, False],
         ...,
         [False, False, False,  ..., False, False, False],
         [False, False, False,  ..., False, False, False],
         [False, False, False,  ..., False, False, False]],

        [[False, False, False,  ..., False, False, False],
         [False, False, False,  ..., False, False, False],
         [False, False, False,  ..., False, False, False],
         ...,
         [False, False, False,  ..., False, False, False],
         [False, False, False,  ..., False, False, False],
         [False, False, False,  ..., False, False, False]],

        [[False, False, False,  ..., False, False, False],
         [False, False, False,  ..., False, False, False],
         [False, False, False,  ..., False, False, False],
         ...,
         [False, False, False,  ..., False, False, False],
         [False, False, False,  ..., False, False, False],
         [False, False, False,  ..., False, False, False]]])])}
[02/28 06:23:20 mask2former.data.dataset_mappers.mask_former_semantic_dataset_mapper]: None
[02/28 06:23:20 mask2former.data.dataset_mappers.mask_former_semantic_dataset_mapper]: output dataset_dict: {'file_name': '/cpfs01/projects-HDD/pujianxiangmuzu_HDD/public/mr/./leftImg8bit_trainvaltest/leftImg8bit/train/jena/jena_000084_000019_leftImg8bit.png', 'width': 2048, 'height': 1024, 'image': tensor([[[ 87, 103, 119,  ...,  88,  88,  90],
         [ 87, 103, 119,  ...,  91,  90,  91],
         [ 87, 103, 118,  ...,  96,  95,  94],
         ...,
         [106, 104, 103,  ...,  90,  90,  90],
         [107, 106, 106,  ...,  89,  88,  88],
         [108, 108, 108,  ...,  88,  87,  87]],

        [[ 91, 106, 121,  ...,  96,  98, 101],
         [ 91, 106, 121,  ...,  93,  95,  98],
         [ 91, 106, 120,  ...,  94,  96,  97],
         ...,
         [111, 108, 107,  ...,  94,  94,  94],
         [111, 110, 109,  ...,  93,  93,  93],
         [111, 111, 111,  ...,  92,  92,  92]],

        [[ 85,  97, 108,  ...,  91,  93,  96],
         [ 85,  97, 108,  ...,  88,  90,  93],
         [ 85,  96, 107,  ...,  89,  91,  92],
         ...,
         [ 97,  95,  94,  ...,  82,  81,  81],
         [ 97,  97,  95,  ...,  80,  79,  79],
         [ 97,  97,  97,  ...,  79,  78,  78]]], dtype=torch.uint8), 'sem_seg': tensor([[  2,   2,   2,  ..., 255, 255, 255],
        [  2,   2,   2,  ..., 255, 255, 255],
        [  2,   2,   2,  ..., 255, 255, 255],
        ...,
        [255, 255, 255,  ..., 255, 255, 255],
        [255, 255, 255,  ..., 255, 255, 255],
        [255, 255, 255,  ..., 255, 255, 255]]), 'instances': Instances(num_instances=22, image_height=768, image_width=768, fields=[gt_classes: tensor([ 1,  2,  5,  7,  8, 11, 12, 13, 18,  1,  8, 12,  2, 12,  1,  2,  2,  2,
         2,  2,  2,  2]), gt_masks: tensor([[[False, False, False,  ..., False, False, False],
         [False, False, False,  ..., False, False, False],
         [False, False, False,  ..., False, False, False],
         ...,
         [False, False, False,  ..., False, False, False],
         [False, False, False,  ..., False, False, False],
         [False, False, False,  ..., False, False, False]],

        [[False, False, False,  ..., False, False, False],
         [False, False, False,  ..., False, False, False],
         [False, False, False,  ..., False, False, False],
         ...,
         [False, False, False,  ..., False, False, False],
         [False, False, False,  ..., False, False, False],
         [False, False, False,  ..., False, False, False]],

        [[False, False, False,  ..., False, False, False],
         [False, False, False,  ..., False, False, False],
         [False, False, False,  ..., False, False, False],
         ...,
         [False, False, False,  ..., False, False, False],
         [False, False, False,  ..., False, False, False],
         [False, False, False,  ..., False, False, False]],

        ...,

        [[False, False, False,  ..., False, False, False],
         [False, False, False,  ..., False, False, False],
         [False, False, False,  ..., False, False, False],
         ...,
         [False, False, False,  ..., False, False, False],
         [False, False, False,  ..., False, False, False],
         [False, False, False,  ..., False, False, False]],

        [[False, False, False,  ..., False, False, False],
         [False, False, False,  ..., False, False, False],
         [False, False, False,  ..., False, False, False],
         ...,
         [False, False, False,  ..., False, False, False],
         [False, False, False,  ..., False, False, False],
         [False, False, False,  ..., False, False, False]],

        [[False, False, False,  ..., False, False, False],
         [False, False, False,  ..., False, False, False],
         [False, False, False,  ..., False, False, False],
         ...,
         [False, False, False,  ..., False, False, False],
         [False, False, False,  ..., False, False, False],
         [False, False, False,  ..., False, False, False]]])])}
[02/28 06:23:20 mask2former.data.dataset_mappers.mask_former_semantic_dataset_mapper]: None
[02/28 06:23:20 mask2former.data.dataset_mappers.mask_former_semantic_dataset_mapper]: output dataset_dict: {'file_name': '/cpfs01/projects-HDD/pujianxiangmuzu_HDD/public/mr/./leftImg8bit_trainvaltest/leftImg8bit/train/bremen/bremen_000215_000019_leftImg8bit.png', 'width': 2048, 'height': 1024, 'image': tensor([[[ 31,  36,  38,  ..., 167, 167, 167],
         [ 28,  34,  35,  ..., 165, 165, 167],
         [ 27,  33,  34,  ..., 165, 165, 165],
         ...,
         [ 39,  39,  39,  ...,  40,  40,  40],
         [ 39,  39,  40,  ...,  39,  40,  40],
         [ 40,  40,  40,  ...,  39,  40,  40]],

        [[ 38,  42,  45,  ..., 174, 174, 174],
         [ 35,  40,  41,  ..., 174, 174, 174],
         [ 32,  38,  40,  ..., 174, 174, 174],
         ...,
         [ 45,  45,  45,  ...,  45,  45,  45],
         [ 46,  45,  45,  ...,  44,  45,  45],
         [ 45,  45,  46,  ...,  44,  45,  45]],

        [[ 28,  30,  33,  ..., 173, 171, 170],
         [ 25,  31,  30,  ..., 172, 171, 171],
         [ 24,  29,  31,  ..., 171, 171, 170],
         ...,
         [ 37,  39,  39,  ...,  40,  40,  40],
         [ 38,  39,  39,  ...,  38,  40,  40],
         [ 37,  39,  38,  ...,  38,  40,  40]]], dtype=torch.uint8), 'sem_seg': tensor([[  8,   8,   8,  ...,  10,  10,  10],
        [  8,   8,   8,  ...,  10,  10,  10],
        [  8,   8,   8,  ...,  10,  10,  10],
        ...,
        [  0,   0,   0,  ..., 255, 255, 255],
        [  0,   0,   0,  ..., 255, 255, 255],
        [  0,   0,   0,  ..., 255, 255, 255]]), 'instances': Instances(num_instances=44, image_height=768, image_width=768, fields=[gt_classes: tensor([ 0,  2,  5,  7,  8, 10, 13,  0,  8, 10, 13,  8, 10, 13,  8, 10,  8, 10,
        13,  8, 13,  8, 13, 13,  2, 13,  2,  8, 13,  8, 13, 13,  8, 13,  8, 13,
        13, 13, 13, 13, 13, 13, 13, 13]), gt_masks: tensor([[[False, False, False,  ..., False, False, False],
         [False, False, False,  ..., False, False, False],
         [False, False, False,  ..., False, False, False],
         ...,
         [False, False, False,  ..., False, False, False],
         [False, False, False,  ..., False, False, False],
         [False, False, False,  ..., False, False, False]],

        [[False, False, False,  ..., False, False, False],
         [False, False, False,  ..., False, False, False],
         [False, False, False,  ..., False, False, False],
         ...,
         [False, False, False,  ..., False, False, False],
         [False, False, False,  ..., False, False, False],
         [False, False, False,  ..., False, False, False]],

        [[False, False, False,  ..., False, False, False],
         [False, False, False,  ..., False, False, False],
         [False, False, False,  ..., False, False, False],
         ...,
         [False, False, False,  ..., False, False, False],
         [False, False, False,  ..., False, False, False],
         [False, False, False,  ..., False, False, False]],

        ...,

        [[False, False, False,  ..., False, False, False],
         [False, False, False,  ..., False, False, False],
         [False, False, False,  ..., False, False, False],
         ...,
         [False, False, False,  ..., False, False, False],
         [False, False, False,  ..., False, False, False],
         [False, False, False,  ..., False, False, False]],

        [[False, False, False,  ..., False, False, False],
         [False, False, False,  ..., False, False, False],
         [False, False, False,  ..., False, False, False],
         ...,
         [False, False, False,  ..., False, False, False],
         [False, False, False,  ..., False, False, False],
         [False, False, False,  ..., False, False, False]],

        [[False, False, False,  ..., False, False, False],
         [False, False, False,  ..., False, False, False],
         [False, False, False,  ..., False, False, False],
         ...,
         [False, False, False,  ..., False, False, False],
         [False, False, False,  ..., False, False, False],
         [False, False, False,  ..., False, False, False]]])])}
[02/28 06:23:20 mask2former.data.dataset_mappers.mask_former_semantic_dataset_mapper]: None
[02/28 06:23:20 mask2former.data.dataset_mappers.mask_former_semantic_dataset_mapper]: output dataset_dict: {'file_name': '/cpfs01/projects-HDD/pujianxiangmuzu_HDD/public/mr/./leftImg8bit_trainvaltest/leftImg8bit/train/tubingen/tubingen_000015_000019_leftImg8bit.png', 'width': 2048, 'height': 1024, 'image': tensor([[[122, 111, 103,  ..., 107,  97,  91],
         [126, 118, 110,  ..., 107,  96,  91],
         [133, 126, 117,  ..., 104,  97,  92],
         ...,
         [255, 255, 255,  ...,  84,  84,  84],
         [255, 255, 255,  ...,  85,  82,  83],
         [255, 255, 255,  ...,  86,  85,  84]],

        [[144, 133, 122,  ..., 131, 121, 114],
         [151, 143, 133,  ..., 132, 121, 114],
         [155, 153, 144,  ..., 129, 119, 115],
         ...,
         [255, 255, 255,  ..., 106, 106, 110],
         [255, 255, 255,  ..., 106, 104, 108],
         [255, 255, 255,  ..., 106, 104, 108]],

        [[114, 101,  89,  ...,  94,  86,  81],
         [118, 109,  98,  ...,  96,  88,  81],
         [120, 118, 112,  ...,  94,  89,  82],
         ...,
         [255, 255, 255,  ...,  88,  85,  85],
         [255, 255, 255,  ...,  86,  84,  84],
         [255, 255, 255,  ...,  86,  82,  85]]], dtype=torch.uint8), 'sem_seg': tensor([[8, 8, 8,  ..., 8, 8, 8],
        [8, 8, 8,  ..., 8, 8, 8],
        [8, 8, 8,  ..., 8, 8, 8],
        ...,
        [1, 1, 1,  ..., 8, 8, 8],
        [1, 1, 1,  ..., 8, 8, 8],
        [1, 1, 1,  ..., 8, 8, 8]]), 'instances': Instances(num_instances=19, image_height=768, image_width=768, fields=[gt_classes: tensor([1, 4, 5, 7, 8, 9, 1, 8, 8, 8, 8, 8, 8, 8, 8, 8, 8, 8, 8]), gt_masks: tensor([[[False, False, False,  ..., False, False, False],
         [False, False, False,  ..., False, False, False],
         [False, False, False,  ..., False, False, False],
         ...,
         [False, False, False,  ..., False, False, False],
         [False, False, False,  ..., False, False, False],
         [False, False, False,  ..., False, False, False]],

        [[False, False, False,  ..., False, False, False],
         [False, False, False,  ..., False, False, False],
         [False, False, False,  ..., False, False, False],
         ...,
         [False, False, False,  ..., False, False, False],
         [False, False, False,  ..., False, False, False],
         [False, False, False,  ..., False, False, False]],

        [[False, False, False,  ..., False, False, False],
         [False, False, False,  ..., False, False, False],
         [False, False, False,  ..., False, False, False],
         ...,
         [False, False, False,  ..., False, False, False],
         [False, False, False,  ..., False, False, False],
         [False, False, False,  ..., False, False, False]],

        ...,

        [[False, False, False,  ..., False, False, False],
         [False, False, False,  ..., False, False, False],
         [False, False, False,  ..., False, False, False],
         ...,
         [False, False, False,  ...,  True,  True,  True],
         [False, False, False,  ...,  True,  True,  True],
         [False, False, False,  ...,  True,  True,  True]],

        [[False, False, False,  ..., False, False, False],
         [False, False, False,  ..., False, False, False],
         [False, False, False,  ..., False, False, False],
         ...,
         [False, False, False,  ..., False, False, False],
         [False, False, False,  ..., False, False, False],
         [False, False, False,  ..., False, False, False]],

        [[False, False, False,  ..., False, False, False],
         [False, False, False,  ..., False, False, False],
         [False, False, False,  ..., False, False, False],
         ...,
         [False, False, False,  ..., False, False, False],
         [False, False, False,  ..., False, False, False],
         [False, False, False,  ..., False, False, False]]])])}
[02/28 06:23:20 mask2former.data.dataset_mappers.mask_former_semantic_dataset_mapper]: None
[02/28 06:23:21 mask2former.data.dataset_mappers.mask_former_semantic_dataset_mapper]: output dataset_dict: {'file_name': '/cpfs01/projects-HDD/pujianxiangmuzu_HDD/public/mr/./leftImg8bit_trainvaltest/leftImg8bit/train/dusseldorf/dusseldorf_000159_000019_leftImg8bit.png', 'width': 2048, 'height': 1024, 'image': tensor([[[21, 24, 23,  ..., 53, 57, 59],
         [21, 24, 24,  ..., 51, 55, 59],
         [22, 24, 22,  ..., 52, 56, 58],
         ...,
         [57, 56, 57,  ..., 66, 66, 66],
         [56, 56, 56,  ..., 66, 66, 66],
         [56, 56, 57,  ..., 66, 64, 64]],

        [[29, 30, 31,  ..., 66, 71, 75],
         [29, 30, 30,  ..., 66, 71, 75],
         [30, 30, 30,  ..., 66, 71, 75],
         ...,
         [69, 68, 69,  ..., 77, 78, 78],
         [69, 69, 69,  ..., 77, 77, 77],
         [69, 69, 69,  ..., 78, 77, 77]],

        [[25, 28, 28,  ..., 53, 58, 59],
         [26, 26, 26,  ..., 50, 55, 57],
         [28, 26, 26,  ..., 49, 54, 57],
         ...,
         [61, 60, 59,  ..., 68, 69, 69],
         [60, 59, 59,  ..., 68, 68, 68],
         [59, 59, 61,  ..., 68, 68, 67]]], dtype=torch.uint8), 'sem_seg': tensor([[  8,   8,   8,  ...,   8,   8,   8],
        [  8,   8,   8,  ...,   8,   8,   8],
        [  8,   8,   8,  ...,   8,   8,   8],
        ...,
        [255, 255, 255,  ..., 255, 255, 255],
        [255, 255, 255,  ..., 255, 255, 255],
        [255, 255, 255,  ..., 255, 255, 255]]), 'instances': Instances(num_instances=21, image_height=768, image_width=768, fields=[gt_classes: tensor([ 0,  1,  2,  3,  5,  6,  7,  8, 10, 13, 18,  0, 10,  0,  2,  8,  8,  8,
         8,  8,  8]), gt_masks: tensor([[[False, False, False,  ..., False, False, False],
         [False, False, False,  ..., False, False, False],
         [False, False, False,  ..., False, False, False],
         ...,
         [False, False, False,  ..., False, False, False],
         [False, False, False,  ..., False, False, False],
         [False, False, False,  ..., False, False, False]],

        [[False, False, False,  ..., False, False, False],
         [False, False, False,  ..., False, False, False],
         [False, False, False,  ..., False, False, False],
         ...,
         [False, False, False,  ..., False, False, False],
         [False, False, False,  ..., False, False, False],
         [False, False, False,  ..., False, False, False]],

        [[False, False, False,  ..., False, False, False],
         [False, False, False,  ..., False, False, False],
         [False, False, False,  ..., False, False, False],
         ...,
         [False, False, False,  ..., False, False, False],
         [False, False, False,  ..., False, False, False],
         [False, False, False,  ..., False, False, False]],

        ...,

        [[False, False, False,  ...,  True,  True,  True],
         [False, False, False,  ...,  True,  True,  True],
         [False, False, False,  ...,  True,  True,  True],
         ...,
         [False, False, False,  ..., False, False, False],
         [False, False, False,  ..., False, False, False],
         [False, False, False,  ..., False, False, False]],

        [[False, False, False,  ..., False, False, False],
         [False, False, False,  ..., False, False, False],
         [False, False, False,  ..., False, False, False],
         ...,
         [False, False, False,  ..., False, False, False],
         [False, False, False,  ..., False, False, False],
         [False, False, False,  ..., False, False, False]],

        [[False, False, False,  ..., False, False, False],
         [False, False, False,  ..., False, False, False],
         [False, False, False,  ..., False, False, False],
         ...,
         [False, False, False,  ..., False, False, False],
         [False, False, False,  ..., False, False, False],
         [False, False, False,  ..., False, False, False]]])])}
[02/28 06:23:21 mask2former.data.dataset_mappers.mask_former_semantic_dataset_mapper]: None
[02/28 06:23:21 mask2former.data.dataset_mappers.mask_former_semantic_dataset_mapper]: output dataset_dict: {'file_name': '/cpfs01/projects-HDD/pujianxiangmuzu_HDD/public/mr/./leftImg8bit_trainvaltest/leftImg8bit/train/strasbourg/strasbourg_000001_002644_leftImg8bit.png', 'width': 2048, 'height': 1024, 'image': tensor([[[109, 117, 121,  ...,  66,  66,  66],
         [109, 117, 122,  ...,  67,  66,  65],
         [107, 115, 121,  ...,  68,  67,  66],
         ...,
         [108, 108, 108,  ...,  82,  82,  81],
         [108, 108, 109,  ...,  84,  84,  83],
         [109, 109, 110,  ...,  85,  85,  84]],

        [[ 96, 103, 108,  ...,  67,  67,  67],
         [ 95, 102, 107,  ...,  67,  67,  67],
         [ 92, 100, 106,  ...,  68,  68,  68],
         ...,
         [122, 121, 121,  ...,  93,  95,  96],
         [123, 122, 122,  ...,  95,  96,  97],
         [125, 124, 123,  ...,  96,  97,  97]],

        [[ 73,  77,  79,  ...,  55,  56,  56],
         [ 73,  78,  80,  ...,  56,  56,  56],
         [ 71,  76,  79,  ...,  57,  57,  57],
         ...,
         [120, 119, 120,  ...,  90,  91,  92],
         [120, 119, 120,  ...,  91,  92,  93],
         [119, 119, 119,  ...,  92,  93,  93]]], dtype=torch.uint8), 'sem_seg': tensor([[ 11,  11,  11,  ...,   2,   2,   2],
        [ 11,  11,  11,  ...,   2,   2,   2],
        [ 11,  11,  11,  ...,   2,   2,   2],
        ...,
        [255, 255, 255,  ..., 255, 255, 255],
        [255, 255, 255,  ..., 255, 255, 255],
        [255, 255, 255,  ..., 255, 255, 255]]), 'instances': Instances(num_instances=6, image_height=768, image_width=768, fields=[gt_classes: tensor([ 2, 11, 13, 13, 13,  2]), gt_masks: tensor([[[False, False, False,  ..., False, False, False],
         [False, False, False,  ..., False, False, False],
         [False, False, False,  ..., False, False, False],
         ...,
         [False, False, False,  ..., False, False, False],
         [False, False, False,  ..., False, False, False],
         [False, False, False,  ..., False, False, False]],

        [[ True,  True,  True,  ..., False, False, False],
         [ True,  True,  True,  ..., False, False, False],
         [ True,  True,  True,  ..., False, False, False],
         ...,
         [False, False, False,  ..., False, False, False],
         [False, False, False,  ..., False, False, False],
         [False, False, False,  ..., False, False, False]],

        [[False, False, False,  ..., False, False, False],
         [False, False, False,  ..., False, False, False],
         [False, False, False,  ..., False, False, False],
         ...,
         [False, False, False,  ..., False, False, False],
         [False, False, False,  ..., False, False, False],
         [False, False, False,  ..., False, False, False]],

        [[False, False, False,  ..., False, False, False],
         [False, False, False,  ..., False, False, False],
         [False, False, False,  ..., False, False, False],
         ...,
         [False, False, False,  ..., False, False, False],
         [False, False, False,  ..., False, False, False],
         [False, False, False,  ..., False, False, False]],

        [[False, False, False,  ..., False, False, False],
         [False, False, False,  ..., False, False, False],
         [False, False, False,  ..., False, False, False],
         ...,
         [False, False, False,  ..., False, False, False],
         [False, False, False,  ..., False, False, False],
         [False, False, False,  ..., False, False, False]],

        [[False, False, False,  ...,  True,  True,  True],
         [False, False, False,  ...,  True,  True,  True],
         [False, False, False,  ...,  True,  True,  True],
         ...,
         [False, False, False,  ..., False, False, False],
         [False, False, False,  ..., False, False, False],
         [False, False, False,  ..., False, False, False]]])])}
[02/28 06:23:21 mask2former.data.dataset_mappers.mask_former_semantic_dataset_mapper]: None
[02/28 06:23:21 mask2former.data.dataset_mappers.mask_former_semantic_dataset_mapper]: output dataset_dict: {'file_name': '/cpfs01/projects-HDD/pujianxiangmuzu_HDD/public/mr/./leftImg8bit_trainvaltest/leftImg8bit/train/weimar/weimar_000103_000019_leftImg8bit.png', 'width': 2048, 'height': 1024, 'image': tensor([[[ 1,  2,  2,  ...,  0,  0,  0],
         [ 0,  0,  1,  ...,  2,  2,  1],
         [ 0,  1,  2,  ...,  7,  6,  5],
         ...,
         [57, 55, 55,  ..., 76, 76, 77],
         [57, 57, 56,  ..., 76, 77, 79],
         [57, 56, 56,  ..., 77, 78, 80]],

        [[12, 13, 14,  ...,  0,  0,  0],
         [11, 12, 13,  ...,  0,  0,  0],
         [12, 13, 14,  ...,  5,  4,  3],
         ...,
         [68, 67, 66,  ..., 86, 86, 86],
         [70, 69, 68,  ..., 86, 86, 86],
         [69, 68, 68,  ..., 86, 86, 86]],

        [[ 0,  1,  1,  ...,  0,  0,  0],
         [ 0,  1,  1,  ...,  0,  0,  0],
         [ 2,  1,  0,  ...,  0,  0,  0],
         ...,
         [58, 57, 56,  ..., 70, 70, 71],
         [58, 57, 56,  ..., 71, 71, 71],
         [56, 54, 54,  ..., 70, 71, 71]]], dtype=torch.uint8), 'sem_seg': tensor([[8, 8, 8,  ..., 2, 2, 2],
        [8, 8, 8,  ..., 2, 2, 2],
        [8, 8, 8,  ..., 2, 2, 2],
        ...,
        [0, 0, 0,  ..., 0, 0, 0],
        [0, 0, 0,  ..., 0, 0, 0],
        [0, 0, 0,  ..., 0, 0, 0]]), 'instances': Instances(num_instances=18, image_height=768, image_width=768, fields=[gt_classes: tensor([ 0,  1,  2,  8, 12, 18,  0,  2,  8,  2,  2,  2,  2,  2,  2,  2,  2,  2]), gt_masks: tensor([[[False, False, False,  ..., False, False, False],
         [False, False, False,  ..., False, False, False],
         [False, False, False,  ..., False, False, False],
         ...,
         [False, False, False,  ..., False, False, False],
         [False, False, False,  ..., False, False, False],
         [False, False, False,  ..., False, False, False]],

        [[False, False, False,  ..., False, False, False],
         [False, False, False,  ..., False, False, False],
         [False, False, False,  ..., False, False, False],
         ...,
         [False, False, False,  ..., False, False, False],
         [False, False, False,  ..., False, False, False],
         [False, False, False,  ..., False, False, False]],

        [[False, False, False,  ..., False, False, False],
         [False, False, False,  ..., False, False, False],
         [False, False, False,  ..., False, False, False],
         ...,
         [False, False, False,  ..., False, False, False],
         [False, False, False,  ..., False, False, False],
         [False, False, False,  ..., False, False, False]],

        ...,

        [[False, False, False,  ..., False, False, False],
         [False, False, False,  ..., False, False, False],
         [False, False, False,  ..., False, False, False],
         ...,
         [False, False, False,  ..., False, False, False],
         [False, False, False,  ..., False, False, False],
         [False, False, False,  ..., False, False, False]],

        [[False, False, False,  ..., False, False, False],
         [False, False, False,  ..., False, False, False],
         [False, False, False,  ..., False, False, False],
         ...,
         [False, False, False,  ..., False, False, False],
         [False, False, False,  ..., False, False, False],
         [False, False, False,  ..., False, False, False]],

        [[False, False, False,  ..., False, False, False],
         [False, False, False,  ..., False, False, False],
         [False, False, False,  ..., False, False, False],
         ...,
         [False, False, False,  ..., False, False, False],
         [False, False, False,  ..., False, False, False],
         [False, False, False,  ..., False, False, False]]])])}
[02/28 06:23:21 mask2former.data.dataset_mappers.mask_former_semantic_dataset_mapper]: None
[02/28 06:23:22 mask2former.data.dataset_mappers.mask_former_semantic_dataset_mapper]: output dataset_dict: {'file_name': '/cpfs01/projects-HDD/pujianxiangmuzu_HDD/public/mr/./leftImg8bit_trainvaltest/leftImg8bit/train/zurich/zurich_000050_000019_leftImg8bit.png', 'width': 2048, 'height': 1024, 'image': tensor([[[ 36,  36,  36,  ..., 100, 116, 111],
         [ 35,  35,  36,  ..., 100, 117, 112],
         [ 33,  33,  35,  ..., 101, 117, 115],
         ...,
         [ 70,  70,  70,  ...,  75,  72,  75],
         [ 70,  70,  70,  ...,  75,  75,  76],
         [ 69,  69,  71,  ...,  75,  76,  75]],

        [[ 44,  43,  43,  ..., 116, 137, 139],
         [ 43,  42,  42,  ..., 116, 137, 139],
         [ 42,  41,  41,  ..., 117, 138, 140],
         ...,
         [ 80,  80,  81,  ...,  84,  84,  86],
         [ 80,  80,  81,  ...,  84,  86,  87],
         [ 80,  80,  81,  ...,  86,  87,  86]],

        [[ 35,  32,  32,  ..., 100, 120, 122],
         [ 32,  33,  33,  ..., 100, 120, 122],
         [ 32,  31,  33,  ..., 101, 121, 123],
         ...,
         [ 69,  69,  70,  ...,  75,  72,  72],
         [ 69,  69,  70,  ...,  75,  75,  75],
         [ 67,  67,  69,  ...,  75,  75,  75]]], dtype=torch.uint8), 'sem_seg': tensor([[8, 8, 8,  ..., 2, 2, 2],
        [8, 8, 8,  ..., 2, 2, 2],
        [8, 8, 8,  ..., 2, 2, 2],
        ...,
        [1, 1, 1,  ..., 0, 0, 0],
        [1, 1, 1,  ..., 0, 0, 0],
        [1, 1, 1,  ..., 0, 0, 0]]), 'instances': Instances(num_instances=19, image_height=768, image_width=768, fields=[gt_classes: tensor([ 0,  1,  2,  3,  5,  6,  7,  8, 14,  0,  1,  3,  0,  1,  3,  1,  8,  8,
         8]), gt_masks: tensor([[[False, False, False,  ..., False, False, False],
         [False, False, False,  ..., False, False, False],
         [False, False, False,  ..., False, False, False],
         ...,
         [False, False, False,  ..., False, False, False],
         [False, False, False,  ..., False, False, False],
         [False, False, False,  ..., False, False, False]],

        [[False, False, False,  ..., False, False, False],
         [False, False, False,  ..., False, False, False],
         [False, False, False,  ..., False, False, False],
         ...,
         [False, False, False,  ..., False, False, False],
         [False, False, False,  ..., False, False, False],
         [False, False, False,  ..., False, False, False]],

        [[False, False, False,  ...,  True,  True,  True],
         [False, False, False,  ...,  True,  True,  True],
         [False, False, False,  ...,  True,  True,  True],
         ...,
         [False, False, False,  ..., False, False, False],
         [False, False, False,  ..., False, False, False],
         [False, False, False,  ..., False, False, False]],

        ...,

        [[ True,  True,  True,  ..., False, False, False],
         [ True,  True,  True,  ..., False, False, False],
         [ True,  True,  True,  ..., False, False, False],
         ...,
         [False, False, False,  ..., False, False, False],
         [False, False, False,  ..., False, False, False],
         [False, False, False,  ..., False, False, False]],

        [[False, False, False,  ..., False, False, False],
         [False, False, False,  ..., False, False, False],
         [False, False, False,  ..., False, False, False],
         ...,
         [False, False, False,  ..., False, False, False],
         [False, False, False,  ..., False, False, False],
         [False, False, False,  ..., False, False, False]],

        [[False, False, False,  ..., False, False, False],
         [False, False, False,  ..., False, False, False],
         [False, False, False,  ..., False, False, False],
         ...,
         [False, False, False,  ..., False, False, False],
         [False, False, False,  ..., False, False, False],
         [False, False, False,  ..., False, False, False]]])])}
[02/28 06:23:22 mask2former.data.dataset_mappers.mask_former_semantic_dataset_mapper]: None
[02/28 06:23:22 mask2former.data.dataset_mappers.mask_former_semantic_dataset_mapper]: output dataset_dict: {'file_name': '/cpfs01/projects-HDD/pujianxiangmuzu_HDD/public/mr/./leftImg8bit_trainvaltest/leftImg8bit/train/jena/jena_000114_000019_leftImg8bit.png', 'width': 2048, 'height': 1024, 'image': tensor([[[208, 209, 203,  ...,   2,   0,   0],
         [208, 210, 204,  ...,   5,   2,   3],
         [209, 210, 208,  ...,   5,   4,   3],
         ...,
         [ 36,  34,  34,  ...,  44,  46,  47],
         [ 36,  36,  36,  ...,  45,  46,  47],
         [ 37,  37,  36,  ...,  45,  45,  47]],

        [[216, 217, 214,  ...,  17,  15,  14],
         [216, 217, 214,  ...,  20,  17,  16],
         [217, 217, 216,  ...,  20,  18,  17],
         ...,
         [ 50,  50,  49,  ...,  57,  57,  58],
         [ 50,  50,  50,  ...,  58,  57,  58],
         [ 50,  50,  51,  ...,  58,  58,  58]],

        [[228, 228, 228,  ...,   9,   7,   6],
         [228, 228, 228,  ...,  14,  10,   9],
         [228, 228, 228,  ...,  15,  12,  10],
         ...,
         [ 48,  48,  48,  ...,  54,  54,  54],
         [ 48,  48,  49,  ...,  55,  54,  53],
         [ 48,  48,  49,  ...,  55,  55,  54]]], dtype=torch.uint8), 'sem_seg': tensor([[10, 10, 10,  ...,  8,  8,  8],
        [10, 10, 10,  ...,  8,  8,  8],
        [10, 10, 10,  ...,  8,  8,  8],
        ...,
        [ 0,  0,  0,  ...,  0,  0,  0],
        [ 0,  0,  0,  ...,  0,  0,  0],
        [ 0,  0,  0,  ...,  0,  0,  0]]), 'instances': Instances(num_instances=30, image_height=768, image_width=768, fields=[gt_classes: tensor([ 0,  2,  3,  5,  8, 10, 13,  0,  2,  3,  8, 10, 13,  2,  8, 13,  8,  2,
         8,  8,  8, 13,  8,  8,  8,  8, 13,  8, 13, 13]), gt_masks: tensor([[[False, False, False,  ..., False, False, False],
         [False, False, False,  ..., False, False, False],
         [False, False, False,  ..., False, False, False],
         ...,
         [False, False, False,  ..., False, False, False],
         [False, False, False,  ..., False, False, False],
         [False, False, False,  ..., False, False, False]],

        [[False, False, False,  ..., False, False, False],
         [False, False, False,  ..., False, False, False],
         [False, False, False,  ..., False, False, False],
         ...,
         [False, False, False,  ..., False, False, False],
         [False, False, False,  ..., False, False, False],
         [False, False, False,  ..., False, False, False]],

        [[False, False, False,  ..., False, False, False],
         [False, False, False,  ..., False, False, False],
         [False, False, False,  ..., False, False, False],
         ...,
         [False, False, False,  ..., False, False, False],
         [False, False, False,  ..., False, False, False],
         [False, False, False,  ..., False, False, False]],

        ...,

        [[False, False, False,  ..., False, False, False],
         [False, False, False,  ..., False, False, False],
         [False, False, False,  ..., False, False, False],
         ...,
         [False, False, False,  ..., False, False, False],
         [False, False, False,  ..., False, False, False],
         [False, False, False,  ..., False, False, False]],

        [[False, False, False,  ..., False, False, False],
         [False, False, False,  ..., False, False, False],
         [False, False, False,  ..., False, False, False],
         ...,
         [False, False, False,  ..., False, False, False],
         [False, False, False,  ..., False, False, False],
         [False, False, False,  ..., False, False, False]],

        [[False, False, False,  ..., False, False, False],
         [False, False, False,  ..., False, False, False],
         [False, False, False,  ..., False, False, False],
         ...,
         [False, False, False,  ..., False, False, False],
         [False, False, False,  ..., False, False, False],
         [False, False, False,  ..., False, False, False]]])])}
[02/28 06:23:22 mask2former.data.dataset_mappers.mask_former_semantic_dataset_mapper]: None
[02/28 06:23:22 mask2former.data.dataset_mappers.mask_former_semantic_dataset_mapper]: output dataset_dict: {'file_name': '/cpfs01/projects-HDD/pujianxiangmuzu_HDD/public/mr/./leftImg8bit_trainvaltest/leftImg8bit/train/dusseldorf/dusseldorf_000152_000019_leftImg8bit.png', 'width': 2048, 'height': 1024, 'image': tensor([[[ 26,  24,  25,  ...,  81,  81,  81],
         [ 26,  24,  25,  ...,  81,  81,  81],
         [ 26,  26,  27,  ...,  81,  81,  81],
         ...,
         [ 46,  46,  47,  ...,  36,  36,  34],
         [ 51,  52,  51,  ...,  37,  37,  36],
         [ 51,  51,  51,  ...,  37,  37,  35]],

        [[ 32,  32,  32,  ...,  98,  98,  98],
         [ 32,  32,  32,  ...,  98,  98,  98],
         [ 32,  32,  33,  ...,  96,  97,  97],
         ...,
         [ 56,  57,  58,  ...,  46,  46,  45],
         [ 62,  62,  63,  ...,  47,  47,  45],
         [ 62,  63,  63,  ...,  47,  47,  46]],

        [[ 33,  33,  31,  ...,  99,  99, 100],
         [ 33,  33,  31,  ...,  99,  99, 100],
         [ 33,  33,  32,  ...,  99,  99, 100],
         ...,
         [ 52,  52,  54,  ...,  44,  44,  46],
         [ 58,  58,  60,  ...,  46,  46,  46],
         [ 59,  60,  60,  ...,  46,  46,  47]]], dtype=torch.uint8), 'sem_seg': tensor([[  2,   2,   2,  ...,  13,  13,  13],
        [  2,   2,   2,  ...,  13,  13,  13],
        [  2,   2,   2,  ...,  13,  13,  13],
        ...,
        [255, 255, 255,  ..., 255, 255, 255],
        [255, 255, 255,  ..., 255, 255, 255],
        [255, 255, 255,  ..., 255, 255, 255]]), 'instances': Instances(num_instances=23, image_height=768, image_width=768, fields=[gt_classes: tensor([ 0,  1,  2,  5, 11, 12, 13, 17, 18,  0,  2, 13,  0, 13,  2,  0,  2,  0,
        13,  0, 13,  2,  2]), gt_masks: tensor([[[False, False, False,  ..., False, False, False],
         [False, False, False,  ..., False, False, False],
         [False, False, False,  ..., False, False, False],
         ...,
         [False, False, False,  ..., False, False, False],
         [False, False, False,  ..., False, False, False],
         [False, False, False,  ..., False, False, False]],

        [[False, False, False,  ..., False, False, False],
         [False, False, False,  ..., False, False, False],
         [False, False, False,  ..., False, False, False],
         ...,
         [False, False, False,  ..., False, False, False],
         [False, False, False,  ..., False, False, False],
         [False, False, False,  ..., False, False, False]],

        [[False, False, False,  ..., False, False, False],
         [False, False, False,  ..., False, False, False],
         [False, False, False,  ..., False, False, False],
         ...,
         [False, False, False,  ..., False, False, False],
         [False, False, False,  ..., False, False, False],
         [False, False, False,  ..., False, False, False]],

        ...,

        [[False, False, False,  ..., False, False, False],
         [False, False, False,  ..., False, False, False],
         [False, False, False,  ..., False, False, False],
         ...,
         [False, False, False,  ..., False, False, False],
         [False, False, False,  ..., False, False, False],
         [False, False, False,  ..., False, False, False]],

        [[False, False, False,  ..., False, False, False],
         [False, False, False,  ..., False, False, False],
         [False, False, False,  ..., False, False, False],
         ...,
         [False, False, False,  ..., False, False, False],
         [False, False, False,  ..., False, False, False],
         [False, False, False,  ..., False, False, False]],

        [[False, False, False,  ..., False, False, False],
         [False, False, False,  ..., False, False, False],
         [False, False, False,  ..., False, False, False],
         ...,
         [False, False, False,  ..., False, False, False],
         [False, False, False,  ..., False, False, False],
         [False, False, False,  ..., False, False, False]]])])}
[02/28 06:23:22 mask2former.data.dataset_mappers.mask_former_semantic_dataset_mapper]: None
[02/28 06:23:23 mask2former.data.dataset_mappers.mask_former_semantic_dataset_mapper]: output dataset_dict: {'file_name': '/cpfs01/projects-HDD/pujianxiangmuzu_HDD/public/mr/./leftImg8bit_trainvaltest/leftImg8bit/train/bremen/bremen_000084_000019_leftImg8bit.png', 'width': 2048, 'height': 1024, 'image': tensor([[[127, 132, 145,  ...,  81,  79,  79],
         [141, 131, 130,  ...,  70,  69,  69],
         [146, 138, 126,  ...,  65,  67,  63],
         ...,
         [ 57,  57,  59,  ...,  52,  53,  53],
         [ 56,  57,  57,  ...,  53,  53,  53],
         [ 54,  57,  56,  ...,  53,  53,  53]],

        [[145, 149, 163,  ..., 101,  99,  98],
         [159, 148, 150,  ...,  85,  83,  83],
         [164, 156, 145,  ...,  78,  77,  74],
         ...,
         [ 69,  69,  71,  ...,  65,  66,  66],
         [ 68,  70,  71,  ...,  66,  66,  65],
         [ 67,  69,  68,  ...,  66,  66,  65]],

        [[155, 147, 157,  ..., 105, 105, 105],
         [165, 152, 153,  ...,  90,  90,  89],
         [168, 161, 151,  ...,  83,  83,  82],
         ...,
         [ 64,  63,  65,  ...,  61,  62,  62],
         [ 64,  66,  65,  ...,  62,  62,  60],
         [ 63,  64,  62,  ...,  62,  62,  60]]], dtype=torch.uint8), 'sem_seg': tensor([[255, 255, 255,  ..., 255, 255, 255],
        [255, 255, 255,  ..., 255, 255, 255],
        [255, 255, 255,  ..., 255, 255, 255],
        ...,
        [255, 255, 255,  ..., 255, 255, 255],
        [255, 255, 255,  ..., 255, 255, 255],
        [255, 255, 255,  ..., 255, 255, 255]]), 'instances': Instances(num_instances=41, image_height=614, image_width=768, fields=[gt_classes: tensor([ 0,  1,  2,  5,  6,  7,  8, 10, 11, 12, 13, 18,  0,  1,  2,  5,  6,  7,
         8, 10, 11, 13,  0,  2,  5,  7, 10, 11, 12,  5,  8, 11, 12,  2, 11, 12,
        11,  2, 11, 12, 12]), gt_masks: tensor([[[False, False, False,  ..., False, False, False],
         [False, False, False,  ..., False, False, False],
         [False, False, False,  ..., False, False, False],
         ...,
         [False, False, False,  ..., False, False, False],
         [False, False, False,  ..., False, False, False],
         [False, False, False,  ..., False, False, False]],

        [[False, False, False,  ..., False, False, False],
         [False, False, False,  ..., False, False, False],
         [False, False, False,  ..., False, False, False],
         ...,
         [False, False, False,  ..., False, False, False],
         [False, False, False,  ..., False, False, False],
         [False, False, False,  ..., False, False, False]],

        [[False, False, False,  ..., False, False, False],
         [False, False, False,  ..., False, False, False],
         [False, False, False,  ..., False, False, False],
         ...,
         [False, False, False,  ..., False, False, False],
         [False, False, False,  ..., False, False, False],
         [False, False, False,  ..., False, False, False]],

        ...,

        [[False, False, False,  ..., False, False, False],
         [False, False, False,  ..., False, False, False],
         [False, False, False,  ..., False, False, False],
         ...,
         [False, False, False,  ..., False, False, False],
         [False, False, False,  ..., False, False, False],
         [False, False, False,  ..., False, False, False]],

        [[False, False, False,  ..., False, False, False],
         [False, False, False,  ..., False, False, False],
         [False, False, False,  ..., False, False, False],
         ...,
         [False, False, False,  ..., False, False, False],
         [False, False, False,  ..., False, False, False],
         [False, False, False,  ..., False, False, False]],

        [[False, False, False,  ..., False, False, False],
         [False, False, False,  ..., False, False, False],
         [False, False, False,  ..., False, False, False],
         ...,
         [False, False, False,  ..., False, False, False],
         [False, False, False,  ..., False, False, False],
         [False, False, False,  ..., False, False, False]]])])}
[02/28 06:23:23 mask2former.data.dataset_mappers.mask_former_semantic_dataset_mapper]: None
[02/28 06:23:23 mask2former.data.dataset_mappers.mask_former_semantic_dataset_mapper]: output dataset_dict: {'file_name': '/cpfs01/projects-HDD/pujianxiangmuzu_HDD/public/mr/./leftImg8bit_trainvaltest/leftImg8bit/train/dusseldorf/dusseldorf_000180_000019_leftImg8bit.png', 'width': 2048, 'height': 1024, 'image': tensor([[[ 86,  86,  87,  ...,  67,  65,  62],
         [ 87,  87,  86,  ...,  66,  63,  61],
         [ 87,  87,  87,  ...,  65,  63,  61],
         ...,
         [ 49,  50,  50,  ...,  41,  42,  41],
         [ 51,  51,  50,  ...,  40,  40,  41],
         [ 53,  53,  53,  ...,  39,  40,  40]],

        [[101, 101, 102,  ...,  70,  68,  66],
         [100, 100, 101,  ...,  69,  66,  65],
         [100, 100, 101,  ...,  68,  66,  64],
         ...,
         [ 53,  54,  55,  ...,  51,  51,  50],
         [ 56,  56,  57,  ...,  50,  50,  50],
         [ 58,  59,  60,  ...,  49,  50,  50]],

        [[ 83,  83,  84,  ...,  49,  46,  46],
         [ 83,  83,  83,  ...,  47,  45,  45],
         [ 83,  83,  83,  ...,  46,  44,  43],
         ...,
         [ 35,  37,  39,  ...,  43,  42,  44],
         [ 37,  37,  38,  ...,  43,  43,  44],
         [ 40,  40,  40,  ...,  43,  43,  43]]], dtype=torch.uint8), 'sem_seg': tensor([[2, 2, 2,  ..., 2, 2, 2],
        [2, 2, 2,  ..., 2, 2, 2],
        [2, 2, 2,  ..., 2, 2, 2],
        ...,
        [1, 0, 0,  ..., 0, 0, 0],
        [0, 0, 0,  ..., 0, 0, 0],
        [0, 0, 0,  ..., 0, 0, 0]]), 'instances': Instances(num_instances=31, image_height=768, image_width=768, fields=[gt_classes: tensor([ 0,  1,  2,  5,  7, 13, 18,  0,  1,  2, 13,  1,  2, 13,  1, 13,  1, 13,
         0,  2,  1,  1,  2,  1, 13, 13,  2,  2,  2,  2,  2]), gt_masks: tensor([[[False, False, False,  ..., False, False, False],
         [False, False, False,  ..., False, False, False],
         [False, False, False,  ..., False, False, False],
         ...,
         [False,  True,  True,  ..., False, False, False],
         [ True,  True,  True,  ..., False, False, False],
         [ True,  True,  True,  ..., False, False, False]],

        [[False, False, False,  ..., False, False, False],
         [False, False, False,  ..., False, False, False],
         [False, False, False,  ..., False, False, False],
         ...,
         [ True, False, False,  ..., False, False, False],
         [False, False, False,  ..., False, False, False],
         [False, False, False,  ..., False, False, False]],

        [[False, False, False,  ..., False, False, False],
         [False, False, False,  ..., False, False, False],
         [False, False, False,  ..., False, False, False],
         ...,
         [False, False, False,  ..., False, False, False],
         [False, False, False,  ..., False, False, False],
         [False, False, False,  ..., False, False, False]],

        ...,

        [[False, False, False,  ..., False, False, False],
         [False, False, False,  ..., False, False, False],
         [False, False, False,  ..., False, False, False],
         ...,
         [False, False, False,  ..., False, False, False],
         [False, False, False,  ..., False, False, False],
         [False, False, False,  ..., False, False, False]],

        [[False, False, False,  ..., False, False, False],
         [False, False, False,  ..., False, False, False],
         [False, False, False,  ..., False, False, False],
         ...,
         [False, False, False,  ..., False, False, False],
         [False, False, False,  ..., False, False, False],
         [False, False, False,  ..., False, False, False]],

        [[False, False, False,  ..., False, False, False],
         [False, False, False,  ..., False, False, False],
         [False, False, False,  ..., False, False, False],
         ...,
         [False, False, False,  ..., False, False, False],
         [False, False, False,  ..., False, False, False],
         [False, False, False,  ..., False, False, False]]])])}
[02/28 06:23:23 mask2former.data.dataset_mappers.mask_former_semantic_dataset_mapper]: None
[02/28 06:23:23 mask2former.data.dataset_mappers.mask_former_semantic_dataset_mapper]: output dataset_dict: {'file_name': '/cpfs01/projects-HDD/pujianxiangmuzu_HDD/public/mr/./leftImg8bit_trainvaltest/leftImg8bit/train/krefeld/krefeld_000000_033478_leftImg8bit.png', 'width': 2048, 'height': 1024, 'image': tensor([[[ 97,  97,  97,  ...,  35,  37,  39],
         [ 97,  98,  99,  ...,  41,  43,  43],
         [ 99, 101, 102,  ...,  44,  43,  44],
         ...,
         [ 40,  43,  43,  ...,  39,  35,  35],
         [ 37,  41,  43,  ...,  35,  32,  33],
         [ 39,  40,  41,  ...,  35,  35,  35]],

        [[110, 110, 110,  ...,  70,  68,  70],
         [110, 112, 113,  ...,  76,  75,  75],
         [113, 114, 116,  ...,  82,  81,  79],
         ...,
         [ 47,  49,  49,  ...,  52,  51,  51],
         [ 47,  48,  49,  ...,  49,  49,  49],
         [ 47,  48,  49,  ...,  48,  48,  49]],

        [[ 87,  87,  87,  ...,  36,  41,  47],
         [ 87,  90,  90,  ...,  45,  45,  48],
         [ 91,  94,  94,  ...,  49,  47,  48],
         ...,
         [ 41,  45,  45,  ...,  41,  39,  39],
         [ 39,  41,  44,  ...,  39,  36,  39],
         [ 37,  40,  41,  ...,  40,  41,  40]]], dtype=torch.uint8), 'sem_seg': tensor([[  1,   1,   1,  ...,   9,   9,   9],
        [  1,   1,   1,  ...,   9,   9,   9],
        [  1,   1,   1,  ...,   9,   9,   9],
        ...,
        [255, 255, 255,  ..., 255, 255, 255],
        [255, 255, 255,  ..., 255, 255, 255],
        [255, 255, 255,  ..., 255, 255, 255]]), 'instances': Instances(num_instances=15, image_height=768, image_width=768, fields=[gt_classes: tensor([ 0,  1,  5,  9, 12,  0,  1,  5,  9,  0,  1,  9,  9,  9,  9]), gt_masks: tensor([[[False, False, False,  ..., False, False, False],
         [False, False, False,  ..., False, False, False],
         [False, False, False,  ..., False, False, False],
         ...,
         [False, False, False,  ..., False, False, False],
         [False, False, False,  ..., False, False, False],
         [False, False, False,  ..., False, False, False]],

        [[ True,  True,  True,  ..., False, False, False],
         [ True,  True,  True,  ..., False, False, False],
         [ True,  True,  True,  ..., False, False, False],
         ...,
         [False, False, False,  ..., False, False, False],
         [False, False, False,  ..., False, False, False],
         [False, False, False,  ..., False, False, False]],

        [[False, False, False,  ..., False, False, False],
         [False, False, False,  ..., False, False, False],
         [False, False, False,  ..., False, False, False],
         ...,
         [False, False, False,  ..., False, False, False],
         [False, False, False,  ..., False, False, False],
         [False, False, False,  ..., False, False, False]],

        ...,

        [[False, False, False,  ..., False, False, False],
         [False, False, False,  ..., False, False, False],
         [False, False, False,  ..., False, False, False],
         ...,
         [False, False, False,  ..., False, False, False],
         [False, False, False,  ..., False, False, False],
         [False, False, False,  ..., False, False, False]],

        [[False, False, False,  ..., False, False, False],
         [False, False, False,  ..., False, False, False],
         [False, False, False,  ..., False, False, False],
         ...,
         [False, False, False,  ..., False, False, False],
         [False, False, False,  ..., False, False, False],
         [False, False, False,  ..., False, False, False]],

        [[False, False, False,  ..., False, False, False],
         [False, False, False,  ..., False, False, False],
         [False, False, False,  ..., False, False, False],
         ...,
         [False, False, False,  ..., False, False, False],
         [False, False, False,  ..., False, False, False],
         [False, False, False,  ..., False, False, False]]])])}
[02/28 06:23:23 mask2former.data.dataset_mappers.mask_former_semantic_dataset_mapper]: None
[02/28 06:23:23 mask2former.data.dataset_mappers.mask_former_semantic_dataset_mapper]: output dataset_dict: {'file_name': '/cpfs01/projects-HDD/pujianxiangmuzu_HDD/public/mr/./leftImg8bit_trainvaltest/leftImg8bit/train/bochum/bochum_000000_003245_leftImg8bit.png', 'width': 2048, 'height': 1024, 'image': tensor([[[255, 255, 255,  ...,  57,  58,  59],
         [255, 255, 255,  ...,  55,  57,  58],
         [255, 255, 255,  ...,  52,  54,  55],
         ...,
         [168, 169, 169,  ...,  72,  72,  74],
         [168, 169, 169,  ...,  72,  72,  74],
         [169, 171, 169,  ...,  72,  72,  72]],

        [[255, 255, 255,  ...,  84,  84,  85],
         [255, 255, 255,  ...,  81,  81,  84],
         [255, 255, 255,  ...,  78,  79,  81],
         ...,
         [178, 178, 177,  ...,  79,  79,  81],
         [178, 178, 177,  ...,  79,  79,  79],
         [178, 178, 177,  ...,  78,  78,  78]],

        [[255, 255, 255,  ...,  51,  49,  49],
         [255, 255, 255,  ...,  49,  49,  49],
         [255, 255, 255,  ...,  47,  49,  51],
         ...,
         [161, 161, 159,  ...,  71,  71,  71],
         [161, 161, 159,  ...,  69,  69,  69],
         [161, 159, 158,  ...,  68,  68,  68]]], dtype=torch.uint8), 'sem_seg': tensor([[10, 10, 10,  ...,  8,  8,  8],
        [10, 10, 10,  ...,  8,  8,  8],
        [10, 10, 10,  ...,  8,  8,  8],
        ...,
        [ 0,  0,  0,  ..., 13, 13, 13],
        [ 0,  0,  0,  ..., 13, 13, 13],
        [ 0,  0,  0,  ..., 13, 13, 13]]), 'instances': Instances(num_instances=24, image_height=768, image_width=768, fields=[gt_classes: tensor([ 0,  1,  2,  4,  5,  8, 10, 13,  0,  2,  8, 10,  8,  8, 13,  8,  8,  8,
         8, 13,  8,  8,  8, 13]), gt_masks: tensor([[[False, False, False,  ..., False, False, False],
         [False, False, False,  ..., False, False, False],
         [False, False, False,  ..., False, False, False],
         ...,
         [False, False, False,  ..., False, False, False],
         [False, False, False,  ..., False, False, False],
         [False, False, False,  ..., False, False, False]],

        [[False, False, False,  ..., False, False, False],
         [False, False, False,  ..., False, False, False],
         [False, False, False,  ..., False, False, False],
         ...,
         [False, False, False,  ..., False, False, False],
         [False, False, False,  ..., False, False, False],
         [False, False, False,  ..., False, False, False]],

        [[False, False, False,  ..., False, False, False],
         [False, False, False,  ..., False, False, False],
         [False, False, False,  ..., False, False, False],
         ...,
         [False, False, False,  ..., False, False, False],
         [False, False, False,  ..., False, False, False],
         [False, False, False,  ..., False, False, False]],

        ...,

        [[False, False, False,  ..., False, False, False],
         [False, False, False,  ..., False, False, False],
         [False, False, False,  ..., False, False, False],
         ...,
         [False, False, False,  ..., False, False, False],
         [False, False, False,  ..., False, False, False],
         [False, False, False,  ..., False, False, False]],

        [[False, False, False,  ..., False, False, False],
         [False, False, False,  ..., False, False, False],
         [False, False, False,  ..., False, False, False],
         ...,
         [False, False, False,  ..., False, False, False],
         [False, False, False,  ..., False, False, False],
         [False, False, False,  ..., False, False, False]],

        [[False, False, False,  ..., False, False, False],
         [False, False, False,  ..., False, False, False],
         [False, False, False,  ..., False, False, False],
         ...,
         [False, False, False,  ..., False, False, False],
         [False, False, False,  ..., False, False, False],
         [False, False, False,  ..., False, False, False]]])])}
[02/28 06:23:23 mask2former.data.dataset_mappers.mask_former_semantic_dataset_mapper]: None
[02/28 06:23:23 mask2former.data.dataset_mappers.mask_former_semantic_dataset_mapper]: output dataset_dict: {'file_name': '/cpfs01/projects-HDD/pujianxiangmuzu_HDD/public/mr/./leftImg8bit_trainvaltest/leftImg8bit/train/darmstadt/darmstadt_000049_000019_leftImg8bit.png', 'width': 2048, 'height': 1024, 'image': tensor([[[130, 149, 154,  ...,  50,  50,  45],
         [133, 156, 168,  ...,  51,  50,  48],
         [134, 160, 171,  ...,  53,  53,  55],
         ...,
         [ 76,  80,  81,  ...,  75,  72,  74],
         [ 77,  80,  80,  ...,  71,  70,  71],
         [ 80,  80,  78,  ...,  70,  71,  70]],

        [[165, 182, 195,  ...,  74,  76,  77],
         [165, 185, 199,  ...,  76,  79,  79],
         [167, 186, 201,  ...,  70,  76,  74],
         ...,
         [131, 132, 132,  ..., 113, 112, 115],
         [132, 132, 132,  ..., 114, 112, 113],
         [132, 130, 131,  ..., 109, 115, 115]],

        [[162, 165, 173,  ...,  60,  59,  62],
         [161, 165, 172,  ...,  62,  60,  60],
         [162, 164, 171,  ...,  56,  58,  55],
         ...,
         [148, 146, 145,  ..., 121, 123, 124],
         [146, 146, 145,  ..., 121, 123, 124],
         [145, 146, 145,  ..., 124, 126, 124]]], dtype=torch.uint8), 'sem_seg': tensor([[  2,   2,   2,  ...,   8,   8,   8],
        [  2,   2,   2,  ...,   8,   8,   8],
        [  2,   2,   2,  ...,   8,   8,   8],
        ...,
        [255, 255, 255,  ..., 255, 255, 255],
        [255, 255, 255,  ..., 255, 255, 255],
        [255, 255, 255,  ..., 255, 255, 255]]), 'instances': Instances(num_instances=31, image_height=768, image_width=768, fields=[gt_classes: tensor([ 0,  1,  2,  5,  6,  7,  8, 10, 11, 12, 13, 17, 18,  0,  1,  2,  8, 10,
        13,  0,  1,  8,  0,  1,  8,  0,  2,  8,  2,  2,  2]), gt_masks: tensor([[[False, False, False,  ..., False, False, False],
         [False, False, False,  ..., False, False, False],
         [False, False, False,  ..., False, False, False],
         ...,
         [False, False, False,  ..., False, False, False],
         [False, False, False,  ..., False, False, False],
         [False, False, False,  ..., False, False, False]],

        [[False, False, False,  ..., False, False, False],
         [False, False, False,  ..., False, False, False],
         [False, False, False,  ..., False, False, False],
         ...,
         [False, False, False,  ..., False, False, False],
         [False, False, False,  ..., False, False, False],
         [False, False, False,  ..., False, False, False]],

        [[False, False, False,  ..., False, False, False],
         [False, False, False,  ..., False, False, False],
         [False, False, False,  ..., False, False, False],
         ...,
         [False, False, False,  ..., False, False, False],
         [False, False, False,  ..., False, False, False],
         [False, False, False,  ..., False, False, False]],

        ...,

        [[ True,  True,  True,  ..., False, False, False],
         [ True,  True,  True,  ..., False, False, False],
         [ True,  True,  True,  ..., False, False, False],
         ...,
         [False, False, False,  ..., False, False, False],
         [False, False, False,  ..., False, False, False],
         [False, False, False,  ..., False, False, False]],

        [[False, False, False,  ..., False, False, False],
         [False, False, False,  ..., False, False, False],
         [False, False, False,  ..., False, False, False],
         ...,
         [False, False, False,  ..., False, False, False],
         [False, False, False,  ..., False, False, False],
         [False, False, False,  ..., False, False, False]],

        [[False, False, False,  ..., False, False, False],
         [False, False, False,  ..., False, False, False],
         [False, False, False,  ..., False, False, False],
         ...,
         [False, False, False,  ..., False, False, False],
         [False, False, False,  ..., False, False, False],
         [False, False, False,  ..., False, False, False]]])])}
[02/28 06:23:23 mask2former.data.dataset_mappers.mask_former_semantic_dataset_mapper]: None
[02/28 06:23:24 mask2former.data.dataset_mappers.mask_former_semantic_dataset_mapper]: output dataset_dict: {'file_name': '/cpfs01/projects-HDD/pujianxiangmuzu_HDD/public/mr/./leftImg8bit_trainvaltest/leftImg8bit/train/hanover/hanover_000000_042992_leftImg8bit.png', 'width': 2048, 'height': 1024, 'image': tensor([[[ 42,  42,  40,  ...,  56,  56,  56],
         [ 42,  42,  40,  ...,  56,  56,  56],
         [ 42,  42,  40,  ...,  56,  56,  56],
         ...,
         [108, 108, 106,  ..., 117, 117, 118],
         [109, 108, 107,  ..., 117, 117, 119],
         [108, 107, 106,  ..., 117, 117, 119]],

        [[ 47,  47,  46,  ...,  66,  65,  66],
         [ 47,  47,  46,  ...,  66,  65,  66],
         [ 47,  46,  46,  ...,  66,  65,  66],
         ...,
         [118, 119, 118,  ..., 130, 129, 130],
         [119, 120, 119,  ..., 131, 130, 131],
         [120, 120, 119,  ..., 130, 130, 131]],

        [[ 44,  43,  42,  ...,  62,  61,  61],
         [ 44,  43,  42,  ...,  62,  61,  61],
         [ 44,  43,  42,  ...,  62,  61,  61],
         ...,
         [106, 107, 105,  ..., 118, 118, 121],
         [107, 107, 106,  ..., 117, 118, 120],
         [106, 106, 105,  ..., 117, 118, 119]]], dtype=torch.uint8), 'sem_seg': tensor([[2, 2, 2,  ..., 2, 2, 2],
        [2, 2, 2,  ..., 2, 2, 2],
        [2, 2, 2,  ..., 2, 2, 2],
        ...,
        [0, 0, 0,  ..., 0, 0, 0],
        [0, 0, 0,  ..., 0, 0, 0],
        [0, 0, 0,  ..., 0, 0, 0]]), 'instances': Instances(num_instances=27, image_height=768, image_width=768, fields=[gt_classes: tensor([ 0,  2,  3,  5,  7,  8,  9, 11, 12, 13, 18,  0,  2,  3,  0,  0,  2,  8,
         0,  0,  0,  8,  8,  8,  8,  2,  8]), gt_masks: tensor([[[False, False, False,  ..., False, False, False],
         [False, False, False,  ..., False, False, False],
         [False, False, False,  ..., False, False, False],
         ...,
         [False, False, False,  ..., False, False, False],
         [False, False, False,  ..., False, False, False],
         [False, False, False,  ..., False, False, False]],

        [[False, False, False,  ...,  True,  True,  True],
         [False, False, False,  ...,  True,  True,  True],
         [False, False, False,  ...,  True,  True,  True],
         ...,
         [False, False, False,  ..., False, False, False],
         [False, False, False,  ..., False, False, False],
         [False, False, False,  ..., False, False, False]],

        [[False, False, False,  ..., False, False, False],
         [False, False, False,  ..., False, False, False],
         [False, False, False,  ..., False, False, False],
         ...,
         [False, False, False,  ..., False, False, False],
         [False, False, False,  ..., False, False, False],
         [False, False, False,  ..., False, False, False]],

        ...,

        [[False, False, False,  ..., False, False, False],
         [False, False, False,  ..., False, False, False],
         [False, False, False,  ..., False, False, False],
         ...,
         [False, False, False,  ..., False, False, False],
         [False, False, False,  ..., False, False, False],
         [False, False, False,  ..., False, False, False]],

        [[False, False, False,  ..., False, False, False],
         [False, False, False,  ..., False, False, False],
         [False, False, False,  ..., False, False, False],
         ...,
         [False, False, False,  ..., False, False, False],
         [False, False, False,  ..., False, False, False],
         [False, False, False,  ..., False, False, False]],

        [[False, False, False,  ..., False, False, False],
         [False, False, False,  ..., False, False, False],
         [False, False, False,  ..., False, False, False],
         ...,
         [False, False, False,  ..., False, False, False],
         [False, False, False,  ..., False, False, False],
         [False, False, False,  ..., False, False, False]]])])}
[02/28 06:23:24 mask2former.data.dataset_mappers.mask_former_semantic_dataset_mapper]: None
[02/28 06:23:24 d2.engine.hooks]: Overall training speed: 188 iterations in 0:01:36 (0.5115 s / it)
[02/28 06:23:24 d2.engine.hooks]: Total training time: 0:01:36 (0:00:00 on hooks)
[02/28 06:23:24 d2.utils.events]:  eta: 1:23:02  iter: 190  total_loss: 73.47  loss_ce: 2.204  loss_mask: 0.8668  loss_dice: 4.308  loss_ce_0: 4.924  loss_mask_0: 0.7957  loss_dice_0: 4.267  loss_ce_1: 1.91  loss_mask_1: 0.8684  loss_dice_1: 4.28  loss_ce_2: 1.791  loss_mask_2: 0.8604  loss_dice_2: 4.256  loss_ce_3: 1.685  loss_mask_3: 0.835  loss_dice_3: 4.267  loss_ce_4: 1.646  loss_mask_4: 0.8149  loss_dice_4: 4.246  loss_ce_5: 1.869  loss_mask_5: 0.8441  loss_dice_5: 4.265  loss_ce_6: 2  loss_mask_6: 0.841  loss_dice_6: 4.272  loss_ce_7: 2  loss_mask_7: 0.8824  loss_dice_7: 4.289  loss_ce_8: 1.975  loss_mask_8: 0.8603  loss_dice_8: 4.301    time: 0.5087  last_time: 0.5589  data_time: 0.0120  last_data_time: 0.0215   lr: 9.8297e-05  max_mem: 5889M
/usr/local/lib/python3.8/dist-packages/torch/functional.py:504: UserWarning: torch.meshgrid: in an upcoming release, it will be required to pass the indexing argument. (Triggered internally at ../aten/src/ATen/native/TensorShape.cpp:3483.)
  return _VF.meshgrid(tensors, **kwargs)  # type: ignore[attr-defined]
/usr/local/lib/python3.8/dist-packages/torch/optim/lr_scheduler.py:139: UserWarning: Detected call of `lr_scheduler.step()` before `optimizer.step()`. In PyTorch 1.1.0 and later, you should call them in the opposite order: `optimizer.step()` before `lr_scheduler.step()`.  Failure to do this will result in PyTorch skipping the first value of the learning rate schedule. See more details at https://pytorch.org/docs/stable/optim.html#how-to-adjust-learning-rate
  warnings.warn("Detected call of `lr_scheduler.step()` before `optimizer.step()`. "
Traceback (most recent call last):
  File "train_net.py", line 325, in <module>
    launch(
  File "/cpfs01/projects-HDD/pujianxiangmuzu_HDD/mr_22210240239/detectron2/detectron2/engine/launch.py", line 84, in launch
    main_func(*args)
  File "train_net.py", line 319, in main
    return trainer.train()
  File "/cpfs01/projects-HDD/pujianxiangmuzu_HDD/mr_22210240239/detectron2/detectron2/engine/defaults.py", line 486, in train
    super().train(self.start_iter, self.max_iter)
  File "/cpfs01/projects-HDD/pujianxiangmuzu_HDD/mr_22210240239/detectron2/detectron2/engine/train_loop.py", line 155, in train
    self.run_step()
  File "/cpfs01/projects-HDD/pujianxiangmuzu_HDD/mr_22210240239/detectron2/detectron2/engine/defaults.py", line 496, in run_step
    self._trainer.run_step()
  File "/cpfs01/projects-HDD/pujianxiangmuzu_HDD/mr_22210240239/detectron2/detectron2/engine/train_loop.py", line 504, in run_step
    self.grad_scaler.scale(losses).backward()
  File "/usr/local/lib/python3.8/dist-packages/torch/_tensor.py", line 487, in backward
    torch.autograd.backward(
  File "/usr/local/lib/python3.8/dist-packages/torch/autograd/__init__.py", line 200, in backward
    Variable._execution_engine.run_backward(  # Calls into the C++ engine to run the backward pass
KeyboardInterrupt
